 eqmap

 Timestamp is 52847bf8 (Thu Nov 14 01:30:00 2013)

 Preferred load address is 00400000

 Start         Length     Name                   Class
 0001:00000000 0002b2d0H .text                   CODE
 0001:0002b2d0 000024cbH .text$x                 CODE
 0001:0002d7a0 000002a7H .text$yc                CODE
 0001:0002da50 00000645H .text$yd                CODE
 0002:00000000 00000480H .idata$5                DATA
 0002:00000480 00000004H .CRT$XCA                DATA
 0002:00000484 00000004H .CRT$XCAA               DATA
 0002:00000488 00000004H .CRT$XCL                DATA
 0002:0000048c 0000005cH .CRT$XCU                DATA
 0002:000004e8 00000004H .CRT$XCZ                DATA
 0002:000004ec 00000004H .CRT$XIA                DATA
 0002:000004f0 00000004H .CRT$XIAA               DATA
 0002:000004f4 00000004H .CRT$XIC                DATA
 0002:000004f8 00000004H .CRT$XIY                DATA
 0002:000004fc 00000004H .CRT$XIZ                DATA
 0002:00000500 00004068H .rdata                  DATA
 0002:00004568 00000054H .rdata$debug            DATA
 0002:000045bc 00000f3cH .rdata$r                DATA
 0002:00005500 00000204H .rdata$sxdata           DATA
 0002:00005704 00000004H .rtc$IAA                DATA
 0002:00005708 00000004H .rtc$IZZ                DATA
 0002:0000570c 00000004H .rtc$TAA                DATA
 0002:00005710 00000004H .rtc$TZZ                DATA
 0002:00005718 00002970H .xdata$x                DATA
 0002:00008088 000000b4H .idata$2                DATA
 0002:0000813c 00000014H .idata$3                DATA
 0002:00008150 00000480H .idata$4                DATA
 0002:000085d0 0000216eH .idata$6                DATA
 0002:0000a73e 00000000H .edata                  DATA
 0003:00000000 000011f0H .data                   DATA
 0003:000011f0 00000a0cH .bss                    DATA
 0004:00000000 00000058H .rsrc$01                DATA
 0004:00000060 00000180H .rsrc$02                DATA

  Address         Publics by Value              Rva+Base       Lib:Object

 0000:00000000       __except_list              00000000     <absolute>
 0000:00000081       ___safe_se_handler_count   00000081     <absolute>
 0000:00009876       __ldused                   00009876     <absolute>
 0000:00009876       __fltused                  00009876     <absolute>
 0000:00000000       ___ImageBase               00400000     <linker-defined>
 0001:00000000       _fabsf                     00401000 f i eqmap.obj
 0001:00000020       ??1?$_Deque_iterator@V?$_Deque_val@U?$_Deque_simple_types@D@std@@@std@@@std@@QAE@XZ 00401020 f i eqmap.obj
 0001:00000020       ??3@YAXPAX0@Z              00401020 f i eqmap.obj
 0001:00000030       ?compare@?$char_traits@D@std@@SAHPBD0I@Z 00401030 f i eqmap.obj
 0001:00000090       ?copy@?$char_traits@D@std@@SAPADPADPBDI@Z 00401090 f i eqmap.obj
 0001:000000b0       ?move@?$char_traits@D@std@@SAPADPADPBDI@Z 004010b0 f i eqmap.obj
 0001:000000d0       ??_Gbad_function_call@boost@@UAEPAXI@Z 004010d0 f i eqmap.obj
 0001:000000d0       ??_Gruntime_error@std@@UAEPAXI@Z 004010d0 f i eqmap.obj
 0001:000000d0       ??_Ebad_function_call@boost@@UAEPAXI@Z 004010d0 f i * CIL library *:* CIL module *
 0001:000000d0       ??_Eruntime_error@std@@UAEPAXI@Z 004010d0 f i * CIL library *:* CIL module *
 0001:00000100       ??0runtime_error@std@@QAE@ABV01@@Z 00401100 f i eqmap.obj
 0001:00000120       ??1?$stream_translator@DU?$char_traits@D@std@@V?$allocator@D@2@_N@property_tree@boost@@QAE@XZ 00401120 f i eqmap.obj
 0001:00000120       ??1locale@std@@QAE@XZ      00401120 f i eqmap.obj
 0001:00000120       ??1?$stream_translator@DU?$char_traits@D@std@@V?$allocator@D@2@M@property_tree@boost@@QAE@XZ 00401120 f i eqmap.obj
 0001:00000120       ??1?$stream_translator@DU?$char_traits@D@std@@V?$allocator@D@2@H@property_tree@boost@@QAE@XZ 00401120 f i eqmap.obj
 0001:00000140       ?name@locale@std@@QBE?AV?$basic_string@DU?$char_traits@D@std@@V?$allocator@D@2@@2@XZ 00401140 f i eqmap.obj
 0001:000002a0       ??8locale@std@@QBE_NABV01@@Z 004012a0 f i eqmap.obj
 0001:00000430       ??_Eerror_category@std@@UAEPAXI@Z 00401430 f i * CIL library *:* CIL module *
 0001:00000430       ??_Gerror_category@std@@UAEPAXI@Z 00401430 f i eqmap.obj
 0001:00000430       ??_E_System_error_category@std@@UAEPAXI@Z 00401430 f i * CIL library *:* CIL module *
 0001:00000430       ??_E_Generic_error_category@std@@UAEPAXI@Z 00401430 f i * CIL library *:* CIL module *
 0001:00000430       ??_G_Generic_error_category@std@@UAEPAXI@Z 00401430 f i eqmap.obj
 0001:00000430       ??_G_System_error_category@std@@UAEPAXI@Z 00401430 f i eqmap.obj
 0001:00000430       ??_G_Iostream_error_category@std@@UAEPAXI@Z 00401430 f i eqmap.obj
 0001:00000430       ??_E_Iostream_error_category@std@@UAEPAXI@Z 00401430 f i * CIL library *:* CIL module *
 0001:00000460       ?default_error_condition@error_category@std@@UBE?AVerror_condition@2@H@Z 00401460 f i eqmap.obj
 0001:00000480       ?equivalent@error_category@std@@UBE_NHABVerror_condition@2@@Z 00401480 f i eqmap.obj
 0001:000004c0       ?equivalent@error_category@std@@UBE_NABVerror_code@2@H@Z 004014c0 f i eqmap.obj
 0001:000004e0       ?name@_Generic_error_category@std@@UBEPBDXZ 004014e0 f i eqmap.obj
 0001:000004f0       ?message@_Generic_error_category@std@@UBE?AV?$basic_string@DU?$char_traits@D@std@@V?$allocator@D@2@@2@H@Z 004014f0 f i eqmap.obj
 0001:00000570       ?name@_Iostream_error_category@std@@UBEPBDXZ 00401570 f i eqmap.obj
 0001:00000580       ?message@_Iostream_error_category@std@@UBE?AV?$basic_string@DU?$char_traits@D@std@@V?$allocator@D@2@@2@H@Z 00401580 f i eqmap.obj
 0001:000005d0       ?name@_System_error_category@std@@UBEPBDXZ 004015d0 f i eqmap.obj
 0001:000005e0       ?message@_System_error_category@std@@UBE?AV?$basic_string@DU?$char_traits@D@std@@V?$allocator@D@2@@2@H@Z 004015e0 f i eqmap.obj
 0001:00000660       ?default_error_condition@_System_error_category@std@@UBE?AVerror_condition@2@H@Z 00401660 f i eqmap.obj
 0001:000006a0       ?fixed@std@@YAAAVios_base@1@AAV21@@Z 004016a0 f i eqmap.obj
 0001:000006c0       ??1_Sentry_base@?$basic_istream@DU?$char_traits@D@std@@@std@@QAE@XZ 004016c0 f i eqmap.obj
 0001:000006c0       ??1sentry@?$basic_istream@DU?$char_traits@D@std@@@std@@QAE@XZ 004016c0 f i eqmap.obj
 0001:000006c0       ??1_Sentry_base@?$basic_ostream@DU?$char_traits@D@std@@@std@@QAE@XZ 004016c0 f i eqmap.obj
 0001:000006e0       ??1clone_base@exception_detail@boost@@UAE@XZ 004016e0 f i eqmap.obj
 0001:000006f0       ??_Gclone_base@exception_detail@boost@@UAEPAXI@Z 004016f0 f i eqmap.obj
 0001:000006f0       ??_Eclone_base@exception_detail@boost@@UAEPAXI@Z 004016f0 f i * CIL library *:* CIL module *
 0001:00000720       ?copy_boost_exception@exception_detail@boost@@YAXPAVexception@2@PBV32@@Z 00401720 f i eqmap.obj
 0001:00000800       ?what@bad_lexical_cast@boost@@UBEPBDXZ 00401800 f i eqmap.obj
 0001:00000810       ??1bad_lexical_cast@boost@@UAE@XZ 00401810 f i eqmap.obj
 0001:00000820       ??_Gbad_lexical_cast@boost@@UAEPAXI@Z 00401820 f i eqmap.obj
 0001:00000820       ??_Ebad_lexical_cast@boost@@UAEPAXI@Z 00401820 f i * CIL library *:* CIL module *
 0001:00000850       ??1bad_function_call@boost@@UAE@XZ 00401850 f i eqmap.obj
 0001:00000860       ??Bauto_any_base@foreach_detail_@boost@@QBE_NXZ 00401860 f i eqmap.obj
 0001:00000860       ?has_empty_target@function@detail@boost@@YA_NZZ 00401860 f i eqmap.obj
 0001:00000870       ??1placeholder@any@boost@@UAE@XZ 00401870 f i eqmap.obj
 0001:00000880       ??_Eplaceholder@any@boost@@UAEPAXI@Z 00401880 f i * CIL library *:* CIL module *
 0001:00000880       ??_Gplaceholder@any@boost@@UAEPAXI@Z 00401880 f i eqmap.obj
 0001:000008b0       ??_Eptree_error@property_tree@boost@@UAEPAXI@Z 004018b0 f i * CIL library *:* CIL module *
 0001:000008b0       ??_Gptree_error@property_tree@boost@@UAEPAXI@Z 004018b0 f i eqmap.obj
 0001:000008e0       ??1ptree_error@property_tree@boost@@UAE@XZ 004018e0 f i eqmap.obj
 0001:000008f0       ??1ptree_bad_path@property_tree@boost@@UAE@XZ 004018f0 f i eqmap.obj
 0001:00000920       ??_Eptree_bad_path@property_tree@boost@@UAEPAXI@Z 00401920 f i * CIL library *:* CIL module *
 0001:00000920       ??_Gptree_bad_path@property_tree@boost@@UAEPAXI@Z 00401920 f i eqmap.obj
 0001:00000960       ?dump_sequence@detail@property_tree@boost@@YA?AV?$basic_string@DU?$char_traits@D@std@@V?$allocator@D@2@@std@@ABV45@@Z 00401960 f i eqmap.obj
 0001:00000990       ??0file_parser_error@property_tree@boost@@QAE@ABV?$basic_string@DU?$char_traits@D@std@@V?$allocator@D@2@@std@@0K@Z 00401990 f i eqmap.obj
 0001:00000aa0       ??1file_parser_error@property_tree@boost@@UAE@XZ 00401aa0 f i eqmap.obj
 0001:00000b00       ?message@file_parser_error@property_tree@boost@@QBE?AV?$basic_string@DU?$char_traits@D@std@@V?$allocator@D@2@@std@@XZ 00401b00 f i eqmap.obj
 0001:00000b40       ?format_what@file_parser_error@property_tree@boost@@CA?AV?$basic_string@DU?$char_traits@D@std@@V?$allocator@D@2@@std@@ABV45@0K@Z 00401b40 f i eqmap.obj
 0001:00000c60       ??_Gfile_parser_error@property_tree@boost@@UAEPAXI@Z 00401c60 f i eqmap.obj
 0001:00000c60       ??_Gini_parser_error@ini_parser@property_tree@boost@@UAEPAXI@Z 00401c60 f i eqmap.obj
 0001:00000c60       ??_Eini_parser_error@ini_parser@property_tree@boost@@UAEPAXI@Z 00401c60 f i * CIL library *:* CIL module *
 0001:00000c60       ??_Efile_parser_error@property_tree@boost@@UAEPAXI@Z 00401c60 f i * CIL library *:* CIL module *
 0001:00000c90       ??_D?$basic_stringstream@DU?$char_traits@D@std@@V?$allocator@D@2@@std@@QAEXXZ 00401c90 f i eqmap.obj
 0001:00000cd0       ??1ini_parser_error@ini_parser@property_tree@boost@@UAE@XZ 00401cd0 f i eqmap.obj
 0001:00000ce0       ?set_false@foreach_detail_@boost@@YA_NAA_N@Z 00401ce0 f i eqmap.obj
 0001:00000cf0       ?file_exists@@YA_NV?$basic_string@DU?$char_traits@D@std@@V?$allocator@D@2@@std@@@Z 00401cf0 f   eqmap.obj
 0001:00000dd0       ??_D?$basic_ifstream@DU?$char_traits@D@std@@@std@@QAEXXZ 00401dd0 f i eqmap.obj
 0001:00000e10       ?string_contains@@YA_NV?$basic_string@DU?$char_traits@D@std@@V?$allocator@D@2@@std@@0@Z 00401e10 f   eqmap.obj
 0001:00000e70       ?get_bool_string@@YA?AV?$basic_string@DU?$char_traits@D@std@@V?$allocator@D@2@@std@@_N@Z 00401e70 f   eqmap.obj
 0001:00000ee0       ?message_box_show_error@@YAXV?$basic_string@DU?$char_traits@D@std@@V?$allocator@D@2@@std@@@Z 00401ee0 f   eqmap.obj
 0001:00000f20       ?get_font_height@@YAMPAVFTFont@@@Z 00401f20 f   eqmap.obj
 0001:00000f40       ?draw_string@@YAXPAVFTFont@@HMMV?$basic_string@DU?$char_traits@D@std@@V?$allocator@D@2@@std@@@Z 00401f40 f   eqmap.obj
 0001:00001030       ?draw_string_background@@YAXPAVFTFont@@HMMV?$basic_string@DU?$char_traits@D@std@@V?$allocator@D@2@@std@@@Z 00402030 f   eqmap.obj
 0001:000011e0       ?get_windows_font_file@@YA?AV?$basic_string@DU?$char_traits@D@std@@V?$allocator@D@2@@std@@V12@@Z 004021e0 f   eqmap.obj
 0001:00001300       ?font_load@@YAXXZ          00402300 f   eqmap.obj
 0001:00001820       ??_EFTBitmapFont@@UAEPAXI@Z 00402820 f i * CIL library *:* CIL module *
 0001:00001820       ??_GFTBitmapFont@@UAEPAXI@Z 00402820 f i eqmap.obj
 0001:00001850       ?window_load_background_texture@@YAXXZ 00402850 f   eqmap.obj
 0001:00001880       ?window_save_screenshot@@YAXXZ 00402880 f   eqmap.obj
 0001:00001d50       ?map_calculate_bounds@@YAXXZ 00402d50 f   eqmap.obj
 0001:00002030       ?map_parse_file@@YAXV?$basic_string@DU?$char_traits@D@std@@V?$allocator@D@2@@std@@H@Z 00403030 f   eqmap.obj
 0001:00002be0       ??1map_point_t@@QAE@XZ     00403be0 f i eqmap.obj
 0001:00002c10       ?map_load_zone@@YAXV?$basic_string@DU?$char_traits@D@std@@V?$allocator@D@2@@std@@@Z 00403c10 f   eqmap.obj
 0001:000035c0       ?parse_zone_info@@YAXXZ    004045c0 f   eqmap.obj
 0001:00003bd0       ??1zone_info_t@@QAE@XZ     00404bd0 f i eqmap.obj
 0001:000040d0       ?viewport_and_ortho@@YAXXZ 004050d0 f   eqmap.obj
 0001:00004160       ?window_size_callback@@YAXPAUGLFWwindow@@HH@Z 00405160 f   eqmap.obj
 0001:000041d0       ?render@@YAXXZ             004051d0 f   eqmap.obj
 0001:00006d20       ?init@@YAXXZ               00407d20 f   eqmap.obj
 0001:00006d70       ?done@@YAXXZ               00407d70 f   eqmap.obj
 0001:00006dd0       ?CopyStdStringToClient@@YGXAAV?$basic_string@DU?$char_traits@D@std@@V?$allocator@D@2@@std@@ABV12@@Z 00407dd0 f   eqmap.obj
 0001:00006df0       ?bar_error_handler@@YGXPBD@Z 00407df0 f   eqmap.obj
 0001:00006e30       ?bar_options_button_save_screenshot@@YGXPAX@Z 00407e30 f   eqmap.obj
 0001:00006e40       ?bar_options_button_load_font@@YGXPAX@Z 00407e40 f   eqmap.obj
 0001:00006e50       ?bar_options_button_load_background_texture@@YGXPAX@Z 00407e50 f   eqmap.obj
 0001:00006e80       ?bar_options_button_load_zone@@YGXPAX@Z 00407e80 f   eqmap.obj
 0001:00006ec0       ?bar_options_button_offset_up@@YGXPAX@Z 00407ec0 f   eqmap.obj
 0001:00006ef0       ?bar_options_button_offset_down@@YGXPAX@Z 00407ef0 f   eqmap.obj
 0001:00006f20       ?bar_options_button_offset_left@@YGXPAX@Z 00407f20 f   eqmap.obj
 0001:00006f50       ?bar_options_button_offset_right@@YGXPAX@Z 00407f50 f   eqmap.obj
 0001:00006f80       ?bar_options_button_reset_height_filter@@YGXPAX@Z 00407f80 f   eqmap.obj
 0001:00006f90       ?bar_options_button_center_on_origin@@YGXPAX@Z 00407f90 f   eqmap.obj
 0001:00006fb0       ?bar_options_button_zoom_to_fit@@YGXPAX@Z 00407fb0 f   eqmap.obj
 0001:00006fd0       ?bar_options_button_reset_zoom_and_center_map@@YGXPAX@Z 00407fd0 f   eqmap.obj
 0001:00007000       ?bar_options_button_exit@@YGXPAX@Z 00408000 f   eqmap.obj
 0001:00007020       ?bar_zones_refresh@@YAXXZ  00408020 f   eqmap.obj
 0001:00007050       ?bar_zones_button_refresh_zones@@YGXPAX@Z 00408050 f   eqmap.obj
 0001:00007080       ?bar_zones_button_zone_name@@YGXPAX@Z 00408080 f   eqmap.obj
 0001:00007140       ?bar_zones_create@@YAXXZ   00408140 f   eqmap.obj
 0001:00007ab0       ??0zone_info_t@@QAE@ABU0@@Z 00408ab0 f i eqmap.obj
 0001:00007b60       ?bar_options_create@@YAXXZ 00408b60 f   eqmap.obj
 0001:00008400       ?map_load_config@@YAXXZ    00409400 f   eqmap.obj
 0001:00009650       ??1?$string_path@V?$basic_string@DU?$char_traits@D@std@@V?$allocator@D@2@@std@@U?$id_translator@V?$basic_string@DU?$char_traits@D@std@@V?$allocator@D@2@@std@@@property_tree@boost@@@property_tree@boost@@QAE@XZ 0040a650 f i eqmap.obj
 0001:00009650       ??1?$basic_string@DU?$char_traits@D@std@@V?$allocator@D@2@@std@@QAE@XZ 0040a650 f i eqmap.obj
 0001:00009680       ?window_proc_hook@@YGJPAUHWND__@@IIJ@Z 0040a680 f   eqmap.obj
 0001:00009e40       _main                      0040ae40 f   eqmap.obj
 0001:0000a2f0       ??0?$basic_string@DU?$char_traits@D@std@@V?$allocator@D@2@@std@@QAE@ABV01@@Z 0040b2f0 f i eqmap.obj
 0001:0000a320       ??0?$basic_string@DU?$char_traits@D@std@@V?$allocator@D@2@@std@@QAE@PBD@Z 0040b320 f i eqmap.obj
 0001:0000a380       ??0?$basic_string@DU?$char_traits@D@std@@V?$allocator@D@2@@std@@QAE@$$QAV01@@Z 0040b380 f i eqmap.obj
 0001:0000a3f0       ??4?$basic_string@DU?$char_traits@D@std@@V?$allocator@D@2@@std@@QAEAAV01@$$QAV01@@Z 0040b3f0 f i eqmap.obj
 0001:0000a430       ??4?$basic_string@DU?$char_traits@D@std@@V?$allocator@D@2@@std@@QAEAAV01@PBD@Z 0040b430 f i eqmap.obj
 0001:0000a470       ?erase@?$basic_string@DU?$char_traits@D@std@@V?$allocator@D@2@@std@@QAE?AV?$_String_iterator@V?$_String_val@U?$_Simple_types@D@std@@@std@@@2@V?$_String_const_iterator@V?$_String_val@U?$_Simple_types@D@std@@@std@@@2@0@Z 0040b470 f i eqmap.obj
 0001:0000a4c0       ?substr@?$basic_string@DU?$char_traits@D@std@@V?$allocator@D@2@@std@@QBE?AV12@II@Z 0040b4c0 f i eqmap.obj
 0001:0000a500       ?do_decimal_point@?$numpunct@D@std@@MBEDXZ 0040b500 f i eqmap.obj
 0001:0000a510       ?do_thousands_sep@?$numpunct@D@std@@MBEDXZ 0040b510 f i eqmap.obj
 0001:0000a520       ?do_grouping@?$numpunct@D@std@@MBE?AV?$basic_string@DU?$char_traits@D@std@@V?$allocator@D@2@@2@XZ 0040b520 f i eqmap.obj
 0001:0000a580       ?do_falsename@?$numpunct@D@std@@MBE?AV?$basic_string@DU?$char_traits@D@std@@V?$allocator@D@2@@2@XZ 0040b580 f i eqmap.obj
 0001:0000a5e0       ?do_truename@?$numpunct@D@std@@MBE?AV?$basic_string@DU?$char_traits@D@std@@V?$allocator@D@2@@2@XZ 0040b5e0 f i eqmap.obj
 0001:0000a640       ??1?$refcount_ptr@Uerror_info_container@exception_detail@boost@@@exception_detail@boost@@QAE@XZ 0040b640 f i eqmap.obj
 0001:0000a660       ??0?$basic_stringstream@DU?$char_traits@D@std@@V?$allocator@D@2@@std@@QAE@H@Z 0040b660 f i eqmap.obj
 0001:0000a720       ?str@?$basic_stringstream@DU?$char_traits@D@std@@V?$allocator@D@2@@std@@QBE?AV?$basic_string@DU?$char_traits@D@std@@V?$allocator@D@2@@2@XZ 0040b720 f i eqmap.obj
 0001:0000a740       ?str@?$basic_stringstream@DU?$char_traits@D@std@@V?$allocator@D@2@@std@@QAEXABV?$basic_string@DU?$char_traits@D@std@@V?$allocator@D@2@@2@@Z 0040b740 f i eqmap.obj
 0001:0000a750       ??1?$basic_stringbuf@DU?$char_traits@D@std@@V?$allocator@D@2@@std@@UAE@XZ 0040b750 f i eqmap.obj
 0001:0000a7c0       ?overflow@?$basic_stringbuf@DU?$char_traits@D@std@@V?$allocator@D@2@@std@@MAEHH@Z 0040b7c0 f i eqmap.obj
 0001:0000a990       ?pbackfail@?$basic_stringbuf@DU?$char_traits@D@std@@V?$allocator@D@2@@std@@MAEHH@Z 0040b990 f i eqmap.obj
 0001:0000a9f0       ?underflow@?$basic_stringbuf@DU?$char_traits@D@std@@V?$allocator@D@2@@std@@MAEHXZ 0040b9f0 f i eqmap.obj
 0001:0000aa50       ?seekoff@?$basic_stringbuf@DU?$char_traits@D@std@@V?$allocator@D@2@@std@@MAE?AV?$fpos@H@2@_JHH@Z 0040ba50 f i eqmap.obj
 0001:0000ac20       ?seekpos@?$basic_stringbuf@DU?$char_traits@D@std@@V?$allocator@D@2@@std@@MAE?AV?$fpos@H@2@V32@H@Z 0040bc20 f i eqmap.obj
 0001:0000ad50       ?push_back@?$vector@Umap_line_t@@V?$allocator@Umap_line_t@@@std@@@std@@QAEXABUmap_line_t@@@Z 0040bd50 f i eqmap.obj
 0001:0000ae40       ?push_back@?$vector@Umap_point_t@@V?$allocator@Umap_point_t@@@std@@@std@@QAEXABUmap_point_t@@@Z 0040be40 f i eqmap.obj
 0001:0000aee0       ?push_back@?$vector@Uzone_info_t@@V?$allocator@Uzone_info_t@@@std@@@std@@QAEXABUzone_info_t@@@Z 0040bee0 f i eqmap.obj
 0001:0000afb0       ??0?$basic_ifstream@DU?$char_traits@D@std@@@std@@QAE@PBDHH@Z 0040bfb0 f i eqmap.obj
 0001:0000b0b0       ?close@?$basic_ifstream@DU?$char_traits@D@std@@@std@@QAEXXZ 0040c0b0 f i eqmap.obj
 0001:0000b130       ??1?$basic_filebuf@DU?$char_traits@D@std@@@std@@UAE@XZ 0040c130 f i eqmap.obj
 0001:0000b1b0       ?_Lock@?$basic_filebuf@DU?$char_traits@D@std@@@std@@UAEXXZ 0040c1b0 f i eqmap.obj
 0001:0000b1c0       ?_Unlock@?$basic_filebuf@DU?$char_traits@D@std@@@std@@UAEXXZ 0040c1c0 f i eqmap.obj
 0001:0000b1d0       ?overflow@?$basic_filebuf@DU?$char_traits@D@std@@@std@@MAEHH@Z 0040c1d0 f i eqmap.obj
 0001:0000b3c0       ?pbackfail@?$basic_filebuf@DU?$char_traits@D@std@@@std@@MAEHH@Z 0040c3c0 f i eqmap.obj
 0001:0000b450       ?underflow@?$basic_filebuf@DU?$char_traits@D@std@@@std@@MAEHXZ 0040c450 f i eqmap.obj
 0001:0000b490       ?uflow@?$basic_filebuf@DU?$char_traits@D@std@@@std@@MAEHXZ 0040c490 f i eqmap.obj
 0001:0000b6b0       ?seekoff@?$basic_filebuf@DU?$char_traits@D@std@@@std@@MAE?AV?$fpos@H@2@_JHH@Z 0040c6b0 f i eqmap.obj
 0001:0000b7c0       ?seekpos@?$basic_filebuf@DU?$char_traits@D@std@@@std@@MAE?AV?$fpos@H@2@V32@H@Z 0040c7c0 f i eqmap.obj
 0001:0000b8b0       ?setbuf@?$basic_filebuf@DU?$char_traits@D@std@@@std@@MAEPAV?$basic_streambuf@DU?$char_traits@D@std@@@2@PAD_J@Z 0040c8b0 f i eqmap.obj
 0001:0000b940       ?sync@?$basic_filebuf@DU?$char_traits@D@std@@@std@@MAEHXZ 0040c940 f i eqmap.obj
 0001:0000b970       ?imbue@?$basic_filebuf@DU?$char_traits@D@std@@@std@@MAEXABVlocale@2@@Z 0040c970 f i eqmap.obj
 0001:0000b9b0       ?push_back@?$vector@V?$basic_string@DU?$char_traits@D@std@@V?$allocator@D@2@@std@@V?$allocator@V?$basic_string@DU?$char_traits@D@std@@V?$allocator@D@2@@std@@@2@@std@@QAEX$$QAV?$basic_string@DU?$char_traits@D@std@@V?$allocator@D@2@@2@@Z 0040c9b0 f i eqmap.obj
 0001:0000ba30       ??1?$vector@V?$basic_string@DU?$char_traits@D@std@@V?$allocator@D@2@@std@@V?$allocator@V?$basic_string@DU?$char_traits@D@std@@V?$allocator@D@2@@std@@@2@@std@@QAE@XZ 0040ca30 f i eqmap.obj
 0001:0000ba30       ?_Tidy@?$vector@V?$basic_string@DU?$char_traits@D@std@@V?$allocator@D@2@@std@@V?$allocator@V?$basic_string@DU?$char_traits@D@std@@V?$allocator@D@2@@std@@@2@@std@@IAEXXZ 0040ca30 f i eqmap.obj
 0001:0000ba70       ?at@?$vector@V?$basic_string@DU?$char_traits@D@std@@V?$allocator@D@2@@std@@V?$allocator@V?$basic_string@DU?$char_traits@D@std@@V?$allocator@D@2@@std@@@2@@std@@QAEAAV?$basic_string@DU?$char_traits@D@std@@V?$allocator@D@2@@2@I@Z 0040ca70 f i eqmap.obj
 0001:0000bab0       ?push_back@?$vector@V?$basic_string@DU?$char_traits@D@std@@V?$allocator@D@2@@std@@V?$allocator@V?$basic_string@DU?$char_traits@D@std@@V?$allocator@D@2@@std@@@2@@std@@QAEXABV?$basic_string@DU?$char_traits@D@std@@V?$allocator@D@2@@2@@Z 0040cab0 f i eqmap.obj
 0001:0000bb70       ??1?$is_any_ofF@D@detail@algorithm@boost@@QAE@XZ 0040cb70 f i eqmap.obj
 0001:0000bb70       ??1?$token_finderF@U?$is_any_ofF@D@detail@algorithm@boost@@@detail@algorithm@boost@@QAE@XZ 0040cb70 f i eqmap.obj
 0001:0000bb90       ??_E?$numpunct@D@std@@MAEPAXI@Z 0040cb90 f i * CIL library *:* CIL module *
 0001:0000bb90       ??_G?$numpunct@D@std@@MAEPAXI@Z 0040cb90 f i eqmap.obj
 0001:0000bbe0       ??_E?$basic_stringstream@DU?$char_traits@D@std@@V?$allocator@D@2@@std@@UAEPAXI@Z 0040cbe0 f i * CIL library *:* CIL module *
 0001:0000bbe0       ??_G?$basic_stringstream@DU?$char_traits@D@std@@V?$allocator@D@2@@std@@UAEPAXI@Z 0040cbe0 f i eqmap.obj
 0001:0000bc40       ??_G?$basic_stringbuf@DU?$char_traits@D@std@@V?$allocator@D@2@@std@@UAEPAXI@Z 0040cc40 f i eqmap.obj
 0001:0000bc40       ??_E?$basic_stringbuf@DU?$char_traits@D@std@@V?$allocator@D@2@@std@@UAEPAXI@Z 0040cc40 f i * CIL library *:* CIL module *
 0001:0000bc70       ??_G?$basic_ifstream@DU?$char_traits@D@std@@@std@@UAEPAXI@Z 0040cc70 f i eqmap.obj
 0001:0000bc70       ??_E?$basic_ifstream@DU?$char_traits@D@std@@@std@@UAEPAXI@Z 0040cc70 f i * CIL library *:* CIL module *
 0001:0000bcd0       ??_E?$basic_filebuf@DU?$char_traits@D@std@@@std@@UAEPAXI@Z 0040ccd0 f i * CIL library *:* CIL module *
 0001:0000bcd0       ??_G?$basic_filebuf@DU?$char_traits@D@std@@@std@@UAEPAXI@Z 0040ccd0 f i eqmap.obj
 0001:0000bd00       ??0?$basic_string@DU?$char_traits@D@std@@V?$allocator@D@2@@std@@QAE@ID@Z 0040cd00 f i eqmap.obj
 0001:0000bd60       ?_Assign_rv@?$basic_string@DU?$char_traits@D@std@@V?$allocator@D@2@@std@@QAEX$$QAV12@@Z 0040cd60 f i eqmap.obj
 0001:0000bdc0       ?append@?$basic_string@DU?$char_traits@D@std@@V?$allocator@D@2@@std@@QAEAAV12@ID@Z 0040cdc0 f i eqmap.obj
 0001:0000be70       ?assign@?$basic_string@DU?$char_traits@D@std@@V?$allocator@D@2@@std@@QAEAAV12@ABV12@II@Z 0040ce70 f i eqmap.obj
 0001:0000bfa0       ?erase@?$basic_string@DU?$char_traits@D@std@@V?$allocator@D@2@@std@@QAEAAV12@II@Z 0040cfa0 f i eqmap.obj
 0001:0000c040       ?find@?$basic_string@DU?$char_traits@D@std@@V?$allocator@D@2@@std@@QBEIPBDII@Z 0040d040 f i eqmap.obj
 0001:0000c130       ?_Tidy@?$basic_string@DU?$char_traits@D@std@@V?$allocator@D@2@@std@@QAEX_NI@Z 0040d130 f i eqmap.obj
 0001:0000c180       ?allocate@?$_Wrap_alloc@V?$allocator@D@std@@@std@@QAEPADI@Z 0040d180 f i eqmap.obj
 0001:0000c180       ?allocate@?$allocator@D@std@@QAEPADI@Z 0040d180 f i eqmap.obj
 0001:0000c1b0       ?str@?$basic_stringbuf@DU?$char_traits@D@std@@V?$allocator@D@2@@std@@QBE?AV?$basic_string@DU?$char_traits@D@std@@V?$allocator@D@2@@2@XZ 0040d1b0 f i eqmap.obj
 0001:0000c2e0       ?str@?$basic_stringbuf@DU?$char_traits@D@std@@V?$allocator@D@2@@std@@QAEXABV?$basic_string@DU?$char_traits@D@std@@V?$allocator@D@2@@2@@Z 0040d2e0 f i eqmap.obj
 0001:0000c370       ?_Destroy@?$vector@Umap_line_t@@V?$allocator@Umap_line_t@@@std@@@std@@IAEXPAUmap_line_t@@0@Z 0040d370 f i eqmap.obj
 0001:0000c380       ?_Reserve@?$vector@Umap_line_t@@V?$allocator@Umap_line_t@@@std@@@std@@IAEXI@Z 0040d380 f i eqmap.obj
 0001:0000c420       ?_Reserve@?$vector@Umap_point_t@@V?$allocator@Umap_point_t@@@std@@@std@@IAEXI@Z 0040d420 f i eqmap.obj
 0001:0000c4d0       ?_Getal@?$_Vector_alloc@$0A@U?$_Vec_base_types@Umap_point_t@@V?$allocator@Umap_point_t@@@std@@@std@@@std@@QBE?AU?$_Wrap_alloc@V?$allocator@Umap_point_t@@@std@@@2@XZ 0040d4d0 f i eqmap.obj
 0001:0000c4d0       ?select_on_container_copy_construction@?$allocator@D@std@@QBE?AV12@XZ 0040d4d0 f i eqmap.obj
 0001:0000c4d0       ?_Getal@?$_Vector_alloc@$0A@U?$_Vec_base_types@Uzone_info_t@@V?$allocator@Uzone_info_t@@@std@@@std@@@std@@QBE?AU?$_Wrap_alloc@V?$allocator@Uzone_info_t@@@std@@@2@XZ 0040d4d0 f i eqmap.obj
 0001:0000c4e0       ?_Reserve@?$vector@Uzone_info_t@@V?$allocator@Uzone_info_t@@@std@@@std@@IAEXI@Z 0040d4e0 f i eqmap.obj
 0001:0000c580       ?open@?$basic_filebuf@DU?$char_traits@D@std@@@std@@QAEPAV12@PBDHH@Z 0040d580 f i eqmap.obj
 0001:0000c690       ?_Endwrite@?$basic_filebuf@DU?$char_traits@D@std@@@std@@IAE_NXZ 0040d690 f i eqmap.obj
 0001:0000c7f0       ?_Reset_back@?$basic_filebuf@DU?$char_traits@D@std@@@std@@AAEXXZ 0040d7f0 f i eqmap.obj
 0001:0000c820       ?_Set_back@?$basic_filebuf@DU?$char_traits@D@std@@@std@@AAEXXZ 0040d820 f i eqmap.obj
 0001:0000c860       ?_Reserve@?$vector@V?$basic_string@DU?$char_traits@D@std@@V?$allocator@D@2@@std@@V?$allocator@V?$basic_string@DU?$char_traits@D@std@@V?$allocator@D@2@@std@@@2@@std@@IAEXI@Z 0040d860 f i eqmap.obj
 0001:0000c900       ??1sentry@?$basic_ostream@DU?$char_traits@D@std@@@std@@QAE@XZ 0040d900 f i eqmap.obj
 0001:0000c930       ?assign@?$basic_string@DU?$char_traits@D@std@@V?$allocator@D@2@@std@@QAEAAV12@PBDI@Z 0040d930 f i eqmap.obj
 0001:0000ca30       ?_Chassign@?$basic_string@DU?$char_traits@D@std@@V?$allocator@D@2@@std@@QAEXIID@Z 0040da30 f i eqmap.obj
 0001:0000ca80       ?_Eos@?$basic_string@DU?$char_traits@D@std@@V?$allocator@D@2@@std@@QAEXI@Z 0040da80 f i eqmap.obj
 0001:0000cab0       ?_Grow@?$basic_string@DU?$char_traits@D@std@@V?$allocator@D@2@@std@@QAE_NI_N@Z 0040dab0 f i eqmap.obj
 0001:0000cb60       ??0?$_Wrap_alloc@V?$allocator@Umap_line_t@@@std@@@std@@QAE@XZ 0040db60 f i eqmap.obj
 0001:0000cb60       ??0?$_Wrap_alloc@V?$allocator@D@std@@@std@@QAE@XZ 0040db60 f i eqmap.obj
 0001:0000cb60       ??0?$_Wrap_alloc@V?$allocator@Umap_point_t@@@std@@@std@@QAE@XZ 0040db60 f i eqmap.obj
 0001:0000cb60       ??0?$_Wrap_alloc@V?$allocator@Uzone_info_t@@@std@@@std@@QAE@XZ 0040db60 f i eqmap.obj
 0001:0000cb70       ??0?$_Wrap_alloc@V?$allocator@D@std@@@std@@QAE@ABV?$allocator@D@1@@Z 0040db70 f i eqmap.obj
 0001:0000cb80       ?grouping@?$numpunct@D@std@@QBE?AV?$basic_string@DU?$char_traits@D@std@@V?$allocator@D@2@@2@XZ 0040db80 f i eqmap.obj
 0001:0000cba0       ?_Init@?$basic_stringbuf@DU?$char_traits@D@std@@V?$allocator@D@2@@std@@IAEXPBDIH@Z 0040dba0 f i eqmap.obj
 0001:0000cc50       ?_Reallocate@?$vector@Umap_line_t@@V?$allocator@Umap_line_t@@@std@@@std@@IAEXI@Z 0040dc50 f i eqmap.obj
 0001:0000cd00       ?_Reallocate@?$vector@Umap_point_t@@V?$allocator@Umap_point_t@@@std@@@std@@IAEXI@Z 0040dd00 f i eqmap.obj
 0001:0000ce20       ?_Reallocate@?$vector@Uzone_info_t@@V?$allocator@Uzone_info_t@@@std@@@std@@IAEXI@Z 0040de20 f i eqmap.obj
 0001:0000cf30       ?_Destroy@?$vector@V?$basic_string@DU?$char_traits@D@std@@V?$allocator@D@2@@std@@V?$allocator@V?$basic_string@DU?$char_traits@D@std@@V?$allocator@D@2@@std@@@2@@std@@IAEXPAV?$basic_string@DU?$char_traits@D@std@@V?$allocator@D@2@@2@0@Z 0040df30 f i eqmap.obj
 0001:0000cf80       ?_Reallocate@?$vector@V?$basic_string@DU?$char_traits@D@std@@V?$allocator@D@2@@std@@V?$allocator@V?$basic_string@DU?$char_traits@D@std@@V?$allocator@D@2@@std@@@2@@std@@IAEXI@Z 0040df80 f i eqmap.obj
 0001:0000d020       ?append@?$basic_string@DU?$char_traits@D@std@@V?$allocator@D@2@@std@@QAEAAV12@ABV12@II@Z 0040e020 f i eqmap.obj
 0001:0000d110       ?_Copy@?$basic_string@DU?$char_traits@D@std@@V?$allocator@D@2@@std@@QAEXII@Z 0040e110 f i eqmap.obj
 0001:0000d260       ??$use_facet@V?$ctype@D@std@@@std@@YAABV?$ctype@D@0@ABVlocale@0@@Z 0040e260 f i eqmap.obj
 0001:0000d350       ??$?6U?$char_traits@D@std@@@std@@YAAAV?$basic_ostream@DU?$char_traits@D@std@@@0@AAV10@PBD@Z 0040e350 f i eqmap.obj
 0001:0000d560       ??$?6U?$char_traits@D@std@@@std@@YAAAV?$basic_ostream@DU?$char_traits@D@std@@@0@AAV10@D@Z 0040e560 f i eqmap.obj
 0001:0000d730       ??$?6DU?$char_traits@D@std@@V?$allocator@D@1@@std@@YAAAV?$basic_ostream@DU?$char_traits@D@std@@@0@AAV10@ABV?$basic_string@DU?$char_traits@D@std@@V?$allocator@D@2@@0@@Z 0040e730 f i eqmap.obj
 0001:0000d8f0       ??$?5DU?$char_traits@D@std@@@std@@YAAAV?$basic_istream@DU?$char_traits@D@std@@@0@AAV10@AAD@Z 0040e8f0 f i eqmap.obj
 0001:0000d9c0       ??$replace_all@V?$basic_string@DU?$char_traits@D@std@@V?$allocator@D@2@@std@@$$BY01$$CBD$$BY00$$CBD@algorithm@boost@@YAXAAV?$basic_string@DU?$char_traits@D@std@@V?$allocator@D@2@@std@@AAY01$$CBDAAY00$$CBD@Z 0040e9c0 f i eqmap.obj
 0001:0000da10       ??$is_any_of@$$BY01$$CBD@algorithm@boost@@YA?AU?$is_any_ofF@D@detail@01@AAY01$$CBD@Z 0040ea10 f i eqmap.obj
 0001:0000da90       ??$split@V?$vector@V?$basic_string@DU?$char_traits@D@std@@V?$allocator@D@2@@std@@V?$allocator@V?$basic_string@DU?$char_traits@D@std@@V?$allocator@D@2@@std@@@2@@std@@V?$basic_string@DU?$char_traits@D@std@@V?$allocator@D@2@@2@U?$is_any_ofF@D@detail@algorithm@boost@@@algorithm@boost@@YAAAV?$vector@V?$basic_string@DU?$char_traits@D@std@@V?$allocator@D@2@@std@@V?$allocator@V?$basic_string@DU?$char_traits@D@std@@V?$allocator@D@2@@std@@@2@@std@@AAV23@AAV?$basic_string@DU?$char_traits@D@std@@V?$allocator@D@2@@3@U?$is_any_ofF@D@detail@01@W4token_compress_mode_type@01@@Z 0040ea90 f i eqmap.obj
 0001:0000db60       ??$map_line_data_value_can_lexical_cast@M@@YA_NV?$basic_string@DU?$char_traits@D@std@@V?$allocator@D@2@@std@@HHAAM00@Z 0040eb60 f i eqmap.obj
 0001:0000de60       ??$map_line_data_value_can_lexical_cast@H@@YA_NV?$basic_string@DU?$char_traits@D@std@@V?$allocator@D@2@@std@@HHAAH00@Z 0040ee60 f i eqmap.obj
 0001:0000e160       ??$replace_all@V?$basic_string@DU?$char_traits@D@std@@V?$allocator@D@2@@std@@$$BY01$$CBD$$BY01$$CBD@algorithm@boost@@YAXAAV?$basic_string@DU?$char_traits@D@std@@V?$allocator@D@2@@std@@AAY01$$CBD1@Z 0040f160 f i eqmap.obj
 0001:0000e1b0       ??$is_any_of@$$BY02$$CBD@algorithm@boost@@YA?AU?$is_any_ofF@D@detail@01@AAY02$$CBD@Z 0040f1b0 f i eqmap.obj
 0001:0000e200       ??$remove_if@V?$basic_string@DU?$char_traits@D@std@@V?$allocator@D@2@@std@@U?$is_any_ofF@D@detail@algorithm@boost@@@range@boost@@YA?AV?$_String_iterator@V?$_String_val@U?$_Simple_types@D@std@@@std@@@std@@AAV?$basic_string@DU?$char_traits@D@std@@V?$allocator@D@2@@3@U?$is_any_ofF@D@detail@algorithm@1@@Z 0040f200 f i eqmap.obj
 0001:0000e2d0       ??$contain@V?$vector@V?$basic_string@DU?$char_traits@D@std@@V?$allocator@D@2@@std@@V?$allocator@V?$basic_string@DU?$char_traits@D@std@@V?$allocator@D@2@@std@@@2@@std@@@foreach_detail_@boost@@YA?AU?$auto_any@PAV?$vector@V?$basic_string@DU?$char_traits@D@std@@V?$allocator@D@2@@std@@V?$allocator@V?$basic_string@DU?$char_traits@D@std@@V?$allocator@D@2@@std@@@2@@std@@@01@AAV?$vector@V?$basic_string@DU?$char_traits@D@std@@V?$allocator@D@2@@std@@V?$allocator@V?$basic_string@DU?$char_traits@D@std@@V?$allocator@D@2@@std@@@2@@std@@PAU?$bool_@$0A@@mpl@1@@Z 0040f2d0 f i eqmap.obj
 0001:0000e2e0       ??$begin@V?$vector@V?$basic_string@DU?$char_traits@D@std@@V?$allocator@D@2@@std@@V?$allocator@V?$basic_string@DU?$char_traits@D@std@@V?$allocator@D@2@@std@@@2@@std@@U?$bool_@$0A@@mpl@boost@@@foreach_detail_@boost@@YA?AU?$auto_any@V?$_Vector_iterator@V?$_Vector_val@U?$_Simple_types@V?$basic_string@DU?$char_traits@D@std@@V?$allocator@D@2@@std@@@std@@@std@@@std@@@01@ABUauto_any_base@01@PAU?$type2type@V?$vector@V?$basic_string@DU?$char_traits@D@std@@V?$allocator@D@2@@std@@V?$allocator@V?$basic_string@DU?$char_traits@D@std@@V?$allocator@D@2@@std@@@2@@std@@U?$bool_@$0A@@mpl@boost@@@01@PAU?$bool_@$0A@@mpl@1@@Z 0040f2e0 f i eqmap.obj
 0001:0000e2f0       ??$end@V?$vector@V?$basic_string@DU?$char_traits@D@std@@V?$allocator@D@2@@std@@V?$allocator@V?$basic_string@DU?$char_traits@D@std@@V?$allocator@D@2@@std@@@2@@std@@U?$bool_@$0A@@mpl@boost@@@foreach_detail_@boost@@YA?AU?$auto_any@V?$_Vector_iterator@V?$_Vector_val@U?$_Simple_types@V?$basic_string@DU?$char_traits@D@std@@V?$allocator@D@2@@std@@@std@@@std@@@std@@@01@ABUauto_any_base@01@PAU?$type2type@V?$vector@V?$basic_string@DU?$char_traits@D@std@@V?$allocator@D@2@@std@@V?$allocator@V?$basic_string@DU?$char_traits@D@std@@V?$allocator@D@2@@std@@@2@@std@@U?$bool_@$0A@@mpl@boost@@@01@PAU?$bool_@$0A@@mpl@1@@Z 0040f2f0 f i eqmap.obj
 0001:0000e300       ??$done@V?$vector@V?$basic_string@DU?$char_traits@D@std@@V?$allocator@D@2@@std@@V?$allocator@V?$basic_string@DU?$char_traits@D@std@@V?$allocator@D@2@@std@@@2@@std@@U?$bool_@$0A@@mpl@boost@@@foreach_detail_@boost@@YA_NABUauto_any_base@01@0PAU?$type2type@V?$vector@V?$basic_string@DU?$char_traits@D@std@@V?$allocator@D@2@@std@@V?$allocator@V?$basic_string@DU?$char_traits@D@std@@V?$allocator@D@2@@std@@@2@@std@@U?$bool_@$0A@@mpl@boost@@@01@@Z 0040f300 f i eqmap.obj
 0001:0000e310       ??$next@V?$vector@V?$basic_string@DU?$char_traits@D@std@@V?$allocator@D@2@@std@@V?$allocator@V?$basic_string@DU?$char_traits@D@std@@V?$allocator@D@2@@std@@@2@@std@@U?$bool_@$0A@@mpl@boost@@@foreach_detail_@boost@@YAXABUauto_any_base@01@PAU?$type2type@V?$vector@V?$basic_string@DU?$char_traits@D@std@@V?$allocator@D@2@@std@@V?$allocator@V?$basic_string@DU?$char_traits@D@std@@V?$allocator@D@2@@std@@@2@@std@@U?$bool_@$0A@@mpl@boost@@@01@@Z 0040f310 f i eqmap.obj
 0001:0000e320       ??$deref@V?$vector@V?$basic_string@DU?$char_traits@D@std@@V?$allocator@D@2@@std@@V?$allocator@V?$basic_string@DU?$char_traits@D@std@@V?$allocator@D@2@@std@@@2@@std@@U?$bool_@$0A@@mpl@boost@@@foreach_detail_@boost@@YAAAV?$basic_string@DU?$char_traits@D@std@@V?$allocator@D@2@@std@@ABUauto_any_base@01@PAU?$type2type@V?$vector@V?$basic_string@DU?$char_traits@D@std@@V?$allocator@D@2@@std@@V?$allocator@V?$basic_string@DU?$char_traits@D@std@@V?$allocator@D@2@@std@@@2@@std@@U?$bool_@$0A@@mpl@boost@@@01@@Z 0040f320 f i eqmap.obj
 0001:0000e330       ??$to_lower_copy@V?$basic_string@DU?$char_traits@D@std@@V?$allocator@D@2@@std@@@algorithm@boost@@YA?AV?$basic_string@DU?$char_traits@D@std@@V?$allocator@D@2@@std@@ABV23@ABVlocale@3@@Z 0040f330 f i eqmap.obj
 0001:0000e360       ??$replace_all_copy@V?$basic_string@DU?$char_traits@D@std@@V?$allocator@D@2@@std@@$$BY01$$CBD$$BY00$$CBD@algorithm@boost@@YA?AV?$basic_string@DU?$char_traits@D@std@@V?$allocator@D@2@@std@@ABV23@AAY01$$CBDAAY00$$CBD@Z 0040f360 f i eqmap.obj
 0001:0000e3b0       ??0?$basic_ptree@V?$basic_string@DU?$char_traits@D@std@@V?$allocator@D@2@@std@@V12@U?$less@V?$basic_string@DU?$char_traits@D@std@@V?$allocator@D@2@@std@@@2@@property_tree@boost@@QAE@XZ 0040f3b0 f i eqmap.obj
 0001:0000e450       ??1?$basic_ptree@V?$basic_string@DU?$char_traits@D@std@@V?$allocator@D@2@@std@@V12@U?$less@V?$basic_string@DU?$char_traits@D@std@@V?$allocator@D@2@@std@@@2@@property_tree@boost@@QAE@XZ 0040f450 f i eqmap.obj
 0001:0000e4e0       ??$read_ini@V?$basic_ptree@V?$basic_string@DU?$char_traits@D@std@@V?$allocator@D@2@@std@@V12@U?$less@V?$basic_string@DU?$char_traits@D@std@@V?$allocator@D@2@@std@@@2@@property_tree@boost@@@ini_parser@property_tree@boost@@YAXABV?$basic_string@DU?$char_traits@D@std@@V?$allocator@D@2@@std@@AAV?$basic_ptree@V?$basic_string@DU?$char_traits@D@std@@V?$allocator@D@2@@std@@V12@U?$less@V?$basic_string@DU?$char_traits@D@std@@V?$allocator@D@2@@std@@@2@@12@ABVlocale@4@@Z 0040f4e0 f i eqmap.obj
 0001:0000e6b0       ??0?$string_path@V?$basic_string@DU?$char_traits@D@std@@V?$allocator@D@2@@std@@U?$id_translator@V?$basic_string@DU?$char_traits@D@std@@V?$allocator@D@2@@std@@@property_tree@boost@@@property_tree@boost@@QAE@PBDDU?$id_translator@V?$basic_string@DU?$char_traits@D@std@@V?$allocator@D@2@@std@@@12@@Z 0040f6b0 f i eqmap.obj
 0001:0000e720       ??$get@H@?$basic_ptree@V?$basic_string@DU?$char_traits@D@std@@V?$allocator@D@2@@std@@V12@U?$less@V?$basic_string@DU?$char_traits@D@std@@V?$allocator@D@2@@std@@@2@@property_tree@boost@@QBEHABV?$string_path@V?$basic_string@DU?$char_traits@D@std@@V?$allocator@D@2@@std@@U?$id_translator@V?$basic_string@DU?$char_traits@D@std@@V?$allocator@D@2@@std@@@property_tree@boost@@@12@ABH@Z 0040f720 f i eqmap.obj
 0001:0000e770       ??$get@_N@?$basic_ptree@V?$basic_string@DU?$char_traits@D@std@@V?$allocator@D@2@@std@@V12@U?$less@V?$basic_string@DU?$char_traits@D@std@@V?$allocator@D@2@@std@@@2@@property_tree@boost@@QBE_NABV?$string_path@V?$basic_string@DU?$char_traits@D@std@@V?$allocator@D@2@@std@@U?$id_translator@V?$basic_string@DU?$char_traits@D@std@@V?$allocator@D@2@@std@@@property_tree@boost@@@12@AB_N@Z 0040f770 f i eqmap.obj
 0001:0000e7a0       ??$get@V?$basic_string@DU?$char_traits@D@std@@V?$allocator@D@2@@std@@@?$basic_ptree@V?$basic_string@DU?$char_traits@D@std@@V?$allocator@D@2@@std@@V12@U?$less@V?$basic_string@DU?$char_traits@D@std@@V?$allocator@D@2@@std@@@2@@property_tree@boost@@QBE?AV?$basic_string@DU?$char_traits@D@std@@V?$allocator@D@2@@std@@ABV?$string_path@V?$basic_string@DU?$char_traits@D@std@@V?$allocator@D@2@@std@@U?$id_translator@V?$basic_string@DU?$char_traits@D@std@@V?$allocator@D@2@@std@@@property_tree@boost@@@12@ABV34@@Z 0040f7a0 f i eqmap.obj
 0001:0000e850       ??$get@M@?$basic_ptree@V?$basic_string@DU?$char_traits@D@std@@V?$allocator@D@2@@std@@V12@U?$less@V?$basic_string@DU?$char_traits@D@std@@V?$allocator@D@2@@std@@@2@@property_tree@boost@@QBEMABV?$string_path@V?$basic_string@DU?$char_traits@D@std@@V?$allocator@D@2@@std@@U?$id_translator@V?$basic_string@DU?$char_traits@D@std@@V?$allocator@D@2@@std@@@property_tree@boost@@@12@ABM@Z 0040f850 f i eqmap.obj
 0001:0000e8a0       ??$use_facet@V?$numpunct@D@std@@@std@@YAABV?$numpunct@D@0@ABVlocale@0@@Z 0040f8a0 f i eqmap.obj
 0001:0000e990       ??$use_facet@V?$codecvt@DDH@std@@@std@@YAABV?$codecvt@DDH@0@ABVlocale@0@@Z 0040f990 f i eqmap.obj
 0001:0000ea80       ??$destroy@PAD@?$_Wrap_alloc@V?$allocator@D@std@@@std@@QAEXPAPAD@Z 0040fa80 f i eqmap.obj
 0001:0000ea90       ?_Getcat@?$numpunct@D@std@@SAIPAPBVfacet@locale@2@PBV42@@Z 0040fa90 f i eqmap.obj
 0001:0000eb70       ??0?$multi_index_container@U?$pair@$$CBV?$basic_string@DU?$char_traits@D@std@@V?$allocator@D@2@@std@@V?$basic_ptree@V?$basic_string@DU?$char_traits@D@std@@V?$allocator@D@2@@std@@V12@U?$less@V?$basic_string@DU?$char_traits@D@std@@V?$allocator@D@2@@std@@@2@@property_tree@boost@@@std@@U?$indexed_by@U?$sequenced@U?$tag@Una@mpl@boost@@U123@U123@U123@U123@U123@U123@U123@U123@U123@U123@U123@U123@U123@U123@U123@U123@U123@U123@U123@@multi_index@boost@@@multi_index@boost@@U?$ordered_non_unique@U?$tag@Uby_name@subs@?$basic_ptree@V?$basic_string@DU?$char_traits@D@std@@V?$allocator@D@2@@std@@V12@U?$less@V?$basic_string@DU?$char_traits@D@std@@V?$allocator@D@2@@std@@@2@@property_tree@boost@@Una@mpl@5@U675@U675@U675@U675@U675@U675@U675@U675@U675@U675@U675@U675@U675@U675@U675@U675@U675@U675@@multi_index@boost@@U?$member@U?$pair@$$CBV?$basic_string@DU?$char_traits@D@std@@V?$allocator@D@2@@std@@V?$basic_ptree@V?$basic_string@DU?$char_traits@D@std@@V?$allocator@D@2@@std@@V12@U?$less@V?$basic_string@DU?$char_traits@D@std@@V?$allocator@D@2@@std@@@2@@property_tree@boost@@@std@@$$CBV?$basic_string@DU?$char_traits@D@std@@V?$allocator@D@2@@2@$0A@@23@U?$less@V?$basic_string@DU?$char_traits@D@std@@V?$allocator@D@2@@std@@@std@@@23@Una@mpl@3@U563@U563@U563@U563@U563@U563@U563@U563@U563@U563@U563@U563@U563@U563@U563@U563@U563@@multi_index@boost@@V?$allocator@U?$pair@$$CBV?$basic_string@DU?$char_traits@D@std@@V?$allocator@D@2@@std@@V?$basic_ptree@V?$basic_string@DU?$char_traits@D@std@@V?$allocator@D@2@@std@@V12@U?$less@V?$basic_string@DU?$char_traits@D@std@@V?$allocator@D@2@@std@@@2@@property_tree@boost@@@std@@@2@@multi_index@boost@@QAE@ABU?$cons@Unull_type@tuples@boost@@U?$cons@V?$tuple@U?$member@U?$pair@$$CBV?$basic_string@DU?$char_traits@D@std@@V?$allocator@D@2@@std@@V?$basic_ptree@V?$basic_string@DU?$char_traits@D@std@@V?$allocator@D@2@@std@@V12@U?$less@V?$basic_string@DU?$char_traits@D@std@@V?$allocator@D@2@@std@@@2@@property_tree@boost@@@std@@$$CBV?$basic_string@DU?$char_traits@D@std@@V?$allocator@D@2@@2@$0A@@multi_index@boost@@U?$less@V?$basic_string@DU?$char_traits@D@std@@V?$allocator@D@2@@std@@@std@@Unull_type@tuples@3@U673@U673@U673@U673@U673@U673@U673@@tuples@boost@@Unull_type@23@@23@@tuples@2@ABV?$allocator@U?$pair@$$CBV?$basic_string@DU?$char_traits@D@std@@V?$allocator@D@2@@std@@V?$basic_ptree@V?$basic_string@DU?$char_traits@D@std@@V?$allocator@D@2@@std@@V12@U?$less@V?$basic_string@DU?$char_traits@D@std@@V?$allocator@D@2@@std@@@2@@property_tree@boost@@@std@@@std@@@Z 0040fb70 f i eqmap.obj
 0001:0000ec00       ??1?$optional@V?$basic_string@DU?$char_traits@D@std@@V?$allocator@D@2@@std@@@boost@@QAE@XZ 0040fc00 f i eqmap.obj
 0001:0000ec40       ?replace@?$basic_string@DU?$char_traits@D@std@@V?$allocator@D@2@@std@@QAEAAV12@IIPBDI@Z 0040fc40 f i eqmap.obj
 0001:0000ee20       ??1?$header_holder@PAU?$sequenced_index_node@U?$ordered_index_node@U?$index_node_base@U?$pair@$$CBV?$basic_string@DU?$char_traits@D@std@@V?$allocator@D@2@@std@@V?$basic_ptree@V?$basic_string@DU?$char_traits@D@std@@V?$allocator@D@2@@std@@V12@U?$less@V?$basic_string@DU?$char_traits@D@std@@V?$allocator@D@2@@std@@@2@@property_tree@boost@@@std@@V?$allocator@U?$pair@$$CBV?$basic_string@DU?$char_traits@D@std@@V?$allocator@D@2@@std@@V?$basic_ptree@V?$basic_string@DU?$char_traits@D@std@@V?$allocator@D@2@@std@@V12@U?$less@V?$basic_string@DU?$char_traits@D@std@@V?$allocator@D@2@@std@@@2@@property_tree@boost@@@std@@@2@@detail@multi_index@boost@@@detail@multi_index@boost@@@detail@multi_index@boost@@V?$multi_index_container@U?$pair@$$CBV?$basic_string@DU?$char_traits@D@std@@V?$allocator@D@2@@std@@V?$basic_ptree@V?$basic_string@DU?$char_traits@D@std@@V?$allocator@D@2@@std@@V12@U?$less@V?$basic_string@DU?$char_traits@D@std@@V?$allocator@D@2@@std@@@2@@property_tree@boost@@@std@@U?$indexed_by@U?$sequenced@U?$tag@Una@mpl@boost@@U123@U123@U123@U123@U123@U123@U123@U123@U123@U123@U123@U123@U123@U123@U123@U123@U123@U123@U123@@multi_index@boost@@@multi_index@boost@@U?$ordered_non_unique@U?$tag@Uby_name@subs@?$basic_ptree@V?$basic_string@DU?$char_traits@D@std@@V?$allocator@D@2@@std@@V12@U?$less@V?$basic_string@DU?$char_traits@D@std@@V?$allocator@D@2@@std@@@2@@property_tree@boost@@Una@mpl@5@U675@U675@U675@U675@U675@U675@U675@U675@U675@U675@U675@U675@U675@U675@U675@U675@U675@U675@@multi_index@boost@@U?$member@U?$pair@$$CBV?$basic_string@DU?$char_traits@D@std@@V?$allocator@D@2@@std@@V?$basic_ptree@V?$basic_string@DU?$char_traits@D@std@@V?$allocator@D@2@@std@@V12@U?$less@V?$basic_string@DU?$char_traits@D@std@@V?$allocator@D@2@@std@@@2@@property_tree@boost@@@std@@$$CBV?$basic_string@DU?$char_traits@D@std@@V?$allocator@D@2@@2@$0A@@23@U?$less@V?$basic_string@DU?$char_traits@D@std@@V?$allocator@D@2@@std@@@std@@@23@Una@mpl@3@U563@U563@U563@U563@U563@U563@U563@U563@U563@U563@U563@U563@U563@U563@U563@U563@U563@@multi_index@boost@@V?$allocator@U?$pair@$$CBV?$basic_string@DU?$char_traits@D@std@@V?$allocator@D@2@@std@@V?$basic_ptree@V?$basic_string@DU?$char_traits@D@std@@V?$allocator@D@2@@std@@V12@U?$less@V?$basic_string@DU?$char_traits@D@std@@V?$allocator@D@2@@std@@@2@@property_tree@boost@@@std@@@2@@34@@detail@multi_index@boost@@QAE@XZ 0040fe20 f i eqmap.obj
 0001:0000ee30       ?replace@?$basic_string@DU?$char_traits@D@std@@V?$allocator@D@2@@std@@QAEAAV12@IIABV12@II@Z 0040fe30 f i eqmap.obj
 0001:0000f180       ?_Init@?$numpunct@D@std@@IAEXABV_Locinfo@2@_N@Z 00410180 f i eqmap.obj
 0001:0000f2d0       ?delete_all_nodes_@?$sequenced_index@U?$nth_layer@$00U?$pair@$$CBV?$basic_string@DU?$char_traits@D@std@@V?$allocator@D@2@@std@@V?$basic_ptree@V?$basic_string@DU?$char_traits@D@std@@V?$allocator@D@2@@std@@V12@U?$less@V?$basic_string@DU?$char_traits@D@std@@V?$allocator@D@2@@std@@@2@@property_tree@boost@@@std@@U?$indexed_by@U?$sequenced@U?$tag@Una@mpl@boost@@U123@U123@U123@U123@U123@U123@U123@U123@U123@U123@U123@U123@U123@U123@U123@U123@U123@U123@U123@@multi_index@boost@@@multi_index@boost@@U?$ordered_non_unique@U?$tag@Uby_name@subs@?$basic_ptree@V?$basic_string@DU?$char_traits@D@std@@V?$allocator@D@2@@std@@V12@U?$less@V?$basic_string@DU?$char_traits@D@std@@V?$allocator@D@2@@std@@@2@@property_tree@boost@@Una@mpl@5@U675@U675@U675@U675@U675@U675@U675@U675@U675@U675@U675@U675@U675@U675@U675@U675@U675@U675@@multi_index@boost@@U?$member@U?$pair@$$CBV?$basic_string@DU?$char_traits@D@std@@V?$allocator@D@2@@std@@V?$basic_ptree@V?$basic_string@DU?$char_traits@D@std@@V?$allocator@D@2@@std@@V12@U?$less@V?$basic_string@DU?$char_traits@D@std@@V?$allocator@D@2@@std@@@2@@property_tree@boost@@@std@@$$CBV?$basic_string@DU?$char_traits@D@std@@V?$allocator@D@2@@2@$0A@@23@U?$less@V?$basic_string@DU?$char_traits@D@std@@V?$allocator@D@2@@std@@@std@@@23@Una@mpl@3@U563@U563@U563@U563@U563@U563@U563@U563@U563@U563@U563@U563@U563@U563@U563@U563@U563@@multi_index@boost@@V?$allocator@U?$pair@$$CBV?$basic_string@DU?$char_traits@D@std@@V?$allocator@D@2@@std@@V?$basic_ptree@V?$basic_string@DU?$char_traits@D@std@@V?$allocator@D@2@@std@@V12@U?$less@V?$basic_string@DU?$char_traits@D@std@@V?$allocator@D@2@@std@@@2@@property_tree@boost@@@std@@@2@@detail@multi_index@boost@@U?$vector0@Una@mpl@boost@@@mpl@4@@detail@multi_index@boost@@IAEXXZ 004102d0 f i eqmap.obj
 0001:0000f3a0       ?header@?$sequenced_index@U?$nth_layer@$00U?$pair@$$CBV?$basic_string@DU?$char_traits@D@std@@V?$allocator@D@2@@std@@V?$basic_ptree@V?$basic_string@DU?$char_traits@D@std@@V?$allocator@D@2@@std@@V12@U?$less@V?$basic_string@DU?$char_traits@D@std@@V?$allocator@D@2@@std@@@2@@property_tree@boost@@@std@@U?$indexed_by@U?$sequenced@U?$tag@Una@mpl@boost@@U123@U123@U123@U123@U123@U123@U123@U123@U123@U123@U123@U123@U123@U123@U123@U123@U123@U123@U123@@multi_index@boost@@@multi_index@boost@@U?$ordered_non_unique@U?$tag@Uby_name@subs@?$basic_ptree@V?$basic_string@DU?$char_traits@D@std@@V?$allocator@D@2@@std@@V12@U?$less@V?$basic_string@DU?$char_traits@D@std@@V?$allocator@D@2@@std@@@2@@property_tree@boost@@Una@mpl@5@U675@U675@U675@U675@U675@U675@U675@U675@U675@U675@U675@U675@U675@U675@U675@U675@U675@U675@@multi_index@boost@@U?$member@U?$pair@$$CBV?$basic_string@DU?$char_traits@D@std@@V?$allocator@D@2@@std@@V?$basic_ptree@V?$basic_string@DU?$char_traits@D@std@@V?$allocator@D@2@@std@@V12@U?$less@V?$basic_string@DU?$char_traits@D@std@@V?$allocator@D@2@@std@@@2@@property_tree@boost@@@std@@$$CBV?$basic_string@DU?$char_traits@D@std@@V?$allocator@D@2@@2@$0A@@23@U?$less@V?$basic_string@DU?$char_traits@D@std@@V?$allocator@D@2@@std@@@std@@@23@Una@mpl@3@U563@U563@U563@U563@U563@U563@U563@U563@U563@U563@U563@U563@U563@U563@U563@U563@U563@@multi_index@boost@@V?$allocator@U?$pair@$$CBV?$basic_string@DU?$char_traits@D@std@@V?$allocator@D@2@@std@@V?$basic_ptree@V?$basic_string@DU?$char_traits@D@std@@V?$allocator@D@2@@std@@V12@U?$less@V?$basic_string@DU?$char_traits@D@std@@V?$allocator@D@2@@std@@@2@@property_tree@boost@@@std@@@2@@detail@multi_index@boost@@U?$vector0@Una@mpl@boost@@@mpl@4@@detail@multi_index@boost@@ABEPAU?$sequenced_index_node@U?$ordered_index_node@U?$index_node_base@U?$pair@$$CBV?$basic_string@DU?$char_traits@D@std@@V?$allocator@D@2@@std@@V?$basic_ptree@V?$basic_string@DU?$char_traits@D@std@@V?$allocator@D@2@@std@@V12@U?$less@V?$basic_string@DU?$char_traits@D@std@@V?$allocator@D@2@@std@@@2@@property_tree@boost@@@std@@V?$allocator@U?$pair@$$CBV?$basic_string@DU?$char_traits@D@std@@V?$allocator@D@2@@std@@V?$basic_ptree@V?$basic_string@DU?$char_traits@D@std@@V?$allocator@D@2@@std@@V12@U?$less@V?$basic_string@DU?$char_traits@D@std@@V?$allocator@D@2@@std@@@2@@property_tree@boost@@@std@@@2@@detail@multi_index@boost@@@detail@multi_index@boost@@@234@XZ 004103a0 f i eqmap.obj
 0001:0000f3b0       ?empty_initialize@?$ordered_index@U?$member@U?$pair@$$CBV?$basic_string@DU?$char_traits@D@std@@V?$allocator@D@2@@std@@V?$basic_ptree@V?$basic_string@DU?$char_traits@D@std@@V?$allocator@D@2@@std@@V12@U?$less@V?$basic_string@DU?$char_traits@D@std@@V?$allocator@D@2@@std@@@2@@property_tree@boost@@@std@@$$CBV?$basic_string@DU?$char_traits@D@std@@V?$allocator@D@2@@2@$0A@@multi_index@boost@@U?$less@V?$basic_string@DU?$char_traits@D@std@@V?$allocator@D@2@@std@@@std@@U?$nth_layer@$01U?$pair@$$CBV?$basic_string@DU?$char_traits@D@std@@V?$allocator@D@2@@std@@V?$basic_ptree@V?$basic_string@DU?$char_traits@D@std@@V?$allocator@D@2@@std@@V12@U?$less@V?$basic_string@DU?$char_traits@D@std@@V?$allocator@D@2@@std@@@2@@property_tree@boost@@@std@@U?$indexed_by@U?$sequenced@U?$tag@Una@mpl@boost@@U123@U123@U123@U123@U123@U123@U123@U123@U123@U123@U123@U123@U123@U123@U123@U123@U123@U123@U123@@multi_index@boost@@@multi_index@boost@@U?$ordered_non_unique@U?$tag@Uby_name@subs@?$basic_ptree@V?$basic_string@DU?$char_traits@D@std@@V?$allocator@D@2@@std@@V12@U?$less@V?$basic_string@DU?$char_traits@D@std@@V?$allocator@D@2@@std@@@2@@property_tree@boost@@Una@mpl@5@U675@U675@U675@U675@U675@U675@U675@U675@U675@U675@U675@U675@U675@U675@U675@U675@U675@U675@@multi_index@boost@@U?$member@U?$pair@$$CBV?$basic_string@DU?$char_traits@D@std@@V?$allocator@D@2@@std@@V?$basic_ptree@V?$basic_string@DU?$char_traits@D@std@@V?$allocator@D@2@@std@@V12@U?$less@V?$basic_string@DU?$char_traits@D@std@@V?$allocator@D@2@@std@@@2@@property_tree@boost@@@std@@$$CBV?$basic_string@DU?$char_traits@D@std@@V?$allocator@D@2@@2@$0A@@23@U?$less@V?$basic_string@DU?$char_traits@D@std@@V?$allocator@D@2@@std@@@std@@@23@Una@mpl@3@U563@U563@U563@U563@U563@U563@U563@U563@U563@U563@U563@U563@U563@U563@U563@U563@U563@@multi_index@boost@@V?$allocator@U?$pair@$$CBV?$basic_string@DU?$char_traits@D@std@@V?$allocator@D@2@@std@@V?$basic_ptree@V?$basic_string@DU?$char_traits@D@std@@V?$allocator@D@2@@std@@V12@U?$less@V?$basic_string@DU?$char_traits@D@std@@V?$allocator@D@2@@std@@@2@@property_tree@boost@@@std@@@2@@detail@23@U?$vector1@Uby_name@subs@?$basic_ptree@V?$basic_string@DU?$char_traits@D@std@@V?$allocator@D@2@@std@@V12@U?$less@V?$basic_string@DU?$char_traits@D@std@@V?$allocator@D@2@@std@@@2@@property_tree@boost@@@mpl@3@Uordered_non_unique_tag@723@@detail@multi_index@boost@@AAEXXZ 004103b0 f i eqmap.obj
 0001:0000f430       ??$getline@DU?$char_traits@D@std@@V?$allocator@D@2@@std@@YAAAV?$basic_istream@DU?$char_traits@D@std@@@0@$$QAV10@AAV?$basic_string@DU?$char_traits@D@std@@V?$allocator@D@2@@0@D@Z 00410430 f i eqmap.obj
 0001:0000f5a0       ??$find_format_all@V?$basic_string@DU?$char_traits@D@std@@V?$allocator@D@2@@std@@U?$first_finderF@PBDUis_equal@algorithm@boost@@@detail@algorithm@boost@@U?$const_formatF@V?$iterator_range@PBD@boost@@@456@@algorithm@boost@@YAXAAV?$basic_string@DU?$char_traits@D@std@@V?$allocator@D@2@@std@@U?$first_finderF@PBDUis_equal@algorithm@boost@@@detail@01@U?$const_formatF@V?$iterator_range@PBD@boost@@@501@@Z 004105a0 f i eqmap.obj
 0001:0000f620       ??$token_finder@U?$is_any_ofF@D@detail@algorithm@boost@@@algorithm@boost@@YA?AU?$token_finderF@U?$is_any_ofF@D@detail@algorithm@boost@@@detail@01@U?$is_any_ofF@D@301@W4token_compress_mode_type@01@@Z 00410620 f i eqmap.obj
 0001:0000f770       ??$iter_split@V?$vector@V?$basic_string@DU?$char_traits@D@std@@V?$allocator@D@2@@std@@V?$allocator@V?$basic_string@DU?$char_traits@D@std@@V?$allocator@D@2@@std@@@2@@std@@V?$basic_string@DU?$char_traits@D@std@@V?$allocator@D@2@@2@U?$token_finderF@U?$is_any_ofF@D@detail@algorithm@boost@@@detail@algorithm@boost@@@algorithm@boost@@YAAAV?$vector@V?$basic_string@DU?$char_traits@D@std@@V?$allocator@D@2@@std@@V?$allocator@V?$basic_string@DU?$char_traits@D@std@@V?$allocator@D@2@@std@@@2@@std@@AAV23@AAV?$basic_string@DU?$char_traits@D@std@@V?$allocator@D@2@@3@U?$token_finderF@U?$is_any_ofF@D@detail@algorithm@boost@@@detail@01@@Z 00410770 f i eqmap.obj
 0001:0000f9c0       ??$remove_if@V?$_String_iterator@V?$_String_val@U?$_Simple_types@D@std@@@std@@@std@@U?$is_any_ofF@D@detail@algorithm@boost@@@std@@YA?AV?$_String_iterator@V?$_String_val@U?$_Simple_types@D@std@@@std@@@0@V10@0U?$is_any_ofF@D@detail@algorithm@boost@@@Z 004109c0 f i eqmap.obj
 0001:0000fac0       ??$_Sort@PAV?$basic_string@DU?$char_traits@D@std@@V?$allocator@D@2@@std@@H@std@@YAXPAV?$basic_string@DU?$char_traits@D@std@@V?$allocator@D@2@@0@0H@Z 00410ac0 f i eqmap.obj
 0001:0000fbf0       ??$transform_range_copy@V?$basic_string@DU?$char_traits@D@std@@V?$allocator@D@2@@std@@V12@U?$to_lowerF@D@detail@algorithm@boost@@@detail@algorithm@boost@@YA?AV?$basic_string@DU?$char_traits@D@std@@V?$allocator@D@2@@std@@ABV34@U?$to_lowerF@D@012@@Z 00410bf0 f i eqmap.obj
 0001:0000fc50       ??$find_format_all_copy@V?$basic_string@DU?$char_traits@D@std@@V?$allocator@D@2@@std@@U?$first_finderF@PBDUis_equal@algorithm@boost@@@detail@algorithm@boost@@U?$const_formatF@V?$iterator_range@PBD@boost@@@456@@algorithm@boost@@YA?AV?$basic_string@DU?$char_traits@D@std@@V?$allocator@D@2@@std@@ABV23@U?$first_finderF@PBDUis_equal@algorithm@boost@@@detail@01@U?$const_formatF@V?$iterator_range@PBD@boost@@@501@@Z 00410c50 f i eqmap.obj
 0001:0000fcc0       ??$throw_exception_@Vini_parser_error@ini_parser@property_tree@boost@@@exception_detail@boost@@YAXABVini_parser_error@ini_parser@property_tree@1@PBD1H@Z 00410cc0 f i eqmap.obj
 0001:0000fd20       ??$read_ini@V?$basic_ptree@V?$basic_string@DU?$char_traits@D@std@@V?$allocator@D@2@@std@@V12@U?$less@V?$basic_string@DU?$char_traits@D@std@@V?$allocator@D@2@@std@@@2@@property_tree@boost@@@ini_parser@property_tree@boost@@YAXAAV?$basic_istream@DU?$char_traits@D@std@@@std@@AAV?$basic_ptree@V?$basic_string@DU?$char_traits@D@std@@V?$allocator@D@2@@std@@V12@U?$less@V?$basic_string@DU?$char_traits@D@std@@V?$allocator@D@2@@std@@@2@@12@@Z 00410d20 f i eqmap.obj
 0001:00010820       ??$get_optional@H@?$basic_ptree@V?$basic_string@DU?$char_traits@D@std@@V?$allocator@D@2@@std@@V12@U?$less@V?$basic_string@DU?$char_traits@D@std@@V?$allocator@D@2@@std@@@2@@property_tree@boost@@QBE?AV?$optional@H@2@ABV?$string_path@V?$basic_string@DU?$char_traits@D@std@@V?$allocator@D@2@@std@@U?$id_translator@V?$basic_string@DU?$char_traits@D@std@@V?$allocator@D@2@@std@@@property_tree@boost@@@12@@Z 00411820 f i eqmap.obj
 0001:000108a0       ??$get_optional@_N@?$basic_ptree@V?$basic_string@DU?$char_traits@D@std@@V?$allocator@D@2@@std@@V12@U?$less@V?$basic_string@DU?$char_traits@D@std@@V?$allocator@D@2@@std@@@2@@property_tree@boost@@QBE?AV?$optional@_N@2@ABV?$string_path@V?$basic_string@DU?$char_traits@D@std@@V?$allocator@D@2@@std@@U?$id_translator@V?$basic_string@DU?$char_traits@D@std@@V?$allocator@D@2@@std@@@property_tree@boost@@@12@@Z 004118a0 f i eqmap.obj
 0001:00010920       ??$get_optional@V?$basic_string@DU?$char_traits@D@std@@V?$allocator@D@2@@std@@@?$basic_ptree@V?$basic_string@DU?$char_traits@D@std@@V?$allocator@D@2@@std@@V12@U?$less@V?$basic_string@DU?$char_traits@D@std@@V?$allocator@D@2@@std@@@2@@property_tree@boost@@QBE?AV?$optional@V?$basic_string@DU?$char_traits@D@std@@V?$allocator@D@2@@std@@@2@ABV?$string_path@V?$basic_string@DU?$char_traits@D@std@@V?$allocator@D@2@@std@@U?$id_translator@V?$basic_string@DU?$char_traits@D@std@@V?$allocator@D@2@@std@@@property_tree@boost@@@12@@Z 00411920 f i eqmap.obj
 0001:000109a0       ??$get_optional@M@?$basic_ptree@V?$basic_string@DU?$char_traits@D@std@@V?$allocator@D@2@@std@@V12@U?$less@V?$basic_string@DU?$char_traits@D@std@@V?$allocator@D@2@@std@@@2@@property_tree@boost@@QBE?AV?$optional@M@2@ABV?$string_path@V?$basic_string@DU?$char_traits@D@std@@V?$allocator@D@2@@std@@U?$id_translator@V?$basic_string@DU?$char_traits@D@std@@V?$allocator@D@2@@std@@@property_tree@boost@@@12@@Z 004119a0 f i eqmap.obj
 0001:00010a20       ??$_Destroy_range@U?$_Wrap_alloc@V?$allocator@Umap_point_t@@@std@@@std@@@std@@YAXPAUmap_point_t@@0AAU?$_Wrap_alloc@V?$allocator@Umap_point_t@@@std@@@0@U_Nonscalar_ptr_iterator_tag@0@@Z 00411a20 f i eqmap.obj
 0001:00010a60       ??$_Destroy_range@U?$_Wrap_alloc@V?$allocator@Uzone_info_t@@@std@@@std@@@std@@YAXPAUzone_info_t@@0AAU?$_Wrap_alloc@V?$allocator@Uzone_info_t@@@std@@@0@U_Nonscalar_ptr_iterator_tag@0@@Z 00411a60 f i eqmap.obj
 0001:00010ae0       ??1?$transform_iterator@U?$copy_iterator_rangeF@V?$basic_string@DU?$char_traits@D@std@@V?$allocator@D@2@@std@@V?$_String_iterator@V?$_String_val@U?$_Simple_types@D@std@@@std@@@2@@detail@algorithm@boost@@V?$split_iterator@V?$_String_iterator@V?$_String_val@U?$_Simple_types@D@std@@@std@@@std@@@34@Uuse_default@4@U64@@boost@@QAE@XZ 00411ae0 f i eqmap.obj
 0001:00010ae0       ??1?$split_iterator@V?$_String_iterator@V?$_String_val@U?$_Simple_types@D@std@@@std@@@std@@@algorithm@boost@@QAE@XZ 00411ae0 f i eqmap.obj
 0001:00010ae0       ??1?$find_iterator_base@V?$_String_iterator@V?$_String_val@U?$_Simple_types@D@std@@@std@@@std@@@detail@algorithm@boost@@IAE@XZ 00411ae0 f i eqmap.obj
 0001:00010b10       ??1?$pair@V?$basic_string@DU?$char_traits@D@std@@V?$allocator@D@2@@std@@V?$basic_ptree@V?$basic_string@DU?$char_traits@D@std@@V?$allocator@D@2@@std@@V12@U?$less@V?$basic_string@DU?$char_traits@D@std@@V?$allocator@D@2@@std@@@2@@property_tree@boost@@@std@@QAE@XZ 00411b10 f i eqmap.obj
 0001:00010bd0       ??1?$pair@$$CBV?$basic_string@DU?$char_traits@D@std@@V?$allocator@D@2@@std@@V?$basic_ptree@V?$basic_string@DU?$char_traits@D@std@@V?$allocator@D@2@@std@@V12@U?$less@V?$basic_string@DU?$char_traits@D@std@@V?$allocator@D@2@@std@@@2@@property_tree@boost@@@std@@QAE@XZ 00411bd0 f i eqmap.obj
 0001:00010c40       ??$construct@Umap_point_t@@AAU1@@?$allocator@Umap_point_t@@@std@@QAEXPAUmap_point_t@@AAU2@@Z 00411c40 f i eqmap.obj
 0001:00010c40       ?construct@?$allocator@Umap_point_t@@@std@@QAEXPAUmap_point_t@@ABU3@@Z 00411c40 f i eqmap.obj
 0001:00010ce0       ??0?$split_iterator@V?$_String_iterator@V?$_String_val@U?$_Simple_types@D@std@@@std@@@std@@@algorithm@boost@@QAE@ABV012@@Z 00411ce0 f i eqmap.obj
 0001:00010d60       ?lexical_cast_impl@?$lexical_cast_do_cast@MV?$basic_string@DU?$char_traits@D@std@@V?$allocator@D@2@@std@@@detail@boost@@SAMABV?$basic_string@DU?$char_traits@D@std@@V?$allocator@D@2@@std@@@Z 00411d60 f i eqmap.obj
 0001:00010df0       ?lexical_cast_impl@?$lexical_cast_do_cast@HV?$basic_string@DU?$char_traits@D@std@@V?$allocator@D@2@@std@@@detail@boost@@SAHABV?$basic_string@DU?$char_traits@D@std@@V?$allocator@D@2@@std@@@Z 00411df0 f i eqmap.obj
 0001:00010e90       ??1?$error_info_injector@Vini_parser_error@ini_parser@property_tree@boost@@@exception_detail@boost@@UAE@XZ 00411e90 f i eqmap.obj
 0001:00010ed0       ??1?$optional@ABV?$basic_ptree@V?$basic_string@DU?$char_traits@D@std@@V?$allocator@D@2@@std@@V12@U?$less@V?$basic_string@DU?$char_traits@D@std@@V?$allocator@D@2@@std@@@2@@property_tree@boost@@@boost@@QAE@XZ 00411ed0 f i eqmap.obj
 0001:00010ee0       ??_E?$error_info_injector@Vini_parser_error@ini_parser@property_tree@boost@@@exception_detail@boost@@UAEPAXI@Z 00411ee0 f i * CIL library *:* CIL module *
 0001:00010ee0       ??_G?$error_info_injector@Vini_parser_error@ini_parser@property_tree@boost@@@exception_detail@boost@@UAEPAXI@Z 00411ee0 f i eqmap.obj
 0001:00010f30       ??$?RV?$_String_iterator@V?$_String_val@U?$_Simple_types@D@std@@@std@@@std@@@?$first_finderF@PBDUis_equal@algorithm@boost@@@detail@algorithm@boost@@QBE?AV?$iterator_range@V?$_String_iterator@V?$_String_val@U?$_Simple_types@D@std@@@std@@@std@@@3@V?$_String_iterator@V?$_String_val@U?$_Simple_types@D@std@@@std@@@std@@0@Z 00411f30 f i eqmap.obj
 0001:00010f30       ??$?RV?$_String_const_iterator@V?$_String_val@U?$_Simple_types@D@std@@@std@@@std@@@?$first_finderF@PBDUis_equal@algorithm@boost@@@detail@algorithm@boost@@QBE?AV?$iterator_range@V?$_String_const_iterator@V?$_String_val@U?$_Simple_types@D@std@@@std@@@std@@@3@V?$_String_const_iterator@V?$_String_val@U?$_Simple_types@D@std@@@std@@@std@@0@Z 00411f30 f i eqmap.obj
 0001:00010fa0       ??$?0U?$token_finderF@U?$is_any_ofF@D@detail@algorithm@boost@@@detail@algorithm@boost@@@?$split_iterator@V?$_String_iterator@V?$_String_val@U?$_Simple_types@D@std@@@std@@@std@@@algorithm@boost@@QAE@V?$_String_iterator@V?$_String_val@U?$_Simple_types@D@std@@@std@@@std@@0U?$token_finderF@U?$is_any_ofF@D@detail@algorithm@boost@@@detail@12@@Z 00411fa0 f i eqmap.obj
 0001:00011070       ??$make_transform_iterator@U?$copy_iterator_rangeF@V?$basic_string@DU?$char_traits@D@std@@V?$allocator@D@2@@std@@V?$_String_iterator@V?$_String_val@U?$_Simple_types@D@std@@@std@@@2@@detail@algorithm@boost@@V?$split_iterator@V?$_String_iterator@V?$_String_val@U?$_Simple_types@D@std@@@std@@@std@@@34@@boost@@YA?AV?$transform_iterator@U?$copy_iterator_rangeF@V?$basic_string@DU?$char_traits@D@std@@V?$allocator@D@2@@std@@V?$_String_iterator@V?$_String_val@U?$_Simple_types@D@std@@@std@@@2@@detail@algorithm@boost@@V?$split_iterator@V?$_String_iterator@V?$_String_val@U?$_Simple_types@D@std@@@std@@@std@@@34@Uuse_default@4@U64@@0@V?$split_iterator@V?$_String_iterator@V?$_String_val@U?$_Simple_types@D@std@@@std@@@std@@@algorithm@0@U?$copy_iterator_rangeF@V?$basic_string@DU?$char_traits@D@std@@V?$allocator@D@2@@std@@V?$_String_iterator@V?$_String_val@U?$_Simple_types@D@std@@@std@@@2@@detail@30@@Z 00412070 f i eqmap.obj
 0001:000110f0       ??$?0V?$transform_iterator@U?$copy_iterator_rangeF@V?$basic_string@DU?$char_traits@D@std@@V?$allocator@D@2@@std@@V?$_String_iterator@V?$_String_val@U?$_Simple_types@D@std@@@std@@@2@@detail@algorithm@boost@@V?$split_iterator@V?$_String_iterator@V?$_String_val@U?$_Simple_types@D@std@@@std@@@std@@@34@Uuse_default@4@U64@@boost@@@?$vector@V?$basic_string@DU?$char_traits@D@std@@V?$allocator@D@2@@std@@V?$allocator@V?$basic_string@DU?$char_traits@D@std@@V?$allocator@D@2@@std@@@2@@std@@QAE@V?$transform_iterator@U?$copy_iterator_rangeF@V?$basic_string@DU?$char_traits@D@std@@V?$allocator@D@2@@std@@V?$_String_iterator@V?$_String_val@U?$_Simple_types@D@std@@@std@@@2@@detail@algorithm@boost@@V?$split_iterator@V?$_String_iterator@V?$_String_val@U?$_Simple_types@D@std@@@std@@@std@@@34@Uuse_default@4@U64@@boost@@0PAPAX@Z 004120f0 f i eqmap.obj
 0001:000111d0       ??$find_if@V?$_String_iterator@V?$_String_val@U?$_Simple_types@D@std@@@std@@@std@@U?$is_any_ofF@D@detail@algorithm@boost@@@std@@YA?AV?$_String_iterator@V?$_String_val@U?$_Simple_types@D@std@@@std@@@0@V10@0U?$is_any_ofF@D@detail@algorithm@boost@@@Z 004121d0 f i eqmap.obj
 0001:00011280       ??$_Remove_if@PADU?$is_any_ofF@D@detail@algorithm@boost@@@std@@YAPADPAD0U?$is_any_ofF@D@detail@algorithm@boost@@@Z 00412280 f i eqmap.obj
 0001:00011320       ??$_Unguarded_partition@PAV?$basic_string@DU?$char_traits@D@std@@V?$allocator@D@2@@std@@@std@@YA?AU?$pair@PAV?$basic_string@DU?$char_traits@D@std@@V?$allocator@D@2@@std@@PAV12@@0@PAV?$basic_string@DU?$char_traits@D@std@@V?$allocator@D@2@@0@0@Z 00412320 f i eqmap.obj
 0001:00011af0       ??$find_format_all_copy_impl@V?$basic_string@DU?$char_traits@D@std@@V?$allocator@D@2@@std@@U?$first_finderF@PBDUis_equal@algorithm@boost@@@detail@algorithm@boost@@U?$const_formatF@V?$iterator_range@PBD@boost@@@456@V?$iterator_range@V?$_String_const_iterator@V?$_String_val@U?$_Simple_types@D@std@@@std@@@std@@@6@@detail@algorithm@boost@@YA?AV?$basic_string@DU?$char_traits@D@std@@V?$allocator@D@2@@std@@ABV34@U?$first_finderF@PBDUis_equal@algorithm@boost@@@012@U?$const_formatF@V?$iterator_range@PBD@boost@@@012@ABV?$iterator_range@V?$_String_const_iterator@V?$_String_val@U?$_Simple_types@D@std@@@std@@@std@@@2@@Z 00412af0 f i eqmap.obj
 0001:00011b60       ??$enable_error_info@Vini_parser_error@ini_parser@property_tree@boost@@@boost@@YA?AU?$error_info_injector@Vini_parser_error@ini_parser@property_tree@boost@@@exception_detail@0@ABVini_parser_error@ini_parser@property_tree@0@@Z 00412b60 f i eqmap.obj
 0001:00011bb0       ??$throw_exception@U?$error_info_injector@Vini_parser_error@ini_parser@property_tree@boost@@@exception_detail@boost@@@boost@@YAXABU?$error_info_injector@Vini_parser_error@ini_parser@property_tree@boost@@@exception_detail@0@@Z 00412bb0 f i eqmap.obj
 0001:00011c10       ??0?$basic_ptree@V?$basic_string@DU?$char_traits@D@std@@V?$allocator@D@2@@std@@V12@U?$less@V?$basic_string@DU?$char_traits@D@std@@V?$allocator@D@2@@std@@@2@@property_tree@boost@@QAE@ABV?$basic_string@DU?$char_traits@D@std@@V?$allocator@D@2@@std@@@Z 00412c10 f i eqmap.obj
 0001:00011cc0       ?pop_back@?$basic_ptree@V?$basic_string@DU?$char_traits@D@std@@V?$allocator@D@2@@std@@V12@U?$less@V?$basic_string@DU?$char_traits@D@std@@V?$allocator@D@2@@std@@@2@@property_tree@boost@@QAEXXZ 00412cc0 f i eqmap.obj
 0001:00011d10       ?get_child_optional@?$basic_ptree@V?$basic_string@DU?$char_traits@D@std@@V?$allocator@D@2@@std@@V12@U?$less@V?$basic_string@DU?$char_traits@D@std@@V?$allocator@D@2@@std@@@2@@property_tree@boost@@QBE?AV?$optional@ABV?$basic_ptree@V?$basic_string@DU?$char_traits@D@std@@V?$allocator@D@2@@std@@V12@U?$less@V?$basic_string@DU?$char_traits@D@std@@V?$allocator@D@2@@std@@@2@@property_tree@boost@@@3@ABV?$string_path@V?$basic_string@DU?$char_traits@D@std@@V?$allocator@D@2@@std@@U?$id_translator@V?$basic_string@DU?$char_traits@D@std@@V?$allocator@D@2@@std@@@property_tree@boost@@@23@@Z 00412d10 f i eqmap.obj
 0001:00011df0       ??$trim@D@detail@property_tree@boost@@YA?AV?$basic_string@DU?$char_traits@D@std@@V?$allocator@D@2@@std@@ABV34@ABVlocale@4@@Z 00412df0 f i eqmap.obj
 0001:00011f10       ??$make_pair@AAV?$basic_string@DU?$char_traits@D@std@@V?$allocator@D@2@@std@@V?$basic_ptree@V?$basic_string@DU?$char_traits@D@std@@V?$allocator@D@2@@std@@V12@U?$less@V?$basic_string@DU?$char_traits@D@std@@V?$allocator@D@2@@std@@@2@@property_tree@boost@@@std@@YA?AU?$pair@V?$basic_string@DU?$char_traits@D@std@@V?$allocator@D@2@@std@@V?$basic_ptree@V?$basic_string@DU?$char_traits@D@std@@V?$allocator@D@2@@std@@V12@U?$less@V?$basic_string@DU?$char_traits@D@std@@V?$allocator@D@2@@std@@@2@@property_tree@boost@@@0@AAV?$basic_string@DU?$char_traits@D@std@@V?$allocator@D@2@@0@$$QAV?$basic_ptree@V?$basic_string@DU?$char_traits@D@std@@V?$allocator@D@2@@std@@V12@U?$less@V?$basic_string@DU?$char_traits@D@std@@V?$allocator@D@2@@std@@@2@@property_tree@boost@@@Z 00412f10 f i eqmap.obj
 0001:00011fa0       ??$?0V?$basic_string@DU?$char_traits@D@std@@V?$allocator@D@2@@std@@V?$basic_ptree@V?$basic_string@DU?$char_traits@D@std@@V?$allocator@D@2@@std@@V12@U?$less@V?$basic_string@DU?$char_traits@D@std@@V?$allocator@D@2@@std@@@2@@property_tree@boost@@@?$pair@$$CBV?$basic_string@DU?$char_traits@D@std@@V?$allocator@D@2@@std@@V?$basic_ptree@V?$basic_string@DU?$char_traits@D@std@@V?$allocator@D@2@@std@@V12@U?$less@V?$basic_string@DU?$char_traits@D@std@@V?$allocator@D@2@@std@@@2@@property_tree@boost@@@std@@QAE@$$QAU?$pair@V?$basic_string@DU?$char_traits@D@std@@V?$allocator@D@2@@std@@V?$basic_ptree@V?$basic_string@DU?$char_traits@D@std@@V?$allocator@D@2@@std@@V12@U?$less@V?$basic_string@DU?$char_traits@D@std@@V?$allocator@D@2@@std@@@2@@property_tree@boost@@@1@PAPAX@Z 00412fa0 f i eqmap.obj
 0001:00011fa0       ??$?0V?$basic_string@DU?$char_traits@D@std@@V?$allocator@D@2@@std@@V?$basic_ptree@V?$basic_string@DU?$char_traits@D@std@@V?$allocator@D@2@@std@@V12@U?$less@V?$basic_string@DU?$char_traits@D@std@@V?$allocator@D@2@@std@@@2@@property_tree@boost@@@?$pair@V?$basic_string@DU?$char_traits@D@std@@V?$allocator@D@2@@std@@V?$basic_ptree@V?$basic_string@DU?$char_traits@D@std@@V?$allocator@D@2@@std@@V12@U?$less@V?$basic_string@DU?$char_traits@D@std@@V?$allocator@D@2@@std@@@2@@property_tree@boost@@@std@@QAE@$$QAU01@PAPAX@Z 00412fa0 f i eqmap.obj
 0001:000120a0       ??$get_value_optional@H@?$basic_ptree@V?$basic_string@DU?$char_traits@D@std@@V?$allocator@D@2@@std@@V12@U?$less@V?$basic_string@DU?$char_traits@D@std@@V?$allocator@D@2@@std@@@2@@property_tree@boost@@QBE?AV?$optional@H@2@XZ 004130a0 f i eqmap.obj
 0001:00012150       ??$get_value_optional@_N@?$basic_ptree@V?$basic_string@DU?$char_traits@D@std@@V?$allocator@D@2@@std@@V12@U?$less@V?$basic_string@DU?$char_traits@D@std@@V?$allocator@D@2@@std@@@2@@property_tree@boost@@QBE?AV?$optional@_N@2@XZ 00413150 f i eqmap.obj
 0001:00012200       ??$get_value_optional@V?$basic_string@DU?$char_traits@D@std@@V?$allocator@D@2@@std@@@?$basic_ptree@V?$basic_string@DU?$char_traits@D@std@@V?$allocator@D@2@@std@@V12@U?$less@V?$basic_string@DU?$char_traits@D@std@@V?$allocator@D@2@@std@@@2@@property_tree@boost@@QBE?AV?$optional@V?$basic_string@DU?$char_traits@D@std@@V?$allocator@D@2@@std@@@2@XZ 00413200 f i eqmap.obj
 0001:00012230       ??$get_value_optional@M@?$basic_ptree@V?$basic_string@DU?$char_traits@D@std@@V?$allocator@D@2@@std@@V12@U?$less@V?$basic_string@DU?$char_traits@D@std@@V?$allocator@D@2@@std@@@2@@property_tree@boost@@QBE?AV?$optional@M@2@XZ 00413230 f i eqmap.obj
 0001:000122e0       ??$destroy@Umap_point_t@@@?$_Wrap_alloc@V?$allocator@Umap_point_t@@@std@@@std@@QAEXPAUmap_point_t@@@Z 004132e0 f i eqmap.obj
 0001:00012310       ??$_Uninit_move@PAUmap_line_t@@PAU1@V?$allocator@Umap_line_t@@@std@@U1@@std@@YAPAUmap_line_t@@PAU1@00AAU?$_Wrap_alloc@V?$allocator@Umap_line_t@@@std@@@0@0U_Nonscalar_ptr_iterator_tag@0@@Z 00413310 f i eqmap.obj
 0001:00012360       ??$_Uninit_move@PAUmap_point_t@@PAU1@V?$allocator@Umap_point_t@@@std@@U1@@std@@YAPAUmap_point_t@@PAU1@00AAU?$_Wrap_alloc@V?$allocator@Umap_point_t@@@std@@@0@0U_Nonscalar_ptr_iterator_tag@0@@Z 00413360 f i eqmap.obj
 0001:00012450       ??$_Uninit_move@PAUzone_info_t@@PAU1@V?$allocator@Uzone_info_t@@@std@@U1@@std@@YAPAUzone_info_t@@PAU1@00AAU?$_Wrap_alloc@V?$allocator@Uzone_info_t@@@std@@@0@0U_Nonscalar_ptr_iterator_tag@0@@Z 00413450 f i eqmap.obj
 0001:00012560       ??$_Uninit_move@PAV?$basic_string@DU?$char_traits@D@std@@V?$allocator@D@2@@std@@PAV12@V?$allocator@V?$basic_string@DU?$char_traits@D@std@@V?$allocator@D@2@@std@@@2@V12@@std@@YAPAV?$basic_string@DU?$char_traits@D@std@@V?$allocator@D@2@@0@PAV10@00AAU?$_Wrap_alloc@V?$allocator@V?$basic_string@DU?$char_traits@D@std@@V?$allocator@D@2@@std@@@std@@@0@0U_Nonscalar_ptr_iterator_tag@0@@Z 00413560 f i eqmap.obj
 0001:000125f0       ??$?RV?$_String_iterator@V?$_String_val@U?$_Simple_types@D@std@@@std@@@std@@@?$token_finderF@U?$is_any_ofF@D@detail@algorithm@boost@@@detail@algorithm@boost@@QBE?AV?$iterator_range@V?$_String_iterator@V?$_String_val@U?$_Simple_types@D@std@@@std@@@std@@@3@V?$_String_iterator@V?$_String_val@U?$_Simple_types@D@std@@@std@@@std@@0@Z 004135f0 f i eqmap.obj
 0001:000126d0       ??$throw_exception@Vbad_lexical_cast@boost@@@boost@@YAXABVbad_lexical_cast@0@@Z 004136d0 f i eqmap.obj
 0001:00012720       ??$shr_signed@H@?$lexical_stream_limited_src@DU?$char_traits@D@std@@$0A@@detail@boost@@AAE_NAAH@Z 00413720 f i eqmap.obj
 0001:000127d0       ??$lcast_ret_float@U?$char_traits@D@std@@MD@detail@boost@@YA_NAAMPBD1@Z 004137d0 f i eqmap.obj
 0001:00012e10       ??_D?$clone_impl@U?$error_info_injector@Vini_parser_error@ini_parser@property_tree@boost@@@exception_detail@boost@@@exception_detail@boost@@QAEXXZ 00413e10 f i eqmap.obj
 0001:00012e80       ??0?$clone_impl@U?$error_info_injector@Vini_parser_error@ini_parser@property_tree@boost@@@exception_detail@boost@@@exception_detail@boost@@QAE@ABV012@@Z 00413e80 f i eqmap.obj
 0001:00012f60       ??0?$error_info_injector@Vini_parser_error@ini_parser@property_tree@boost@@@exception_detail@boost@@QAE@ABU012@@Z 00413f60 f i eqmap.obj
 0001:00013000       ??0ini_parser_error@ini_parser@property_tree@boost@@QAE@ABV0123@@Z 00414000 f i eqmap.obj
 0001:00013020       ??0file_parser_error@property_tree@boost@@QAE@ABV012@@Z 00414020 f i eqmap.obj
 0001:000130d0       ??0ptree_error@property_tree@boost@@QAE@ABV012@@Z 004140d0 f i eqmap.obj
 0001:000130f0       ??0exception@boost@@QAE@ABV01@@Z 004140f0 f i eqmap.obj
 0001:00013130       ??0clone_base@exception_detail@boost@@QAE@ABV012@@Z 00414130 f i eqmap.obj
 0001:00013140       ??_D?$clone_impl@U?$error_info_injector@Vbad_lexical_cast@boost@@@exception_detail@boost@@@exception_detail@boost@@QAEXXZ 00414140 f i eqmap.obj
 0001:00013160       ??0?$clone_impl@U?$error_info_injector@Vbad_lexical_cast@boost@@@exception_detail@boost@@@exception_detail@boost@@QAE@ABV012@@Z 00414160 f i eqmap.obj
 0001:00013240       ??0?$error_info_injector@Vbad_lexical_cast@boost@@@exception_detail@boost@@QAE@ABU012@@Z 00414240 f i eqmap.obj
 0001:000132e0       ??0bad_lexical_cast@boost@@QAE@ABV01@@Z 004142e0 f i eqmap.obj
 0001:00013310       ??_G?$clone_impl@U?$error_info_injector@Vini_parser_error@ini_parser@property_tree@boost@@@exception_detail@boost@@@exception_detail@boost@@UAEPAXI@Z 00414310 f i eqmap.obj
 0001:00013310       ??_E?$clone_impl@U?$error_info_injector@Vini_parser_error@ini_parser@property_tree@boost@@@exception_detail@boost@@@exception_detail@boost@@UAEPAXI@Z 00414310 f i * CIL library *:* CIL module *
 0001:00013340       ??_E?$clone_impl@U?$error_info_injector@Vbad_lexical_cast@boost@@@exception_detail@boost@@@exception_detail@boost@@UAEPAXI@Z 00414340 f i * CIL library *:* CIL module *
 0001:00013340       ??_G?$clone_impl@U?$error_info_injector@Vbad_lexical_cast@boost@@@exception_detail@boost@@@exception_detail@boost@@UAEPAXI@Z 00414340 f i eqmap.obj
 0001:00013370       ??_E?$error_info_injector@Vbad_lexical_cast@boost@@@exception_detail@boost@@UAEPAXI@Z 00414370 f i * CIL library *:* CIL module *
 0001:00013370       ??_G?$error_info_injector@Vbad_lexical_cast@boost@@@exception_detail@boost@@UAEPAXI@Z 00414370 f i eqmap.obj
 0001:000133d0       ?erase@?$vector@V?$basic_string@DU?$char_traits@D@std@@V?$allocator@D@2@@std@@V?$allocator@V?$basic_string@DU?$char_traits@D@std@@V?$allocator@D@2@@std@@@2@@std@@QAE?AV?$_Vector_iterator@V?$_Vector_val@U?$_Simple_types@V?$basic_string@DU?$char_traits@D@std@@V?$allocator@D@2@@std@@@std@@@std@@@2@V?$_Vector_const_iterator@V?$_Vector_val@U?$_Simple_types@V?$basic_string@DU?$char_traits@D@std@@V?$allocator@D@2@@std@@@std@@@std@@@2@0@Z 004143d0 f i eqmap.obj
 0001:00013440       ?increment@?$split_iterator@V?$_String_iterator@V?$_String_val@U?$_Simple_types@D@std@@@std@@@std@@@algorithm@boost@@AAEXXZ 00414440 f i eqmap.obj
 0001:000134a0       ?clone@?$clone_impl@U?$error_info_injector@Vini_parser_error@ini_parser@property_tree@boost@@@exception_detail@boost@@@exception_detail@boost@@EBEPBVclone_base@23@XZ 004144a0 f i eqmap.obj
 0001:00013530       ?rethrow@?$clone_impl@U?$error_info_injector@Vini_parser_error@ini_parser@property_tree@boost@@@exception_detail@boost@@@exception_detail@boost@@EBEXXZ 00414530 f i eqmap.obj
 0001:00013570       ??1?$error_info_injector@Vbad_lexical_cast@boost@@@exception_detail@boost@@UAE@XZ 00414570 f i eqmap.obj
 0001:000135b0       ??1?$clone_impl@U?$error_info_injector@Vbad_lexical_cast@boost@@@exception_detail@boost@@@exception_detail@boost@@UAE@XZ 004145b0 f i eqmap.obj
 0001:00013610       ?clone@?$clone_impl@U?$error_info_injector@Vbad_lexical_cast@boost@@@exception_detail@boost@@@exception_detail@boost@@EBEPBVclone_base@23@XZ 00414610 f i eqmap.obj
 0001:000136a0       ?rethrow@?$clone_impl@U?$error_info_injector@Vbad_lexical_cast@boost@@@exception_detail@boost@@@exception_detail@boost@@EBEXXZ 004146a0 f i eqmap.obj
 0001:000136d0       ?insert@?$sequenced_index@U?$nth_layer@$00U?$pair@$$CBV?$basic_string@DU?$char_traits@D@std@@V?$allocator@D@2@@std@@V?$basic_ptree@V?$basic_string@DU?$char_traits@D@std@@V?$allocator@D@2@@std@@V12@U?$less@V?$basic_string@DU?$char_traits@D@std@@V?$allocator@D@2@@std@@@2@@property_tree@boost@@@std@@U?$indexed_by@U?$sequenced@U?$tag@Una@mpl@boost@@U123@U123@U123@U123@U123@U123@U123@U123@U123@U123@U123@U123@U123@U123@U123@U123@U123@U123@U123@@multi_index@boost@@@multi_index@boost@@U?$ordered_non_unique@U?$tag@Uby_name@subs@?$basic_ptree@V?$basic_string@DU?$char_traits@D@std@@V?$allocator@D@2@@std@@V12@U?$less@V?$basic_string@DU?$char_traits@D@std@@V?$allocator@D@2@@std@@@2@@property_tree@boost@@Una@mpl@5@U675@U675@U675@U675@U675@U675@U675@U675@U675@U675@U675@U675@U675@U675@U675@U675@U675@U675@@multi_index@boost@@U?$member@U?$pair@$$CBV?$basic_string@DU?$char_traits@D@std@@V?$allocator@D@2@@std@@V?$basic_ptree@V?$basic_string@DU?$char_traits@D@std@@V?$allocator@D@2@@std@@V12@U?$less@V?$basic_string@DU?$char_traits@D@std@@V?$allocator@D@2@@std@@@2@@property_tree@boost@@@std@@$$CBV?$basic_string@DU?$char_traits@D@std@@V?$allocator@D@2@@2@$0A@@23@U?$less@V?$basic_string@DU?$char_traits@D@std@@V?$allocator@D@2@@std@@@std@@@23@Una@mpl@3@U563@U563@U563@U563@U563@U563@U563@U563@U563@U563@U563@U563@U563@U563@U563@U563@U563@@multi_index@boost@@V?$allocator@U?$pair@$$CBV?$basic_string@DU?$char_traits@D@std@@V?$allocator@D@2@@std@@V?$basic_ptree@V?$basic_string@DU?$char_traits@D@std@@V?$allocator@D@2@@std@@V12@U?$less@V?$basic_string@DU?$char_traits@D@std@@V?$allocator@D@2@@std@@@2@@property_tree@boost@@@std@@@2@@detail@multi_index@boost@@U?$vector0@Una@mpl@boost@@@mpl@4@@detail@multi_index@boost@@QAE?AU?$pair@V?$bidir_node_iterator@U?$sequenced_index_node@U?$ordered_index_node@U?$index_node_base@U?$pair@$$CBV?$basic_string@DU?$char_traits@D@std@@V?$allocator@D@2@@std@@V?$basic_ptree@V?$basic_string@DU?$char_traits@D@std@@V?$allocator@D@2@@std@@V12@U?$less@V?$basic_string@DU?$char_traits@D@std@@V?$allocator@D@2@@std@@@2@@property_tree@boost@@@std@@V?$allocator@U?$pair@$$CBV?$basic_string@DU?$char_traits@D@std@@V?$allocator@D@2@@std@@V?$basic_ptree@V?$basic_string@DU?$char_traits@D@std@@V?$allocator@D@2@@std@@V12@U?$less@V?$basic_string@DU?$char_traits@D@std@@V?$allocator@D@2@@std@@@2@@property_tree@boost@@@std@@@2@@detail@multi_index@boost@@@detail@multi_index@boost@@@detail@multi_index@boost@@@detail@multi_index@boost@@_N@std@@V?$bidir_node_iterator@U?$sequenced_index_node@U?$ordered_index_node@U?$index_node_base@U?$pair@$$CBV?$basic_string@DU?$char_traits@D@std@@V?$allocator@D@2@@std@@V?$basic_ptree@V?$basic_string@DU?$char_traits@D@std@@V?$allocator@D@2@@std@@V12@U?$less@V?$basic_string@DU?$char_traits@D@std@@V?$allocator@D@2@@std@@@2@@property_tree@boost@@@std@@V?$allocator@U?$pair@$$CBV?$basic_string@DU?$char_traits@D@std@@V?$allocator@D@2@@std@@V?$basic_ptree@V?$basic_string@DU?$char_traits@D@std@@V?$allocator@D@2@@std@@V12@U?$less@V?$basic_string@DU?$char_traits@D@std@@V?$allocator@D@2@@std@@@2@@property_tree@boost@@@std@@@2@@detail@multi_index@boost@@@detail@multi_index@boost@@@detail@multi_index@boost@@@234@ABU?$pair@$$CBV?$basic_string@DU?$char_traits@D@std@@V?$allocator@D@2@@std@@V?$basic_ptree@V?$basic_string@DU?$char_traits@D@std@@V?$allocator@D@2@@std@@V12@U?$less@V?$basic_string@DU?$char_traits@D@std@@V?$allocator@D@2@@std@@@2@@property_tree@boost@@@6@@Z 004146d0 f i eqmap.obj
[...]
 0002:00007344       __unwindtable$??$?6DU?$char_traits@D@std@@V?$allocator@D@1@@std@@YAAAV?$basic_ostream@DU?$char_traits@D@std@@@0@AAV10@ABV?$basic_string@DU?$char_traits@D@std@@V?$allocator@D@2@@0@@Z 00437344     * CIL library *:* CIL module *
 0002:00007364       __ehfuncinfo$??$?6U?$char_traits@D@std@@@std@@YAAAV?$basic_ostream@DU?$char_traits@D@std@@@0@AAV10@PBD@Z 00437364     * CIL library *:* CIL module *
 0002:00007364       __ehfuncinfo$??$?6U?$char_traits@D@std@@@std@@YAAAV?$basic_ostream@DU?$char_traits@D@std@@@0@AAV10@D@Z 00437364     * CIL library *:* CIL module *
 0002:00007388       __unwindtable$??$?6U?$char_traits@D@std@@@std@@YAAAV?$basic_ostream@DU?$char_traits@D@std@@@0@AAV10@PBD@Z 00437388     * CIL library *:* CIL module *
 0002:00007388       __unwindtable$??$?6U?$char_traits@D@std@@@std@@YAAAV?$basic_ostream@DU?$char_traits@D@std@@@0@AAV10@D@Z 00437388     * CIL library *:* CIL module *
 0002:000073a8       __ehfuncinfo$??$use_facet@V?$codecvt@DDH@std@@@std@@YAABV?$codecvt@DDH@0@ABVlocale@0@@Z 004373a8     * CIL library *:* CIL module *
 0002:000073a8       __ehfuncinfo$??$use_facet@V?$ctype@D@std@@@std@@YAABV?$ctype@D@0@ABVlocale@0@@Z 004373a8     * CIL library *:* CIL module *
 0002:000073cc       __unwindtable$??$use_facet@V?$codecvt@DDH@std@@@std@@YAABV?$codecvt@DDH@0@ABVlocale@0@@Z 004373cc     * CIL library *:* CIL module *
 0002:000073cc       __unwindtable$??$use_facet@V?$ctype@D@std@@@std@@YAABV?$ctype@D@0@ABVlocale@0@@Z 004373cc     * CIL library *:* CIL module *
 0002:000073d4       __ehfuncinfo$?_Copy@?$basic_string@DU?$char_traits@D@std@@V?$allocator@D@2@@std@@QAEXII@Z 004373d4     * CIL library *:* CIL module *
 0002:000073f8       __unwindtable$?_Copy@?$basic_string@DU?$char_traits@D@std@@V?$allocator@D@2@@std@@QAEXII@Z 004373f8     * CIL library *:* CIL module *
 0002:00007418       __tryblocktable$?_Copy@?$basic_string@DU?$char_traits@D@std@@V?$allocator@D@2@@std@@QAEXII@Z 00437418     * CIL library *:* CIL module *
 0002:00007440       __catchsym$?_Copy@?$basic_string@DU?$char_traits@D@std@@V?$allocator@D@2@@std@@QAEXII@Z$4 00437440     * CIL library *:* CIL module *
 0002:00007450       __catchsym$?_Copy@?$basic_string@DU?$char_traits@D@std@@V?$allocator@D@2@@std@@QAEXII@Z$5 00437450     * CIL library *:* CIL module *
 0002:00007460       __ehfuncinfo$?_Reallocate@?$vector@Uzone_info_t@@V?$allocator@Uzone_info_t@@@std@@@std@@IAEXI@Z 00437460     * CIL library *:* CIL module *
 0002:00007484       __unwindtable$?_Reallocate@?$vector@Uzone_info_t@@V?$allocator@Uzone_info_t@@@std@@@std@@IAEXI@Z 00437484     * CIL library *:* CIL module *
 0002:00007494       __tryblocktable$?_Reallocate@?$vector@Uzone_info_t@@V?$allocator@Uzone_info_t@@@std@@@std@@IAEXI@Z 00437494     * CIL library *:* CIL module *
 0002:000074a8       __catchsym$?_Reallocate@?$vector@Uzone_info_t@@V?$allocator@Uzone_info_t@@@std@@@std@@IAEXI@Z$2 004374a8     * CIL library *:* CIL module *
 0002:000074b8       __ehfuncinfo$?_Reallocate@?$vector@Umap_point_t@@V?$allocator@Umap_point_t@@@std@@@std@@IAEXI@Z 004374b8     * CIL library *:* CIL module *
 0002:000074dc       __unwindtable$?_Reallocate@?$vector@Umap_point_t@@V?$allocator@Umap_point_t@@@std@@@std@@IAEXI@Z 004374dc     * CIL library *:* CIL module *
 0002:000074ec       __tryblocktable$?_Reallocate@?$vector@Umap_point_t@@V?$allocator@Umap_point_t@@@std@@@std@@IAEXI@Z 004374ec     * CIL library *:* CIL module *
 0002:00007500       __catchsym$?_Reallocate@?$vector@Umap_point_t@@V?$allocator@Umap_point_t@@@std@@@std@@IAEXI@Z$2 00437500     * CIL library *:* CIL module *
 0002:00007510       __ehfuncinfo$?_Endwrite@?$basic_filebuf@DU?$char_traits@D@std@@@std@@IAE_NXZ 00437510     * CIL library *:* CIL module *
 0002:00007534       __unwindtable$?_Endwrite@?$basic_filebuf@DU?$char_traits@D@std@@@std@@IAE_NXZ 00437534     * CIL library *:* CIL module *
 0002:0000753c       __ehfuncinfo$?open@?$basic_filebuf@DU?$char_traits@D@std@@@std@@QAEPAV12@PBDHH@Z 0043753c     * CIL library *:* CIL module *
 0002:00007560       __unwindtable$?open@?$basic_filebuf@DU?$char_traits@D@std@@@std@@QAEPAV12@PBDHH@Z 00437560     * CIL library *:* CIL module *
 0002:00007568       __ehfuncinfo$?uflow@?$basic_filebuf@DU?$char_traits@D@std@@@std@@MAEHXZ 00437568     * CIL library *:* CIL module *
 0002:00007568       __ehfuncinfo$?overflow@?$basic_filebuf@DU?$char_traits@D@std@@@std@@MAEHH@Z 00437568     * CIL library *:* CIL module *
 0002:0000758c       __unwindtable$?overflow@?$basic_filebuf@DU?$char_traits@D@std@@@std@@MAEHH@Z 0043758c     * CIL library *:* CIL module *
 0002:0000758c       __unwindtable$?uflow@?$basic_filebuf@DU?$char_traits@D@std@@@std@@MAEHXZ 0043758c     * CIL library *:* CIL module *
 0002:00007594       __ehfuncinfo$??0?$basic_ifstream@DU?$char_traits@D@std@@@std@@QAE@PBDHH@Z 00437594     * CIL library *:* CIL module *
 0002:000075b8       __unwindtable$??0?$basic_ifstream@DU?$char_traits@D@std@@@std@@QAE@PBDHH@Z 004375b8     * CIL library *:* CIL module *
 0002:000075d8       __ehfuncinfo$?push_back@?$vector@Uzone_info_t@@V?$allocator@Uzone_info_t@@@std@@@std@@QAEXABUzone_info_t@@@Z 004375d8     * CIL library *:* CIL module *
 0002:000075d8       __ehfuncinfo$?push_back@?$vector@V?$basic_string@DU?$char_traits@D@std@@V?$allocator@D@2@@std@@V?$allocator@V?$basic_string@DU?$char_traits@D@std@@V?$allocator@D@2@@std@@@2@@std@@QAEXABV?$basic_string@DU?$char_traits@D@std@@V?$allocator@D@2@@2@@Z 004375d8     * CIL library *:* CIL module *
 0002:000075fc       __unwindtable$?push_back@?$vector@V?$basic_string@DU?$char_traits@D@std@@V?$allocator@D@2@@std@@V?$allocator@V?$basic_string@DU?$char_traits@D@std@@V?$allocator@D@2@@std@@@2@@std@@QAEXABV?$basic_string@DU?$char_traits@D@std@@V?$allocator@D@2@@2@@Z 004375fc     * CIL library *:* CIL module *
 0002:000075fc       __unwindtable$?push_back@?$vector@Uzone_info_t@@V?$allocator@Uzone_info_t@@@std@@@std@@QAEXABUzone_info_t@@@Z 004375fc     * CIL library *:* CIL module *
 0002:0000760c       __ehfuncinfo$??0?$basic_stringstream@DU?$char_traits@D@std@@V?$allocator@D@2@@std@@QAE@H@Z 0043760c     * CIL library *:* CIL module *
 0002:00007630       __unwindtable$??0?$basic_stringstream@DU?$char_traits@D@std@@V?$allocator@D@2@@std@@QAE@H@Z 00437630     * CIL library *:* CIL module *
 0002:00007648       __ehfuncinfo$_main         00437648     * CIL library *:* CIL module *
 0002:0000766c       __unwindtable$_main        0043766c     * CIL library *:* CIL module *
 0002:0000768c       __ehfuncinfo$?window_proc_hook@@YGJPAUHWND__@@IIJ@Z 0043768c     * CIL library *:* CIL module *
 0002:000076b0       __unwindtable$?window_proc_hook@@YGJPAUHWND__@@IIJ@Z 004376b0     * CIL library *:* CIL module *
 0002:000076e0       __ehfuncinfo$?map_load_config@@YAXXZ 004376e0     * CIL library *:* CIL module *
 0002:00007708       __unwindtable$?map_load_config@@YAXXZ 00437708     * CIL library *:* CIL module *
 0002:00007898       __ehfuncinfo$??0zone_info_t@@QAE@ABU0@@Z 00437898     * CIL library *:* CIL module *
 0002:000078bc       __unwindtable$??0zone_info_t@@QAE@ABU0@@Z 004378bc     * CIL library *:* CIL module *
 0002:000078d0       __ehfuncinfo$?bar_zones_create@@YAXXZ 004378d0     * CIL library *:* CIL module *
 0002:000078f8       __unwindtable$?bar_zones_create@@YAXXZ 004378f8     * CIL library *:* CIL module *
 0002:000079a0       __ehfuncinfo$?bar_zones_button_zone_name@@YGXPAX@Z 004379a0     * CIL library *:* CIL module *
 0002:000079c4       __unwindtable$?bar_zones_button_zone_name@@YGXPAX@Z 004379c4     * CIL library *:* CIL module *
 0002:000079d0       __ehfuncinfo$?render@@YAXXZ 004379d0     * CIL library *:* CIL module *
 0002:000079f8       __unwindtable$?render@@YAXXZ 004379f8     * CIL library *:* CIL module *
 0002:00007b98       __ehfuncinfo$?error_callback@@YAXHPBD@Z 00437b98     * CIL library *:* CIL module *
 0002:00007bbc       __unwindtable$?error_callback@@YAXHPBD@Z 00437bbc     * CIL library *:* CIL module *
 0002:00007bc8       __ehfuncinfo$?parse_zone_info@@YAXXZ 00437bc8     * CIL library *:* CIL module *
 0002:00007bf0       __unwindtable$?parse_zone_info@@YAXXZ 00437bf0     * CIL library *:* CIL module *
 0002:00007c30       __ehfuncinfo$?map_load_zone@@YAXV?$basic_string@DU?$char_traits@D@std@@V?$allocator@D@2@@std@@@Z 00437c30     * CIL library *:* CIL module *
 0002:00007c58       __unwindtable$?map_load_zone@@YAXV?$basic_string@DU?$char_traits@D@std@@V?$allocator@D@2@@std@@@Z 00437c58     * CIL library *:* CIL module *
 0002:00007cb0       __ehfuncinfo$?map_parse_file@@YAXV?$basic_string@DU?$char_traits@D@std@@V?$allocator@D@2@@std@@H@Z 00437cb0     * CIL library *:* CIL module *
 0002:00007cd8       __unwindtable$?map_parse_file@@YAXV?$basic_string@DU?$char_traits@D@std@@V?$allocator@D@2@@std@@H@Z 00437cd8     * CIL library *:* CIL module *
 0002:00007e00       __ehfuncinfo$?window_save_screenshot@@YAXXZ 00437e00     * CIL library *:* CIL module *
 0002:00007e28       __unwindtable$?window_save_screenshot@@YAXXZ 00437e28     * CIL library *:* CIL module *
 0002:00007e70       __ehfuncinfo$?font_load@@YAXXZ 00437e70     * CIL library *:* CIL module *
 0002:00007e94       __unwindtable$?font_load@@YAXXZ 00437e94     * CIL library *:* CIL module *
 0002:00007ec4       __ehfuncinfo$?get_windows_font_file@@YA?AV?$basic_string@DU?$char_traits@D@std@@V?$allocator@D@2@@std@@V12@@Z 00437ec4     * CIL library *:* CIL module *
 0002:00007ee8       __unwindtable$?get_windows_font_file@@YA?AV?$basic_string@DU?$char_traits@D@std@@V?$allocator@D@2@@std@@V12@@Z 00437ee8     * CIL library *:* CIL module *
 0002:00007ef8       __ehfuncinfo$?draw_string_background@@YAXPAVFTFont@@HMMV?$basic_string@DU?$char_traits@D@std@@V?$allocator@D@2@@std@@@Z 00437ef8     * CIL library *:* CIL module *
 0002:00007f1c       __unwindtable$?draw_string_background@@YAXPAVFTFont@@HMMV?$basic_string@DU?$char_traits@D@std@@V?$allocator@D@2@@std@@@Z 00437f1c     * CIL library *:* CIL module *
 0002:00007f2c       __ehfuncinfo$?draw_string@@YAXPAVFTFont@@HMMV?$basic_string@DU?$char_traits@D@std@@V?$allocator@D@2@@std@@@Z 00437f2c     * CIL library *:* CIL module *
 0002:00007f50       __unwindtable$?draw_string@@YAXPAVFTFont@@HMMV?$basic_string@DU?$char_traits@D@std@@V?$allocator@D@2@@std@@@Z 00437f50     * CIL library *:* CIL module *
 0002:00007f58       __ehfuncinfo$?file_exists@@YA_NV?$basic_string@DU?$char_traits@D@std@@V?$allocator@D@2@@std@@@Z 00437f58     * CIL library *:* CIL module *
 0002:00007f7c       __unwindtable$?file_exists@@YA_NV?$basic_string@DU?$char_traits@D@std@@V?$allocator@D@2@@std@@@Z 00437f7c     * CIL library *:* CIL module *
 0002:00007f84       __ehfuncinfo$?format_what@file_parser_error@property_tree@boost@@CA?AV?$basic_string@DU?$char_traits@D@std@@V?$allocator@D@2@@std@@ABV45@0K@Z 00437f84     * CIL library *:* CIL module *
 0002:00007fa8       __unwindtable$?format_what@file_parser_error@property_tree@boost@@CA?AV?$basic_string@DU?$char_traits@D@std@@V?$allocator@D@2@@std@@ABV45@0K@Z 00437fa8     * CIL library *:* CIL module *
 0002:00007fb0       __ehfuncinfo$??0file_parser_error@property_tree@boost@@QAE@ABV?$basic_string@DU?$char_traits@D@std@@V?$allocator@D@2@@std@@0K@Z 00437fb0     * CIL library *:* CIL module *
 0002:00007fd4       __unwindtable$??0file_parser_error@property_tree@boost@@QAE@ABV?$basic_string@DU?$char_traits@D@std@@V?$allocator@D@2@@std@@0K@Z 00437fd4     * CIL library *:* CIL module *
 0002:00007ff4       __ehfuncinfo$?copy_boost_exception@exception_detail@boost@@YAXPAVexception@2@PBV32@@Z 00437ff4     * CIL library *:* CIL module *
 0002:00008018       __unwindtable$?copy_boost_exception@exception_detail@boost@@YAXPAVexception@2@PBV32@@Z 00438018     * CIL library *:* CIL module *
 0002:00008028       __ehfuncinfo$??8locale@std@@QBE_NABV01@@Z 00438028     * CIL library *:* CIL module *
 0002:0000804c       __unwindtable$??8locale@std@@QBE_NABV01@@Z 0043804c     * CIL library *:* CIL module *
 0002:0000805c       __ehfuncinfo$?name@locale@std@@QBE?AV?$basic_string@DU?$char_traits@D@std@@V?$allocator@D@2@@2@XZ 0043805c     * CIL library *:* CIL module *
 0002:00008080       __unwindtable$?name@locale@std@@QBE?AV?$basic_string@DU?$char_traits@D@std@@V?$allocator@D@2@@2@XZ 00438080     * CIL library *:* CIL module *
 0002:000086e4       .idata$6                   004386e4     opengl32:OPENGL32.dll
 0002:000088ac       .idata$6                   004388ac     glfw3dll:glfw3.dll
 0002:00008a1a       .idata$6                   00438a1a     AntTweakBar:AntTweakBar.dll
 0002:00008dc0       .idata$6                   00438dc0     ftgl:ftgl.dll
 0002:00008dfa       .idata$6                   00438dfa     kernel32:KERNEL32.dll
 0002:00008e9a       .idata$6                   00438e9a     user32:USER32.dll
 0002:00008eea       .idata$6                   00438eea     shell32:SHELL32.dll
 0002:0000a19c       .idata$6                   0043a19c     msvcprt:MSVCP110.dll
 0002:0000a4ac       .idata$6                   0043a4ac     MSVCRT:MSVCR110.dll
 0003:00000084       _has_ETC1_capability       0043b084     * CIL library *:* CIL module *
 0003:00000088       _has_PVR_capability        0043b088     * CIL library *:* CIL module *
 0003:0000008c       _has_tex_rectangle_capability 0043b08c     * CIL library *:* CIL module *
 0003:00000090       _has_BGRA8888_capability   0043b090     * CIL library *:* CIL module *
 0003:00000094       _has_NPOT_capability       0043b094     * CIL library *:* CIL module *
 0003:00000098       _has_gen_mipmap_capability 0043b098     * CIL library *:* CIL module *
 0003:000000a0       _has_DXT_capability        0043b0a0     * CIL library *:* CIL module *
 0003:000000a4       _has_cubemap_capability    0043b0a4     * CIL library *:* CIL module *
 0003:000000a8       _dist_extra                0043b0a8     * CIL library *:* CIL module *
 0003:00000128       _dist_base                 0043b128     * CIL library *:* CIL module *
 0003:000001a8       _length_extra              0043b1a8     * CIL library *:* CIL module *
 0003:00000224       _stbi_de_iphone_flag       0043b224     * CIL library *:* CIL module *
 0003:00000228       _bmask                     0043b228     * CIL library *:* CIL module *
 0003:0000026c       _stbi_stdio_callbacks      0043b26c     * CIL library *:* CIL module *
 0003:00000278       _length_base               0043b278     * CIL library *:* CIL module *
 0003:000002f4       _h2l_gamma_i               0043b2f4     * CIL library *:* CIL module *
 0003:000002f8       _first_row_filter          0043b2f8     * CIL library *:* CIL module *
 0003:00000300       _h2l_scale_i               0043b300     * CIL library *:* CIL module *
 0003:00000308       _dezigzag                  0043b308     * CIL library *:* CIL module *
 0003:000010bc       ?is_gl3@?1??isAtLeastGL3@@YAHXZ@4HA 0043c0bc     * CIL library *:* CIL module *
 0003:000010c0       ?invalid_chunk@?IB@??parse_png_file@@YAHPAUpng@@HH@Z@4PADA 0043c0c0     * CIL library *:* CIL module *
 0003:000010d8       ?length_dezigzag@?1??compute_huffman_codes@@YAHPAUzbuf@@@Z@4PAEA 0043c0d8     * CIL library *:* CIL module *
 0003:000010ec       ?png_sig@?1??check_png_header@@YAHPAUstbi@@@Z@4PAEA 0043c0ec     * CIL library *:* CIL module *
 0003:000010f4       ?mapping@?L@??stbi_write_png_to_mem@@YAPAEPAEHHHHPAH@Z@4PAHA 0043c0f4     * CIL library *:* CIL module *
 0003:00001108       ?firstmap@?L@??stbi_write_png_to_mem@@YAPAEPAEHHHHPAH@Z@4PAHA 0043c108     * CIL library *:* CIL module *
 0003:0000111c       ?lengthc@?1??stbi_zlib_compress@@YAPAEPAEHPAHH@Z@4PAGA 0043c11c     * CIL library *:* CIL module *
 0003:00001158       ?distc@?1??stbi_zlib_compress@@YAPAEPAEHPAHH@Z@4PAGA 0043c158     * CIL library *:* CIL module *
 0003:00001198       ?lengtheb@?1??stbi_zlib_compress@@YAPAEPAEHPAHH@Z@4PAEA 0043c198     * CIL library *:* CIL module *
 0003:000011b8       ?disteb@?1??stbi_zlib_compress@@YAPAEPAEHPAHH@Z@4PAEA 0043c1b8     * CIL library *:* CIL module *
 0003:000011f0       __Fac_head                 0043c1f0     msvcprt:locale0_implib.obj
 0003:000011f4       __Fac_tidy_reg             0043c1f4     msvcprt:locale0_implib.obj
 0003:000011f8       _mainret                   0043c1f8     MSVCRT:crtexe.obj
 0003:000011fc       _has_cctor                 0043c1fc     MSVCRT:crtexe.obj
 0003:00001200       _argc                      0043c200     MSVCRT:crtexe.obj
 0003:00001204       _argv                      0043c204     MSVCRT:crtexe.obj
 0003:00001208       _envp                      0043c208     MSVCRT:crtexe.obj
 0003:0000120c       _argret                    0043c20c     MSVCRT:crtexe.obj
 0003:00001210       _managedapp                0043c210     MSVCRT:crtexe.obj
 0003:00001214       _startinfo                 0043c214     MSVCRT:crtexe.obj
 0003:00001218       _GS_ExceptionRecord        0043c218     MSVCRT:gs_report.obj
 0003:00001268       _GS_ContextRecord          0043c268     MSVCRT:gs_report.obj
 0003:00001534       _DebuggerWasPresent        0043c534     MSVCRT:gs_report.obj
 0003:00001600       _soilGlGenerateMipmap      0043c600     * CIL library *:* CIL module *
 0003:00001604       _soilGlCompressedTexImage2D 0043c604     * CIL library *:* CIL module *
 0003:00001608       _soilGlGetStringiFunc      0043c608     * CIL library *:* CIL module *
 0003:00001610       _stbi_unpremultiply_on_load 0043c610     * CIL library *:* CIL module *
 0003:00001614       _DisableTwiddlingRoutine   0043c614     * CIL library *:* CIL module *
 0003:00001618       __8                        0043c618     * CIL library *:* CIL module *
 0003:00001619       __1                        0043c619     * CIL library *:* CIL module *
 0003:0000161a       __Tuple_alloc              0043c61a     * CIL library *:* CIL module *
 0003:0000161b       __5                        0043c61b     * CIL library *:* CIL module *
 0003:0000161c       __9                        0043c61c     * CIL library *:* CIL module *
 0003:0000161d       __4                        0043c61d     * CIL library *:* CIL module *
 0003:0000161e       _ordered_range             0043c61e     * CIL library *:* CIL module *
 0003:0000161f       __2                        0043c61f     * CIL library *:* CIL module *
 0003:00001638       __7                        0043c638     * CIL library *:* CIL module *
 0003:00001639       _ignore                    0043c639     * CIL library *:* CIL module *
 0003:0000163a       __3                        0043c63a     * CIL library *:* CIL module *
 0003:0000163b       _allocator_arg             0043c63b     * CIL library *:* CIL module *
 0003:00001654       _ordered_unique_range      0043c654     * CIL library *:* CIL module *
 0003:00001655       _piecewise_construct       0043c655     * CIL library *:* CIL module *
 0003:00001656       __6                        0043c656     * CIL library *:* CIL module *
 0003:00001678       _default_length            0043c678     * CIL library *:* CIL module *
 0003:00001798       _default_distance          0043c798     * CIL library *:* CIL module *
 0003:000017b8       _failure_reason            0043c7b8     * CIL library *:* CIL module *
 0003:000017bc       ?s_PrevKeyDownMod@?1??window_proc_hook@@YGJPAUHWND__@@IIJ@Z@4HA 0043c7bc     * CIL library *:* CIL module *
 0003:000017c0       ?mouse_wheel_pos@?1??scroll_callback@@YAXPAUGLFWwindow@@NN@Z@4HA 0043c7c0     * CIL library *:* CIL module *
 0003:000017c4       ?s_PrevKeyDown@?1??window_proc_hook@@YGJPAUHWND__@@IIJ@Z@4IA 0043c7c4     * CIL library *:* CIL module *
 0003:000017c8       ?s_PrevKeyDownHandled@?1??window_proc_hook@@YGJPAUHWND__@@IIJ@Z@4HA 0043c7c8     * CIL library *:* CIL module *
 0003:000017e8       ?crc_table@?1??stbi__crc32@@YAIPAEH@Z@4PAIA 0043c7e8     * CIL library *:* CIL module *
 0004:00000060       $R000000                   0043d060     * linker generated manifest res *
