 eqmap

 Timestamp is 527d97b3 (Fri Nov 08 20:02:27 2013)

 Preferred load address is 00400000

 Start         Length     Name                   Class
 0001:00000000 00028080H .text                   CODE
 0001:00028080 000023abH .text$x                 CODE
 0001:0002a430 000002a7H .text$yc                CODE
 0001:0002a6e0 00000645H .text$yd                CODE
 0002:00000000 0000046cH .idata$5                DATA
 0002:0000046c 00000004H .CRT$XCA                DATA
 0002:00000470 00000004H .CRT$XCAA               DATA
 0002:00000474 00000004H .CRT$XCL                DATA
 0002:00000478 0000005cH .CRT$XCU                DATA
 0002:000004d4 00000004H .CRT$XCZ                DATA
 0002:000004d8 00000004H .CRT$XIA                DATA
 0002:000004dc 00000004H .CRT$XIAA               DATA
 0002:000004e0 00000004H .CRT$XIC                DATA
 0002:000004e4 00000004H .CRT$XIY                DATA
 0002:000004e8 00000004H .CRT$XIZ                DATA
 0002:000004f0 00003dc8H .rdata                  DATA
 0002:000042b8 00000054H .rdata$debug            DATA
 0002:0000430c 00000f3cH .rdata$r                DATA
 0002:00005250 00000200H .rdata$sxdata           DATA
 0002:00005450 00000004H .rtc$IAA                DATA
 0002:00005454 00000004H .rtc$IZZ                DATA
 0002:00005458 00000004H .rtc$TAA                DATA
 0002:0000545c 00000004H .rtc$TZZ                DATA
 0002:00005460 000028b0H .xdata$x                DATA
 0002:00007d10 000000b4H .idata$2                DATA
 0002:00007dc4 00000014H .idata$3                DATA
 0002:00007dd8 0000046cH .idata$4                DATA
 0002:00008244 000020ecH .idata$6                DATA
 0002:0000a330 00000000H .edata                  DATA
 0003:00000000 000010f0H .data                   DATA
 0003:000010f0 00000604H .bss                    DATA
 0004:00000000 00000058H .rsrc$01                DATA
 0004:00000060 00000180H .rsrc$02                DATA

  Address         Publics by Value              Rva+Base       Lib:Object

 0000:00000000       __except_list              00000000     <absolute>
 0000:00000080       ___safe_se_handler_count   00000080     <absolute>
 0000:00009876       __fltused                  00009876     <absolute>
 0000:00009876       __ldused                   00009876     <absolute>
 0000:00000000       ___ImageBase               00400000     <linker-defined>
 0001:00000000       _fabsf                     00401000 f i eqmap.obj
 0001:00000020       ??3@YAXPAX0@Z              00401020 f i eqmap.obj
 0001:00000020       ??1?$_Deque_iterator@V?$_Deque_val@U?$_Deque_simple_types@D@std@@@std@@@std@@QAE@XZ 00401020 f i eqmap.obj
 0001:00000030       ?compare@?$char_traits@D@std@@SAHPBD0I@Z 00401030 f i eqmap.obj
 0001:00000090       ?copy@?$char_traits@D@std@@SAPADPADPBDI@Z 00401090 f i eqmap.obj
 0001:000000b0       ?move@?$char_traits@D@std@@SAPADPADPBDI@Z 004010b0 f i eqmap.obj
 0001:000000d0       ??_Gbad_function_call@boost@@UAEPAXI@Z 004010d0 f i eqmap.obj
 0001:000000d0       ??_Eruntime_error@std@@UAEPAXI@Z 004010d0 f i * CIL library *:* CIL module *
 0001:000000d0       ??_Gruntime_error@std@@UAEPAXI@Z 004010d0 f i eqmap.obj
 0001:000000d0       ??_Ebad_function_call@boost@@UAEPAXI@Z 004010d0 f i * CIL library *:* CIL module *
 0001:00000100       ??0runtime_error@std@@QAE@ABV01@@Z 00401100 f i eqmap.obj
 0001:00000120       ??1?$stream_translator@DU?$char_traits@D@std@@V?$allocator@D@2@H@property_tree@boost@@QAE@XZ 00401120 f i eqmap.obj
 0001:00000120       ??1?$stream_translator@DU?$char_traits@D@std@@V?$allocator@D@2@_N@property_tree@boost@@QAE@XZ 00401120 f i eqmap.obj
 0001:00000120       ??1?$stream_translator@DU?$char_traits@D@std@@V?$allocator@D@2@M@property_tree@boost@@QAE@XZ 00401120 f i eqmap.obj
 0001:00000120       ??1locale@std@@QAE@XZ      00401120 f i eqmap.obj
 0001:00000140       ?name@locale@std@@QBE?AV?$basic_string@DU?$char_traits@D@std@@V?$allocator@D@2@@2@XZ 00401140 f i eqmap.obj
 0001:000002a0       ??8locale@std@@QBE_NABV01@@Z 004012a0 f i eqmap.obj
 0001:00000430       ??_G_System_error_category@std@@UAEPAXI@Z 00401430 f i eqmap.obj
 0001:00000430       ??_G_Generic_error_category@std@@UAEPAXI@Z 00401430 f i eqmap.obj
 0001:00000430       ??_G_Iostream_error_category@std@@UAEPAXI@Z 00401430 f i eqmap.obj
 0001:00000430       ??_E_System_error_category@std@@UAEPAXI@Z 00401430 f i * CIL library *:* CIL module *
 0001:00000430       ??_Eerror_category@std@@UAEPAXI@Z 00401430 f i * CIL library *:* CIL module *
 0001:00000430       ??_Gerror_category@std@@UAEPAXI@Z 00401430 f i eqmap.obj
 0001:00000430       ??_E_Iostream_error_category@std@@UAEPAXI@Z 00401430 f i * CIL library *:* CIL module *
 0001:00000430       ??_E_Generic_error_category@std@@UAEPAXI@Z 00401430 f i * CIL library *:* CIL module *
 0001:00000460       ?default_error_condition@error_category@std@@UBE?AVerror_condition@2@H@Z 00401460 f i eqmap.obj
 0001:00000480       ?equivalent@error_category@std@@UBE_NHABVerror_condition@2@@Z 00401480 f i eqmap.obj
 0001:000004c0       ?equivalent@error_category@std@@UBE_NABVerror_code@2@H@Z 004014c0 f i eqmap.obj
 0001:000004e0       ?name@_Generic_error_category@std@@UBEPBDXZ 004014e0 f i eqmap.obj
 0001:000004f0       ?message@_Generic_error_category@std@@UBE?AV?$basic_string@DU?$char_traits@D@std@@V?$allocator@D@2@@2@H@Z 004014f0 f i eqmap.obj
 0001:00000570       ?name@_Iostream_error_category@std@@UBEPBDXZ 00401570 f i eqmap.obj
 0001:00000580       ?message@_Iostream_error_category@std@@UBE?AV?$basic_string@DU?$char_traits@D@std@@V?$allocator@D@2@@2@H@Z 00401580 f i eqmap.obj
 0001:000005d0       ?name@_System_error_category@std@@UBEPBDXZ 004015d0 f i eqmap.obj
 0001:000005e0       ?message@_System_error_category@std@@UBE?AV?$basic_string@DU?$char_traits@D@std@@V?$allocator@D@2@@2@H@Z 004015e0 f i eqmap.obj
 0001:00000660       ?default_error_condition@_System_error_category@std@@UBE?AVerror_condition@2@H@Z 00401660 f i eqmap.obj
 0001:000006a0       ?fixed@std@@YAAAVios_base@1@AAV21@@Z 004016a0 f i eqmap.obj
 0001:000006c0       ??1_Sentry_base@?$basic_istream@DU?$char_traits@D@std@@@std@@QAE@XZ 004016c0 f i eqmap.obj
 0001:000006c0       ??1sentry@?$basic_istream@DU?$char_traits@D@std@@@std@@QAE@XZ 004016c0 f i eqmap.obj
 0001:000006c0       ??1_Sentry_base@?$basic_ostream@DU?$char_traits@D@std@@@std@@QAE@XZ 004016c0 f i eqmap.obj
 0001:000006e0       ??1clone_base@exception_detail@boost@@UAE@XZ 004016e0 f i eqmap.obj
 0001:000006f0       ??_Eclone_base@exception_detail@boost@@UAEPAXI@Z 004016f0 f i * CIL library *:* CIL module *
 0001:000006f0       ??_Gclone_base@exception_detail@boost@@UAEPAXI@Z 004016f0 f i eqmap.obj
 0001:00000720       ?copy_boost_exception@exception_detail@boost@@YAXPAVexception@2@PBV32@@Z 00401720 f i eqmap.obj
 0001:00000800       ?what@bad_lexical_cast@boost@@UBEPBDXZ 00401800 f i eqmap.obj
 0001:00000810       ??1bad_lexical_cast@boost@@UAE@XZ 00401810 f i eqmap.obj
 0001:00000820       ??_Ebad_lexical_cast@boost@@UAEPAXI@Z 00401820 f i * CIL library *:* CIL module *
 0001:00000820       ??_Gbad_lexical_cast@boost@@UAEPAXI@Z 00401820 f i eqmap.obj
 0001:00000850       ??1bad_function_call@boost@@UAE@XZ 00401850 f i eqmap.obj
 0001:00000860       ??Bauto_any_base@foreach_detail_@boost@@QBE_NXZ 00401860 f i eqmap.obj
 0001:00000860       ?has_empty_target@function@detail@boost@@YA_NZZ 00401860 f i eqmap.obj
 0001:00000870       ??1placeholder@any@boost@@UAE@XZ 00401870 f i eqmap.obj
 0001:00000880       ??_Gplaceholder@any@boost@@UAEPAXI@Z 00401880 f i eqmap.obj
 0001:00000880       ??_Eplaceholder@any@boost@@UAEPAXI@Z 00401880 f i * CIL library *:* CIL module *
 0001:000008b0       ??_Gptree_error@property_tree@boost@@UAEPAXI@Z 004018b0 f i eqmap.obj
 0001:000008b0       ??_Eptree_error@property_tree@boost@@UAEPAXI@Z 004018b0 f i * CIL library *:* CIL module *
 0001:000008e0       ??1ptree_error@property_tree@boost@@UAE@XZ 004018e0 f i eqmap.obj
 0001:000008f0       ??1ptree_bad_path@property_tree@boost@@UAE@XZ 004018f0 f i eqmap.obj
 0001:00000920       ??_Gptree_bad_path@property_tree@boost@@UAEPAXI@Z 00401920 f i eqmap.obj
 0001:00000920       ??_Eptree_bad_path@property_tree@boost@@UAEPAXI@Z 00401920 f i * CIL library *:* CIL module *
 0001:00000960       ?dump_sequence@detail@property_tree@boost@@YA?AV?$basic_string@DU?$char_traits@D@std@@V?$allocator@D@2@@std@@ABV45@@Z 00401960 f i eqmap.obj
 0001:00000990       ??0file_parser_error@property_tree@boost@@QAE@ABV?$basic_string@DU?$char_traits@D@std@@V?$allocator@D@2@@std@@0K@Z 00401990 f i eqmap.obj
 0001:00000aa0       ??1file_parser_error@property_tree@boost@@UAE@XZ 00401aa0 f i eqmap.obj
 0001:00000b00       ?message@file_parser_error@property_tree@boost@@QBE?AV?$basic_string@DU?$char_traits@D@std@@V?$allocator@D@2@@std@@XZ 00401b00 f i eqmap.obj
 0001:00000b40       ?format_what@file_parser_error@property_tree@boost@@CA?AV?$basic_string@DU?$char_traits@D@std@@V?$allocator@D@2@@std@@ABV45@0K@Z 00401b40 f i eqmap.obj
 0001:00000c60       ??_Efile_parser_error@property_tree@boost@@UAEPAXI@Z 00401c60 f i * CIL library *:* CIL module *
 0001:00000c60       ??_Gfile_parser_error@property_tree@boost@@UAEPAXI@Z 00401c60 f i eqmap.obj
 0001:00000c60       ??_Gini_parser_error@ini_parser@property_tree@boost@@UAEPAXI@Z 00401c60 f i eqmap.obj
 0001:00000c60       ??_Eini_parser_error@ini_parser@property_tree@boost@@UAEPAXI@Z 00401c60 f i * CIL library *:* CIL module *
 0001:00000c90       ??_D?$basic_stringstream@DU?$char_traits@D@std@@V?$allocator@D@2@@std@@QAEXXZ 00401c90 f i eqmap.obj
 0001:00000cd0       ??1ini_parser_error@ini_parser@property_tree@boost@@UAE@XZ 00401cd0 f i eqmap.obj
 0001:00000ce0       ?set_false@foreach_detail_@boost@@YA_NAA_N@Z 00401ce0 f i eqmap.obj
 0001:00000cf0       ?file_exists@@YA_NV?$basic_string@DU?$char_traits@D@std@@V?$allocator@D@2@@std@@@Z 00401cf0 f   eqmap.obj
 0001:00000dd0       ??_D?$basic_ifstream@DU?$char_traits@D@std@@@std@@QAEXXZ 00401dd0 f i eqmap.obj
 0001:00000e10       ?string_contains@@YA_NV?$basic_string@DU?$char_traits@D@std@@V?$allocator@D@2@@std@@0@Z 00401e10 f   eqmap.obj
 0001:00000e70       ?get_bool_string@@YA?AV?$basic_string@DU?$char_traits@D@std@@V?$allocator@D@2@@std@@_N@Z 00401e70 f   eqmap.obj
 0001:00000ee0       ?message_box_show_error@@YAXV?$basic_string@DU?$char_traits@D@std@@V?$allocator@D@2@@std@@@Z 00401ee0 f   eqmap.obj
 0001:00000f20       ?get_font_height@@YAMPAVFTFont@@@Z 00401f20 f   eqmap.obj
 0001:00000f40       ?draw_string@@YAXPAVFTFont@@HMMV?$basic_string@DU?$char_traits@D@std@@V?$allocator@D@2@@std@@@Z 00401f40 f   eqmap.obj
 0001:00001030       ?draw_string_background@@YAXPAVFTFont@@HMMV?$basic_string@DU?$char_traits@D@std@@V?$allocator@D@2@@std@@@Z 00402030 f   eqmap.obj
 0001:000011e0       ?get_windows_font_file@@YA?AV?$basic_string@DU?$char_traits@D@std@@V?$allocator@D@2@@std@@V12@@Z 004021e0 f   eqmap.obj
 0001:00001300       ?font_load@@YAXXZ          00402300 f   eqmap.obj
 0001:00001710       ??_GFTBitmapFont@@UAEPAXI@Z 00402710 f i eqmap.obj
 0001:00001710       ??_EFTBitmapFont@@UAEPAXI@Z 00402710 f i * CIL library *:* CIL module *
 0001:00001740       ?window_load_background_texture@@YAXXZ 00402740 f   eqmap.obj
 0001:00001770       ?map_calculate_bounds@@YAXXZ 00402770 f   eqmap.obj
 0001:00001a50       ?map_parse_file@@YAXV?$basic_string@DU?$char_traits@D@std@@V?$allocator@D@2@@std@@H@Z 00402a50 f   eqmap.obj
 0001:00002600       ??1map_point_t@@QAE@XZ     00403600 f i eqmap.obj
 0001:00002630       ?map_load_zone@@YAXV?$basic_string@DU?$char_traits@D@std@@V?$allocator@D@2@@std@@@Z 00403630 f   eqmap.obj
 0001:00002fe0       ?parse_zone_info@@YAXXZ    00403fe0 f   eqmap.obj
 0001:000035f0       ??1zone_info_t@@QAE@XZ     004045f0 f i eqmap.obj
 0001:00003a60       ?viewport_and_ortho@@YAXXZ 00404a60 f   eqmap.obj
 0001:00003af0       ?window_size_callback@@YAXPAUGLFWwindow@@HH@Z 00404af0 f   eqmap.obj
 0001:00003b60       ?render@@YAXXZ             00404b60 f   eqmap.obj
 0001:00006700       ?init@@YAXXZ               00407700 f   eqmap.obj
 0001:00006750       ?done@@YAXXZ               00407750 f   eqmap.obj
 0001:000067b0       ?CopyStdStringToClient@@YGXAAV?$basic_string@DU?$char_traits@D@std@@V?$allocator@D@2@@std@@ABV12@@Z 004077b0 f   eqmap.obj
 0001:000067d0       ?bar_error_handler@@YGXPBD@Z 004077d0 f   eqmap.obj
 0001:00006810       ?bar_options_button_load_font@@YGXPAX@Z 00407810 f   eqmap.obj
 0001:00006820       ?bar_options_button_load_background_texture@@YGXPAX@Z 00407820 f   eqmap.obj
 0001:00006850       ?bar_options_button_load_zone@@YGXPAX@Z 00407850 f   eqmap.obj
 0001:00006890       ?bar_options_button_offset_up@@YGXPAX@Z 00407890 f   eqmap.obj
 0001:000068c0       ?bar_options_button_offset_down@@YGXPAX@Z 004078c0 f   eqmap.obj
 0001:000068f0       ?bar_options_button_offset_left@@YGXPAX@Z 004078f0 f   eqmap.obj
 0001:00006920       ?bar_options_button_offset_right@@YGXPAX@Z 00407920 f   eqmap.obj
 0001:00006950       ?bar_options_button_reset_height_filter@@YGXPAX@Z 00407950 f   eqmap.obj
 0001:00006960       ?bar_options_button_center_on_origin@@YGXPAX@Z 00407960 f   eqmap.obj
 0001:00006980       ?bar_options_button_zoom_to_fit@@YGXPAX@Z 00407980 f   eqmap.obj
 0001:000069a0       ?bar_options_button_reset_zoom_and_center_map@@YGXPAX@Z 004079a0 f   eqmap.obj
 0001:000069d0       ?bar_options_button_exit@@YGXPAX@Z 004079d0 f   eqmap.obj
 0001:000069f0       ?bar_zones_refresh@@YAXXZ  004079f0 f   eqmap.obj
 0001:00006a20       ?bar_zones_button_refresh_zones@@YGXPAX@Z 00407a20 f   eqmap.obj
 0001:00006a50       ?bar_zones_button_zone_name@@YGXPAX@Z 00407a50 f   eqmap.obj
 0001:00006b10       ?bar_zones_create@@YAXXZ   00407b10 f   eqmap.obj
 0001:00007080       ??0zone_info_t@@QAE@ABU0@@Z 00408080 f i eqmap.obj
 0001:00007130       ?bar_options_create@@YAXXZ 00408130 f   eqmap.obj
 0001:00007950       ?map_load_config@@YAXXZ    00408950 f   eqmap.obj
 0001:00008b00       ??1?$basic_string@DU?$char_traits@D@std@@V?$allocator@D@2@@std@@QAE@XZ 00409b00 f i eqmap.obj
 0001:00008b00       ??1?$string_path@V?$basic_string@DU?$char_traits@D@std@@V?$allocator@D@2@@std@@U?$id_translator@V?$basic_string@DU?$char_traits@D@std@@V?$allocator@D@2@@std@@@property_tree@boost@@@property_tree@boost@@QAE@XZ 00409b00 f i eqmap.obj
 0001:00008b30       ?window_proc_hook@@YGJPAUHWND__@@IIJ@Z 00409b30 f   eqmap.obj
 0001:000092e0       _main                      0040a2e0 f   eqmap.obj
 0001:00009790       ??0?$basic_string@DU?$char_traits@D@std@@V?$allocator@D@2@@std@@QAE@ABV01@@Z 0040a790 f i eqmap.obj
 0001:000097c0       ??0?$basic_string@DU?$char_traits@D@std@@V?$allocator@D@2@@std@@QAE@PBD@Z 0040a7c0 f i eqmap.obj
 0001:00009820       ??0?$basic_string@DU?$char_traits@D@std@@V?$allocator@D@2@@std@@QAE@$$QAV01@@Z 0040a820 f i eqmap.obj
 0001:00009890       ??4?$basic_string@DU?$char_traits@D@std@@V?$allocator@D@2@@std@@QAEAAV01@$$QAV01@@Z 0040a890 f i eqmap.obj
 0001:000098d0       ??4?$basic_string@DU?$char_traits@D@std@@V?$allocator@D@2@@std@@QAEAAV01@PBD@Z 0040a8d0 f i eqmap.obj
 0001:00009910       ?erase@?$basic_string@DU?$char_traits@D@std@@V?$allocator@D@2@@std@@QAE?AV?$_String_iterator@V?$_String_val@U?$_Simple_types@D@std@@@std@@@2@V?$_String_const_iterator@V?$_String_val@U?$_Simple_types@D@std@@@std@@@2@0@Z 0040a910 f i eqmap.obj
 0001:00009960       ?substr@?$basic_string@DU?$char_traits@D@std@@V?$allocator@D@2@@std@@QBE?AV12@II@Z 0040a960 f i eqmap.obj
 0001:000099a0       ?do_decimal_point@?$numpunct@D@std@@MBEDXZ 0040a9a0 f i eqmap.obj
 0001:000099b0       ?do_thousands_sep@?$numpunct@D@std@@MBEDXZ 0040a9b0 f i eqmap.obj
 0001:000099c0       ?do_grouping@?$numpunct@D@std@@MBE?AV?$basic_string@DU?$char_traits@D@std@@V?$allocator@D@2@@2@XZ 0040a9c0 f i eqmap.obj
 0001:00009a20       ?do_falsename@?$numpunct@D@std@@MBE?AV?$basic_string@DU?$char_traits@D@std@@V?$allocator@D@2@@2@XZ 0040aa20 f i eqmap.obj
 0001:00009a80       ?do_truename@?$numpunct@D@std@@MBE?AV?$basic_string@DU?$char_traits@D@std@@V?$allocator@D@2@@2@XZ 0040aa80 f i eqmap.obj
 0001:00009ae0       ??1?$refcount_ptr@Uerror_info_container@exception_detail@boost@@@exception_detail@boost@@QAE@XZ 0040aae0 f i eqmap.obj
 0001:00009b00       ??0?$basic_stringstream@DU?$char_traits@D@std@@V?$allocator@D@2@@std@@QAE@H@Z 0040ab00 f i eqmap.obj
 0001:00009bc0       ?str@?$basic_stringstream@DU?$char_traits@D@std@@V?$allocator@D@2@@std@@QBE?AV?$basic_string@DU?$char_traits@D@std@@V?$allocator@D@2@@2@XZ 0040abc0 f i eqmap.obj
 0001:00009be0       ?str@?$basic_stringstream@DU?$char_traits@D@std@@V?$allocator@D@2@@std@@QAEXABV?$basic_string@DU?$char_traits@D@std@@V?$allocator@D@2@@2@@Z 0040abe0 f i eqmap.obj
 0001:00009bf0       ??1?$basic_stringbuf@DU?$char_traits@D@std@@V?$allocator@D@2@@std@@UAE@XZ 0040abf0 f i eqmap.obj
 0001:00009c60       ?overflow@?$basic_stringbuf@DU?$char_traits@D@std@@V?$allocator@D@2@@std@@MAEHH@Z 0040ac60 f i eqmap.obj
 0001:00009e30       ?pbackfail@?$basic_stringbuf@DU?$char_traits@D@std@@V?$allocator@D@2@@std@@MAEHH@Z 0040ae30 f i eqmap.obj
 0001:00009e90       ?underflow@?$basic_stringbuf@DU?$char_traits@D@std@@V?$allocator@D@2@@std@@MAEHXZ 0040ae90 f i eqmap.obj
 0001:00009ef0       ?seekoff@?$basic_stringbuf@DU?$char_traits@D@std@@V?$allocator@D@2@@std@@MAE?AV?$fpos@H@2@_JHH@Z 0040aef0 f i eqmap.obj
 0001:0000a0c0       ?seekpos@?$basic_stringbuf@DU?$char_traits@D@std@@V?$allocator@D@2@@std@@MAE?AV?$fpos@H@2@V32@H@Z 0040b0c0 f i eqmap.obj
 0001:0000a1f0       ?push_back@?$vector@Umap_line_t@@V?$allocator@Umap_line_t@@@std@@@std@@QAEXABUmap_line_t@@@Z 0040b1f0 f i eqmap.obj
 0001:0000a2e0       ?push_back@?$vector@Umap_point_t@@V?$allocator@Umap_point_t@@@std@@@std@@QAEXABUmap_point_t@@@Z 0040b2e0 f i eqmap.obj
 0001:0000a380       ?push_back@?$vector@Uzone_info_t@@V?$allocator@Uzone_info_t@@@std@@@std@@QAEXABUzone_info_t@@@Z 0040b380 f i eqmap.obj
 0001:0000a450       ??0?$basic_ifstream@DU?$char_traits@D@std@@@std@@QAE@PBDHH@Z 0040b450 f i eqmap.obj
 0001:0000a550       ?close@?$basic_ifstream@DU?$char_traits@D@std@@@std@@QAEXXZ 0040b550 f i eqmap.obj
 0001:0000a5d0       ??1?$basic_filebuf@DU?$char_traits@D@std@@@std@@UAE@XZ 0040b5d0 f i eqmap.obj
 0001:0000a650       ?_Lock@?$basic_filebuf@DU?$char_traits@D@std@@@std@@UAEXXZ 0040b650 f i eqmap.obj
 0001:0000a660       ?_Unlock@?$basic_filebuf@DU?$char_traits@D@std@@@std@@UAEXXZ 0040b660 f i eqmap.obj
 0001:0000a670       ?overflow@?$basic_filebuf@DU?$char_traits@D@std@@@std@@MAEHH@Z 0040b670 f i eqmap.obj
 0001:0000a860       ?pbackfail@?$basic_filebuf@DU?$char_traits@D@std@@@std@@MAEHH@Z 0040b860 f i eqmap.obj
 0001:0000a8f0       ?underflow@?$basic_filebuf@DU?$char_traits@D@std@@@std@@MAEHXZ 0040b8f0 f i eqmap.obj
 0001:0000a930       ?uflow@?$basic_filebuf@DU?$char_traits@D@std@@@std@@MAEHXZ 0040b930 f i eqmap.obj
 0001:0000ab50       ?seekoff@?$basic_filebuf@DU?$char_traits@D@std@@@std@@MAE?AV?$fpos@H@2@_JHH@Z 0040bb50 f i eqmap.obj
 0001:0000ac60       ?seekpos@?$basic_filebuf@DU?$char_traits@D@std@@@std@@MAE?AV?$fpos@H@2@V32@H@Z 0040bc60 f i eqmap.obj
 0001:0000ad50       ?setbuf@?$basic_filebuf@DU?$char_traits@D@std@@@std@@MAEPAV?$basic_streambuf@DU?$char_traits@D@std@@@2@PAD_J@Z 0040bd50 f i eqmap.obj
 0001:0000ade0       ?sync@?$basic_filebuf@DU?$char_traits@D@std@@@std@@MAEHXZ 0040bde0 f i eqmap.obj
 0001:0000ae10       ?imbue@?$basic_filebuf@DU?$char_traits@D@std@@@std@@MAEXABVlocale@2@@Z 0040be10 f i eqmap.obj
 0001:0000ae50       ?push_back@?$vector@V?$basic_string@DU?$char_traits@D@std@@V?$allocator@D@2@@std@@V?$allocator@V?$basic_string@DU?$char_traits@D@std@@V?$allocator@D@2@@std@@@2@@std@@QAEX$$QAV?$basic_string@DU?$char_traits@D@std@@V?$allocator@D@2@@2@@Z 0040be50 f i eqmap.obj
 0001:0000aed0       ??1?$vector@V?$basic_string@DU?$char_traits@D@std@@V?$allocator@D@2@@std@@V?$allocator@V?$basic_string@DU?$char_traits@D@std@@V?$allocator@D@2@@std@@@2@@std@@QAE@XZ 0040bed0 f i eqmap.obj
 0001:0000aed0       ?_Tidy@?$vector@V?$basic_string@DU?$char_traits@D@std@@V?$allocator@D@2@@std@@V?$allocator@V?$basic_string@DU?$char_traits@D@std@@V?$allocator@D@2@@std@@@2@@std@@IAEXXZ 0040bed0 f i eqmap.obj
 0001:0000af10       ?at@?$vector@V?$basic_string@DU?$char_traits@D@std@@V?$allocator@D@2@@std@@V?$allocator@V?$basic_string@DU?$char_traits@D@std@@V?$allocator@D@2@@std@@@2@@std@@QAEAAV?$basic_string@DU?$char_traits@D@std@@V?$allocator@D@2@@2@I@Z 0040bf10 f i eqmap.obj
 0001:0000af50       ??1?$token_finderF@U?$is_any_ofF@D@detail@algorithm@boost@@@detail@algorithm@boost@@QAE@XZ 0040bf50 f i eqmap.obj
 0001:0000af50       ??1?$is_any_ofF@D@detail@algorithm@boost@@QAE@XZ 0040bf50 f i eqmap.obj
 0001:0000af70       ??_G?$numpunct@D@std@@MAEPAXI@Z 0040bf70 f i eqmap.obj
 0001:0000af70       ??_E?$numpunct@D@std@@MAEPAXI@Z 0040bf70 f i * CIL library *:* CIL module *
 0001:0000afc0       ??_G?$basic_stringstream@DU?$char_traits@D@std@@V?$allocator@D@2@@std@@UAEPAXI@Z 0040bfc0 f i eqmap.obj
 0001:0000afc0       ??_E?$basic_stringstream@DU?$char_traits@D@std@@V?$allocator@D@2@@std@@UAEPAXI@Z 0040bfc0 f i * CIL library *:* CIL module *
 0001:0000b020       ??_G?$basic_stringbuf@DU?$char_traits@D@std@@V?$allocator@D@2@@std@@UAEPAXI@Z 0040c020 f i eqmap.obj
 0001:0000b020       ??_E?$basic_stringbuf@DU?$char_traits@D@std@@V?$allocator@D@2@@std@@UAEPAXI@Z 0040c020 f i * CIL library *:* CIL module *
 0001:0000b050       ??_E?$basic_ifstream@DU?$char_traits@D@std@@@std@@UAEPAXI@Z 0040c050 f i * CIL library *:* CIL module *
 0001:0000b050       ??_G?$basic_ifstream@DU?$char_traits@D@std@@@std@@UAEPAXI@Z 0040c050 f i eqmap.obj
 0001:0000b0b0       ??_E?$basic_filebuf@DU?$char_traits@D@std@@@std@@UAEPAXI@Z 0040c0b0 f i * CIL library *:* CIL module *
 0001:0000b0b0       ??_G?$basic_filebuf@DU?$char_traits@D@std@@@std@@UAEPAXI@Z 0040c0b0 f i eqmap.obj
 0001:0000b0e0       ??0?$basic_string@DU?$char_traits@D@std@@V?$allocator@D@2@@std@@QAE@ID@Z 0040c0e0 f i eqmap.obj
 0001:0000b140       ?_Assign_rv@?$basic_string@DU?$char_traits@D@std@@V?$allocator@D@2@@std@@QAEX$$QAV12@@Z 0040c140 f i eqmap.obj
 0001:0000b1a0       ?append@?$basic_string@DU?$char_traits@D@std@@V?$allocator@D@2@@std@@QAEAAV12@ID@Z 0040c1a0 f i eqmap.obj
 0001:0000b250       ?assign@?$basic_string@DU?$char_traits@D@std@@V?$allocator@D@2@@std@@QAEAAV12@ABV12@II@Z 0040c250 f i eqmap.obj
 0001:0000b370       ?erase@?$basic_string@DU?$char_traits@D@std@@V?$allocator@D@2@@std@@QAEAAV12@II@Z 0040c370 f i eqmap.obj
 0001:0000b410       ?find@?$basic_string@DU?$char_traits@D@std@@V?$allocator@D@2@@std@@QBEIPBDII@Z 0040c410 f i eqmap.obj
 0001:0000b500       ?allocate@?$allocator@D@std@@QAEPADI@Z 0040c500 f i eqmap.obj
 0001:0000b500       ?allocate@?$_Wrap_alloc@V?$allocator@D@std@@@std@@QAEPADI@Z 0040c500 f i eqmap.obj
 0001:0000b530       ?str@?$basic_stringbuf@DU?$char_traits@D@std@@V?$allocator@D@2@@std@@QBE?AV?$basic_string@DU?$char_traits@D@std@@V?$allocator@D@2@@2@XZ 0040c530 f i eqmap.obj
 0001:0000b660       ?str@?$basic_stringbuf@DU?$char_traits@D@std@@V?$allocator@D@2@@std@@QAEXABV?$basic_string@DU?$char_traits@D@std@@V?$allocator@D@2@@2@@Z 0040c660 f i eqmap.obj
 0001:0000b6f0       ?_Destroy@?$vector@Umap_line_t@@V?$allocator@Umap_line_t@@@std@@@std@@IAEXPAUmap_line_t@@0@Z 0040c6f0 f i eqmap.obj
 0001:0000b700       ?_Reserve@?$vector@Umap_line_t@@V?$allocator@Umap_line_t@@@std@@@std@@IAEXI@Z 0040c700 f i eqmap.obj
 0001:0000b7a0       ?_Reserve@?$vector@Umap_point_t@@V?$allocator@Umap_point_t@@@std@@@std@@IAEXI@Z 0040c7a0 f i eqmap.obj
 0001:0000b850       ?_Getal@?$_Vector_alloc@$0A@U?$_Vec_base_types@Umap_point_t@@V?$allocator@Umap_point_t@@@std@@@std@@@std@@QBE?AU?$_Wrap_alloc@V?$allocator@Umap_point_t@@@std@@@2@XZ 0040c850 f i eqmap.obj
 0001:0000b850       ?_Getal@?$_Vector_alloc@$0A@U?$_Vec_base_types@Uzone_info_t@@V?$allocator@Uzone_info_t@@@std@@@std@@@std@@QBE?AU?$_Wrap_alloc@V?$allocator@Uzone_info_t@@@std@@@2@XZ 0040c850 f i eqmap.obj
 0001:0000b850       ?select_on_container_copy_construction@?$allocator@D@std@@QBE?AV12@XZ 0040c850 f i eqmap.obj
 0001:0000b860       ?_Reserve@?$vector@Uzone_info_t@@V?$allocator@Uzone_info_t@@@std@@@std@@IAEXI@Z 0040c860 f i eqmap.obj
 0001:0000b900       ?open@?$basic_filebuf@DU?$char_traits@D@std@@@std@@QAEPAV12@PBDHH@Z 0040c900 f i eqmap.obj
 0001:0000ba10       ?_Endwrite@?$basic_filebuf@DU?$char_traits@D@std@@@std@@IAE_NXZ 0040ca10 f i eqmap.obj
 0001:0000bb70       ?_Reset_back@?$basic_filebuf@DU?$char_traits@D@std@@@std@@AAEXXZ 0040cb70 f i eqmap.obj
 0001:0000bba0       ?_Set_back@?$basic_filebuf@DU?$char_traits@D@std@@@std@@AAEXXZ 0040cba0 f i eqmap.obj
 0001:0000bbe0       ?_Reserve@?$vector@V?$basic_string@DU?$char_traits@D@std@@V?$allocator@D@2@@std@@V?$allocator@V?$basic_string@DU?$char_traits@D@std@@V?$allocator@D@2@@std@@@2@@std@@IAEXI@Z 0040cbe0 f i eqmap.obj
 0001:0000bc80       ??1sentry@?$basic_ostream@DU?$char_traits@D@std@@@std@@QAE@XZ 0040cc80 f i eqmap.obj
 0001:0000bcb0       ?assign@?$basic_string@DU?$char_traits@D@std@@V?$allocator@D@2@@std@@QAEAAV12@PBDI@Z 0040ccb0 f i eqmap.obj
 0001:0000bdb0       ?_Chassign@?$basic_string@DU?$char_traits@D@std@@V?$allocator@D@2@@std@@QAEXIID@Z 0040cdb0 f i eqmap.obj
 0001:0000be00       ?_Eos@?$basic_string@DU?$char_traits@D@std@@V?$allocator@D@2@@std@@QAEXI@Z 0040ce00 f i eqmap.obj
 0001:0000be30       ?_Grow@?$basic_string@DU?$char_traits@D@std@@V?$allocator@D@2@@std@@QAE_NI_N@Z 0040ce30 f i eqmap.obj
 0001:0000bee0       ??0?$_Wrap_alloc@V?$allocator@Uzone_info_t@@@std@@@std@@QAE@XZ 0040cee0 f i eqmap.obj
 0001:0000bee0       ??0?$_Wrap_alloc@V?$allocator@Umap_point_t@@@std@@@std@@QAE@XZ 0040cee0 f i eqmap.obj
 0001:0000bee0       ??0?$_Wrap_alloc@V?$allocator@D@std@@@std@@QAE@XZ 0040cee0 f i eqmap.obj
 0001:0000bee0       ??0?$_Wrap_alloc@V?$allocator@Umap_line_t@@@std@@@std@@QAE@XZ 0040cee0 f i eqmap.obj
 0001:0000bef0       ??0?$_Wrap_alloc@V?$allocator@D@std@@@std@@QAE@ABV?$allocator@D@1@@Z 0040cef0 f i eqmap.obj
 0001:0000bf00       ?deallocate@?$_Wrap_alloc@V?$allocator@D@std@@@std@@QAEXPADI@Z 0040cf00 f i eqmap.obj
 0001:0000bf20       ?grouping@?$numpunct@D@std@@QBE?AV?$basic_string@DU?$char_traits@D@std@@V?$allocator@D@2@@2@XZ 0040cf20 f i eqmap.obj
 0001:0000bf40       ?_Init@?$basic_stringbuf@DU?$char_traits@D@std@@V?$allocator@D@2@@std@@IAEXPBDIH@Z 0040cf40 f i eqmap.obj
 0001:0000bff0       ?_Reallocate@?$vector@Umap_line_t@@V?$allocator@Umap_line_t@@@std@@@std@@IAEXI@Z 0040cff0 f i eqmap.obj
 0001:0000c0a0       ?_Reallocate@?$vector@Umap_point_t@@V?$allocator@Umap_point_t@@@std@@@std@@IAEXI@Z 0040d0a0 f i eqmap.obj
 0001:0000c1c0       ?_Reallocate@?$vector@Uzone_info_t@@V?$allocator@Uzone_info_t@@@std@@@std@@IAEXI@Z 0040d1c0 f i eqmap.obj
 0001:0000c2d0       ?_Destroy@?$vector@V?$basic_string@DU?$char_traits@D@std@@V?$allocator@D@2@@std@@V?$allocator@V?$basic_string@DU?$char_traits@D@std@@V?$allocator@D@2@@std@@@2@@std@@IAEXPAV?$basic_string@DU?$char_traits@D@std@@V?$allocator@D@2@@2@0@Z 0040d2d0 f i eqmap.obj
 0001:0000c320       ?_Reallocate@?$vector@V?$basic_string@DU?$char_traits@D@std@@V?$allocator@D@2@@std@@V?$allocator@V?$basic_string@DU?$char_traits@D@std@@V?$allocator@D@2@@std@@@2@@std@@IAEXI@Z 0040d320 f i eqmap.obj
 0001:0000c3c0       ?append@?$basic_string@DU?$char_traits@D@std@@V?$allocator@D@2@@std@@QAEAAV12@ABV12@II@Z 0040d3c0 f i eqmap.obj
 0001:0000c4b0       ?_Copy@?$basic_string@DU?$char_traits@D@std@@V?$allocator@D@2@@std@@QAEXII@Z 0040d4b0 f i eqmap.obj
 0001:0000c600       ??$use_facet@V?$ctype@D@std@@@std@@YAABV?$ctype@D@0@ABVlocale@0@@Z 0040d600 f i eqmap.obj
 0001:0000c6f0       ??$?6U?$char_traits@D@std@@@std@@YAAAV?$basic_ostream@DU?$char_traits@D@std@@@0@AAV10@PBD@Z 0040d6f0 f i eqmap.obj
 0001:0000c900       ??$?6U?$char_traits@D@std@@@std@@YAAAV?$basic_ostream@DU?$char_traits@D@std@@@0@AAV10@D@Z 0040d900 f i eqmap.obj
 0001:0000cad0       ??$?6DU?$char_traits@D@std@@V?$allocator@D@1@@std@@YAAAV?$basic_ostream@DU?$char_traits@D@std@@@0@AAV10@ABV?$basic_string@DU?$char_traits@D@std@@V?$allocator@D@2@@0@@Z 0040dad0 f i eqmap.obj
 0001:0000cc90       ??$?5DU?$char_traits@D@std@@@std@@YAAAV?$basic_istream@DU?$char_traits@D@std@@@0@AAV10@AAD@Z 0040dc90 f i eqmap.obj
 0001:0000cd60       ??$replace_all@V?$basic_string@DU?$char_traits@D@std@@V?$allocator@D@2@@std@@$$BY01$$CBD$$BY00$$CBD@algorithm@boost@@YAXAAV?$basic_string@DU?$char_traits@D@std@@V?$allocator@D@2@@std@@AAY01$$CBDAAY00$$CBD@Z 0040dd60 f i eqmap.obj
 0001:0000cdb0       ??$is_any_of@$$BY01$$CBD@algorithm@boost@@YA?AU?$is_any_ofF@D@detail@01@AAY01$$CBD@Z 0040ddb0 f i eqmap.obj
 0001:0000ce30       ??$split@V?$vector@V?$basic_string@DU?$char_traits@D@std@@V?$allocator@D@2@@std@@V?$allocator@V?$basic_string@DU?$char_traits@D@std@@V?$allocator@D@2@@std@@@2@@std@@V?$basic_string@DU?$char_traits@D@std@@V?$allocator@D@2@@2@U?$is_any_ofF@D@detail@algorithm@boost@@@algorithm@boost@@YAAAV?$vector@V?$basic_string@DU?$char_traits@D@std@@V?$allocator@D@2@@std@@V?$allocator@V?$basic_string@DU?$char_traits@D@std@@V?$allocator@D@2@@std@@@2@@std@@AAV23@AAV?$basic_string@DU?$char_traits@D@std@@V?$allocator@D@2@@3@U?$is_any_ofF@D@detail@01@W4token_compress_mode_type@01@@Z 0040de30 f i eqmap.obj
 0001:0000cf00       ??$map_line_data_value_can_lexical_cast@M@@YA_NV?$basic_string@DU?$char_traits@D@std@@V?$allocator@D@2@@std@@HHAAM00@Z 0040df00 f i eqmap.obj
 0001:0000d200       ??$map_line_data_value_can_lexical_cast@H@@YA_NV?$basic_string@DU?$char_traits@D@std@@V?$allocator@D@2@@std@@HHAAH00@Z 0040e200 f i eqmap.obj
 0001:0000d500       ??$replace_all@V?$basic_string@DU?$char_traits@D@std@@V?$allocator@D@2@@std@@$$BY01$$CBD$$BY01$$CBD@algorithm@boost@@YAXAAV?$basic_string@DU?$char_traits@D@std@@V?$allocator@D@2@@std@@AAY01$$CBD1@Z 0040e500 f i eqmap.obj
 0001:0000d550       ??$is_any_of@$$BY02$$CBD@algorithm@boost@@YA?AU?$is_any_ofF@D@detail@01@AAY02$$CBD@Z 0040e550 f i eqmap.obj
 0001:0000d5a0       ??$remove_if@V?$basic_string@DU?$char_traits@D@std@@V?$allocator@D@2@@std@@U?$is_any_ofF@D@detail@algorithm@boost@@@range@boost@@YA?AV?$_String_iterator@V?$_String_val@U?$_Simple_types@D@std@@@std@@@std@@AAV?$basic_string@DU?$char_traits@D@std@@V?$allocator@D@2@@3@U?$is_any_ofF@D@detail@algorithm@1@@Z 0040e5a0 f i eqmap.obj
 0001:0000d670       ??$contain@V?$vector@V?$basic_string@DU?$char_traits@D@std@@V?$allocator@D@2@@std@@V?$allocator@V?$basic_string@DU?$char_traits@D@std@@V?$allocator@D@2@@std@@@2@@std@@@foreach_detail_@boost@@YA?AU?$auto_any@PAV?$vector@V?$basic_string@DU?$char_traits@D@std@@V?$allocator@D@2@@std@@V?$allocator@V?$basic_string@DU?$char_traits@D@std@@V?$allocator@D@2@@std@@@2@@std@@@01@AAV?$vector@V?$basic_string@DU?$char_traits@D@std@@V?$allocator@D@2@@std@@V?$allocator@V?$basic_string@DU?$char_traits@D@std@@V?$allocator@D@2@@std@@@2@@std@@PAU?$bool_@$0A@@mpl@1@@Z 0040e670 f i eqmap.obj
 0001:0000d680       ??$begin@V?$vector@V?$basic_string@DU?$char_traits@D@std@@V?$allocator@D@2@@std@@V?$allocator@V?$basic_string@DU?$char_traits@D@std@@V?$allocator@D@2@@std@@@2@@std@@U?$bool_@$0A@@mpl@boost@@@foreach_detail_@boost@@YA?AU?$auto_any@V?$_Vector_iterator@V?$_Vector_val@U?$_Simple_types@V?$basic_string@DU?$char_traits@D@std@@V?$allocator@D@2@@std@@@std@@@std@@@std@@@01@ABUauto_any_base@01@PAU?$type2type@V?$vector@V?$basic_string@DU?$char_traits@D@std@@V?$allocator@D@2@@std@@V?$allocator@V?$basic_string@DU?$char_traits@D@std@@V?$allocator@D@2@@std@@@2@@std@@U?$bool_@$0A@@mpl@boost@@@01@PAU?$bool_@$0A@@mpl@1@@Z 0040e680 f i eqmap.obj
 0001:0000d690       ??$end@V?$vector@V?$basic_string@DU?$char_traits@D@std@@V?$allocator@D@2@@std@@V?$allocator@V?$basic_string@DU?$char_traits@D@std@@V?$allocator@D@2@@std@@@2@@std@@U?$bool_@$0A@@mpl@boost@@@foreach_detail_@boost@@YA?AU?$auto_any@V?$_Vector_iterator@V?$_Vector_val@U?$_Simple_types@V?$basic_string@DU?$char_traits@D@std@@V?$allocator@D@2@@std@@@std@@@std@@@std@@@01@ABUauto_any_base@01@PAU?$type2type@V?$vector@V?$basic_string@DU?$char_traits@D@std@@V?$allocator@D@2@@std@@V?$allocator@V?$basic_string@DU?$char_traits@D@std@@V?$allocator@D@2@@std@@@2@@std@@U?$bool_@$0A@@mpl@boost@@@01@PAU?$bool_@$0A@@mpl@1@@Z 0040e690 f i eqmap.obj
 0001:0000d6a0       ??$done@V?$vector@V?$basic_string@DU?$char_traits@D@std@@V?$allocator@D@2@@std@@V?$allocator@V?$basic_string@DU?$char_traits@D@std@@V?$allocator@D@2@@std@@@2@@std@@U?$bool_@$0A@@mpl@boost@@@foreach_detail_@boost@@YA_NABUauto_any_base@01@0PAU?$type2type@V?$vector@V?$basic_string@DU?$char_traits@D@std@@V?$allocator@D@2@@std@@V?$allocator@V?$basic_string@DU?$char_traits@D@std@@V?$allocator@D@2@@std@@@2@@std@@U?$bool_@$0A@@mpl@boost@@@01@@Z 0040e6a0 f i eqmap.obj
 0001:0000d6b0       ??$next@V?$vector@V?$basic_string@DU?$char_traits@D@std@@V?$allocator@D@2@@std@@V?$allocator@V?$basic_string@DU?$char_traits@D@std@@V?$allocator@D@2@@std@@@2@@std@@U?$bool_@$0A@@mpl@boost@@@foreach_detail_@boost@@YAXABUauto_any_base@01@PAU?$type2type@V?$vector@V?$basic_string@DU?$char_traits@D@std@@V?$allocator@D@2@@std@@V?$allocator@V?$basic_string@DU?$char_traits@D@std@@V?$allocator@D@2@@std@@@2@@std@@U?$bool_@$0A@@mpl@boost@@@01@@Z 0040e6b0 f i eqmap.obj
 0001:0000d6c0       ??$deref@V?$vector@V?$basic_string@DU?$char_traits@D@std@@V?$allocator@D@2@@std@@V?$allocator@V?$basic_string@DU?$char_traits@D@std@@V?$allocator@D@2@@std@@@2@@std@@U?$bool_@$0A@@mpl@boost@@@foreach_detail_@boost@@YAAAV?$basic_string@DU?$char_traits@D@std@@V?$allocator@D@2@@std@@ABUauto_any_base@01@PAU?$type2type@V?$vector@V?$basic_string@DU?$char_traits@D@std@@V?$allocator@D@2@@std@@V?$allocator@V?$basic_string@DU?$char_traits@D@std@@V?$allocator@D@2@@std@@@2@@std@@U?$bool_@$0A@@mpl@boost@@@01@@Z 0040e6c0 f i eqmap.obj
 0001:0000d6d0       ??$to_lower_copy@V?$basic_string@DU?$char_traits@D@std@@V?$allocator@D@2@@std@@@algorithm@boost@@YA?AV?$basic_string@DU?$char_traits@D@std@@V?$allocator@D@2@@std@@ABV23@ABVlocale@3@@Z 0040e6d0 f i eqmap.obj
 0001:0000d700       ??$?8DU?$char_traits@D@std@@V?$allocator@D@1@@std@@YA_NABV?$basic_string@DU?$char_traits@D@std@@V?$allocator@D@2@@0@0@Z 0040e700 f i eqmap.obj
 0001:0000d750       ??$replace_all_copy@V?$basic_string@DU?$char_traits@D@std@@V?$allocator@D@2@@std@@$$BY01$$CBD$$BY00$$CBD@algorithm@boost@@YA?AV?$basic_string@DU?$char_traits@D@std@@V?$allocator@D@2@@std@@ABV23@AAY01$$CBDAAY00$$CBD@Z 0040e750 f i eqmap.obj
 0001:0000d7a0       ??0?$basic_ptree@V?$basic_string@DU?$char_traits@D@std@@V?$allocator@D@2@@std@@V12@U?$less@V?$basic_string@DU?$char_traits@D@std@@V?$allocator@D@2@@std@@@2@@property_tree@boost@@QAE@XZ 0040e7a0 f i eqmap.obj
 0001:0000d840       ??1?$basic_ptree@V?$basic_string@DU?$char_traits@D@std@@V?$allocator@D@2@@std@@V12@U?$less@V?$basic_string@DU?$char_traits@D@std@@V?$allocator@D@2@@std@@@2@@property_tree@boost@@QAE@XZ 0040e840 f i eqmap.obj
 0001:0000d8d0       ??$read_ini@V?$basic_ptree@V?$basic_string@DU?$char_traits@D@std@@V?$allocator@D@2@@std@@V12@U?$less@V?$basic_string@DU?$char_traits@D@std@@V?$allocator@D@2@@std@@@2@@property_tree@boost@@@ini_parser@property_tree@boost@@YAXABV?$basic_string@DU?$char_traits@D@std@@V?$allocator@D@2@@std@@AAV?$basic_ptree@V?$basic_string@DU?$char_traits@D@std@@V?$allocator@D@2@@std@@V12@U?$less@V?$basic_string@DU?$char_traits@D@std@@V?$allocator@D@2@@std@@@2@@12@ABVlocale@4@@Z 0040e8d0 f i eqmap.obj
 0001:0000daa0       ??0?$string_path@V?$basic_string@DU?$char_traits@D@std@@V?$allocator@D@2@@std@@U?$id_translator@V?$basic_string@DU?$char_traits@D@std@@V?$allocator@D@2@@std@@@property_tree@boost@@@property_tree@boost@@QAE@PBDDU?$id_translator@V?$basic_string@DU?$char_traits@D@std@@V?$allocator@D@2@@std@@@12@@Z 0040eaa0 f i eqmap.obj
 0001:0000db10       ??$get@H@?$basic_ptree@V?$basic_string@DU?$char_traits@D@std@@V?$allocator@D@2@@std@@V12@U?$less@V?$basic_string@DU?$char_traits@D@std@@V?$allocator@D@2@@std@@@2@@property_tree@boost@@QBEHABV?$string_path@V?$basic_string@DU?$char_traits@D@std@@V?$allocator@D@2@@std@@U?$id_translator@V?$basic_string@DU?$char_traits@D@std@@V?$allocator@D@2@@std@@@property_tree@boost@@@12@ABH@Z 0040eb10 f i eqmap.obj
 0001:0000db60       ??$get@_N@?$basic_ptree@V?$basic_string@DU?$char_traits@D@std@@V?$allocator@D@2@@std@@V12@U?$less@V?$basic_string@DU?$char_traits@D@std@@V?$allocator@D@2@@std@@@2@@property_tree@boost@@QBE_NABV?$string_path@V?$basic_string@DU?$char_traits@D@std@@V?$allocator@D@2@@std@@U?$id_translator@V?$basic_string@DU?$char_traits@D@std@@V?$allocator@D@2@@std@@@property_tree@boost@@@12@AB_N@Z 0040eb60 f i eqmap.obj
 0001:0000db90       ??$get@V?$basic_string@DU?$char_traits@D@std@@V?$allocator@D@2@@std@@@?$basic_ptree@V?$basic_string@DU?$char_traits@D@std@@V?$allocator@D@2@@std@@V12@U?$less@V?$basic_string@DU?$char_traits@D@std@@V?$allocator@D@2@@std@@@2@@property_tree@boost@@QBE?AV?$basic_string@DU?$char_traits@D@std@@V?$allocator@D@2@@std@@ABV?$string_path@V?$basic_string@DU?$char_traits@D@std@@V?$allocator@D@2@@std@@U?$id_translator@V?$basic_string@DU?$char_traits@D@std@@V?$allocator@D@2@@std@@@property_tree@boost@@@12@ABV34@@Z 0040eb90 f i eqmap.obj
 0001:0000dc40       ??$get@M@?$basic_ptree@V?$basic_string@DU?$char_traits@D@std@@V?$allocator@D@2@@std@@V12@U?$less@V?$basic_string@DU?$char_traits@D@std@@V?$allocator@D@2@@std@@@2@@property_tree@boost@@QBEMABV?$string_path@V?$basic_string@DU?$char_traits@D@std@@V?$allocator@D@2@@std@@U?$id_translator@V?$basic_string@DU?$char_traits@D@std@@V?$allocator@D@2@@std@@@property_tree@boost@@@12@ABM@Z 0040ec40 f i eqmap.obj
 0001:0000dc90       ??$use_facet@V?$numpunct@D@std@@@std@@YAABV?$numpunct@D@0@ABVlocale@0@@Z 0040ec90 f i eqmap.obj
 0001:0000dd80       ??$use_facet@V?$codecvt@DDH@std@@@std@@YAABV?$codecvt@DDH@0@ABVlocale@0@@Z 0040ed80 f i eqmap.obj
 0001:0000de70       ??$destroy@PAD@?$_Wrap_alloc@V?$allocator@D@std@@@std@@QAEXPAPAD@Z 0040ee70 f i eqmap.obj
 0001:0000de80       ?_Getcat@?$numpunct@D@std@@SAIPAPBVfacet@locale@2@PBV42@@Z 0040ee80 f i eqmap.obj
 0001:0000df60       ??0?$multi_index_container@U?$pair@$$CBV?$basic_string@DU?$char_traits@D@std@@V?$allocator@D@2@@std@@V?$basic_ptree@V?$basic_string@DU?$char_traits@D@std@@V?$allocator@D@2@@std@@V12@U?$less@V?$basic_string@DU?$char_traits@D@std@@V?$allocator@D@2@@std@@@2@@property_tree@boost@@@std@@U?$indexed_by@U?$sequenced@U?$tag@Una@mpl@boost@@U123@U123@U123@U123@U123@U123@U123@U123@U123@U123@U123@U123@U123@U123@U123@U123@U123@U123@U123@@multi_index@boost@@@multi_index@boost@@U?$ordered_non_unique@U?$tag@Uby_name@subs@?$basic_ptree@V?$basic_string@DU?$char_traits@D@std@@V?$allocator@D@2@@std@@V12@U?$less@V?$basic_string@DU?$char_traits@D@std@@V?$allocator@D@2@@std@@@2@@property_tree@boost@@Una@mpl@5@U675@U675@U675@U675@U675@U675@U675@U675@U675@U675@U675@U675@U675@U675@U675@U675@U675@U675@@multi_index@boost@@U?$member@U?$pair@$$CBV?$basic_string@DU?$char_traits@D@std@@V?$allocator@D@2@@std@@V?$basic_ptree@V?$basic_string@DU?$char_traits@D@std@@V?$allocator@D@2@@std@@V12@U?$less@V?$basic_string@DU?$char_traits@D@std@@V?$allocator@D@2@@std@@@2@@property_tree@boost@@@std@@$$CBV?$basic_string@DU?$char_traits@D@std@@V?$allocator@D@2@@2@$0A@@23@U?$less@V?$basic_string@DU?$char_traits@D@std@@V?$allocator@D@2@@std@@@std@@@23@Una@mpl@3@U563@U563@U563@U563@U563@U563@U563@U563@U563@U563@U563@U563@U563@U563@U563@U563@U563@@multi_index@boost@@V?$allocator@U?$pair@$$CBV?$basic_string@DU?$char_traits@D@std@@V?$allocator@D@2@@std@@V?$basic_ptree@V?$basic_string@DU?$char_traits@D@std@@V?$allocator@D@2@@std@@V12@U?$less@V?$basic_string@DU?$char_traits@D@std@@V?$allocator@D@2@@std@@@2@@property_tree@boost@@@std@@@2@@multi_index@boost@@QAE@ABU?$cons@Unull_type@tuples@boost@@U?$cons@V?$tuple@U?$member@U?$pair@$$CBV?$basic_string@DU?$char_traits@D@std@@V?$allocator@D@2@@std@@V?$basic_ptree@V?$basic_string@DU?$char_traits@D@std@@V?$allocator@D@2@@std@@V12@U?$less@V?$basic_string@DU?$char_traits@D@std@@V?$allocator@D@2@@std@@@2@@property_tree@boost@@@std@@$$CBV?$basic_string@DU?$char_traits@D@std@@V?$allocator@D@2@@2@$0A@@multi_index@boost@@U?$less@V?$basic_string@DU?$char_traits@D@std@@V?$allocator@D@2@@std@@@std@@Unull_type@tuples@3@U673@U673@U673@U673@U673@U673@U673@@tuples@boost@@Unull_type@23@@23@@tuples@2@ABV?$allocator@U?$pair@$$CBV?$basic_string@DU?$char_traits@D@std@@V?$allocator@D@2@@std@@V?$basic_ptree@V?$basic_string@DU?$char_traits@D@std@@V?$allocator@D@2@@std@@V12@U?$less@V?$basic_string@DU?$char_traits@D@std@@V?$allocator@D@2@@std@@@2@@property_tree@boost@@@std@@@std@@@Z 0040ef60 f i eqmap.obj
 0001:0000dff0       ??1?$optional@V?$basic_string@DU?$char_traits@D@std@@V?$allocator@D@2@@std@@@boost@@QAE@XZ 0040eff0 f i eqmap.obj
 0001:0000e030       ?replace@?$basic_string@DU?$char_traits@D@std@@V?$allocator@D@2@@std@@QAEAAV12@IIPBDI@Z 0040f030 f i eqmap.obj
 0001:0000e210       ??1?$header_holder@PAU?$sequenced_index_node@U?$ordered_index_node@U?$index_node_base@U?$pair@$$CBV?$basic_string@DU?$char_traits@D@std@@V?$allocator@D@2@@std@@V?$basic_ptree@V?$basic_string@DU?$char_traits@D@std@@V?$allocator@D@2@@std@@V12@U?$less@V?$basic_string@DU?$char_traits@D@std@@V?$allocator@D@2@@std@@@2@@property_tree@boost@@@std@@V?$allocator@U?$pair@$$CBV?$basic_string@DU?$char_traits@D@std@@V?$allocator@D@2@@std@@V?$basic_ptree@V?$basic_string@DU?$char_traits@D@std@@V?$allocator@D@2@@std@@V12@U?$less@V?$basic_string@DU?$char_traits@D@std@@V?$allocator@D@2@@std@@@2@@property_tree@boost@@@std@@@2@@detail@multi_index@boost@@@detail@multi_index@boost@@@detail@multi_index@boost@@V?$multi_index_container@U?$pair@$$CBV?$basic_string@DU?$char_traits@D@std@@V?$allocator@D@2@@std@@V?$basic_ptree@V?$basic_string@DU?$char_traits@D@std@@V?$allocator@D@2@@std@@V12@U?$less@V?$basic_string@DU?$char_traits@D@std@@V?$allocator@D@2@@std@@@2@@property_tree@boost@@@std@@U?$indexed_by@U?$sequenced@U?$tag@Una@mpl@boost@@U123@U123@U123@U123@U123@U123@U123@U123@U123@U123@U123@U123@U123@U123@U123@U123@U123@U123@U123@@multi_index@boost@@@multi_index@boost@@U?$ordered_non_unique@U?$tag@Uby_name@subs@?$basic_ptree@V?$basic_string@DU?$char_traits@D@std@@V?$allocator@D@2@@std@@V12@U?$less@V?$basic_string@DU?$char_traits@D@std@@V?$allocator@D@2@@std@@@2@@property_tree@boost@@Una@mpl@5@U675@U675@U675@U675@U675@U675@U675@U675@U675@U675@U675@U675@U675@U675@U675@U675@U675@U675@@multi_index@boost@@U?$member@U?$pair@$$CBV?$basic_string@DU?$char_traits@D@std@@V?$allocator@D@2@@std@@V?$basic_ptree@V?$basic_string@DU?$char_traits@D@std@@V?$allocator@D@2@@std@@V12@U?$less@V?$basic_string@DU?$char_traits@D@std@@V?$allocator@D@2@@std@@@2@@property_tree@boost@@@std@@$$CBV?$basic_string@DU?$char_traits@D@std@@V?$allocator@D@2@@2@$0A@@23@U?$less@V?$basic_string@DU?$char_traits@D@std@@V?$allocator@D@2@@std@@@std@@@23@Una@mpl@3@U563@U563@U563@U563@U563@U563@U563@U563@U563@U563@U563@U563@U563@U563@U563@U563@U563@@multi_index@boost@@V?$allocator@U?$pair@$$CBV?$basic_string@DU?$char_traits@D@std@@V?$allocator@D@2@@std@@V?$basic_ptree@V?$basic_string@DU?$char_traits@D@std@@V?$allocator@D@2@@std@@V12@U?$less@V?$basic_string@DU?$char_traits@D@std@@V?$allocator@D@2@@std@@@2@@property_tree@boost@@@std@@@2@@34@@detail@multi_index@boost@@QAE@XZ 0040f210 f i eqmap.obj
 0001:0000e220       ?replace@?$basic_string@DU?$char_traits@D@std@@V?$allocator@D@2@@std@@QAEAAV12@IIABV12@II@Z 0040f220 f i eqmap.obj
 0001:0000e570       ?_Init@?$numpunct@D@std@@IAEXABV_Locinfo@2@_N@Z 0040f570 f i eqmap.obj
 0001:0000e6c0       ?delete_all_nodes_@?$sequenced_index@U?$nth_layer@$00U?$pair@$$CBV?$basic_string@DU?$char_traits@D@std@@V?$allocator@D@2@@std@@V?$basic_ptree@V?$basic_string@DU?$char_traits@D@std@@V?$allocator@D@2@@std@@V12@U?$less@V?$basic_string@DU?$char_traits@D@std@@V?$allocator@D@2@@std@@@2@@property_tree@boost@@@std@@U?$indexed_by@U?$sequenced@U?$tag@Una@mpl@boost@@U123@U123@U123@U123@U123@U123@U123@U123@U123@U123@U123@U123@U123@U123@U123@U123@U123@U123@U123@@multi_index@boost@@@multi_index@boost@@U?$ordered_non_unique@U?$tag@Uby_name@subs@?$basic_ptree@V?$basic_string@DU?$char_traits@D@std@@V?$allocator@D@2@@std@@V12@U?$less@V?$basic_string@DU?$char_traits@D@std@@V?$allocator@D@2@@std@@@2@@property_tree@boost@@Una@mpl@5@U675@U675@U675@U675@U675@U675@U675@U675@U675@U675@U675@U675@U675@U675@U675@U675@U675@U675@@multi_index@boost@@U?$member@U?$pair@$$CBV?$basic_string@DU?$char_traits@D@std@@V?$allocator@D@2@@std@@V?$basic_ptree@V?$basic_string@DU?$char_traits@D@std@@V?$allocator@D@2@@std@@V12@U?$less@V?$basic_string@DU?$char_traits@D@std@@V?$allocator@D@2@@std@@@2@@property_tree@boost@@@std@@$$CBV?$basic_string@DU?$char_traits@D@std@@V?$allocator@D@2@@2@$0A@@23@U?$less@V?$basic_string@DU?$char_traits@D@std@@V?$allocator@D@2@@std@@@std@@@23@Una@mpl@3@U563@U563@U563@U563@U563@U563@U563@U563@U563@U563@U563@U563@U563@U563@U563@U563@U563@@multi_index@boost@@V?$allocator@U?$pair@$$CBV?$basic_string@DU?$char_traits@D@std@@V?$allocator@D@2@@std@@V?$basic_ptree@V?$basic_string@DU?$char_traits@D@std@@V?$allocator@D@2@@std@@V12@U?$less@V?$basic_string@DU?$char_traits@D@std@@V?$allocator@D@2@@std@@@2@@property_tree@boost@@@std@@@2@@detail@multi_index@boost@@U?$vector0@Una@mpl@boost@@@mpl@4@@detail@multi_index@boost@@IAEXXZ 0040f6c0 f i eqmap.obj
 0001:0000e790       ?header@?$sequenced_index@U?$nth_layer@$00U?$pair@$$CBV?$basic_string@DU?$char_traits@D@std@@V?$allocator@D@2@@std@@V?$basic_ptree@V?$basic_string@DU?$char_traits@D@std@@V?$allocator@D@2@@std@@V12@U?$less@V?$basic_string@DU?$char_traits@D@std@@V?$allocator@D@2@@std@@@2@@property_tree@boost@@@std@@U?$indexed_by@U?$sequenced@U?$tag@Una@mpl@boost@@U123@U123@U123@U123@U123@U123@U123@U123@U123@U123@U123@U123@U123@U123@U123@U123@U123@U123@U123@@multi_index@boost@@@multi_index@boost@@U?$ordered_non_unique@U?$tag@Uby_name@subs@?$basic_ptree@V?$basic_string@DU?$char_traits@D@std@@V?$allocator@D@2@@std@@V12@U?$less@V?$basic_string@DU?$char_traits@D@std@@V?$allocator@D@2@@std@@@2@@property_tree@boost@@Una@mpl@5@U675@U675@U675@U675@U675@U675@U675@U675@U675@U675@U675@U675@U675@U675@U675@U675@U675@U675@@multi_index@boost@@U?$member@U?$pair@$$CBV?$basic_string@DU?$char_traits@D@std@@V?$allocator@D@2@@std@@V?$basic_ptree@V?$basic_string@DU?$char_traits@D@std@@V?$allocator@D@2@@std@@V12@U?$less@V?$basic_string@DU?$char_traits@D@std@@V?$allocator@D@2@@std@@@2@@property_tree@boost@@@std@@$$CBV?$basic_string@DU?$char_traits@D@std@@V?$allocator@D@2@@2@$0A@@23@U?$less@V?$basic_string@DU?$char_traits@D@std@@V?$allocator@D@2@@std@@@std@@@23@Una@mpl@3@U563@U563@U563@U563@U563@U563@U563@U563@U563@U563@U563@U563@U563@U563@U563@U563@U563@@multi_index@boost@@V?$allocator@U?$pair@$$CBV?$basic_string@DU?$char_traits@D@std@@V?$allocator@D@2@@std@@V?$basic_ptree@V?$basic_string@DU?$char_traits@D@std@@V?$allocator@D@2@@std@@V12@U?$less@V?$basic_string@DU?$char_traits@D@std@@V?$allocator@D@2@@std@@@2@@property_tree@boost@@@std@@@2@@detail@multi_index@boost@@U?$vector0@Una@mpl@boost@@@mpl@4@@detail@multi_index@boost@@ABEPAU?$sequenced_index_node@U?$ordered_index_node@U?$index_node_base@U?$pair@$$CBV?$basic_string@DU?$char_traits@D@std@@V?$allocator@D@2@@std@@V?$basic_ptree@V?$basic_string@DU?$char_traits@D@std@@V?$allocator@D@2@@std@@V12@U?$less@V?$basic_string@DU?$char_traits@D@std@@V?$allocator@D@2@@std@@@2@@property_tree@boost@@@std@@V?$allocator@U?$pair@$$CBV?$basic_string@DU?$char_traits@D@std@@V?$allocator@D@2@@std@@V?$basic_ptree@V?$basic_string@DU?$char_traits@D@std@@V?$allocator@D@2@@std@@V12@U?$less@V?$basic_string@DU?$char_traits@D@std@@V?$allocator@D@2@@std@@@2@@property_tree@boost@@@std@@@2@@detail@multi_index@boost@@@detail@multi_index@boost@@@234@XZ 0040f790 f i eqmap.obj
 0001:0000e7a0       ?empty_initialize@?$ordered_index@U?$member@U?$pair@$$CBV?$basic_string@DU?$char_traits@D@std@@V?$allocator@D@2@@std@@V?$basic_ptree@V?$basic_string@DU?$char_traits@D@std@@V?$allocator@D@2@@std@@V12@U?$less@V?$basic_string@DU?$char_traits@D@std@@V?$allocator@D@2@@std@@@2@@property_tree@boost@@@std@@$$CBV?$basic_string@DU?$char_traits@D@std@@V?$allocator@D@2@@2@$0A@@multi_index@boost@@U?$less@V?$basic_string@DU?$char_traits@D@std@@V?$allocator@D@2@@std@@@std@@U?$nth_layer@$01U?$pair@$$CBV?$basic_string@DU?$char_traits@D@std@@V?$allocator@D@2@@std@@V?$basic_ptree@V?$basic_string@DU?$char_traits@D@std@@V?$allocator@D@2@@std@@V12@U?$less@V?$basic_string@DU?$char_traits@D@std@@V?$allocator@D@2@@std@@@2@@property_tree@boost@@@std@@U?$indexed_by@U?$sequenced@U?$tag@Una@mpl@boost@@U123@U123@U123@U123@U123@U123@U123@U123@U123@U123@U123@U123@U123@U123@U123@U123@U123@U123@U123@@multi_index@boost@@@multi_index@boost@@U?$ordered_non_unique@U?$tag@Uby_name@subs@?$basic_ptree@V?$basic_string@DU?$char_traits@D@std@@V?$allocator@D@2@@std@@V12@U?$less@V?$basic_string@DU?$char_traits@D@std@@V?$allocator@D@2@@std@@@2@@property_tree@boost@@Una@mpl@5@U675@U675@U675@U675@U675@U675@U675@U675@U675@U675@U675@U675@U675@U675@U675@U675@U675@U675@@multi_index@boost@@U?$member@U?$pair@$$CBV?$basic_string@DU?$char_traits@D@std@@V?$allocator@D@2@@std@@V?$basic_ptree@V?$basic_string@DU?$char_traits@D@std@@V?$allocator@D@2@@std@@V12@U?$less@V?$basic_string@DU?$char_traits@D@std@@V?$allocator@D@2@@std@@@2@@property_tree@boost@@@std@@$$CBV?$basic_string@DU?$char_traits@D@std@@V?$allocator@D@2@@2@$0A@@23@U?$less@V?$basic_string@DU?$char_traits@D@std@@V?$allocator@D@2@@std@@@std@@@23@Una@mpl@3@U563@U563@U563@U563@U563@U563@U563@U563@U563@U563@U563@U563@U563@U563@U563@U563@U563@@multi_index@boost@@V?$allocator@U?$pair@$$CBV?$basic_string@DU?$char_traits@D@std@@V?$allocator@D@2@@std@@V?$basic_ptree@V?$basic_string@DU?$char_traits@D@std@@V?$allocator@D@2@@std@@V12@U?$less@V?$basic_string@DU?$char_traits@D@std@@V?$allocator@D@2@@std@@@2@@property_tree@boost@@@std@@@2@@detail@23@U?$vector1@Uby_name@subs@?$basic_ptree@V?$basic_string@DU?$char_traits@D@std@@V?$allocator@D@2@@std@@V12@U?$less@V?$basic_string@DU?$char_traits@D@std@@V?$allocator@D@2@@std@@@2@@property_tree@boost@@@mpl@3@Uordered_non_unique_tag@723@@detail@multi_index@boost@@AAEXXZ 0040f7a0 f i eqmap.obj
 0001:0000e820       ??$getline@DU?$char_traits@D@std@@V?$allocator@D@2@@std@@YAAAV?$basic_istream@DU?$char_traits@D@std@@@0@$$QAV10@AAV?$basic_string@DU?$char_traits@D@std@@V?$allocator@D@2@@0@D@Z 0040f820 f i eqmap.obj
 0001:0000e990       ??$find_format_all@V?$basic_string@DU?$char_traits@D@std@@V?$allocator@D@2@@std@@U?$first_finderF@PBDUis_equal@algorithm@boost@@@detail@algorithm@boost@@U?$const_formatF@V?$iterator_range@PBD@boost@@@456@@algorithm@boost@@YAXAAV?$basic_string@DU?$char_traits@D@std@@V?$allocator@D@2@@std@@U?$first_finderF@PBDUis_equal@algorithm@boost@@@detail@01@U?$const_formatF@V?$iterator_range@PBD@boost@@@501@@Z 0040f990 f i eqmap.obj
 0001:0000ea10       ??$token_finder@U?$is_any_ofF@D@detail@algorithm@boost@@@algorithm@boost@@YA?AU?$token_finderF@U?$is_any_ofF@D@detail@algorithm@boost@@@detail@01@U?$is_any_ofF@D@301@W4token_compress_mode_type@01@@Z 0040fa10 f i eqmap.obj
 0001:0000eb60       ??$iter_split@V?$vector@V?$basic_string@DU?$char_traits@D@std@@V?$allocator@D@2@@std@@V?$allocator@V?$basic_string@DU?$char_traits@D@std@@V?$allocator@D@2@@std@@@2@@std@@V?$basic_string@DU?$char_traits@D@std@@V?$allocator@D@2@@2@U?$token_finderF@U?$is_any_ofF@D@detail@algorithm@boost@@@detail@algorithm@boost@@@algorithm@boost@@YAAAV?$vector@V?$basic_string@DU?$char_traits@D@std@@V?$allocator@D@2@@std@@V?$allocator@V?$basic_string@DU?$char_traits@D@std@@V?$allocator@D@2@@std@@@2@@std@@AAV23@AAV?$basic_string@DU?$char_traits@D@std@@V?$allocator@D@2@@3@U?$token_finderF@U?$is_any_ofF@D@detail@algorithm@boost@@@detail@01@@Z 0040fb60 f i eqmap.obj
 0001:0000edb0       ??$remove_if@V?$_String_iterator@V?$_String_val@U?$_Simple_types@D@std@@@std@@@std@@U?$is_any_ofF@D@detail@algorithm@boost@@@std@@YA?AV?$_String_iterator@V?$_String_val@U?$_Simple_types@D@std@@@std@@@0@V10@0U?$is_any_ofF@D@detail@algorithm@boost@@@Z 0040fdb0 f i eqmap.obj
 0001:0000eeb0       ??$transform_range_copy@V?$basic_string@DU?$char_traits@D@std@@V?$allocator@D@2@@std@@V12@U?$to_lowerF@D@detail@algorithm@boost@@@detail@algorithm@boost@@YA?AV?$basic_string@DU?$char_traits@D@std@@V?$allocator@D@2@@std@@ABV34@U?$to_lowerF@D@012@@Z 0040feb0 f i eqmap.obj
 0001:0000ef10       ??$find_format_all_copy@V?$basic_string@DU?$char_traits@D@std@@V?$allocator@D@2@@std@@U?$first_finderF@PBDUis_equal@algorithm@boost@@@detail@algorithm@boost@@U?$const_formatF@V?$iterator_range@PBD@boost@@@456@@algorithm@boost@@YA?AV?$basic_string@DU?$char_traits@D@std@@V?$allocator@D@2@@std@@ABV23@U?$first_finderF@PBDUis_equal@algorithm@boost@@@detail@01@U?$const_formatF@V?$iterator_range@PBD@boost@@@501@@Z 0040ff10 f i eqmap.obj
 0001:0000ef80       ??$throw_exception_@Vini_parser_error@ini_parser@property_tree@boost@@@exception_detail@boost@@YAXABVini_parser_error@ini_parser@property_tree@1@PBD1H@Z 0040ff80 f i eqmap.obj
 0001:0000efe0       ??$read_ini@V?$basic_ptree@V?$basic_string@DU?$char_traits@D@std@@V?$allocator@D@2@@std@@V12@U?$less@V?$basic_string@DU?$char_traits@D@std@@V?$allocator@D@2@@std@@@2@@property_tree@boost@@@ini_parser@property_tree@boost@@YAXAAV?$basic_istream@DU?$char_traits@D@std@@@std@@AAV?$basic_ptree@V?$basic_string@DU?$char_traits@D@std@@V?$allocator@D@2@@std@@V12@U?$less@V?$basic_string@DU?$char_traits@D@std@@V?$allocator@D@2@@std@@@2@@12@@Z 0040ffe0 f i eqmap.obj
 0001:0000fae0       ??$get_optional@H@?$basic_ptree@V?$basic_string@DU?$char_traits@D@std@@V?$allocator@D@2@@std@@V12@U?$less@V?$basic_string@DU?$char_traits@D@std@@V?$allocator@D@2@@std@@@2@@property_tree@boost@@QBE?AV?$optional@H@2@ABV?$string_path@V?$basic_string@DU?$char_traits@D@std@@V?$allocator@D@2@@std@@U?$id_translator@V?$basic_string@DU?$char_traits@D@std@@V?$allocator@D@2@@std@@@property_tree@boost@@@12@@Z 00410ae0 f i eqmap.obj
 0001:0000fb60       ??$get_optional@_N@?$basic_ptree@V?$basic_string@DU?$char_traits@D@std@@V?$allocator@D@2@@std@@V12@U?$less@V?$basic_string@DU?$char_traits@D@std@@V?$allocator@D@2@@std@@@2@@property_tree@boost@@QBE?AV?$optional@_N@2@ABV?$string_path@V?$basic_string@DU?$char_traits@D@std@@V?$allocator@D@2@@std@@U?$id_translator@V?$basic_string@DU?$char_traits@D@std@@V?$allocator@D@2@@std@@@property_tree@boost@@@12@@Z 00410b60 f i eqmap.obj
 0001:0000fbe0       ??$get_optional@V?$basic_string@DU?$char_traits@D@std@@V?$allocator@D@2@@std@@@?$basic_ptree@V?$basic_string@DU?$char_traits@D@std@@V?$allocator@D@2@@std@@V12@U?$less@V?$basic_string@DU?$char_traits@D@std@@V?$allocator@D@2@@std@@@2@@property_tree@boost@@QBE?AV?$optional@V?$basic_string@DU?$char_traits@D@std@@V?$allocator@D@2@@std@@@2@ABV?$string_path@V?$basic_string@DU?$char_traits@D@std@@V?$allocator@D@2@@std@@U?$id_translator@V?$basic_string@DU?$char_traits@D@std@@V?$allocator@D@2@@std@@@property_tree@boost@@@12@@Z 00410be0 f i eqmap.obj
 0001:0000fc60       ??$get_optional@M@?$basic_ptree@V?$basic_string@DU?$char_traits@D@std@@V?$allocator@D@2@@std@@V12@U?$less@V?$basic_string@DU?$char_traits@D@std@@V?$allocator@D@2@@std@@@2@@property_tree@boost@@QBE?AV?$optional@M@2@ABV?$string_path@V?$basic_string@DU?$char_traits@D@std@@V?$allocator@D@2@@std@@U?$id_translator@V?$basic_string@DU?$char_traits@D@std@@V?$allocator@D@2@@std@@@property_tree@boost@@@12@@Z 00410c60 f i eqmap.obj
 0001:0000fce0       ??$_Destroy_range@U?$_Wrap_alloc@V?$allocator@Umap_point_t@@@std@@@std@@@std@@YAXPAUmap_point_t@@0AAU?$_Wrap_alloc@V?$allocator@Umap_point_t@@@std@@@0@U_Nonscalar_ptr_iterator_tag@0@@Z 00410ce0 f i eqmap.obj
 0001:0000fd20       ??$_Destroy_range@U?$_Wrap_alloc@V?$allocator@Uzone_info_t@@@std@@@std@@@std@@YAXPAUzone_info_t@@0AAU?$_Wrap_alloc@V?$allocator@Uzone_info_t@@@std@@@0@U_Nonscalar_ptr_iterator_tag@0@@Z 00410d20 f i eqmap.obj
 0001:0000fda0       ??1?$find_iterator_base@V?$_String_iterator@V?$_String_val@U?$_Simple_types@D@std@@@std@@@std@@@detail@algorithm@boost@@IAE@XZ 00410da0 f i eqmap.obj
 0001:0000fda0       ??1?$transform_iterator@U?$copy_iterator_rangeF@V?$basic_string@DU?$char_traits@D@std@@V?$allocator@D@2@@std@@V?$_String_iterator@V?$_String_val@U?$_Simple_types@D@std@@@std@@@2@@detail@algorithm@boost@@V?$split_iterator@V?$_String_iterator@V?$_String_val@U?$_Simple_types@D@std@@@std@@@std@@@34@Uuse_default@4@U64@@boost@@QAE@XZ 00410da0 f i eqmap.obj
 0001:0000fda0       ??1?$split_iterator@V?$_String_iterator@V?$_String_val@U?$_Simple_types@D@std@@@std@@@std@@@algorithm@boost@@QAE@XZ 00410da0 f i eqmap.obj
 0001:0000fdd0       ??1?$pair@V?$basic_string@DU?$char_traits@D@std@@V?$allocator@D@2@@std@@V?$basic_ptree@V?$basic_string@DU?$char_traits@D@std@@V?$allocator@D@2@@std@@V12@U?$less@V?$basic_string@DU?$char_traits@D@std@@V?$allocator@D@2@@std@@@2@@property_tree@boost@@@std@@QAE@XZ 00410dd0 f i eqmap.obj
 0001:0000fe90       ??1?$pair@$$CBV?$basic_string@DU?$char_traits@D@std@@V?$allocator@D@2@@std@@V?$basic_ptree@V?$basic_string@DU?$char_traits@D@std@@V?$allocator@D@2@@std@@V12@U?$less@V?$basic_string@DU?$char_traits@D@std@@V?$allocator@D@2@@std@@@2@@property_tree@boost@@@std@@QAE@XZ 00410e90 f i eqmap.obj
 0001:0000ff00       ?construct@?$allocator@Umap_point_t@@@std@@QAEXPAUmap_point_t@@ABU3@@Z 00410f00 f i eqmap.obj
 0001:0000ff00       ??$construct@Umap_point_t@@AAU1@@?$allocator@Umap_point_t@@@std@@QAEXPAUmap_point_t@@AAU2@@Z 00410f00 f i eqmap.obj
 0001:0000ffa0       ??0?$split_iterator@V?$_String_iterator@V?$_String_val@U?$_Simple_types@D@std@@@std@@@std@@@algorithm@boost@@QAE@ABV012@@Z 00410fa0 f i eqmap.obj
 0001:00010020       ?lexical_cast_impl@?$lexical_cast_do_cast@MV?$basic_string@DU?$char_traits@D@std@@V?$allocator@D@2@@std@@@detail@boost@@SAMABV?$basic_string@DU?$char_traits@D@std@@V?$allocator@D@2@@std@@@Z 00411020 f i eqmap.obj
 0001:000100b0       ?lexical_cast_impl@?$lexical_cast_do_cast@HV?$basic_string@DU?$char_traits@D@std@@V?$allocator@D@2@@std@@@detail@boost@@SAHABV?$basic_string@DU?$char_traits@D@std@@V?$allocator@D@2@@std@@@Z 004110b0 f i eqmap.obj
 0001:00010150       ??1?$error_info_injector@Vini_parser_error@ini_parser@property_tree@boost@@@exception_detail@boost@@UAE@XZ 00411150 f i eqmap.obj
 0001:00010190       ??1?$optional@ABV?$basic_ptree@V?$basic_string@DU?$char_traits@D@std@@V?$allocator@D@2@@std@@V12@U?$less@V?$basic_string@DU?$char_traits@D@std@@V?$allocator@D@2@@std@@@2@@property_tree@boost@@@boost@@QAE@XZ 00411190 f i eqmap.obj
 0001:000101a0       ??_G?$error_info_injector@Vini_parser_error@ini_parser@property_tree@boost@@@exception_detail@boost@@UAEPAXI@Z 004111a0 f i eqmap.obj
 0001:000101a0       ??_E?$error_info_injector@Vini_parser_error@ini_parser@property_tree@boost@@@exception_detail@boost@@UAEPAXI@Z 004111a0 f i * CIL library *:* CIL module *
 0001:000101f0       ??$?RV?$_String_const_iterator@V?$_String_val@U?$_Simple_types@D@std@@@std@@@std@@@?$first_finderF@PBDUis_equal@algorithm@boost@@@detail@algorithm@boost@@QBE?AV?$iterator_range@V?$_String_const_iterator@V?$_String_val@U?$_Simple_types@D@std@@@std@@@std@@@3@V?$_String_const_iterator@V?$_String_val@U?$_Simple_types@D@std@@@std@@@std@@0@Z 004111f0 f i eqmap.obj
 0001:000101f0       ??$?RV?$_String_iterator@V?$_String_val@U?$_Simple_types@D@std@@@std@@@std@@@?$first_finderF@PBDUis_equal@algorithm@boost@@@detail@algorithm@boost@@QBE?AV?$iterator_range@V?$_String_iterator@V?$_String_val@U?$_Simple_types@D@std@@@std@@@std@@@3@V?$_String_iterator@V?$_String_val@U?$_Simple_types@D@std@@@std@@@std@@0@Z 004111f0 f i eqmap.obj
 0001:00010260       ??$?0U?$token_finderF@U?$is_any_ofF@D@detail@algorithm@boost@@@detail@algorithm@boost@@@?$split_iterator@V?$_String_iterator@V?$_String_val@U?$_Simple_types@D@std@@@std@@@std@@@algorithm@boost@@QAE@V?$_String_iterator@V?$_String_val@U?$_Simple_types@D@std@@@std@@@std@@0U?$token_finderF@U?$is_any_ofF@D@detail@algorithm@boost@@@detail@12@@Z 00411260 f i eqmap.obj
 0001:00010330       ??$make_transform_iterator@U?$copy_iterator_rangeF@V?$basic_string@DU?$char_traits@D@std@@V?$allocator@D@2@@std@@V?$_String_iterator@V?$_String_val@U?$_Simple_types@D@std@@@std@@@2@@detail@algorithm@boost@@V?$split_iterator@V?$_String_iterator@V?$_String_val@U?$_Simple_types@D@std@@@std@@@std@@@34@@boost@@YA?AV?$transform_iterator@U?$copy_iterator_rangeF@V?$basic_string@DU?$char_traits@D@std@@V?$allocator@D@2@@std@@V?$_String_iterator@V?$_String_val@U?$_Simple_types@D@std@@@std@@@2@@detail@algorithm@boost@@V?$split_iterator@V?$_String_iterator@V?$_String_val@U?$_Simple_types@D@std@@@std@@@std@@@34@Uuse_default@4@U64@@0@V?$split_iterator@V?$_String_iterator@V?$_String_val@U?$_Simple_types@D@std@@@std@@@std@@@algorithm@0@U?$copy_iterator_rangeF@V?$basic_string@DU?$char_traits@D@std@@V?$allocator@D@2@@std@@V?$_String_iterator@V?$_String_val@U?$_Simple_types@D@std@@@std@@@2@@detail@30@@Z 00411330 f i eqmap.obj
 0001:000103b0       ??$?0V?$transform_iterator@U?$copy_iterator_rangeF@V?$basic_string@DU?$char_traits@D@std@@V?$allocator@D@2@@std@@V?$_String_iterator@V?$_String_val@U?$_Simple_types@D@std@@@std@@@2@@detail@algorithm@boost@@V?$split_iterator@V?$_String_iterator@V?$_String_val@U?$_Simple_types@D@std@@@std@@@std@@@34@Uuse_default@4@U64@@boost@@@?$vector@V?$basic_string@DU?$char_traits@D@std@@V?$allocator@D@2@@std@@V?$allocator@V?$basic_string@DU?$char_traits@D@std@@V?$allocator@D@2@@std@@@2@@std@@QAE@V?$transform_iterator@U?$copy_iterator_rangeF@V?$basic_string@DU?$char_traits@D@std@@V?$allocator@D@2@@std@@V?$_String_iterator@V?$_String_val@U?$_Simple_types@D@std@@@std@@@2@@detail@algorithm@boost@@V?$split_iterator@V?$_String_iterator@V?$_String_val@U?$_Simple_types@D@std@@@std@@@std@@@34@Uuse_default@4@U64@@boost@@0PAPAX@Z 004113b0 f i eqmap.obj
 0001:00010490       ??$find_if@V?$_String_iterator@V?$_String_val@U?$_Simple_types@D@std@@@std@@@std@@U?$is_any_ofF@D@detail@algorithm@boost@@@std@@YA?AV?$_String_iterator@V?$_String_val@U?$_Simple_types@D@std@@@std@@@0@V10@0U?$is_any_ofF@D@detail@algorithm@boost@@@Z 00411490 f i eqmap.obj
 0001:00010540       ??$_Remove_if@PADU?$is_any_ofF@D@detail@algorithm@boost@@@std@@YAPADPAD0U?$is_any_ofF@D@detail@algorithm@boost@@@Z 00411540 f i eqmap.obj
 0001:000105e0       ??$find_format_all_copy_impl@V?$basic_string@DU?$char_traits@D@std@@V?$allocator@D@2@@std@@U?$first_finderF@PBDUis_equal@algorithm@boost@@@detail@algorithm@boost@@U?$const_formatF@V?$iterator_range@PBD@boost@@@456@V?$iterator_range@V?$_String_const_iterator@V?$_String_val@U?$_Simple_types@D@std@@@std@@@std@@@6@@detail@algorithm@boost@@YA?AV?$basic_string@DU?$char_traits@D@std@@V?$allocator@D@2@@std@@ABV34@U?$first_finderF@PBDUis_equal@algorithm@boost@@@012@U?$const_formatF@V?$iterator_range@PBD@boost@@@012@ABV?$iterator_range@V?$_String_const_iterator@V?$_String_val@U?$_Simple_types@D@std@@@std@@@std@@@2@@Z 004115e0 f i eqmap.obj
 0001:00010650       ??$enable_error_info@Vini_parser_error@ini_parser@property_tree@boost@@@boost@@YA?AU?$error_info_injector@Vini_parser_error@ini_parser@property_tree@boost@@@exception_detail@0@ABVini_parser_error@ini_parser@property_tree@0@@Z 00411650 f i eqmap.obj
 0001:000106a0       ??$throw_exception@U?$error_info_injector@Vini_parser_error@ini_parser@property_tree@boost@@@exception_detail@boost@@@boost@@YAXABU?$error_info_injector@Vini_parser_error@ini_parser@property_tree@boost@@@exception_detail@0@@Z 004116a0 f i eqmap.obj
 0001:00010700       ??0?$basic_ptree@V?$basic_string@DU?$char_traits@D@std@@V?$allocator@D@2@@std@@V12@U?$less@V?$basic_string@DU?$char_traits@D@std@@V?$allocator@D@2@@std@@@2@@property_tree@boost@@QAE@ABV?$basic_string@DU?$char_traits@D@std@@V?$allocator@D@2@@std@@@Z 00411700 f i eqmap.obj
 0001:000107b0       ?pop_back@?$basic_ptree@V?$basic_string@DU?$char_traits@D@std@@V?$allocator@D@2@@std@@V12@U?$less@V?$basic_string@DU?$char_traits@D@std@@V?$allocator@D@2@@std@@@2@@property_tree@boost@@QAEXXZ 004117b0 f i eqmap.obj
 0001:00010800       ?get_child_optional@?$basic_ptree@V?$basic_string@DU?$char_traits@D@std@@V?$allocator@D@2@@std@@V12@U?$less@V?$basic_string@DU?$char_traits@D@std@@V?$allocator@D@2@@std@@@2@@property_tree@boost@@QBE?AV?$optional@ABV?$basic_ptree@V?$basic_string@DU?$char_traits@D@std@@V?$allocator@D@2@@std@@V12@U?$less@V?$basic_string@DU?$char_traits@D@std@@V?$allocator@D@2@@std@@@2@@property_tree@boost@@@3@ABV?$string_path@V?$basic_string@DU?$char_traits@D@std@@V?$allocator@D@2@@std@@U?$id_translator@V?$basic_string@DU?$char_traits@D@std@@V?$allocator@D@2@@std@@@property_tree@boost@@@23@@Z 00411800 f i eqmap.obj
 0001:000108e0       ??$trim@D@detail@property_tree@boost@@YA?AV?$basic_string@DU?$char_traits@D@std@@V?$allocator@D@2@@std@@ABV34@ABVlocale@4@@Z 004118e0 f i eqmap.obj
 0001:00010a00       ??$make_pair@AAV?$basic_string@DU?$char_traits@D@std@@V?$allocator@D@2@@std@@V?$basic_ptree@V?$basic_string@DU?$char_traits@D@std@@V?$allocator@D@2@@std@@V12@U?$less@V?$basic_string@DU?$char_traits@D@std@@V?$allocator@D@2@@std@@@2@@property_tree@boost@@@std@@YA?AU?$pair@V?$basic_string@DU?$char_traits@D@std@@V?$allocator@D@2@@std@@V?$basic_ptree@V?$basic_string@DU?$char_traits@D@std@@V?$allocator@D@2@@std@@V12@U?$less@V?$basic_string@DU?$char_traits@D@std@@V?$allocator@D@2@@std@@@2@@property_tree@boost@@@0@AAV?$basic_string@DU?$char_traits@D@std@@V?$allocator@D@2@@0@$$QAV?$basic_ptree@V?$basic_string@DU?$char_traits@D@std@@V?$allocator@D@2@@std@@V12@U?$less@V?$basic_string@DU?$char_traits@D@std@@V?$allocator@D@2@@std@@@2@@property_tree@boost@@@Z 00411a00 f i eqmap.obj
 0001:00010a90       ??$?0V?$basic_string@DU?$char_traits@D@std@@V?$allocator@D@2@@std@@V?$basic_ptree@V?$basic_string@DU?$char_traits@D@std@@V?$allocator@D@2@@std@@V12@U?$less@V?$basic_string@DU?$char_traits@D@std@@V?$allocator@D@2@@std@@@2@@property_tree@boost@@@?$pair@$$CBV?$basic_string@DU?$char_traits@D@std@@V?$allocator@D@2@@std@@V?$basic_ptree@V?$basic_string@DU?$char_traits@D@std@@V?$allocator@D@2@@std@@V12@U?$less@V?$basic_string@DU?$char_traits@D@std@@V?$allocator@D@2@@std@@@2@@property_tree@boost@@@std@@QAE@$$QAU?$pair@V?$basic_string@DU?$char_traits@D@std@@V?$allocator@D@2@@std@@V?$basic_ptree@V?$basic_string@DU?$char_traits@D@std@@V?$allocator@D@2@@std@@V12@U?$less@V?$basic_string@DU?$char_traits@D@std@@V?$allocator@D@2@@std@@@2@@property_tree@boost@@@1@PAPAX@Z 00411a90 f i eqmap.obj
 0001:00010a90       ??$?0V?$basic_string@DU?$char_traits@D@std@@V?$allocator@D@2@@std@@V?$basic_ptree@V?$basic_string@DU?$char_traits@D@std@@V?$allocator@D@2@@std@@V12@U?$less@V?$basic_string@DU?$char_traits@D@std@@V?$allocator@D@2@@std@@@2@@property_tree@boost@@@?$pair@V?$basic_string@DU?$char_traits@D@std@@V?$allocator@D@2@@std@@V?$basic_ptree@V?$basic_string@DU?$char_traits@D@std@@V?$allocator@D@2@@std@@V12@U?$less@V?$basic_string@DU?$char_traits@D@std@@V?$allocator@D@2@@std@@@2@@property_tree@boost@@@std@@QAE@$$QAU01@PAPAX@Z 00411a90 f i eqmap.obj
 0001:00010b90       ??$get_value_optional@H@?$basic_ptree@V?$basic_string@DU?$char_traits@D@std@@V?$allocator@D@2@@std@@V12@U?$less@V?$basic_string@DU?$char_traits@D@std@@V?$allocator@D@2@@std@@@2@@property_tree@boost@@QBE?AV?$optional@H@2@XZ 00411b90 f i eqmap.obj
 0001:00010c40       ??$get_value_optional@_N@?$basic_ptree@V?$basic_string@DU?$char_traits@D@std@@V?$allocator@D@2@@std@@V12@U?$less@V?$basic_string@DU?$char_traits@D@std@@V?$allocator@D@2@@std@@@2@@property_tree@boost@@QBE?AV?$optional@_N@2@XZ 00411c40 f i eqmap.obj
 0001:00010cf0       ??$get_value_optional@V?$basic_string@DU?$char_traits@D@std@@V?$allocator@D@2@@std@@@?$basic_ptree@V?$basic_string@DU?$char_traits@D@std@@V?$allocator@D@2@@std@@V12@U?$less@V?$basic_string@DU?$char_traits@D@std@@V?$allocator@D@2@@std@@@2@@property_tree@boost@@QBE?AV?$optional@V?$basic_string@DU?$char_traits@D@std@@V?$allocator@D@2@@std@@@2@XZ 00411cf0 f i eqmap.obj
 0001:00010d20       ??$get_value_optional@M@?$basic_ptree@V?$basic_string@DU?$char_traits@D@std@@V?$allocator@D@2@@std@@V12@U?$less@V?$basic_string@DU?$char_traits@D@std@@V?$allocator@D@2@@std@@@2@@property_tree@boost@@QBE?AV?$optional@M@2@XZ 00411d20 f i eqmap.obj
 0001:00010dd0       ??$destroy@Umap_point_t@@@?$_Wrap_alloc@V?$allocator@Umap_point_t@@@std@@@std@@QAEXPAUmap_point_t@@@Z 00411dd0 f i eqmap.obj
 0001:00010e00       ??$_Uninit_move@PAUmap_line_t@@PAU1@V?$allocator@Umap_line_t@@@std@@U1@@std@@YAPAUmap_line_t@@PAU1@00AAU?$_Wrap_alloc@V?$allocator@Umap_line_t@@@std@@@0@0U_Nonscalar_ptr_iterator_tag@0@@Z 00411e00 f i eqmap.obj
 0001:00010e50       ??$_Uninit_move@PAUmap_point_t@@PAU1@V?$allocator@Umap_point_t@@@std@@U1@@std@@YAPAUmap_point_t@@PAU1@00AAU?$_Wrap_alloc@V?$allocator@Umap_point_t@@@std@@@0@0U_Nonscalar_ptr_iterator_tag@0@@Z 00411e50 f i eqmap.obj
 0001:00010f40       ??$_Uninit_move@PAUzone_info_t@@PAU1@V?$allocator@Uzone_info_t@@@std@@U1@@std@@YAPAUzone_info_t@@PAU1@00AAU?$_Wrap_alloc@V?$allocator@Uzone_info_t@@@std@@@0@0U_Nonscalar_ptr_iterator_tag@0@@Z 00411f40 f i eqmap.obj
 0001:00011050       ??$_Uninit_move@PAV?$basic_string@DU?$char_traits@D@std@@V?$allocator@D@2@@std@@PAV12@V?$allocator@V?$basic_string@DU?$char_traits@D@std@@V?$allocator@D@2@@std@@@2@V12@@std@@YAPAV?$basic_string@DU?$char_traits@D@std@@V?$allocator@D@2@@0@PAV10@00AAU?$_Wrap_alloc@V?$allocator@V?$basic_string@DU?$char_traits@D@std@@V?$allocator@D@2@@std@@@std@@@0@0U_Nonscalar_ptr_iterator_tag@0@@Z 00412050 f i eqmap.obj
 0001:000110e0       ??$?RV?$_String_iterator@V?$_String_val@U?$_Simple_types@D@std@@@std@@@std@@@?$token_finderF@U?$is_any_ofF@D@detail@algorithm@boost@@@detail@algorithm@boost@@QBE?AV?$iterator_range@V?$_String_iterator@V?$_String_val@U?$_Simple_types@D@std@@@std@@@std@@@3@V?$_String_iterator@V?$_String_val@U?$_Simple_types@D@std@@@std@@@std@@0@Z 004120e0 f i eqmap.obj
 0001:000111c0       ??$throw_exception@Vbad_lexical_cast@boost@@@boost@@YAXABVbad_lexical_cast@0@@Z 004121c0 f i eqmap.obj
 0001:00011210       ??$shr_signed@H@?$lexical_stream_limited_src@DU?$char_traits@D@std@@$0A@@detail@boost@@AAE_NAAH@Z 00412210 f i eqmap.obj
 0001:000112c0       ??$lcast_ret_float@U?$char_traits@D@std@@MD@detail@boost@@YA_NAAMPBD1@Z 004122c0 f i eqmap.obj
 0001:00011900       ??_D?$clone_impl@U?$error_info_injector@Vini_parser_error@ini_parser@property_tree@boost@@@exception_detail@boost@@@exception_detail@boost@@QAEXXZ 00412900 f i eqmap.obj
 0001:00011970       ??0?$clone_impl@U?$error_info_injector@Vini_parser_error@ini_parser@property_tree@boost@@@exception_detail@boost@@@exception_detail@boost@@QAE@ABV012@@Z 00412970 f i eqmap.obj
 0001:00011a50       ??0?$error_info_injector@Vini_parser_error@ini_parser@property_tree@boost@@@exception_detail@boost@@QAE@ABU012@@Z 00412a50 f i eqmap.obj
 0001:00011af0       ??0ini_parser_error@ini_parser@property_tree@boost@@QAE@ABV0123@@Z 00412af0 f i eqmap.obj
 0001:00011b10       ??0file_parser_error@property_tree@boost@@QAE@ABV012@@Z 00412b10 f i eqmap.obj
 0001:00011bc0       ??0ptree_error@property_tree@boost@@QAE@ABV012@@Z 00412bc0 f i eqmap.obj
 0001:00011be0       ??0exception@boost@@QAE@ABV01@@Z 00412be0 f i eqmap.obj
 0001:00011c20       ??0clone_base@exception_detail@boost@@QAE@ABV012@@Z 00412c20 f i eqmap.obj
 0001:00011c30       ??_D?$clone_impl@U?$error_info_injector@Vbad_lexical_cast@boost@@@exception_detail@boost@@@exception_detail@boost@@QAEXXZ 00412c30 f i eqmap.obj
 0001:00011c50       ??0?$clone_impl@U?$error_info_injector@Vbad_lexical_cast@boost@@@exception_detail@boost@@@exception_detail@boost@@QAE@ABV012@@Z 00412c50 f i eqmap.obj
 0001:00011d30       ??0?$error_info_injector@Vbad_lexical_cast@boost@@@exception_detail@boost@@QAE@ABU012@@Z 00412d30 f i eqmap.obj
 0001:00011dd0       ??0bad_lexical_cast@boost@@QAE@ABV01@@Z 00412dd0 f i eqmap.obj
 0001:00011e00       ??_E?$clone_impl@U?$error_info_injector@Vini_parser_error@ini_parser@property_tree@boost@@@exception_detail@boost@@@exception_detail@boost@@UAEPAXI@Z 00412e00 f i * CIL library *:* CIL module *
 0001:00011e00       ??_G?$clone_impl@U?$error_info_injector@Vini_parser_error@ini_parser@property_tree@boost@@@exception_detail@boost@@@exception_detail@boost@@UAEPAXI@Z 00412e00 f i eqmap.obj
 0001:00011e30       ??_G?$clone_impl@U?$error_info_injector@Vbad_lexical_cast@boost@@@exception_detail@boost@@@exception_detail@boost@@UAEPAXI@Z 00412e30 f i eqmap.obj
 0001:00011e30       ??_E?$clone_impl@U?$error_info_injector@Vbad_lexical_cast@boost@@@exception_detail@boost@@@exception_detail@boost@@UAEPAXI@Z 00412e30 f i * CIL library *:* CIL module *
 0001:00011e60       ??_G?$error_info_injector@Vbad_lexical_cast@boost@@@exception_detail@boost@@UAEPAXI@Z 00412e60 f i eqmap.obj
 0001:00011e60       ??_E?$error_info_injector@Vbad_lexical_cast@boost@@@exception_detail@boost@@UAEPAXI@Z 00412e60 f i * CIL library *:* CIL module *
 0001:00011ec0       ?erase@?$vector@V?$basic_string@DU?$char_traits@D@std@@V?$allocator@D@2@@std@@V?$allocator@V?$basic_string@DU?$char_traits@D@std@@V?$allocator@D@2@@std@@@2@@std@@QAE?AV?$_Vector_iterator@V?$_Vector_val@U?$_Simple_types@V?$basic_string@DU?$char_traits@D@std@@V?$allocator@D@2@@std@@@std@@@std@@@2@V?$_Vector_const_iterator@V?$_Vector_val@U?$_Simple_types@V?$basic_string@DU?$char_traits@D@std@@V?$allocator@D@2@@std@@@std@@@std@@@2@0@Z 00412ec0 f i eqmap.obj
 0001:00011f30       ?increment@?$split_iterator@V?$_String_iterator@V?$_String_val@U?$_Simple_types@D@std@@@std@@@std@@@algorithm@boost@@AAEXXZ 00412f30 f i eqmap.obj
 0001:00011f90       ?clone@?$clone_impl@U?$error_info_injector@Vini_parser_error@ini_parser@property_tree@boost@@@exception_detail@boost@@@exception_detail@boost@@EBEPBVclone_base@23@XZ 00412f90 f i eqmap.obj
 0001:00012020       ?rethrow@?$clone_impl@U?$error_info_injector@Vini_parser_error@ini_parser@property_tree@boost@@@exception_detail@boost@@@exception_detail@boost@@EBEXXZ 00413020 f i eqmap.obj
 0001:00012060       ??1?$error_info_injector@Vbad_lexical_cast@boost@@@exception_detail@boost@@UAE@XZ 00413060 f i eqmap.obj
 0001:000120a0       ??1?$clone_impl@U?$error_info_injector@Vbad_lexical_cast@boost@@@exception_detail@boost@@@exception_detail@boost@@UAE@XZ 004130a0 f i eqmap.obj
 0001:00012100       ?clone@?$clone_impl@U?$error_info_injector@Vbad_lexical_cast@boost@@@exception_detail@boost@@@exception_detail@boost@@EBEPBVclone_base@23@XZ 00413100 f i eqmap.obj
 0001:00012190       ?rethrow@?$clone_impl@U?$error_info_injector@Vbad_lexical_cast@boost@@@exception_detail@boost@@@exception_detail@boost@@EBEXXZ 00413190 f i eqmap.obj
 0001:000121c0       ?insert@?$sequenced_index@U?$nth_layer@$00U?$pair@$$CBV?$basic_string@DU?$char_traits@D@std@@V?$allocator@D@2@@std@@V?$basic_ptree@V?$basic_string@DU?$char_traits@D@std@@V?$allocator@D@2@@std@@V12@U?$less@V?$basic_string@DU?$char_traits@D@std@@V?$allocator@D@2@@std@@@2@@property_tree@boost@@@std@@U?$indexed_by@U?$sequenced@U?$tag@Una@mpl@boost@@U123@U123@U123@U123@U123@U123@U123@U123@U123@U123@U123@U123@U123@U123@U123@U123@U123@U123@U123@@multi_index@boost@@@multi_index@boost@@U?$ordered_non_unique@U?$tag@Uby_name@subs@?$basic_ptree@V?$basic_string@DU?$char_traits@D@std@@V?$allocator@D@2@@std@@V12@U?$less@V?$basic_string@DU?$char_traits@D@std@@V?$allocator@D@2@@std@@@2@@property_tree@boost@@Una@mpl@5@U675@U675@U675@U675@U675@U675@U675@U675@U675@U675@U675@U675@U675@U675@U675@U675@U675@U675@@multi_index@boost@@U?$member@U?$pair@$$CBV?$basic_string@DU?$char_traits@D@std@@V?$allocator@D@2@@std@@V?$basic_ptree@V?$basic_string@DU?$char_traits@D@std@@V?$allocator@D@2@@std@@V12@U?$less@V?$basic_string@DU?$char_traits@D@std@@V?$allocator@D@2@@std@@@2@@property_tree@boost@@@std@@$$CBV?$basic_string@DU?$char_traits@D@std@@V?$allocator@D@2@@2@$0A@@23@U?$less@V?$basic_string@DU?$char_traits@D@std@@V?$allocator@D@2@@std@@@std@@@23@Una@mpl@3@U563@U563@U563@U563@U563@U563@U563@U563@U563@U563@U563@U563@U563@U563@U563@U563@U563@@multi_index@boost@@V?$allocator@U?$pair@$$CBV?$basic_string@DU?$char_traits@D@std@@V?$allocator@D@2@@std@@V?$basic_ptree@V?$basic_string@DU?$char_traits@D@std@@V?$allocator@D@2@@std@@V12@U?$less@V?$basic_string@DU?$char_traits@D@std@@V?$allocator@D@2@@std@@@2@@property_tree@boost@@@std@@@2@@detail@multi_index@boost@@U?$vector0@Una@mpl@boost@@@mpl@4@@detail@multi_index@boost@@QAE?AU?$pair@V?$bidir_node_iterator@U?$sequenced_index_node@U?$ordered_index_node@U?$index_node_base@U?$pair@$$CBV?$basic_string@DU?$char_traits@D@std@@V?$allocator@D@2@@std@@V?$basic_ptree@V?$basic_string@DU?$char_traits@D@std@@V?$allocator@D@2@@std@@V12@U?$less@V?$basic_string@DU?$char_traits@D@std@@V?$allocator@D@2@@std@@@2@@property_tree@boost@@@std@@V?$allocator@U?$pair@$$CBV?$basic_string@DU?$char_traits@D@std@@V?$allocator@D@2@@std@@V?$basic_ptree@V?$basic_string@DU?$char_traits@D@std@@V?$allocator@D@2@@std@@V12@U?$less@V?$basic_string@DU?$char_traits@D@std@@V?$allocator@D@2@@std@@@2@@property_tree@boost@@@std@@@2@@detail@multi_index@boost@@@detail@multi_index@boost@@@detail@multi_index@boost@@@detail@multi_index@boost@@_N@std@@V?$bidir_node_iterator@U?$sequenced_index_node@U?$ordered_index_node@U?$index_node_base@U?$pair@$$CBV?$basic_string@DU?$char_traits@D@std@@V?$allocator@D@2@@std@@V?$basic_ptree@V?$basic_string@DU?$char_traits@D@std@@V?$allocator@D@2@@std@@V12@U?$less@V?$basic_string@DU?$char_traits@D@std@@V?$allocator@D@2@@std@@@2@@property_tree@boost@@@std@@V?$allocator@U?$pair@$$CBV?$basic_string@DU?$char_traits@D@std@@V?$allocator@D@2@@std@@V?$basic_ptree@V?$basic_string@DU?$char_traits@D@std@@V?$allocator@D@2@@std@@V12@U?$less@V?$basic_string@DU?$char_traits@D@std@@V?$allocator@D@2@@std@@@2@@property_tree@boost@@@std@@@2@@detail@multi_index@boost@@@detail@multi_index@boost@@@detail@multi_index@boost@@@234@ABU?$pair@$$CBV?$basic_string@DU?$char_traits@D@std@@V?$allocator@D@2@@std@@V?$basic_ptree@V?$basic_string@DU?$char_traits@D@std@@V?$allocator@D@2@@std@@V12@U?$less@V?$basic_string@DU?$char_traits@D@std@@V?$allocator@D@2@@std@@@2@@property_tree@boost@@@6@@Z 004131c0 f i eqmap.obj
 0001:00012250       ?erase@?$sequenced_index@U?$nth_layer@$00U?$pair@$$CBV?$basic_string@DU?$char_traits@D@std@@V?$allocator@D@2@@std@@V?$basic_ptree@V?$basic_string@DU?$char_traits@D@std@@V?$allocator@D@2@@std@@V12@U?$less@V?$basic_string@DU?$char_traits@D@std@@V?$allocator@D@2@@std@@@2@@property_tree@boost@@@std@@U?$indexed_by@U?$sequenced@U?$tag@Una@mpl@boost@@U123@U123@U123@U123@U123@U123@U123@U123@U123@U123@U123@U123@U123@U123@U123@U123@U123@U123@U123@@multi_index@boost@@@multi_index@boost@@U?$ordered_non_unique@U?$tag@Uby_name@subs@?$basic_ptree@V?$basic_string@DU?$char_traits@D@std@@V?$allocator@D@2@@std@@V12@U?$less@V?$basic_string@DU?$char_traits@D@std@@V?$allocator@D@2@@std@@@2@@property_tree@boost@@Una@mpl@5@U675@U675@U675@U675@U675@U675@U675@U675@U675@U675@U675@U675@U675@U675@U675@U675@U675@U675@@multi_index@boost@@U?$member@U?$pair@$$CBV?$basic_string@DU?$char_traits@D@std@@V?$allocator@D@2@@std@@V?$basic_ptree@V?$basic_string@DU?$char_traits@D@std@@V?$allocator@D@2@@std@@V12@U?$less@V?$basic_string@DU?$char_traits@D@std@@V?$allocator@D@2@@std@@@2@@property_tree@boost@@@std@@$$CBV?$basic_string@DU?$char_traits@D@std@@V?$allocator@D@2@@2@$0A@@23@U?$less@V?$basic_string@DU?$char_traits@D@std@@V?$allocator@D@2@@std@@@std@@@23@Una@mpl@3@U563@U563@U563@U563@U563@U563@U563@U563@U563@U563@U563@U563@U563@U563@U563@U563@U563@@multi_index@boost@@V?$allocator@U?$pair@$$CBV?$basic_string@DU?$char_traits@D@std@@V?$allocator@D@2@@std@@V?$basic_ptree@V?$basic_string@DU?$char_traits@D@std@@V?$allocator@D@2@@std@@V12@U?$less@V?$basic_string@DU?$char_traits@D@std@@V?$allocator@D@2@@std@@@2@@property_tree@boost@@@std@@@2@@detail@multi_index@boost@@U?$vector0@Una@mpl@boost@@@mpl@4@@detail@multi_index@boost@@QAE?AV?$bidir_node_iterator@U?$sequenced_index_node@U?$ordered_index_node@U?$index_node_base@U?$pair@$$CBV?$basic_string@DU?$char_traits@D@std@@V?$allocator@D@2@@std@@V?$basic_ptree@V?$basic_string@DU?$char_traits@D@std@@V?$allocator@D@2@@std@@V12@U?$less@V?$basic_string@DU?$char_traits@D@std@@V?$allocator@D@2@@std@@@2@@property_tree@boost@@@std@@V?$allocator@U?$pair@$$CBV?$basic_string@DU?$char_traits@D@std@@V?$allocator@D@2@@std@@V?$basic_ptree@V?$basic_string@DU?$char_traits@D@std@@V?$allocator@D@2@@std@@V12@U?$less@V?$basic_string@DU?$char_traits@D@std@@V?$allocator@D@2@@std@@@2@@property_tree@boost@@@std@@@2@@detail@multi_index@boost@@@detail@multi_index@boost@@@detail@multi_index@boost@@@234@V5234@@Z 00413250 f i eqmap.obj
[...]
 0002:00006ff0       __tryblocktable$??$map_line_data_value_can_lexical_cast@M@@YA_NV?$basic_string@DU?$char_traits@D@std@@V?$allocator@D@2@@std@@HHAAM00@Z 00432ff0     * CIL library *:* CIL module *
 0002:00007004       __catchsym$??$map_line_data_value_can_lexical_cast@M@@YA_NV?$basic_string@DU?$char_traits@D@std@@V?$allocator@D@2@@std@@HHAAM00@Z$10 00433004     * CIL library *:* CIL module *
 0002:00007024       __ehfuncinfo$??$split@V?$vector@V?$basic_string@DU?$char_traits@D@std@@V?$allocator@D@2@@std@@V?$allocator@V?$basic_string@DU?$char_traits@D@std@@V?$allocator@D@2@@std@@@2@@std@@V?$basic_string@DU?$char_traits@D@std@@V?$allocator@D@2@@2@U?$is_any_ofF@D@detail@algorithm@boost@@@algorithm@boost@@YAAAV?$vector@V?$basic_string@DU?$char_traits@D@std@@V?$allocator@D@2@@std@@V?$allocator@V?$basic_string@DU?$char_traits@D@std@@V?$allocator@D@2@@std@@@2@@std@@AAV23@AAV?$basic_string@DU?$char_traits@D@std@@V?$allocator@D@2@@3@U?$is_any_ofF@D@detail@01@W4token_compress_mode_type@01@@Z 00433024     * CIL library *:* CIL module *
 0002:00007048       __unwindtable$??$split@V?$vector@V?$basic_string@DU?$char_traits@D@std@@V?$allocator@D@2@@std@@V?$allocator@V?$basic_string@DU?$char_traits@D@std@@V?$allocator@D@2@@std@@@2@@std@@V?$basic_string@DU?$char_traits@D@std@@V?$allocator@D@2@@2@U?$is_any_ofF@D@detail@algorithm@boost@@@algorithm@boost@@YAAAV?$vector@V?$basic_string@DU?$char_traits@D@std@@V?$allocator@D@2@@std@@V?$allocator@V?$basic_string@DU?$char_traits@D@std@@V?$allocator@D@2@@std@@@2@@std@@AAV23@AAV?$basic_string@DU?$char_traits@D@std@@V?$allocator@D@2@@3@U?$is_any_ofF@D@detail@01@W4token_compress_mode_type@01@@Z 00433048     * CIL library *:* CIL module *
 0002:00007050       __ehfuncinfo$??$?5DU?$char_traits@D@std@@@std@@YAAAV?$basic_istream@DU?$char_traits@D@std@@@0@AAV10@AAD@Z 00433050     * CIL library *:* CIL module *
 0002:00007074       __unwindtable$??$?5DU?$char_traits@D@std@@@std@@YAAAV?$basic_istream@DU?$char_traits@D@std@@@0@AAV10@AAD@Z 00433074     * CIL library *:* CIL module *
 0002:00007094       __ehfuncinfo$??$?6DU?$char_traits@D@std@@V?$allocator@D@1@@std@@YAAAV?$basic_ostream@DU?$char_traits@D@std@@@0@AAV10@ABV?$basic_string@DU?$char_traits@D@std@@V?$allocator@D@2@@0@@Z 00433094     * CIL library *:* CIL module *
 0002:000070b8       __unwindtable$??$?6DU?$char_traits@D@std@@V?$allocator@D@1@@std@@YAAAV?$basic_ostream@DU?$char_traits@D@std@@@0@AAV10@ABV?$basic_string@DU?$char_traits@D@std@@V?$allocator@D@2@@0@@Z 004330b8     * CIL library *:* CIL module *
 0002:000070d8       __ehfuncinfo$??$?6U?$char_traits@D@std@@@std@@YAAAV?$basic_ostream@DU?$char_traits@D@std@@@0@AAV10@PBD@Z 004330d8     * CIL library *:* CIL module *
 0002:000070d8       __ehfuncinfo$??$?6U?$char_traits@D@std@@@std@@YAAAV?$basic_ostream@DU?$char_traits@D@std@@@0@AAV10@D@Z 004330d8     * CIL library *:* CIL module *
 0002:000070fc       __unwindtable$??$?6U?$char_traits@D@std@@@std@@YAAAV?$basic_ostream@DU?$char_traits@D@std@@@0@AAV10@D@Z 004330fc     * CIL library *:* CIL module *
 0002:000070fc       __unwindtable$??$?6U?$char_traits@D@std@@@std@@YAAAV?$basic_ostream@DU?$char_traits@D@std@@@0@AAV10@PBD@Z 004330fc     * CIL library *:* CIL module *
 0002:0000711c       __ehfuncinfo$?_Copy@?$basic_string@DU?$char_traits@D@std@@V?$allocator@D@2@@std@@QAEXII@Z 0043311c     * CIL library *:* CIL module *
 0002:00007140       __unwindtable$?_Copy@?$basic_string@DU?$char_traits@D@std@@V?$allocator@D@2@@std@@QAEXII@Z 00433140     * CIL library *:* CIL module *
 0002:00007160       __tryblocktable$?_Copy@?$basic_string@DU?$char_traits@D@std@@V?$allocator@D@2@@std@@QAEXII@Z 00433160     * CIL library *:* CIL module *
 0002:00007188       __catchsym$?_Copy@?$basic_string@DU?$char_traits@D@std@@V?$allocator@D@2@@std@@QAEXII@Z$4 00433188     * CIL library *:* CIL module *
 0002:00007198       __catchsym$?_Copy@?$basic_string@DU?$char_traits@D@std@@V?$allocator@D@2@@std@@QAEXII@Z$5 00433198     * CIL library *:* CIL module *
 0002:000071a8       __ehfuncinfo$?_Reallocate@?$vector@Uzone_info_t@@V?$allocator@Uzone_info_t@@@std@@@std@@IAEXI@Z 004331a8     * CIL library *:* CIL module *
 0002:000071cc       __unwindtable$?_Reallocate@?$vector@Uzone_info_t@@V?$allocator@Uzone_info_t@@@std@@@std@@IAEXI@Z 004331cc     * CIL library *:* CIL module *
 0002:000071dc       __tryblocktable$?_Reallocate@?$vector@Uzone_info_t@@V?$allocator@Uzone_info_t@@@std@@@std@@IAEXI@Z 004331dc     * CIL library *:* CIL module *
 0002:000071f0       __catchsym$?_Reallocate@?$vector@Uzone_info_t@@V?$allocator@Uzone_info_t@@@std@@@std@@IAEXI@Z$2 004331f0     * CIL library *:* CIL module *
 0002:00007200       __ehfuncinfo$?_Reallocate@?$vector@Umap_point_t@@V?$allocator@Umap_point_t@@@std@@@std@@IAEXI@Z 00433200     * CIL library *:* CIL module *
 0002:00007224       __unwindtable$?_Reallocate@?$vector@Umap_point_t@@V?$allocator@Umap_point_t@@@std@@@std@@IAEXI@Z 00433224     * CIL library *:* CIL module *
 0002:00007234       __tryblocktable$?_Reallocate@?$vector@Umap_point_t@@V?$allocator@Umap_point_t@@@std@@@std@@IAEXI@Z 00433234     * CIL library *:* CIL module *
 0002:00007248       __catchsym$?_Reallocate@?$vector@Umap_point_t@@V?$allocator@Umap_point_t@@@std@@@std@@IAEXI@Z$2 00433248     * CIL library *:* CIL module *
 0002:00007258       __ehfuncinfo$?_Endwrite@?$basic_filebuf@DU?$char_traits@D@std@@@std@@IAE_NXZ 00433258     * CIL library *:* CIL module *
 0002:0000727c       __unwindtable$?_Endwrite@?$basic_filebuf@DU?$char_traits@D@std@@@std@@IAE_NXZ 0043327c     * CIL library *:* CIL module *
 0002:00007284       __ehfuncinfo$?open@?$basic_filebuf@DU?$char_traits@D@std@@@std@@QAEPAV12@PBDHH@Z 00433284     * CIL library *:* CIL module *
 0002:000072a8       __unwindtable$?open@?$basic_filebuf@DU?$char_traits@D@std@@@std@@QAEPAV12@PBDHH@Z 004332a8     * CIL library *:* CIL module *
 0002:000072b0       __ehfuncinfo$?overflow@?$basic_filebuf@DU?$char_traits@D@std@@@std@@MAEHH@Z 004332b0     * CIL library *:* CIL module *
 0002:000072b0       __ehfuncinfo$?uflow@?$basic_filebuf@DU?$char_traits@D@std@@@std@@MAEHXZ 004332b0     * CIL library *:* CIL module *
 0002:000072d4       __unwindtable$?overflow@?$basic_filebuf@DU?$char_traits@D@std@@@std@@MAEHH@Z 004332d4     * CIL library *:* CIL module *
 0002:000072d4       __unwindtable$?uflow@?$basic_filebuf@DU?$char_traits@D@std@@@std@@MAEHXZ 004332d4     * CIL library *:* CIL module *
 0002:000072dc       __ehfuncinfo$??0?$basic_ifstream@DU?$char_traits@D@std@@@std@@QAE@PBDHH@Z 004332dc     * CIL library *:* CIL module *
 0002:00007300       __unwindtable$??0?$basic_ifstream@DU?$char_traits@D@std@@@std@@QAE@PBDHH@Z 00433300     * CIL library *:* CIL module *
 0002:00007320       __ehfuncinfo$?push_back@?$vector@Uzone_info_t@@V?$allocator@Uzone_info_t@@@std@@@std@@QAEXABUzone_info_t@@@Z 00433320     * CIL library *:* CIL module *
 0002:00007344       __unwindtable$?push_back@?$vector@Uzone_info_t@@V?$allocator@Uzone_info_t@@@std@@@std@@QAEXABUzone_info_t@@@Z 00433344     * CIL library *:* CIL module *
 0002:00007354       __ehfuncinfo$??0?$basic_stringstream@DU?$char_traits@D@std@@V?$allocator@D@2@@std@@QAE@H@Z 00433354     * CIL library *:* CIL module *
 0002:00007378       __unwindtable$??0?$basic_stringstream@DU?$char_traits@D@std@@V?$allocator@D@2@@std@@QAE@H@Z 00433378     * CIL library *:* CIL module *
 0002:00007390       __ehfuncinfo$_main         00433390     * CIL library *:* CIL module *
 0002:000073b4       __unwindtable$_main        004333b4     * CIL library *:* CIL module *
 0002:000073d4       __ehfuncinfo$?window_proc_hook@@YGJPAUHWND__@@IIJ@Z 004333d4     * CIL library *:* CIL module *
 0002:000073f8       __unwindtable$?window_proc_hook@@YGJPAUHWND__@@IIJ@Z 004333f8     * CIL library *:* CIL module *
 0002:00007428       __ehfuncinfo$?map_load_config@@YAXXZ 00433428     * CIL library *:* CIL module *
 0002:00007450       __unwindtable$?map_load_config@@YAXXZ 00433450     * CIL library *:* CIL module *
 0002:000075d0       __ehfuncinfo$??0zone_info_t@@QAE@ABU0@@Z 004335d0     * CIL library *:* CIL module *
 0002:000075f4       __unwindtable$??0zone_info_t@@QAE@ABU0@@Z 004335f4     * CIL library *:* CIL module *
 0002:00007608       __ehfuncinfo$?bar_zones_create@@YAXXZ 00433608     * CIL library *:* CIL module *
 0002:00007630       __unwindtable$?bar_zones_create@@YAXXZ 00433630     * CIL library *:* CIL module *
 0002:000076a0       __ehfuncinfo$?bar_zones_button_zone_name@@YGXPAX@Z 004336a0     * CIL library *:* CIL module *
 0002:000076c4       __unwindtable$?bar_zones_button_zone_name@@YGXPAX@Z 004336c4     * CIL library *:* CIL module *
 0002:000076d0       __ehfuncinfo$?render@@YAXXZ 004336d0     * CIL library *:* CIL module *
 0002:000076f8       __unwindtable$?render@@YAXXZ 004336f8     * CIL library *:* CIL module *
 0002:00007898       __ehfuncinfo$?error_callback@@YAXHPBD@Z 00433898     * CIL library *:* CIL module *
 0002:000078bc       __unwindtable$?error_callback@@YAXHPBD@Z 004338bc     * CIL library *:* CIL module *
 0002:000078c8       __ehfuncinfo$?parse_zone_info@@YAXXZ 004338c8     * CIL library *:* CIL module *
 0002:000078f0       __unwindtable$?parse_zone_info@@YAXXZ 004338f0     * CIL library *:* CIL module *
 0002:00007930       __ehfuncinfo$?map_load_zone@@YAXV?$basic_string@DU?$char_traits@D@std@@V?$allocator@D@2@@std@@@Z 00433930     * CIL library *:* CIL module *
 0002:00007958       __unwindtable$?map_load_zone@@YAXV?$basic_string@DU?$char_traits@D@std@@V?$allocator@D@2@@std@@@Z 00433958     * CIL library *:* CIL module *
 0002:000079b0       __ehfuncinfo$?map_parse_file@@YAXV?$basic_string@DU?$char_traits@D@std@@V?$allocator@D@2@@std@@H@Z 004339b0     * CIL library *:* CIL module *
 0002:000079d8       __unwindtable$?map_parse_file@@YAXV?$basic_string@DU?$char_traits@D@std@@V?$allocator@D@2@@std@@H@Z 004339d8     * CIL library *:* CIL module *
 0002:00007b00       __ehfuncinfo$?font_load@@YAXXZ 00433b00     * CIL library *:* CIL module *
 0002:00007b24       __unwindtable$?font_load@@YAXXZ 00433b24     * CIL library *:* CIL module *
 0002:00007b4c       __ehfuncinfo$?get_windows_font_file@@YA?AV?$basic_string@DU?$char_traits@D@std@@V?$allocator@D@2@@std@@V12@@Z 00433b4c     * CIL library *:* CIL module *
 0002:00007b70       __unwindtable$?get_windows_font_file@@YA?AV?$basic_string@DU?$char_traits@D@std@@V?$allocator@D@2@@std@@V12@@Z 00433b70     * CIL library *:* CIL module *
 0002:00007b80       __ehfuncinfo$?draw_string_background@@YAXPAVFTFont@@HMMV?$basic_string@DU?$char_traits@D@std@@V?$allocator@D@2@@std@@@Z 00433b80     * CIL library *:* CIL module *
 0002:00007ba4       __unwindtable$?draw_string_background@@YAXPAVFTFont@@HMMV?$basic_string@DU?$char_traits@D@std@@V?$allocator@D@2@@std@@@Z 00433ba4     * CIL library *:* CIL module *
 0002:00007bb4       __ehfuncinfo$?draw_string@@YAXPAVFTFont@@HMMV?$basic_string@DU?$char_traits@D@std@@V?$allocator@D@2@@std@@@Z 00433bb4     * CIL library *:* CIL module *
 0002:00007bd8       __unwindtable$?draw_string@@YAXPAVFTFont@@HMMV?$basic_string@DU?$char_traits@D@std@@V?$allocator@D@2@@std@@@Z 00433bd8     * CIL library *:* CIL module *
 0002:00007be0       __ehfuncinfo$?file_exists@@YA_NV?$basic_string@DU?$char_traits@D@std@@V?$allocator@D@2@@std@@@Z 00433be0     * CIL library *:* CIL module *
 0002:00007c04       __unwindtable$?file_exists@@YA_NV?$basic_string@DU?$char_traits@D@std@@V?$allocator@D@2@@std@@@Z 00433c04     * CIL library *:* CIL module *
 0002:00007c0c       __ehfuncinfo$?format_what@file_parser_error@property_tree@boost@@CA?AV?$basic_string@DU?$char_traits@D@std@@V?$allocator@D@2@@std@@ABV45@0K@Z 00433c0c     * CIL library *:* CIL module *
 0002:00007c30       __unwindtable$?format_what@file_parser_error@property_tree@boost@@CA?AV?$basic_string@DU?$char_traits@D@std@@V?$allocator@D@2@@std@@ABV45@0K@Z 00433c30     * CIL library *:* CIL module *
 0002:00007c38       __ehfuncinfo$??0file_parser_error@property_tree@boost@@QAE@ABV?$basic_string@DU?$char_traits@D@std@@V?$allocator@D@2@@std@@0K@Z 00433c38     * CIL library *:* CIL module *
 0002:00007c5c       __unwindtable$??0file_parser_error@property_tree@boost@@QAE@ABV?$basic_string@DU?$char_traits@D@std@@V?$allocator@D@2@@std@@0K@Z 00433c5c     * CIL library *:* CIL module *
 0002:00007c7c       __ehfuncinfo$?copy_boost_exception@exception_detail@boost@@YAXPAVexception@2@PBV32@@Z 00433c7c     * CIL library *:* CIL module *
 0002:00007ca0       __unwindtable$?copy_boost_exception@exception_detail@boost@@YAXPAVexception@2@PBV32@@Z 00433ca0     * CIL library *:* CIL module *
 0002:00007cb0       __ehfuncinfo$??8locale@std@@QBE_NABV01@@Z 00433cb0     * CIL library *:* CIL module *
 0002:00007cd4       __unwindtable$??8locale@std@@QBE_NABV01@@Z 00433cd4     * CIL library *:* CIL module *
 0002:00007ce4       __ehfuncinfo$?name@locale@std@@QBE?AV?$basic_string@DU?$char_traits@D@std@@V?$allocator@D@2@@2@XZ 00433ce4     * CIL library *:* CIL module *
 0002:00007d08       __unwindtable$?name@locale@std@@QBE?AV?$basic_string@DU?$char_traits@D@std@@V?$allocator@D@2@@2@XZ 00433d08     * CIL library *:* CIL module *
 0002:00008358       .idata$6                   00434358     opengl32:OPENGL32.dll
 0002:00008520       .idata$6                   00434520     glfw3dll:glfw3.dll
 0002:0000867a       .idata$6                   0043467a     AntTweakBar:AntTweakBar.dll
 0002:00008a20       .idata$6                   00434a20     ftgl:ftgl.dll
 0002:00008a52       .idata$6                   00434a52     kernel32:KERNEL32.dll
 0002:00008af2       .idata$6                   00434af2     user32:USER32.dll
 0002:00008b42       .idata$6                   00434b42     shell32:SHELL32.dll
 0002:00009d9e       .idata$6                   00435d9e     msvcprt:MSVCP110.dll
 0002:0000a0ae       .idata$6                   004360ae     MSVCRT:MSVCR110.dll
 0003:00000078       _has_ETC1_capability       00437078     * CIL library *:* CIL module *
 0003:0000007c       _has_PVR_capability        0043707c     * CIL library *:* CIL module *
 0003:00000080       _has_tex_rectangle_capability 00437080     * CIL library *:* CIL module *
 0003:00000084       _has_BGRA8888_capability   00437084     * CIL library *:* CIL module *
 0003:00000088       _has_NPOT_capability       00437088     * CIL library *:* CIL module *
 0003:0000008c       _has_gen_mipmap_capability 0043708c     * CIL library *:* CIL module *
 0003:00000094       _has_DXT_capability        00437094     * CIL library *:* CIL module *
 0003:00000098       _has_cubemap_capability    00437098     * CIL library *:* CIL module *
 0003:0000009c       _stbi_de_iphone_flag       0043709c     * CIL library *:* CIL module *
 0003:000000a0       _dist_extra                004370a0     * CIL library *:* CIL module *
 0003:00000120       _dist_base                 00437120     * CIL library *:* CIL module *
 0003:000001a0       _length_extra              004371a0     * CIL library *:* CIL module *
 0003:0000021c       _stbi_stdio_callbacks      0043721c     * CIL library *:* CIL module *
 0003:00000228       _bmask                     00437228     * CIL library *:* CIL module *
 0003:0000026c       _h2l_gamma_i               0043726c     * CIL library *:* CIL module *
 0003:00000270       _length_base               00437270     * CIL library *:* CIL module *
 0003:000002ec       _first_row_filter          004372ec     * CIL library *:* CIL module *
 0003:000002f4       _h2l_scale_i               004372f4     * CIL library *:* CIL module *
 0003:000002f8       _dezigzag                  004372f8     * CIL library *:* CIL module *
 0003:000010ac       ?is_gl3@?1??isAtLeastGL3@@YAHXZ@4HA 004380ac     * CIL library *:* CIL module *
 0003:000010b0       ?invalid_chunk@?IB@??parse_png_file@@YAHPAUpng@@HH@Z@4PADA 004380b0     * CIL library *:* CIL module *
 0003:000010c8       ?length_dezigzag@?1??compute_huffman_codes@@YAHPAUzbuf@@@Z@4PAEA 004380c8     * CIL library *:* CIL module *
 0003:000010dc       ?png_sig@?1??check_png_header@@YAHPAUstbi@@@Z@4PAEA 004380dc     * CIL library *:* CIL module *
 0003:000010f0       __Fac_head                 004380f0     msvcprt:locale0_implib.obj
 0003:000010f4       __Fac_tidy_reg             004380f4     msvcprt:locale0_implib.obj
 0003:000010f8       _mainret                   004380f8     MSVCRT:crtexe.obj
 0003:000010fc       _has_cctor                 004380fc     MSVCRT:crtexe.obj
 0003:00001100       _argc                      00438100     MSVCRT:crtexe.obj
 0003:00001104       _argv                      00438104     MSVCRT:crtexe.obj
 0003:00001108       _envp                      00438108     MSVCRT:crtexe.obj
 0003:0000110c       _argret                    0043810c     MSVCRT:crtexe.obj
 0003:00001110       _managedapp                00438110     MSVCRT:crtexe.obj
 0003:00001114       _startinfo                 00438114     MSVCRT:crtexe.obj
 0003:00001118       _GS_ExceptionRecord        00438118     MSVCRT:gs_report.obj
 0003:00001168       _GS_ContextRecord          00438168     MSVCRT:gs_report.obj
 0003:00001434       _DebuggerWasPresent        00438434     MSVCRT:gs_report.obj
 0003:000014fc       _soilGlGenerateMipmap      004384fc     * CIL library *:* CIL module *
 0003:00001500       _soilGlCompressedTexImage2D 00438500     * CIL library *:* CIL module *
 0003:00001504       _soilGlGetStringiFunc      00438504     * CIL library *:* CIL module *
 0003:0000150c       _stbi_unpremultiply_on_load 0043850c     * CIL library *:* CIL module *
 0003:00001510       _DisableTwiddlingRoutine   00438510     * CIL library *:* CIL module *
 0003:00001514       __8                        00438514     * CIL library *:* CIL module *
 0003:00001515       __1                        00438515     * CIL library *:* CIL module *
 0003:00001516       __Tuple_alloc              00438516     * CIL library *:* CIL module *
 0003:00001517       __5                        00438517     * CIL library *:* CIL module *
 0003:00001518       __9                        00438518     * CIL library *:* CIL module *
 0003:00001519       __4                        00438519     * CIL library *:* CIL module *
 0003:0000151a       _ordered_range             0043851a     * CIL library *:* CIL module *
 0003:0000151b       __2                        0043851b     * CIL library *:* CIL module *
 0003:00001534       __7                        00438534     * CIL library *:* CIL module *
 0003:00001535       _ignore                    00438535     * CIL library *:* CIL module *
 0003:00001536       __3                        00438536     * CIL library *:* CIL module *
 0003:00001537       _allocator_arg             00438537     * CIL library *:* CIL module *
 0003:00001550       _ordered_unique_range      00438550     * CIL library *:* CIL module *
 0003:00001551       _piecewise_construct       00438551     * CIL library *:* CIL module *
 0003:00001552       __6                        00438552     * CIL library *:* CIL module *
 0003:00001574       _failure_reason            00438574     * CIL library *:* CIL module *
 0003:00001578       _default_length            00438578     * CIL library *:* CIL module *
 0003:00001698       _default_distance          00438698     * CIL library *:* CIL module *
 0003:000016b8       ?s_PrevKeyDownMod@?1??window_proc_hook@@YGJPAUHWND__@@IIJ@Z@4HA 004386b8     * CIL library *:* CIL module *
 0003:000016bc       ?mouse_wheel_pos@?1??scroll_callback@@YAXPAUGLFWwindow@@NN@Z@4HA 004386bc     * CIL library *:* CIL module *
 0003:000016c0       ?s_PrevKeyDown@?1??window_proc_hook@@YGJPAUHWND__@@IIJ@Z@4IA 004386c0     * CIL library *:* CIL module *
 0003:000016c4       ?s_PrevKeyDownHandled@?1??window_proc_hook@@YGJPAUHWND__@@IIJ@Z@4HA 004386c4     * CIL library *:* CIL module *
 0004:00000060       $R000000                   00439060     * linker generated manifest res *
