 eqmap

 Timestamp is 527926b8 (Tue Nov 05 11:11:20 2013)

 Preferred load address is 00400000

 Start         Length     Name                   Class
 0001:00000000 00021ca0H .text                   CODE
 0001:00021ca0 00002183H .text$x                 CODE
 0001:00023e30 000001c7H .text$yc                CODE
 0001:00024000 00000465H .text$yd                CODE
 0002:00000000 000003f8H .idata$5                DATA
 0002:000003f8 00000004H .CRT$XCA                DATA
 0002:000003fc 00000004H .CRT$XCAA               DATA
 0002:00000400 00000004H .CRT$XCL                DATA
 0002:00000404 00000048H .CRT$XCU                DATA
 0002:0000044c 00000004H .CRT$XCZ                DATA
 0002:00000450 00000004H .CRT$XIA                DATA
 0002:00000454 00000004H .CRT$XIAA               DATA
 0002:00000458 00000004H .CRT$XIC                DATA
 0002:0000045c 00000004H .CRT$XIY                DATA
 0002:00000460 00000004H .CRT$XIZ                DATA
 0002:00000470 00003198H .rdata                  DATA
 0002:00003608 00000054H .rdata$debug            DATA
 0002:0000365c 00000ebcH .rdata$r                DATA
 0002:00004520 000001ecH .rdata$sxdata           DATA
 0002:0000470c 00000004H .rtc$IAA                DATA
 0002:00004710 00000004H .rtc$IZZ                DATA
 0002:00004714 00000004H .rtc$TAA                DATA
 0002:00004718 00000004H .rtc$TZZ                DATA
 0002:00004720 000026c0H .xdata$x                DATA
 0002:00006de0 000000a0H .idata$2                DATA
 0002:00006e80 00000014H .idata$3                DATA
 0002:00006e94 000003f8H .idata$4                DATA
 0002:0000728c 00001cfaH .idata$6                DATA
 0002:00008f86 00000000H .edata                  DATA
 0003:00000000 00001030H .data                   DATA
 0003:00001040 00000e20H .bss                    DATA
 0004:00000000 00000058H .rsrc$01                DATA
 0004:00000060 00000180H .rsrc$02                DATA

  Address         Publics by Value              Rva+Base       Lib:Object

 0000:00000000       __except_list              00000000     <absolute>
 0000:0000007b       ___safe_se_handler_count   0000007b     <absolute>
 0000:00009876       __ldused                   00009876     <absolute>
 0000:00009876       __fltused                  00009876     <absolute>
 0000:00000000       ___ImageBase               00400000     <linker-defined>
 0001:00000000       _fabsf                     00401000 f i eqmap.obj
 0001:00000020       ??3@YAXPAX0@Z              00401020 f i eqmap.obj
 0001:00000020       ??1?$_Deque_iterator@V?$_Deque_val@U?$_Deque_simple_types@D@std@@@std@@@std@@QAE@XZ 00401020 f i eqmap.obj
 0001:00000030       ?compare@?$char_traits@D@std@@SAHPBD0I@Z 00401030 f i eqmap.obj
 0001:00000090       ?copy@?$char_traits@D@std@@SAPADPADPBDI@Z 00401090 f i eqmap.obj
 0001:000000b0       ?move@?$char_traits@D@std@@SAPADPADPBDI@Z 004010b0 f i eqmap.obj
 0001:000000d0       ??_Eruntime_error@std@@UAEPAXI@Z 004010d0 f i * CIL library *:* CIL module *
 0001:000000d0       ??_Ebad_function_call@boost@@UAEPAXI@Z 004010d0 f i * CIL library *:* CIL module *
 0001:000000d0       ??_Gruntime_error@std@@UAEPAXI@Z 004010d0 f i eqmap.obj
 0001:000000d0       ??_Gbad_function_call@boost@@UAEPAXI@Z 004010d0 f i eqmap.obj
 0001:00000100       ??0runtime_error@std@@QAE@ABV01@@Z 00401100 f i eqmap.obj
 0001:00000120       ??1locale@std@@QAE@XZ      00401120 f i eqmap.obj
 0001:00000120       ??1?$stream_translator@DU?$char_traits@D@std@@V?$allocator@D@2@H@property_tree@boost@@QAE@XZ 00401120 f i eqmap.obj
 0001:00000120       ??1?$stream_translator@DU?$char_traits@D@std@@V?$allocator@D@2@_N@property_tree@boost@@QAE@XZ 00401120 f i eqmap.obj
 0001:00000140       ?name@locale@std@@QBE?AV?$basic_string@DU?$char_traits@D@std@@V?$allocator@D@2@@2@XZ 00401140 f i eqmap.obj
 0001:000002a0       ??8locale@std@@QBE_NABV01@@Z 004012a0 f i eqmap.obj
 0001:00000430       ??_E_Generic_error_category@std@@UAEPAXI@Z 00401430 f i * CIL library *:* CIL module *
 0001:00000430       ??_Eerror_category@std@@UAEPAXI@Z 00401430 f i * CIL library *:* CIL module *
 0001:00000430       ??_E_System_error_category@std@@UAEPAXI@Z 00401430 f i * CIL library *:* CIL module *
 0001:00000430       ??_Gerror_category@std@@UAEPAXI@Z 00401430 f i eqmap.obj
 0001:00000430       ??_G_Iostream_error_category@std@@UAEPAXI@Z 00401430 f i eqmap.obj
 0001:00000430       ??_G_Generic_error_category@std@@UAEPAXI@Z 00401430 f i eqmap.obj
 0001:00000430       ??_E_Iostream_error_category@std@@UAEPAXI@Z 00401430 f i * CIL library *:* CIL module *
 0001:00000430       ??_G_System_error_category@std@@UAEPAXI@Z 00401430 f i eqmap.obj
 0001:00000460       ?default_error_condition@error_category@std@@UBE?AVerror_condition@2@H@Z 00401460 f i eqmap.obj
 0001:00000480       ?equivalent@error_category@std@@UBE_NHABVerror_condition@2@@Z 00401480 f i eqmap.obj
 0001:000004c0       ?equivalent@error_category@std@@UBE_NABVerror_code@2@H@Z 004014c0 f i eqmap.obj
 0001:000004e0       ?name@_Generic_error_category@std@@UBEPBDXZ 004014e0 f i eqmap.obj
 0001:000004f0       ?message@_Generic_error_category@std@@UBE?AV?$basic_string@DU?$char_traits@D@std@@V?$allocator@D@2@@2@H@Z 004014f0 f i eqmap.obj
 0001:00000570       ?name@_Iostream_error_category@std@@UBEPBDXZ 00401570 f i eqmap.obj
 0001:00000580       ?message@_Iostream_error_category@std@@UBE?AV?$basic_string@DU?$char_traits@D@std@@V?$allocator@D@2@@2@H@Z 00401580 f i eqmap.obj
 0001:000005d0       ?name@_System_error_category@std@@UBEPBDXZ 004015d0 f i eqmap.obj
 0001:000005e0       ?message@_System_error_category@std@@UBE?AV?$basic_string@DU?$char_traits@D@std@@V?$allocator@D@2@@2@H@Z 004015e0 f i eqmap.obj
 0001:00000660       ?default_error_condition@_System_error_category@std@@UBE?AVerror_condition@2@H@Z 00401660 f i eqmap.obj
 0001:000006a0       ?fixed@std@@YAAAVios_base@1@AAV21@@Z 004016a0 f i eqmap.obj
 0001:000006c0       ??1sentry@?$basic_istream@DU?$char_traits@D@std@@@std@@QAE@XZ 004016c0 f i eqmap.obj
 0001:000006c0       ??1_Sentry_base@?$basic_ostream@DU?$char_traits@D@std@@@std@@QAE@XZ 004016c0 f i eqmap.obj
 0001:000006c0       ??1_Sentry_base@?$basic_istream@DU?$char_traits@D@std@@@std@@QAE@XZ 004016c0 f i eqmap.obj
 0001:000006e0       ??1clone_base@exception_detail@boost@@UAE@XZ 004016e0 f i eqmap.obj
 0001:000006f0       ??_Eclone_base@exception_detail@boost@@UAEPAXI@Z 004016f0 f i * CIL library *:* CIL module *
 0001:000006f0       ??_Gclone_base@exception_detail@boost@@UAEPAXI@Z 004016f0 f i eqmap.obj
 0001:00000720       ?copy_boost_exception@exception_detail@boost@@YAXPAVexception@2@PBV32@@Z 00401720 f i eqmap.obj
 0001:00000800       ?what@bad_lexical_cast@boost@@UBEPBDXZ 00401800 f i eqmap.obj
 0001:00000810       ??1bad_lexical_cast@boost@@UAE@XZ 00401810 f i eqmap.obj
 0001:00000820       ??_Ebad_lexical_cast@boost@@UAEPAXI@Z 00401820 f i * CIL library *:* CIL module *
 0001:00000820       ??_Gbad_lexical_cast@boost@@UAEPAXI@Z 00401820 f i eqmap.obj
 0001:00000850       ??1bad_function_call@boost@@UAE@XZ 00401850 f i eqmap.obj
 0001:00000860       ??Bauto_any_base@foreach_detail_@boost@@QBE_NXZ 00401860 f i eqmap.obj
 0001:00000860       ?has_empty_target@function@detail@boost@@YA_NZZ 00401860 f i eqmap.obj
 0001:00000870       ??1placeholder@any@boost@@UAE@XZ 00401870 f i eqmap.obj
 0001:00000880       ??_Eplaceholder@any@boost@@UAEPAXI@Z 00401880 f i * CIL library *:* CIL module *
 0001:00000880       ??_Gplaceholder@any@boost@@UAEPAXI@Z 00401880 f i eqmap.obj
 0001:000008b0       ??_Gptree_error@property_tree@boost@@UAEPAXI@Z 004018b0 f i eqmap.obj
 0001:000008b0       ??_Eptree_error@property_tree@boost@@UAEPAXI@Z 004018b0 f i * CIL library *:* CIL module *
 0001:000008e0       ??1ptree_error@property_tree@boost@@UAE@XZ 004018e0 f i eqmap.obj
 0001:000008f0       ??1ptree_bad_path@property_tree@boost@@UAE@XZ 004018f0 f i eqmap.obj
 0001:00000920       ??_Eptree_bad_path@property_tree@boost@@UAEPAXI@Z 00401920 f i * CIL library *:* CIL module *
 0001:00000920       ??_Gptree_bad_path@property_tree@boost@@UAEPAXI@Z 00401920 f i eqmap.obj
 0001:00000960       ?dump_sequence@detail@property_tree@boost@@YA?AV?$basic_string@DU?$char_traits@D@std@@V?$allocator@D@2@@std@@ABV45@@Z 00401960 f i eqmap.obj
 0001:00000990       ??0file_parser_error@property_tree@boost@@QAE@ABV?$basic_string@DU?$char_traits@D@std@@V?$allocator@D@2@@std@@0K@Z 00401990 f i eqmap.obj
 0001:00000aa0       ??1file_parser_error@property_tree@boost@@UAE@XZ 00401aa0 f i eqmap.obj
 0001:00000b00       ?message@file_parser_error@property_tree@boost@@QBE?AV?$basic_string@DU?$char_traits@D@std@@V?$allocator@D@2@@std@@XZ 00401b00 f i eqmap.obj
 0001:00000b40       ?format_what@file_parser_error@property_tree@boost@@CA?AV?$basic_string@DU?$char_traits@D@std@@V?$allocator@D@2@@std@@ABV45@0K@Z 00401b40 f i eqmap.obj
 0001:00000c60       ??_Gfile_parser_error@property_tree@boost@@UAEPAXI@Z 00401c60 f i eqmap.obj
 0001:00000c60       ??_Eini_parser_error@ini_parser@property_tree@boost@@UAEPAXI@Z 00401c60 f i * CIL library *:* CIL module *
 0001:00000c60       ??_Gini_parser_error@ini_parser@property_tree@boost@@UAEPAXI@Z 00401c60 f i eqmap.obj
 0001:00000c60       ??_Efile_parser_error@property_tree@boost@@UAEPAXI@Z 00401c60 f i * CIL library *:* CIL module *
 0001:00000c90       ??_D?$basic_stringstream@DU?$char_traits@D@std@@V?$allocator@D@2@@std@@QAEXXZ 00401c90 f i eqmap.obj
 0001:00000cd0       ??1ini_parser_error@ini_parser@property_tree@boost@@UAE@XZ 00401cd0 f i eqmap.obj
 0001:00000ce0       ?set_false@foreach_detail_@boost@@YA_NAA_N@Z 00401ce0 f i eqmap.obj
 0001:00000cf0       ?file_exists@@YA_NV?$basic_string@DU?$char_traits@D@std@@V?$allocator@D@2@@std@@@Z 00401cf0 f   eqmap.obj
 0001:00000dd0       ??_D?$basic_ifstream@DU?$char_traits@D@std@@@std@@QAEXXZ 00401dd0 f i eqmap.obj
 0001:00000e10       ?string_contains@@YA_NV?$basic_string@DU?$char_traits@D@std@@V?$allocator@D@2@@std@@0@Z 00401e10 f   eqmap.obj
 0001:00000e70       ?get_bool_string@@YA?AV?$basic_string@DU?$char_traits@D@std@@V?$allocator@D@2@@std@@_N@Z 00401e70 f   eqmap.obj
 0001:00000ee0       ?message_box_show_error@@YAXV?$basic_string@DU?$char_traits@D@std@@V?$allocator@D@2@@std@@@Z 00401ee0 f   eqmap.obj
 0001:00000f20       ?draw_bitmap_string@@YAXMMPAXV?$basic_string@DU?$char_traits@D@std@@V?$allocator@D@2@@std@@@Z 00401f20 f   eqmap.obj
 0001:00000f70       ?draw_bitmap_string_background@@YAXMMPAXHV?$basic_string@DU?$char_traits@D@std@@V?$allocator@D@2@@std@@@Z 00401f70 f   eqmap.obj
 0001:00001090       ?window_load_background_texture@@YAXXZ 00402090 f   eqmap.obj
 0001:000010c0       ?map_calculate_bounds@@YAXXZ 004020c0 f   eqmap.obj
 0001:000013a0       ?map_parse_file@@YAXV?$basic_string@DU?$char_traits@D@std@@V?$allocator@D@2@@std@@H@Z 004023a0 f   eqmap.obj
 0001:00001f50       ??1map_point_t@@QAE@XZ     00402f50 f i eqmap.obj
 0001:00001f80       ?map_load_zone@@YAXV?$basic_string@DU?$char_traits@D@std@@V?$allocator@D@2@@std@@@Z 00402f80 f   eqmap.obj
 0001:00002910       ?parse_zone_info@@YAXXZ    00403910 f   eqmap.obj
 0001:00002e30       ??1zone_info_t@@QAE@XZ     00403e30 f i eqmap.obj
 0001:00002ea0       ?keyboard@@YAXEHH@Z        00403ea0 f   eqmap.obj
 0001:00002fe0       ?special@@YAXHHH@Z         00403fe0 f   eqmap.obj
 0001:000030c0       ?mouse@@YAXHHHH@Z          004040c0 f   eqmap.obj
 0001:000031f0       ?mouse_wheel@@YAXHHHH@Z    004041f0 f   eqmap.obj
 0001:00003260       ?motion@@YAXHH@Z           00404260 f   eqmap.obj
 0001:000032f0       ?reshape@@YAXHH@Z          004042f0 f   eqmap.obj
 0001:000033d0       ?render@@YAXXZ             004043d0 f   eqmap.obj
 0001:00005d00       ?init_gl@@YAXXZ            00406d00 f   eqmap.obj
 0001:00005dd0       ?done@@YAXXZ               00406dd0 f   eqmap.obj
 0001:00005de0       ?CopyStdStringToClient@@YGXAAV?$basic_string@DU?$char_traits@D@std@@V?$allocator@D@2@@std@@ABV12@@Z 00406de0 f   eqmap.obj
 0001:00005e00       ?bar_error_handler@@YGXPBD@Z 00406e00 f   eqmap.obj
 0001:00005e00       ??$destroy@PAD@?$_Wrap_alloc@V?$allocator@D@std@@@std@@QAEXPAPAD@Z 00406e00 f   eqmap.obj
 0001:00005e10       ?bar_options_button_toggle_fullscreen@@YGXPAX@Z 00406e10 f   eqmap.obj
 0001:00005e20       ?bar_options_button_load_background_texture@@YGXPAX@Z 00406e20 f   eqmap.obj
 0001:00005e50       ?bar_options_button_load_zone@@YGXPAX@Z 00406e50 f   eqmap.obj
 0001:00005e90       ?bar_options_button_reset_height_filter@@YGXPAX@Z 00406e90 f   eqmap.obj
 0001:00005ea0       ?bar_options_button_zoom_to_fit@@YGXPAX@Z 00406ea0 f   eqmap.obj
 0001:00005ec0       ?bar_options_button_reset_zoom_and_center_map@@YGXPAX@Z 00406ec0 f   eqmap.obj
 0001:00005ef0       ?bar_options_button_exit@@YGXPAX@Z 00406ef0 f   eqmap.obj
 0001:00005f00       ?bar_zones_refresh@@YAXXZ  00406f00 f   eqmap.obj
 0001:00005f30       ?bar_zones_button_refresh_zones@@YGXPAX@Z 00406f30 f   eqmap.obj
 0001:00005f60       ?bar_zones_button_zone_name@@YGXPAX@Z 00406f60 f   eqmap.obj
 0001:00006020       ?bar_zones_create@@YAXXZ   00407020 f   eqmap.obj
 0001:00006590       ??0zone_info_t@@QAE@ABU0@@Z 00407590 f i eqmap.obj
 0001:00006640       ?bar_options_create@@YAXXZ 00407640 f   eqmap.obj
 0001:00006c60       ?map_load_config@@YAXXZ    00407c60 f   eqmap.obj
 0001:00007930       ??1?$basic_string@DU?$char_traits@D@std@@V?$allocator@D@2@@std@@QAE@XZ 00408930 f i eqmap.obj
 0001:00007930       ??1?$string_path@V?$basic_string@DU?$char_traits@D@std@@V?$allocator@D@2@@std@@U?$id_translator@V?$basic_string@DU?$char_traits@D@std@@V?$allocator@D@2@@std@@@property_tree@boost@@@property_tree@boost@@QAE@XZ 00408930 f i eqmap.obj
 0001:00007960       ?window_proc_hook@@YGJPAUHWND__@@IIJ@Z 00408960 f   eqmap.obj
 0001:00007cc0       _main                      00408cc0 f   eqmap.obj
 0001:00008160       ??0?$basic_string@DU?$char_traits@D@std@@V?$allocator@D@2@@std@@QAE@ABV01@@Z 00409160 f i eqmap.obj
 0001:00008190       ??0?$basic_string@DU?$char_traits@D@std@@V?$allocator@D@2@@std@@QAE@PBD@Z 00409190 f i eqmap.obj
 0001:000081f0       ??0?$basic_string@DU?$char_traits@D@std@@V?$allocator@D@2@@std@@QAE@$$QAV01@@Z 004091f0 f i eqmap.obj
 0001:00008260       ??4?$basic_string@DU?$char_traits@D@std@@V?$allocator@D@2@@std@@QAEAAV01@$$QAV01@@Z 00409260 f i eqmap.obj
 0001:000082a0       ?erase@?$basic_string@DU?$char_traits@D@std@@V?$allocator@D@2@@std@@QAE?AV?$_String_iterator@V?$_String_val@U?$_Simple_types@D@std@@@std@@@2@V?$_String_const_iterator@V?$_String_val@U?$_Simple_types@D@std@@@std@@@2@0@Z 004092a0 f i eqmap.obj
 0001:000082f0       ?end@?$basic_string@DU?$char_traits@D@std@@V?$allocator@D@2@@std@@QAE?AV?$_String_iterator@V?$_String_val@U?$_Simple_types@D@std@@@std@@@2@XZ 004092f0 f i eqmap.obj
 0001:00008320       ?substr@?$basic_string@DU?$char_traits@D@std@@V?$allocator@D@2@@std@@QBE?AV12@II@Z 00409320 f i eqmap.obj
 0001:00008360       ?do_decimal_point@?$numpunct@D@std@@MBEDXZ 00409360 f i eqmap.obj
 0001:00008370       ?do_thousands_sep@?$numpunct@D@std@@MBEDXZ 00409370 f i eqmap.obj
 0001:00008380       ?do_grouping@?$numpunct@D@std@@MBE?AV?$basic_string@DU?$char_traits@D@std@@V?$allocator@D@2@@2@XZ 00409380 f i eqmap.obj
 0001:000083e0       ?do_falsename@?$numpunct@D@std@@MBE?AV?$basic_string@DU?$char_traits@D@std@@V?$allocator@D@2@@2@XZ 004093e0 f i eqmap.obj
 0001:00008440       ?do_truename@?$numpunct@D@std@@MBE?AV?$basic_string@DU?$char_traits@D@std@@V?$allocator@D@2@@2@XZ 00409440 f i eqmap.obj
 0001:000084a0       ??1?$refcount_ptr@Uerror_info_container@exception_detail@boost@@@exception_detail@boost@@QAE@XZ 004094a0 f i eqmap.obj
 0001:000084c0       ??0?$basic_stringstream@DU?$char_traits@D@std@@V?$allocator@D@2@@std@@QAE@H@Z 004094c0 f i eqmap.obj
 0001:00008580       ?str@?$basic_stringstream@DU?$char_traits@D@std@@V?$allocator@D@2@@std@@QBE?AV?$basic_string@DU?$char_traits@D@std@@V?$allocator@D@2@@2@XZ 00409580 f i eqmap.obj
 0001:000085a0       ?str@?$basic_stringstream@DU?$char_traits@D@std@@V?$allocator@D@2@@std@@QAEXABV?$basic_string@DU?$char_traits@D@std@@V?$allocator@D@2@@2@@Z 004095a0 f i eqmap.obj
 0001:000085b0       ??1?$basic_stringbuf@DU?$char_traits@D@std@@V?$allocator@D@2@@std@@UAE@XZ 004095b0 f i eqmap.obj
 0001:00008620       ?overflow@?$basic_stringbuf@DU?$char_traits@D@std@@V?$allocator@D@2@@std@@MAEHH@Z 00409620 f i eqmap.obj
 0001:000087f0       ?pbackfail@?$basic_stringbuf@DU?$char_traits@D@std@@V?$allocator@D@2@@std@@MAEHH@Z 004097f0 f i eqmap.obj
 0001:00008850       ?underflow@?$basic_stringbuf@DU?$char_traits@D@std@@V?$allocator@D@2@@std@@MAEHXZ 00409850 f i eqmap.obj
 0001:000088b0       ?seekoff@?$basic_stringbuf@DU?$char_traits@D@std@@V?$allocator@D@2@@std@@MAE?AV?$fpos@H@2@_JHH@Z 004098b0 f i eqmap.obj
 0001:00008a80       ?seekpos@?$basic_stringbuf@DU?$char_traits@D@std@@V?$allocator@D@2@@std@@MAE?AV?$fpos@H@2@V32@H@Z 00409a80 f i eqmap.obj
 0001:00008bb0       ?push_back@?$vector@Umap_line_t@@V?$allocator@Umap_line_t@@@std@@@std@@QAEXABUmap_line_t@@@Z 00409bb0 f i eqmap.obj
 0001:00008ca0       ?push_back@?$vector@Umap_point_t@@V?$allocator@Umap_point_t@@@std@@@std@@QAEXABUmap_point_t@@@Z 00409ca0 f i eqmap.obj
 0001:00008d40       ?push_back@?$vector@Uzone_info_t@@V?$allocator@Uzone_info_t@@@std@@@std@@QAEXABUzone_info_t@@@Z 00409d40 f i eqmap.obj
 0001:00008e10       ??0?$basic_ifstream@DU?$char_traits@D@std@@@std@@QAE@PBDHH@Z 00409e10 f i eqmap.obj
 0001:00008f10       ?close@?$basic_ifstream@DU?$char_traits@D@std@@@std@@QAEXXZ 00409f10 f i eqmap.obj
 0001:00008f90       ??1?$basic_filebuf@DU?$char_traits@D@std@@@std@@UAE@XZ 00409f90 f i eqmap.obj
 0001:00009010       ?_Lock@?$basic_filebuf@DU?$char_traits@D@std@@@std@@UAEXXZ 0040a010 f i eqmap.obj
 0001:00009020       ?_Unlock@?$basic_filebuf@DU?$char_traits@D@std@@@std@@UAEXXZ 0040a020 f i eqmap.obj
 0001:00009030       ?overflow@?$basic_filebuf@DU?$char_traits@D@std@@@std@@MAEHH@Z 0040a030 f i eqmap.obj
 0001:00009220       ?pbackfail@?$basic_filebuf@DU?$char_traits@D@std@@@std@@MAEHH@Z 0040a220 f i eqmap.obj
 0001:000092b0       ?underflow@?$basic_filebuf@DU?$char_traits@D@std@@@std@@MAEHXZ 0040a2b0 f i eqmap.obj
 0001:000092f0       ?uflow@?$basic_filebuf@DU?$char_traits@D@std@@@std@@MAEHXZ 0040a2f0 f i eqmap.obj
 0001:00009510       ?seekoff@?$basic_filebuf@DU?$char_traits@D@std@@@std@@MAE?AV?$fpos@H@2@_JHH@Z 0040a510 f i eqmap.obj
 0001:00009620       ?seekpos@?$basic_filebuf@DU?$char_traits@D@std@@@std@@MAE?AV?$fpos@H@2@V32@H@Z 0040a620 f i eqmap.obj
 0001:00009710       ?setbuf@?$basic_filebuf@DU?$char_traits@D@std@@@std@@MAEPAV?$basic_streambuf@DU?$char_traits@D@std@@@2@PAD_J@Z 0040a710 f i eqmap.obj
 0001:000097a0       ?sync@?$basic_filebuf@DU?$char_traits@D@std@@@std@@MAEHXZ 0040a7a0 f i eqmap.obj
 0001:000097d0       ?imbue@?$basic_filebuf@DU?$char_traits@D@std@@@std@@MAEXABVlocale@2@@Z 0040a7d0 f i eqmap.obj
 0001:00009810       ?push_back@?$vector@V?$basic_string@DU?$char_traits@D@std@@V?$allocator@D@2@@std@@V?$allocator@V?$basic_string@DU?$char_traits@D@std@@V?$allocator@D@2@@std@@@2@@std@@QAEX$$QAV?$basic_string@DU?$char_traits@D@std@@V?$allocator@D@2@@2@@Z 0040a810 f i eqmap.obj
 0001:00009890       ??1?$vector@V?$basic_string@DU?$char_traits@D@std@@V?$allocator@D@2@@std@@V?$allocator@V?$basic_string@DU?$char_traits@D@std@@V?$allocator@D@2@@std@@@2@@std@@QAE@XZ 0040a890 f i eqmap.obj
 0001:00009890       ?_Tidy@?$vector@V?$basic_string@DU?$char_traits@D@std@@V?$allocator@D@2@@std@@V?$allocator@V?$basic_string@DU?$char_traits@D@std@@V?$allocator@D@2@@std@@@2@@std@@IAEXXZ 0040a890 f i eqmap.obj
 0001:000098d0       ?at@?$vector@V?$basic_string@DU?$char_traits@D@std@@V?$allocator@D@2@@std@@V?$allocator@V?$basic_string@DU?$char_traits@D@std@@V?$allocator@D@2@@std@@@2@@std@@QAEAAV?$basic_string@DU?$char_traits@D@std@@V?$allocator@D@2@@2@I@Z 0040a8d0 f i eqmap.obj
 0001:00009910       ??1?$is_any_ofF@D@detail@algorithm@boost@@QAE@XZ 0040a910 f i eqmap.obj
 0001:00009910       ??1?$token_finderF@U?$is_any_ofF@D@detail@algorithm@boost@@@detail@algorithm@boost@@QAE@XZ 0040a910 f i eqmap.obj
 0001:00009930       ??_G?$numpunct@D@std@@MAEPAXI@Z 0040a930 f i eqmap.obj
 0001:00009930       ??_E?$numpunct@D@std@@MAEPAXI@Z 0040a930 f i * CIL library *:* CIL module *
 0001:00009980       ??_G?$basic_stringstream@DU?$char_traits@D@std@@V?$allocator@D@2@@std@@UAEPAXI@Z 0040a980 f i eqmap.obj
 0001:00009980       ??_E?$basic_stringstream@DU?$char_traits@D@std@@V?$allocator@D@2@@std@@UAEPAXI@Z 0040a980 f i * CIL library *:* CIL module *
 0001:000099e0       ??_E?$basic_stringbuf@DU?$char_traits@D@std@@V?$allocator@D@2@@std@@UAEPAXI@Z 0040a9e0 f i * CIL library *:* CIL module *
 0001:000099e0       ??_G?$basic_stringbuf@DU?$char_traits@D@std@@V?$allocator@D@2@@std@@UAEPAXI@Z 0040a9e0 f i eqmap.obj
 0001:00009a10       ??_G?$basic_ifstream@DU?$char_traits@D@std@@@std@@UAEPAXI@Z 0040aa10 f i eqmap.obj
 0001:00009a10       ??_E?$basic_ifstream@DU?$char_traits@D@std@@@std@@UAEPAXI@Z 0040aa10 f i * CIL library *:* CIL module *
 0001:00009a70       ??_E?$basic_filebuf@DU?$char_traits@D@std@@@std@@UAEPAXI@Z 0040aa70 f i * CIL library *:* CIL module *
 0001:00009a70       ??_G?$basic_filebuf@DU?$char_traits@D@std@@@std@@UAEPAXI@Z 0040aa70 f i eqmap.obj
 0001:00009aa0       ??0?$basic_string@DU?$char_traits@D@std@@V?$allocator@D@2@@std@@QAE@ID@Z 0040aaa0 f i eqmap.obj
 0001:00009b00       ?_Assign_rv@?$basic_string@DU?$char_traits@D@std@@V?$allocator@D@2@@std@@QAEX$$QAV12@@Z 0040ab00 f i eqmap.obj
 0001:00009b60       ?append@?$basic_string@DU?$char_traits@D@std@@V?$allocator@D@2@@std@@QAEAAV12@ID@Z 0040ab60 f i eqmap.obj
 0001:00009c10       ?assign@?$basic_string@DU?$char_traits@D@std@@V?$allocator@D@2@@std@@QAEAAV12@ABV12@II@Z 0040ac10 f i eqmap.obj
 0001:00009d30       ?erase@?$basic_string@DU?$char_traits@D@std@@V?$allocator@D@2@@std@@QAEAAV12@II@Z 0040ad30 f i eqmap.obj
 0001:00009dd0       ?find@?$basic_string@DU?$char_traits@D@std@@V?$allocator@D@2@@std@@QBEIPBDII@Z 0040add0 f i eqmap.obj
 0001:00009ec0       ?allocate@?$allocator@D@std@@QAEPADI@Z 0040aec0 f i eqmap.obj
 0001:00009ec0       ?allocate@?$_Wrap_alloc@V?$allocator@D@std@@@std@@QAEPADI@Z 0040aec0 f i eqmap.obj
 0001:00009ef0       ?str@?$basic_stringbuf@DU?$char_traits@D@std@@V?$allocator@D@2@@std@@QBE?AV?$basic_string@DU?$char_traits@D@std@@V?$allocator@D@2@@2@XZ 0040aef0 f i eqmap.obj
 0001:0000a020       ?str@?$basic_stringbuf@DU?$char_traits@D@std@@V?$allocator@D@2@@std@@QAEXABV?$basic_string@DU?$char_traits@D@std@@V?$allocator@D@2@@2@@Z 0040b020 f i eqmap.obj
 0001:0000a0b0       ?_Destroy@?$vector@Umap_line_t@@V?$allocator@Umap_line_t@@@std@@@std@@IAEXPAUmap_line_t@@0@Z 0040b0b0 f i eqmap.obj
 0001:0000a0c0       ?_Reserve@?$vector@Umap_line_t@@V?$allocator@Umap_line_t@@@std@@@std@@IAEXI@Z 0040b0c0 f i eqmap.obj
 0001:0000a160       ?_Reserve@?$vector@Umap_point_t@@V?$allocator@Umap_point_t@@@std@@@std@@IAEXI@Z 0040b160 f i eqmap.obj
 0001:0000a210       ?_Getal@?$_Vector_alloc@$0A@U?$_Vec_base_types@Umap_point_t@@V?$allocator@Umap_point_t@@@std@@@std@@@std@@QBE?AU?$_Wrap_alloc@V?$allocator@Umap_point_t@@@std@@@2@XZ 0040b210 f i eqmap.obj
 0001:0000a210       ?_Getal@?$_Vector_alloc@$0A@U?$_Vec_base_types@Uzone_info_t@@V?$allocator@Uzone_info_t@@@std@@@std@@@std@@QBE?AU?$_Wrap_alloc@V?$allocator@Uzone_info_t@@@std@@@2@XZ 0040b210 f i eqmap.obj
 0001:0000a220       ?_Reserve@?$vector@Uzone_info_t@@V?$allocator@Uzone_info_t@@@std@@@std@@IAEXI@Z 0040b220 f i eqmap.obj
 0001:0000a2c0       ?open@?$basic_filebuf@DU?$char_traits@D@std@@@std@@QAEPAV12@PBDHH@Z 0040b2c0 f i eqmap.obj
 0001:0000a3d0       ?_Endwrite@?$basic_filebuf@DU?$char_traits@D@std@@@std@@IAE_NXZ 0040b3d0 f i eqmap.obj
 0001:0000a530       ?_Reset_back@?$basic_filebuf@DU?$char_traits@D@std@@@std@@AAEXXZ 0040b530 f i eqmap.obj
 0001:0000a560       ?_Set_back@?$basic_filebuf@DU?$char_traits@D@std@@@std@@AAEXXZ 0040b560 f i eqmap.obj
 0001:0000a5a0       ?_Reserve@?$vector@V?$basic_string@DU?$char_traits@D@std@@V?$allocator@D@2@@std@@V?$allocator@V?$basic_string@DU?$char_traits@D@std@@V?$allocator@D@2@@std@@@2@@std@@IAEXI@Z 0040b5a0 f i eqmap.obj
 0001:0000a640       ??1sentry@?$basic_ostream@DU?$char_traits@D@std@@@std@@QAE@XZ 0040b640 f i eqmap.obj
 0001:0000a670       ?assign@?$basic_string@DU?$char_traits@D@std@@V?$allocator@D@2@@std@@QAEAAV12@PBDI@Z 0040b670 f i eqmap.obj
 0001:0000a770       ?_Chassign@?$basic_string@DU?$char_traits@D@std@@V?$allocator@D@2@@std@@QAEXIID@Z 0040b770 f i eqmap.obj
 0001:0000a7c0       ?_Eos@?$basic_string@DU?$char_traits@D@std@@V?$allocator@D@2@@std@@QAEXI@Z 0040b7c0 f i eqmap.obj
 0001:0000a7f0       ?_Grow@?$basic_string@DU?$char_traits@D@std@@V?$allocator@D@2@@std@@QAE_NI_N@Z 0040b7f0 f i eqmap.obj
 0001:0000a8a0       ??0?$_Wrap_alloc@V?$allocator@Umap_line_t@@@std@@@std@@QAE@XZ 0040b8a0 f i eqmap.obj
 0001:0000a8a0       ??0?$_Wrap_alloc@V?$allocator@Uzone_info_t@@@std@@@std@@QAE@XZ 0040b8a0 f i eqmap.obj
 0001:0000a8a0       ??0?$_Wrap_alloc@V?$allocator@Umap_point_t@@@std@@@std@@QAE@XZ 0040b8a0 f i eqmap.obj
 0001:0000a8a0       ??0?$_Wrap_alloc@V?$allocator@D@std@@@std@@QAE@XZ 0040b8a0 f i eqmap.obj
 0001:0000a8b0       ?grouping@?$numpunct@D@std@@QBE?AV?$basic_string@DU?$char_traits@D@std@@V?$allocator@D@2@@2@XZ 0040b8b0 f i eqmap.obj
 0001:0000a8d0       ?_Init@?$basic_stringbuf@DU?$char_traits@D@std@@V?$allocator@D@2@@std@@IAEXPBDIH@Z 0040b8d0 f i eqmap.obj
 0001:0000a980       ?_Reallocate@?$vector@Umap_line_t@@V?$allocator@Umap_line_t@@@std@@@std@@IAEXI@Z 0040b980 f i eqmap.obj
 0001:0000aa30       ?_Reallocate@?$vector@Umap_point_t@@V?$allocator@Umap_point_t@@@std@@@std@@IAEXI@Z 0040ba30 f i eqmap.obj
 0001:0000ab50       ?_Reallocate@?$vector@Uzone_info_t@@V?$allocator@Uzone_info_t@@@std@@@std@@IAEXI@Z 0040bb50 f i eqmap.obj
 0001:0000ac60       ?_Destroy@?$vector@V?$basic_string@DU?$char_traits@D@std@@V?$allocator@D@2@@std@@V?$allocator@V?$basic_string@DU?$char_traits@D@std@@V?$allocator@D@2@@std@@@2@@std@@IAEXPAV?$basic_string@DU?$char_traits@D@std@@V?$allocator@D@2@@2@0@Z 0040bc60 f i eqmap.obj
 0001:0000acb0       ?_Reallocate@?$vector@V?$basic_string@DU?$char_traits@D@std@@V?$allocator@D@2@@std@@V?$allocator@V?$basic_string@DU?$char_traits@D@std@@V?$allocator@D@2@@std@@@2@@std@@IAEXI@Z 0040bcb0 f i eqmap.obj
 0001:0000ad50       ?append@?$basic_string@DU?$char_traits@D@std@@V?$allocator@D@2@@std@@QAEAAV12@ABV12@II@Z 0040bd50 f i eqmap.obj
 0001:0000ae40       ?_Copy@?$basic_string@DU?$char_traits@D@std@@V?$allocator@D@2@@std@@QAEXII@Z 0040be40 f i eqmap.obj
 0001:0000afa0       ??$use_facet@V?$ctype@D@std@@@std@@YAABV?$ctype@D@0@ABVlocale@0@@Z 0040bfa0 f i eqmap.obj
 0001:0000b090       ??$?6U?$char_traits@D@std@@@std@@YAAAV?$basic_ostream@DU?$char_traits@D@std@@@0@AAV10@PBD@Z 0040c090 f i eqmap.obj
 0001:0000b2a0       ??$?6U?$char_traits@D@std@@@std@@YAAAV?$basic_ostream@DU?$char_traits@D@std@@@0@AAV10@D@Z 0040c2a0 f i eqmap.obj
 0001:0000b470       ??$?6DU?$char_traits@D@std@@V?$allocator@D@1@@std@@YAAAV?$basic_ostream@DU?$char_traits@D@std@@@0@AAV10@ABV?$basic_string@DU?$char_traits@D@std@@V?$allocator@D@2@@0@@Z 0040c470 f i eqmap.obj
 0001:0000b630       ??$?5DU?$char_traits@D@std@@@std@@YAAAV?$basic_istream@DU?$char_traits@D@std@@@0@AAV10@AAD@Z 0040c630 f i eqmap.obj
 0001:0000b700       ??$replace_all@V?$basic_string@DU?$char_traits@D@std@@V?$allocator@D@2@@std@@$$BY01$$CBD$$BY00$$CBD@algorithm@boost@@YAXAAV?$basic_string@DU?$char_traits@D@std@@V?$allocator@D@2@@std@@AAY01$$CBDAAY00$$CBD@Z 0040c700 f i eqmap.obj
 0001:0000b750       ??$is_any_of@$$BY01$$CBD@algorithm@boost@@YA?AU?$is_any_ofF@D@detail@01@AAY01$$CBD@Z 0040c750 f i eqmap.obj
 0001:0000b7d0       ??$split@V?$vector@V?$basic_string@DU?$char_traits@D@std@@V?$allocator@D@2@@std@@V?$allocator@V?$basic_string@DU?$char_traits@D@std@@V?$allocator@D@2@@std@@@2@@std@@V?$basic_string@DU?$char_traits@D@std@@V?$allocator@D@2@@2@U?$is_any_ofF@D@detail@algorithm@boost@@@algorithm@boost@@YAAAV?$vector@V?$basic_string@DU?$char_traits@D@std@@V?$allocator@D@2@@std@@V?$allocator@V?$basic_string@DU?$char_traits@D@std@@V?$allocator@D@2@@std@@@2@@std@@AAV23@AAV?$basic_string@DU?$char_traits@D@std@@V?$allocator@D@2@@3@U?$is_any_ofF@D@detail@01@W4token_compress_mode_type@01@@Z 0040c7d0 f i eqmap.obj
 0001:0000b8a0       ??$map_line_data_value_can_lexical_cast@M@@YA_NV?$basic_string@DU?$char_traits@D@std@@V?$allocator@D@2@@std@@HHAAM00@Z 0040c8a0 f i eqmap.obj
 0001:0000bba0       ??$map_line_data_value_can_lexical_cast@H@@YA_NV?$basic_string@DU?$char_traits@D@std@@V?$allocator@D@2@@std@@HHAAH00@Z 0040cba0 f i eqmap.obj
 0001:0000bea0       ??$replace_all@V?$basic_string@DU?$char_traits@D@std@@V?$allocator@D@2@@std@@$$BY01$$CBD$$BY01$$CBD@algorithm@boost@@YAXAAV?$basic_string@DU?$char_traits@D@std@@V?$allocator@D@2@@std@@AAY01$$CBD1@Z 0040cea0 f i eqmap.obj
 0001:0000bef0       ??$is_any_of@$$BY02$$CBD@algorithm@boost@@YA?AU?$is_any_ofF@D@detail@01@AAY02$$CBD@Z 0040cef0 f i eqmap.obj
 0001:0000bf40       ??$remove_if@V?$basic_string@DU?$char_traits@D@std@@V?$allocator@D@2@@std@@U?$is_any_ofF@D@detail@algorithm@boost@@@range@boost@@YA?AV?$_String_iterator@V?$_String_val@U?$_Simple_types@D@std@@@std@@@std@@AAV?$basic_string@DU?$char_traits@D@std@@V?$allocator@D@2@@3@U?$is_any_ofF@D@detail@algorithm@1@@Z 0040cf40 f i eqmap.obj
 0001:0000c010       ??$contain@V?$vector@V?$basic_string@DU?$char_traits@D@std@@V?$allocator@D@2@@std@@V?$allocator@V?$basic_string@DU?$char_traits@D@std@@V?$allocator@D@2@@std@@@2@@std@@@foreach_detail_@boost@@YA?AU?$auto_any@PAV?$vector@V?$basic_string@DU?$char_traits@D@std@@V?$allocator@D@2@@std@@V?$allocator@V?$basic_string@DU?$char_traits@D@std@@V?$allocator@D@2@@std@@@2@@std@@@01@AAV?$vector@V?$basic_string@DU?$char_traits@D@std@@V?$allocator@D@2@@std@@V?$allocator@V?$basic_string@DU?$char_traits@D@std@@V?$allocator@D@2@@std@@@2@@std@@PAU?$bool_@$0A@@mpl@1@@Z 0040d010 f i eqmap.obj
 0001:0000c020       ??$begin@V?$vector@V?$basic_string@DU?$char_traits@D@std@@V?$allocator@D@2@@std@@V?$allocator@V?$basic_string@DU?$char_traits@D@std@@V?$allocator@D@2@@std@@@2@@std@@U?$bool_@$0A@@mpl@boost@@@foreach_detail_@boost@@YA?AU?$auto_any@V?$_Vector_iterator@V?$_Vector_val@U?$_Simple_types@V?$basic_string@DU?$char_traits@D@std@@V?$allocator@D@2@@std@@@std@@@std@@@std@@@01@ABUauto_any_base@01@PAU?$type2type@V?$vector@V?$basic_string@DU?$char_traits@D@std@@V?$allocator@D@2@@std@@V?$allocator@V?$basic_string@DU?$char_traits@D@std@@V?$allocator@D@2@@std@@@2@@std@@U?$bool_@$0A@@mpl@boost@@@01@PAU?$bool_@$0A@@mpl@1@@Z 0040d020 f i eqmap.obj
 0001:0000c030       ??$end@V?$vector@V?$basic_string@DU?$char_traits@D@std@@V?$allocator@D@2@@std@@V?$allocator@V?$basic_string@DU?$char_traits@D@std@@V?$allocator@D@2@@std@@@2@@std@@U?$bool_@$0A@@mpl@boost@@@foreach_detail_@boost@@YA?AU?$auto_any@V?$_Vector_iterator@V?$_Vector_val@U?$_Simple_types@V?$basic_string@DU?$char_traits@D@std@@V?$allocator@D@2@@std@@@std@@@std@@@std@@@01@ABUauto_any_base@01@PAU?$type2type@V?$vector@V?$basic_string@DU?$char_traits@D@std@@V?$allocator@D@2@@std@@V?$allocator@V?$basic_string@DU?$char_traits@D@std@@V?$allocator@D@2@@std@@@2@@std@@U?$bool_@$0A@@mpl@boost@@@01@PAU?$bool_@$0A@@mpl@1@@Z 0040d030 f i eqmap.obj
 0001:0000c040       ??$done@V?$vector@V?$basic_string@DU?$char_traits@D@std@@V?$allocator@D@2@@std@@V?$allocator@V?$basic_string@DU?$char_traits@D@std@@V?$allocator@D@2@@std@@@2@@std@@U?$bool_@$0A@@mpl@boost@@@foreach_detail_@boost@@YA_NABUauto_any_base@01@0PAU?$type2type@V?$vector@V?$basic_string@DU?$char_traits@D@std@@V?$allocator@D@2@@std@@V?$allocator@V?$basic_string@DU?$char_traits@D@std@@V?$allocator@D@2@@std@@@2@@std@@U?$bool_@$0A@@mpl@boost@@@01@@Z 0040d040 f i eqmap.obj
 0001:0000c050       ??$next@V?$vector@V?$basic_string@DU?$char_traits@D@std@@V?$allocator@D@2@@std@@V?$allocator@V?$basic_string@DU?$char_traits@D@std@@V?$allocator@D@2@@std@@@2@@std@@U?$bool_@$0A@@mpl@boost@@@foreach_detail_@boost@@YAXABUauto_any_base@01@PAU?$type2type@V?$vector@V?$basic_string@DU?$char_traits@D@std@@V?$allocator@D@2@@std@@V?$allocator@V?$basic_string@DU?$char_traits@D@std@@V?$allocator@D@2@@std@@@2@@std@@U?$bool_@$0A@@mpl@boost@@@01@@Z 0040d050 f i eqmap.obj
 0001:0000c060       ??$deref@V?$vector@V?$basic_string@DU?$char_traits@D@std@@V?$allocator@D@2@@std@@V?$allocator@V?$basic_string@DU?$char_traits@D@std@@V?$allocator@D@2@@std@@@2@@std@@U?$bool_@$0A@@mpl@boost@@@foreach_detail_@boost@@YAAAV?$basic_string@DU?$char_traits@D@std@@V?$allocator@D@2@@std@@ABUauto_any_base@01@PAU?$type2type@V?$vector@V?$basic_string@DU?$char_traits@D@std@@V?$allocator@D@2@@std@@V?$allocator@V?$basic_string@DU?$char_traits@D@std@@V?$allocator@D@2@@std@@@2@@std@@U?$bool_@$0A@@mpl@boost@@@01@@Z 0040d060 f i eqmap.obj
 0001:0000c070       ??$to_lower_copy@V?$basic_string@DU?$char_traits@D@std@@V?$allocator@D@2@@std@@@algorithm@boost@@YA?AV?$basic_string@DU?$char_traits@D@std@@V?$allocator@D@2@@std@@ABV23@ABVlocale@3@@Z 0040d070 f i eqmap.obj
 0001:0000c0a0       ??$?8DU?$char_traits@D@std@@V?$allocator@D@1@@std@@YA_NABV?$basic_string@DU?$char_traits@D@std@@V?$allocator@D@2@@0@0@Z 0040d0a0 f i eqmap.obj
 0001:0000c0f0       ??$replace_all_copy@V?$basic_string@DU?$char_traits@D@std@@V?$allocator@D@2@@std@@$$BY01$$CBD$$BY00$$CBD@algorithm@boost@@YA?AV?$basic_string@DU?$char_traits@D@std@@V?$allocator@D@2@@std@@ABV23@AAY01$$CBDAAY00$$CBD@Z 0040d0f0 f i eqmap.obj
 0001:0000c140       ??0?$basic_ptree@V?$basic_string@DU?$char_traits@D@std@@V?$allocator@D@2@@std@@V12@U?$less@V?$basic_string@DU?$char_traits@D@std@@V?$allocator@D@2@@std@@@2@@property_tree@boost@@QAE@XZ 0040d140 f i eqmap.obj
 0001:0000c1e0       ??1?$basic_ptree@V?$basic_string@DU?$char_traits@D@std@@V?$allocator@D@2@@std@@V12@U?$less@V?$basic_string@DU?$char_traits@D@std@@V?$allocator@D@2@@std@@@2@@property_tree@boost@@QAE@XZ 0040d1e0 f i eqmap.obj
 0001:0000c270       ??$read_ini@V?$basic_ptree@V?$basic_string@DU?$char_traits@D@std@@V?$allocator@D@2@@std@@V12@U?$less@V?$basic_string@DU?$char_traits@D@std@@V?$allocator@D@2@@std@@@2@@property_tree@boost@@@ini_parser@property_tree@boost@@YAXABV?$basic_string@DU?$char_traits@D@std@@V?$allocator@D@2@@std@@AAV?$basic_ptree@V?$basic_string@DU?$char_traits@D@std@@V?$allocator@D@2@@std@@V12@U?$less@V?$basic_string@DU?$char_traits@D@std@@V?$allocator@D@2@@std@@@2@@12@ABVlocale@4@@Z 0040d270 f i eqmap.obj
 0001:0000c440       ??0?$string_path@V?$basic_string@DU?$char_traits@D@std@@V?$allocator@D@2@@std@@U?$id_translator@V?$basic_string@DU?$char_traits@D@std@@V?$allocator@D@2@@std@@@property_tree@boost@@@property_tree@boost@@QAE@PBDDU?$id_translator@V?$basic_string@DU?$char_traits@D@std@@V?$allocator@D@2@@std@@@12@@Z 0040d440 f i eqmap.obj
 0001:0000c4b0       ??$get@H@?$basic_ptree@V?$basic_string@DU?$char_traits@D@std@@V?$allocator@D@2@@std@@V12@U?$less@V?$basic_string@DU?$char_traits@D@std@@V?$allocator@D@2@@std@@@2@@property_tree@boost@@QBEHABV?$string_path@V?$basic_string@DU?$char_traits@D@std@@V?$allocator@D@2@@std@@U?$id_translator@V?$basic_string@DU?$char_traits@D@std@@V?$allocator@D@2@@std@@@property_tree@boost@@@12@ABH@Z 0040d4b0 f i eqmap.obj
 0001:0000c500       ??$get@_N@?$basic_ptree@V?$basic_string@DU?$char_traits@D@std@@V?$allocator@D@2@@std@@V12@U?$less@V?$basic_string@DU?$char_traits@D@std@@V?$allocator@D@2@@std@@@2@@property_tree@boost@@QBE_NABV?$string_path@V?$basic_string@DU?$char_traits@D@std@@V?$allocator@D@2@@std@@U?$id_translator@V?$basic_string@DU?$char_traits@D@std@@V?$allocator@D@2@@std@@@property_tree@boost@@@12@AB_N@Z 0040d500 f i eqmap.obj
 0001:0000c530       ??$get@V?$basic_string@DU?$char_traits@D@std@@V?$allocator@D@2@@std@@@?$basic_ptree@V?$basic_string@DU?$char_traits@D@std@@V?$allocator@D@2@@std@@V12@U?$less@V?$basic_string@DU?$char_traits@D@std@@V?$allocator@D@2@@std@@@2@@property_tree@boost@@QBE?AV?$basic_string@DU?$char_traits@D@std@@V?$allocator@D@2@@std@@ABV?$string_path@V?$basic_string@DU?$char_traits@D@std@@V?$allocator@D@2@@std@@U?$id_translator@V?$basic_string@DU?$char_traits@D@std@@V?$allocator@D@2@@std@@@property_tree@boost@@@12@ABV34@@Z 0040d530 f i eqmap.obj
 0001:0000c5e0       ??$use_facet@V?$numpunct@D@std@@@std@@YAABV?$numpunct@D@0@ABVlocale@0@@Z 0040d5e0 f i eqmap.obj
 0001:0000c6d0       ??$use_facet@V?$codecvt@DDH@std@@@std@@YAABV?$codecvt@DDH@0@ABVlocale@0@@Z 0040d6d0 f i eqmap.obj
 0001:0000c7c0       ?_Getcat@?$numpunct@D@std@@SAIPAPBVfacet@locale@2@PBV42@@Z 0040d7c0 f i eqmap.obj
 0001:0000c8a0       ??0?$multi_index_container@U?$pair@$$CBV?$basic_string@DU?$char_traits@D@std@@V?$allocator@D@2@@std@@V?$basic_ptree@V?$basic_string@DU?$char_traits@D@std@@V?$allocator@D@2@@std@@V12@U?$less@V?$basic_string@DU?$char_traits@D@std@@V?$allocator@D@2@@std@@@2@@property_tree@boost@@@std@@U?$indexed_by@U?$sequenced@U?$tag@Una@mpl@boost@@U123@U123@U123@U123@U123@U123@U123@U123@U123@U123@U123@U123@U123@U123@U123@U123@U123@U123@U123@@multi_index@boost@@@multi_index@boost@@U?$ordered_non_unique@U?$tag@Uby_name@subs@?$basic_ptree@V?$basic_string@DU?$char_traits@D@std@@V?$allocator@D@2@@std@@V12@U?$less@V?$basic_string@DU?$char_traits@D@std@@V?$allocator@D@2@@std@@@2@@property_tree@boost@@Una@mpl@5@U675@U675@U675@U675@U675@U675@U675@U675@U675@U675@U675@U675@U675@U675@U675@U675@U675@U675@@multi_index@boost@@U?$member@U?$pair@$$CBV?$basic_string@DU?$char_traits@D@std@@V?$allocator@D@2@@std@@V?$basic_ptree@V?$basic_string@DU?$char_traits@D@std@@V?$allocator@D@2@@std@@V12@U?$less@V?$basic_string@DU?$char_traits@D@std@@V?$allocator@D@2@@std@@@2@@property_tree@boost@@@std@@$$CBV?$basic_string@DU?$char_traits@D@std@@V?$allocator@D@2@@2@$0A@@23@U?$less@V?$basic_string@DU?$char_traits@D@std@@V?$allocator@D@2@@std@@@std@@@23@Una@mpl@3@U563@U563@U563@U563@U563@U563@U563@U563@U563@U563@U563@U563@U563@U563@U563@U563@U563@@multi_index@boost@@V?$allocator@U?$pair@$$CBV?$basic_string@DU?$char_traits@D@std@@V?$allocator@D@2@@std@@V?$basic_ptree@V?$basic_string@DU?$char_traits@D@std@@V?$allocator@D@2@@std@@V12@U?$less@V?$basic_string@DU?$char_traits@D@std@@V?$allocator@D@2@@std@@@2@@property_tree@boost@@@std@@@2@@multi_index@boost@@QAE@ABU?$cons@Unull_type@tuples@boost@@U?$cons@V?$tuple@U?$member@U?$pair@$$CBV?$basic_string@DU?$char_traits@D@std@@V?$allocator@D@2@@std@@V?$basic_ptree@V?$basic_string@DU?$char_traits@D@std@@V?$allocator@D@2@@std@@V12@U?$less@V?$basic_string@DU?$char_traits@D@std@@V?$allocator@D@2@@std@@@2@@property_tree@boost@@@std@@$$CBV?$basic_string@DU?$char_traits@D@std@@V?$allocator@D@2@@2@$0A@@multi_index@boost@@U?$less@V?$basic_string@DU?$char_traits@D@std@@V?$allocator@D@2@@std@@@std@@Unull_type@tuples@3@U673@U673@U673@U673@U673@U673@U673@@tuples@boost@@Unull_type@23@@23@@tuples@2@ABV?$allocator@U?$pair@$$CBV?$basic_string@DU?$char_traits@D@std@@V?$allocator@D@2@@std@@V?$basic_ptree@V?$basic_string@DU?$char_traits@D@std@@V?$allocator@D@2@@std@@V12@U?$less@V?$basic_string@DU?$char_traits@D@std@@V?$allocator@D@2@@std@@@2@@property_tree@boost@@@std@@@std@@@Z 0040d8a0 f i eqmap.obj
 0001:0000c930       ??1?$optional@V?$basic_string@DU?$char_traits@D@std@@V?$allocator@D@2@@std@@@boost@@QAE@XZ 0040d930 f i eqmap.obj
 0001:0000c970       ?replace@?$basic_string@DU?$char_traits@D@std@@V?$allocator@D@2@@std@@QAEAAV12@IIPBDI@Z 0040d970 f i eqmap.obj
 0001:0000cb50       ??1?$header_holder@PAU?$sequenced_index_node@U?$ordered_index_node@U?$index_node_base@U?$pair@$$CBV?$basic_string@DU?$char_traits@D@std@@V?$allocator@D@2@@std@@V?$basic_ptree@V?$basic_string@DU?$char_traits@D@std@@V?$allocator@D@2@@std@@V12@U?$less@V?$basic_string@DU?$char_traits@D@std@@V?$allocator@D@2@@std@@@2@@property_tree@boost@@@std@@V?$allocator@U?$pair@$$CBV?$basic_string@DU?$char_traits@D@std@@V?$allocator@D@2@@std@@V?$basic_ptree@V?$basic_string@DU?$char_traits@D@std@@V?$allocator@D@2@@std@@V12@U?$less@V?$basic_string@DU?$char_traits@D@std@@V?$allocator@D@2@@std@@@2@@property_tree@boost@@@std@@@2@@detail@multi_index@boost@@@detail@multi_index@boost@@@detail@multi_index@boost@@V?$multi_index_container@U?$pair@$$CBV?$basic_string@DU?$char_traits@D@std@@V?$allocator@D@2@@std@@V?$basic_ptree@V?$basic_string@DU?$char_traits@D@std@@V?$allocator@D@2@@std@@V12@U?$less@V?$basic_string@DU?$char_traits@D@std@@V?$allocator@D@2@@std@@@2@@property_tree@boost@@@std@@U?$indexed_by@U?$sequenced@U?$tag@Una@mpl@boost@@U123@U123@U123@U123@U123@U123@U123@U123@U123@U123@U123@U123@U123@U123@U123@U123@U123@U123@U123@@multi_index@boost@@@multi_index@boost@@U?$ordered_non_unique@U?$tag@Uby_name@subs@?$basic_ptree@V?$basic_string@DU?$char_traits@D@std@@V?$allocator@D@2@@std@@V12@U?$less@V?$basic_string@DU?$char_traits@D@std@@V?$allocator@D@2@@std@@@2@@property_tree@boost@@Una@mpl@5@U675@U675@U675@U675@U675@U675@U675@U675@U675@U675@U675@U675@U675@U675@U675@U675@U675@U675@@multi_index@boost@@U?$member@U?$pair@$$CBV?$basic_string@DU?$char_traits@D@std@@V?$allocator@D@2@@std@@V?$basic_ptree@V?$basic_string@DU?$char_traits@D@std@@V?$allocator@D@2@@std@@V12@U?$less@V?$basic_string@DU?$char_traits@D@std@@V?$allocator@D@2@@std@@@2@@property_tree@boost@@@std@@$$CBV?$basic_string@DU?$char_traits@D@std@@V?$allocator@D@2@@2@$0A@@23@U?$less@V?$basic_string@DU?$char_traits@D@std@@V?$allocator@D@2@@std@@@std@@@23@Una@mpl@3@U563@U563@U563@U563@U563@U563@U563@U563@U563@U563@U563@U563@U563@U563@U563@U563@U563@@multi_index@boost@@V?$allocator@U?$pair@$$CBV?$basic_string@DU?$char_traits@D@std@@V?$allocator@D@2@@std@@V?$basic_ptree@V?$basic_string@DU?$char_traits@D@std@@V?$allocator@D@2@@std@@V12@U?$less@V?$basic_string@DU?$char_traits@D@std@@V?$allocator@D@2@@std@@@2@@property_tree@boost@@@std@@@2@@34@@detail@multi_index@boost@@QAE@XZ 0040db50 f i eqmap.obj
 0001:0000cb60       ?replace@?$basic_string@DU?$char_traits@D@std@@V?$allocator@D@2@@std@@QAEAAV12@IIABV12@II@Z 0040db60 f i eqmap.obj
 0001:0000ceb0       ?_Init@?$numpunct@D@std@@IAEXABV_Locinfo@2@_N@Z 0040deb0 f i eqmap.obj
 0001:0000d000       ?delete_all_nodes_@?$sequenced_index@U?$nth_layer@$00U?$pair@$$CBV?$basic_string@DU?$char_traits@D@std@@V?$allocator@D@2@@std@@V?$basic_ptree@V?$basic_string@DU?$char_traits@D@std@@V?$allocator@D@2@@std@@V12@U?$less@V?$basic_string@DU?$char_traits@D@std@@V?$allocator@D@2@@std@@@2@@property_tree@boost@@@std@@U?$indexed_by@U?$sequenced@U?$tag@Una@mpl@boost@@U123@U123@U123@U123@U123@U123@U123@U123@U123@U123@U123@U123@U123@U123@U123@U123@U123@U123@U123@@multi_index@boost@@@multi_index@boost@@U?$ordered_non_unique@U?$tag@Uby_name@subs@?$basic_ptree@V?$basic_string@DU?$char_traits@D@std@@V?$allocator@D@2@@std@@V12@U?$less@V?$basic_string@DU?$char_traits@D@std@@V?$allocator@D@2@@std@@@2@@property_tree@boost@@Una@mpl@5@U675@U675@U675@U675@U675@U675@U675@U675@U675@U675@U675@U675@U675@U675@U675@U675@U675@U675@@multi_index@boost@@U?$member@U?$pair@$$CBV?$basic_string@DU?$char_traits@D@std@@V?$allocator@D@2@@std@@V?$basic_ptree@V?$basic_string@DU?$char_traits@D@std@@V?$allocator@D@2@@std@@V12@U?$less@V?$basic_string@DU?$char_traits@D@std@@V?$allocator@D@2@@std@@@2@@property_tree@boost@@@std@@$$CBV?$basic_string@DU?$char_traits@D@std@@V?$allocator@D@2@@2@$0A@@23@U?$less@V?$basic_string@DU?$char_traits@D@std@@V?$allocator@D@2@@std@@@std@@@23@Una@mpl@3@U563@U563@U563@U563@U563@U563@U563@U563@U563@U563@U563@U563@U563@U563@U563@U563@U563@@multi_index@boost@@V?$allocator@U?$pair@$$CBV?$basic_string@DU?$char_traits@D@std@@V?$allocator@D@2@@std@@V?$basic_ptree@V?$basic_string@DU?$char_traits@D@std@@V?$allocator@D@2@@std@@V12@U?$less@V?$basic_string@DU?$char_traits@D@std@@V?$allocator@D@2@@std@@@2@@property_tree@boost@@@std@@@2@@detail@multi_index@boost@@U?$vector0@Una@mpl@boost@@@mpl@4@@detail@multi_index@boost@@IAEXXZ 0040e000 f i eqmap.obj
 0001:0000d0d0       ?header@?$sequenced_index@U?$nth_layer@$00U?$pair@$$CBV?$basic_string@DU?$char_traits@D@std@@V?$allocator@D@2@@std@@V?$basic_ptree@V?$basic_string@DU?$char_traits@D@std@@V?$allocator@D@2@@std@@V12@U?$less@V?$basic_string@DU?$char_traits@D@std@@V?$allocator@D@2@@std@@@2@@property_tree@boost@@@std@@U?$indexed_by@U?$sequenced@U?$tag@Una@mpl@boost@@U123@U123@U123@U123@U123@U123@U123@U123@U123@U123@U123@U123@U123@U123@U123@U123@U123@U123@U123@@multi_index@boost@@@multi_index@boost@@U?$ordered_non_unique@U?$tag@Uby_name@subs@?$basic_ptree@V?$basic_string@DU?$char_traits@D@std@@V?$allocator@D@2@@std@@V12@U?$less@V?$basic_string@DU?$char_traits@D@std@@V?$allocator@D@2@@std@@@2@@property_tree@boost@@Una@mpl@5@U675@U675@U675@U675@U675@U675@U675@U675@U675@U675@U675@U675@U675@U675@U675@U675@U675@U675@@multi_index@boost@@U?$member@U?$pair@$$CBV?$basic_string@DU?$char_traits@D@std@@V?$allocator@D@2@@std@@V?$basic_ptree@V?$basic_string@DU?$char_traits@D@std@@V?$allocator@D@2@@std@@V12@U?$less@V?$basic_string@DU?$char_traits@D@std@@V?$allocator@D@2@@std@@@2@@property_tree@boost@@@std@@$$CBV?$basic_string@DU?$char_traits@D@std@@V?$allocator@D@2@@2@$0A@@23@U?$less@V?$basic_string@DU?$char_traits@D@std@@V?$allocator@D@2@@std@@@std@@@23@Una@mpl@3@U563@U563@U563@U563@U563@U563@U563@U563@U563@U563@U563@U563@U563@U563@U563@U563@U563@@multi_index@boost@@V?$allocator@U?$pair@$$CBV?$basic_string@DU?$char_traits@D@std@@V?$allocator@D@2@@std@@V?$basic_ptree@V?$basic_string@DU?$char_traits@D@std@@V?$allocator@D@2@@std@@V12@U?$less@V?$basic_string@DU?$char_traits@D@std@@V?$allocator@D@2@@std@@@2@@property_tree@boost@@@std@@@2@@detail@multi_index@boost@@U?$vector0@Una@mpl@boost@@@mpl@4@@detail@multi_index@boost@@ABEPAU?$sequenced_index_node@U?$ordered_index_node@U?$index_node_base@U?$pair@$$CBV?$basic_string@DU?$char_traits@D@std@@V?$allocator@D@2@@std@@V?$basic_ptree@V?$basic_string@DU?$char_traits@D@std@@V?$allocator@D@2@@std@@V12@U?$less@V?$basic_string@DU?$char_traits@D@std@@V?$allocator@D@2@@std@@@2@@property_tree@boost@@@std@@V?$allocator@U?$pair@$$CBV?$basic_string@DU?$char_traits@D@std@@V?$allocator@D@2@@std@@V?$basic_ptree@V?$basic_string@DU?$char_traits@D@std@@V?$allocator@D@2@@std@@V12@U?$less@V?$basic_string@DU?$char_traits@D@std@@V?$allocator@D@2@@std@@@2@@property_tree@boost@@@std@@@2@@detail@multi_index@boost@@@detail@multi_index@boost@@@234@XZ 0040e0d0 f i eqmap.obj
 0001:0000d0e0       ?empty_initialize@?$ordered_index@U?$member@U?$pair@$$CBV?$basic_string@DU?$char_traits@D@std@@V?$allocator@D@2@@std@@V?$basic_ptree@V?$basic_string@DU?$char_traits@D@std@@V?$allocator@D@2@@std@@V12@U?$less@V?$basic_string@DU?$char_traits@D@std@@V?$allocator@D@2@@std@@@2@@property_tree@boost@@@std@@$$CBV?$basic_string@DU?$char_traits@D@std@@V?$allocator@D@2@@2@$0A@@multi_index@boost@@U?$less@V?$basic_string@DU?$char_traits@D@std@@V?$allocator@D@2@@std@@@std@@U?$nth_layer@$01U?$pair@$$CBV?$basic_string@DU?$char_traits@D@std@@V?$allocator@D@2@@std@@V?$basic_ptree@V?$basic_string@DU?$char_traits@D@std@@V?$allocator@D@2@@std@@V12@U?$less@V?$basic_string@DU?$char_traits@D@std@@V?$allocator@D@2@@std@@@2@@property_tree@boost@@@std@@U?$indexed_by@U?$sequenced@U?$tag@Una@mpl@boost@@U123@U123@U123@U123@U123@U123@U123@U123@U123@U123@U123@U123@U123@U123@U123@U123@U123@U123@U123@@multi_index@boost@@@multi_index@boost@@U?$ordered_non_unique@U?$tag@Uby_name@subs@?$basic_ptree@V?$basic_string@DU?$char_traits@D@std@@V?$allocator@D@2@@std@@V12@U?$less@V?$basic_string@DU?$char_traits@D@std@@V?$allocator@D@2@@std@@@2@@property_tree@boost@@Una@mpl@5@U675@U675@U675@U675@U675@U675@U675@U675@U675@U675@U675@U675@U675@U675@U675@U675@U675@U675@@multi_index@boost@@U?$member@U?$pair@$$CBV?$basic_string@DU?$char_traits@D@std@@V?$allocator@D@2@@std@@V?$basic_ptree@V?$basic_string@DU?$char_traits@D@std@@V?$allocator@D@2@@std@@V12@U?$less@V?$basic_string@DU?$char_traits@D@std@@V?$allocator@D@2@@std@@@2@@property_tree@boost@@@std@@$$CBV?$basic_string@DU?$char_traits@D@std@@V?$allocator@D@2@@2@$0A@@23@U?$less@V?$basic_string@DU?$char_traits@D@std@@V?$allocator@D@2@@std@@@std@@@23@Una@mpl@3@U563@U563@U563@U563@U563@U563@U563@U563@U563@U563@U563@U563@U563@U563@U563@U563@U563@@multi_index@boost@@V?$allocator@U?$pair@$$CBV?$basic_string@DU?$char_traits@D@std@@V?$allocator@D@2@@std@@V?$basic_ptree@V?$basic_string@DU?$char_traits@D@std@@V?$allocator@D@2@@std@@V12@U?$less@V?$basic_string@DU?$char_traits@D@std@@V?$allocator@D@2@@std@@@2@@property_tree@boost@@@std@@@2@@detail@23@U?$vector1@Uby_name@subs@?$basic_ptree@V?$basic_string@DU?$char_traits@D@std@@V?$allocator@D@2@@std@@V12@U?$less@V?$basic_string@DU?$char_traits@D@std@@V?$allocator@D@2@@std@@@2@@property_tree@boost@@@mpl@3@Uordered_non_unique_tag@723@@detail@multi_index@boost@@AAEXXZ 0040e0e0 f i eqmap.obj
 0001:0000d160       ?get_object@?$optional_base@_N@optional_detail@boost@@ABEPB_NXZ 0040e160 f i eqmap.obj
 0001:0000d170       ?dereference@?$optional_base@_N@optional_detail@boost@@ABEAB_NPB_NU?$bool_@$0A@@mpl@3@@Z 0040e170 f i eqmap.obj
 0001:0000d180       ??$getline@DU?$char_traits@D@std@@V?$allocator@D@2@@std@@YAAAV?$basic_istream@DU?$char_traits@D@std@@@0@$$QAV10@AAV?$basic_string@DU?$char_traits@D@std@@V?$allocator@D@2@@0@D@Z 0040e180 f i eqmap.obj
 0001:0000d2f0       ??$find_format_all@V?$basic_string@DU?$char_traits@D@std@@V?$allocator@D@2@@std@@U?$first_finderF@PBDUis_equal@algorithm@boost@@@detail@algorithm@boost@@U?$const_formatF@V?$iterator_range@PBD@boost@@@456@@algorithm@boost@@YAXAAV?$basic_string@DU?$char_traits@D@std@@V?$allocator@D@2@@std@@U?$first_finderF@PBDUis_equal@algorithm@boost@@@detail@01@U?$const_formatF@V?$iterator_range@PBD@boost@@@501@@Z 0040e2f0 f i eqmap.obj
 0001:0000d370       ??$token_finder@U?$is_any_ofF@D@detail@algorithm@boost@@@algorithm@boost@@YA?AU?$token_finderF@U?$is_any_ofF@D@detail@algorithm@boost@@@detail@01@U?$is_any_ofF@D@301@W4token_compress_mode_type@01@@Z 0040e370 f i eqmap.obj
 0001:0000d4c0       ??$iter_split@V?$vector@V?$basic_string@DU?$char_traits@D@std@@V?$allocator@D@2@@std@@V?$allocator@V?$basic_string@DU?$char_traits@D@std@@V?$allocator@D@2@@std@@@2@@std@@V?$basic_string@DU?$char_traits@D@std@@V?$allocator@D@2@@2@U?$token_finderF@U?$is_any_ofF@D@detail@algorithm@boost@@@detail@algorithm@boost@@@algorithm@boost@@YAAAV?$vector@V?$basic_string@DU?$char_traits@D@std@@V?$allocator@D@2@@std@@V?$allocator@V?$basic_string@DU?$char_traits@D@std@@V?$allocator@D@2@@std@@@2@@std@@AAV23@AAV?$basic_string@DU?$char_traits@D@std@@V?$allocator@D@2@@3@U?$token_finderF@U?$is_any_ofF@D@detail@algorithm@boost@@@detail@01@@Z 0040e4c0 f i eqmap.obj
 0001:0000d710       ??$remove_if@V?$_String_iterator@V?$_String_val@U?$_Simple_types@D@std@@@std@@@std@@U?$is_any_ofF@D@detail@algorithm@boost@@@std@@YA?AV?$_String_iterator@V?$_String_val@U?$_Simple_types@D@std@@@std@@@0@V10@0U?$is_any_ofF@D@detail@algorithm@boost@@@Z 0040e710 f i eqmap.obj
 0001:0000d810       ??$transform_range_copy@V?$basic_string@DU?$char_traits@D@std@@V?$allocator@D@2@@std@@V12@U?$to_lowerF@D@detail@algorithm@boost@@@detail@algorithm@boost@@YA?AV?$basic_string@DU?$char_traits@D@std@@V?$allocator@D@2@@std@@ABV34@U?$to_lowerF@D@012@@Z 0040e810 f i eqmap.obj
 0001:0000d870       ??$find_format_all_copy@V?$basic_string@DU?$char_traits@D@std@@V?$allocator@D@2@@std@@U?$first_finderF@PBDUis_equal@algorithm@boost@@@detail@algorithm@boost@@U?$const_formatF@V?$iterator_range@PBD@boost@@@456@@algorithm@boost@@YA?AV?$basic_string@DU?$char_traits@D@std@@V?$allocator@D@2@@std@@ABV23@U?$first_finderF@PBDUis_equal@algorithm@boost@@@detail@01@U?$const_formatF@V?$iterator_range@PBD@boost@@@501@@Z 0040e870 f i eqmap.obj
 0001:0000d8e0       ??$throw_exception_@Vini_parser_error@ini_parser@property_tree@boost@@@exception_detail@boost@@YAXABVini_parser_error@ini_parser@property_tree@1@PBD1H@Z 0040e8e0 f i eqmap.obj
 0001:0000d940       ??$read_ini@V?$basic_ptree@V?$basic_string@DU?$char_traits@D@std@@V?$allocator@D@2@@std@@V12@U?$less@V?$basic_string@DU?$char_traits@D@std@@V?$allocator@D@2@@std@@@2@@property_tree@boost@@@ini_parser@property_tree@boost@@YAXAAV?$basic_istream@DU?$char_traits@D@std@@@std@@AAV?$basic_ptree@V?$basic_string@DU?$char_traits@D@std@@V?$allocator@D@2@@std@@V12@U?$less@V?$basic_string@DU?$char_traits@D@std@@V?$allocator@D@2@@std@@@2@@12@@Z 0040e940 f i eqmap.obj
 0001:0000e440       ??$get_optional@H@?$basic_ptree@V?$basic_string@DU?$char_traits@D@std@@V?$allocator@D@2@@std@@V12@U?$less@V?$basic_string@DU?$char_traits@D@std@@V?$allocator@D@2@@std@@@2@@property_tree@boost@@QBE?AV?$optional@H@2@ABV?$string_path@V?$basic_string@DU?$char_traits@D@std@@V?$allocator@D@2@@std@@U?$id_translator@V?$basic_string@DU?$char_traits@D@std@@V?$allocator@D@2@@std@@@property_tree@boost@@@12@@Z 0040f440 f i eqmap.obj
 0001:0000e4c0       ??$get_optional@_N@?$basic_ptree@V?$basic_string@DU?$char_traits@D@std@@V?$allocator@D@2@@std@@V12@U?$less@V?$basic_string@DU?$char_traits@D@std@@V?$allocator@D@2@@std@@@2@@property_tree@boost@@QBE?AV?$optional@_N@2@ABV?$string_path@V?$basic_string@DU?$char_traits@D@std@@V?$allocator@D@2@@std@@U?$id_translator@V?$basic_string@DU?$char_traits@D@std@@V?$allocator@D@2@@std@@@property_tree@boost@@@12@@Z 0040f4c0 f i eqmap.obj
 0001:0000e540       ??$get_optional@V?$basic_string@DU?$char_traits@D@std@@V?$allocator@D@2@@std@@@?$basic_ptree@V?$basic_string@DU?$char_traits@D@std@@V?$allocator@D@2@@std@@V12@U?$less@V?$basic_string@DU?$char_traits@D@std@@V?$allocator@D@2@@std@@@2@@property_tree@boost@@QBE?AV?$optional@V?$basic_string@DU?$char_traits@D@std@@V?$allocator@D@2@@std@@@2@ABV?$string_path@V?$basic_string@DU?$char_traits@D@std@@V?$allocator@D@2@@std@@U?$id_translator@V?$basic_string@DU?$char_traits@D@std@@V?$allocator@D@2@@std@@@property_tree@boost@@@12@@Z 0040f540 f i eqmap.obj
 0001:0000e5c0       ??$_Destroy_range@U?$_Wrap_alloc@V?$allocator@Umap_point_t@@@std@@@std@@@std@@YAXPAUmap_point_t@@0AAU?$_Wrap_alloc@V?$allocator@Umap_point_t@@@std@@@0@U_Nonscalar_ptr_iterator_tag@0@@Z 0040f5c0 f i eqmap.obj
 0001:0000e600       ??$_Destroy_range@U?$_Wrap_alloc@V?$allocator@Uzone_info_t@@@std@@@std@@@std@@YAXPAUzone_info_t@@0AAU?$_Wrap_alloc@V?$allocator@Uzone_info_t@@@std@@@0@U_Nonscalar_ptr_iterator_tag@0@@Z 0040f600 f i eqmap.obj
 0001:0000e680       ??1?$transform_iterator@U?$copy_iterator_rangeF@V?$basic_string@DU?$char_traits@D@std@@V?$allocator@D@2@@std@@V?$_String_iterator@V?$_String_val@U?$_Simple_types@D@std@@@std@@@2@@detail@algorithm@boost@@V?$split_iterator@V?$_String_iterator@V?$_String_val@U?$_Simple_types@D@std@@@std@@@std@@@34@Uuse_default@4@U64@@boost@@QAE@XZ 0040f680 f i eqmap.obj
 0001:0000e680       ??1?$find_iterator_base@V?$_String_iterator@V?$_String_val@U?$_Simple_types@D@std@@@std@@@std@@@detail@algorithm@boost@@IAE@XZ 0040f680 f i eqmap.obj
 0001:0000e680       ??1?$split_iterator@V?$_String_iterator@V?$_String_val@U?$_Simple_types@D@std@@@std@@@std@@@algorithm@boost@@QAE@XZ 0040f680 f i eqmap.obj
 0001:0000e6b0       ??1?$pair@V?$basic_string@DU?$char_traits@D@std@@V?$allocator@D@2@@std@@V?$basic_ptree@V?$basic_string@DU?$char_traits@D@std@@V?$allocator@D@2@@std@@V12@U?$less@V?$basic_string@DU?$char_traits@D@std@@V?$allocator@D@2@@std@@@2@@property_tree@boost@@@std@@QAE@XZ 0040f6b0 f i eqmap.obj
 0001:0000e770       ??1?$pair@$$CBV?$basic_string@DU?$char_traits@D@std@@V?$allocator@D@2@@std@@V?$basic_ptree@V?$basic_string@DU?$char_traits@D@std@@V?$allocator@D@2@@std@@V12@U?$less@V?$basic_string@DU?$char_traits@D@std@@V?$allocator@D@2@@std@@@2@@property_tree@boost@@@std@@QAE@XZ 0040f770 f i eqmap.obj
 0001:0000e7e0       ??$construct@Umap_point_t@@AAU1@@?$allocator@Umap_point_t@@@std@@QAEXPAUmap_point_t@@AAU2@@Z 0040f7e0 f i eqmap.obj
 0001:0000e7e0       ?construct@?$allocator@Umap_point_t@@@std@@QAEXPAUmap_point_t@@ABU3@@Z 0040f7e0 f i eqmap.obj
 0001:0000e880       ??0?$split_iterator@V?$_String_iterator@V?$_String_val@U?$_Simple_types@D@std@@@std@@@std@@@algorithm@boost@@QAE@ABV012@@Z 0040f880 f i eqmap.obj
 0001:0000e900       ?lexical_cast_impl@?$lexical_cast_do_cast@MV?$basic_string@DU?$char_traits@D@std@@V?$allocator@D@2@@std@@@detail@boost@@SAMABV?$basic_string@DU?$char_traits@D@std@@V?$allocator@D@2@@std@@@Z 0040f900 f i eqmap.obj
 0001:0000e990       ?lexical_cast_impl@?$lexical_cast_do_cast@HV?$basic_string@DU?$char_traits@D@std@@V?$allocator@D@2@@std@@@detail@boost@@SAHABV?$basic_string@DU?$char_traits@D@std@@V?$allocator@D@2@@std@@@Z 0040f990 f i eqmap.obj
 0001:0000ea30       ??1?$error_info_injector@Vini_parser_error@ini_parser@property_tree@boost@@@exception_detail@boost@@UAE@XZ 0040fa30 f i eqmap.obj
 0001:0000ea70       ??1?$optional@ABV?$basic_ptree@V?$basic_string@DU?$char_traits@D@std@@V?$allocator@D@2@@std@@V12@U?$less@V?$basic_string@DU?$char_traits@D@std@@V?$allocator@D@2@@std@@@2@@property_tree@boost@@@boost@@QAE@XZ 0040fa70 f i eqmap.obj
 0001:0000ea80       ??_E?$error_info_injector@Vini_parser_error@ini_parser@property_tree@boost@@@exception_detail@boost@@UAEPAXI@Z 0040fa80 f i * CIL library *:* CIL module *
 0001:0000ea80       ??_G?$error_info_injector@Vini_parser_error@ini_parser@property_tree@boost@@@exception_detail@boost@@UAEPAXI@Z 0040fa80 f i eqmap.obj
 0001:0000ead0       ??$?RV?$_String_const_iterator@V?$_String_val@U?$_Simple_types@D@std@@@std@@@std@@@?$first_finderF@PBDUis_equal@algorithm@boost@@@detail@algorithm@boost@@QBE?AV?$iterator_range@V?$_String_const_iterator@V?$_String_val@U?$_Simple_types@D@std@@@std@@@std@@@3@V?$_String_const_iterator@V?$_String_val@U?$_Simple_types@D@std@@@std@@@std@@0@Z 0040fad0 f i eqmap.obj
 0001:0000ead0       ??$?RV?$_String_iterator@V?$_String_val@U?$_Simple_types@D@std@@@std@@@std@@@?$first_finderF@PBDUis_equal@algorithm@boost@@@detail@algorithm@boost@@QBE?AV?$iterator_range@V?$_String_iterator@V?$_String_val@U?$_Simple_types@D@std@@@std@@@std@@@3@V?$_String_iterator@V?$_String_val@U?$_Simple_types@D@std@@@std@@@std@@0@Z 0040fad0 f i eqmap.obj
 0001:0000eb40       ??$?0U?$token_finderF@U?$is_any_ofF@D@detail@algorithm@boost@@@detail@algorithm@boost@@@?$split_iterator@V?$_String_iterator@V?$_String_val@U?$_Simple_types@D@std@@@std@@@std@@@algorithm@boost@@QAE@V?$_String_iterator@V?$_String_val@U?$_Simple_types@D@std@@@std@@@std@@0U?$token_finderF@U?$is_any_ofF@D@detail@algorithm@boost@@@detail@12@@Z 0040fb40 f i eqmap.obj
 0001:0000ec10       ??$make_transform_iterator@U?$copy_iterator_rangeF@V?$basic_string@DU?$char_traits@D@std@@V?$allocator@D@2@@std@@V?$_String_iterator@V?$_String_val@U?$_Simple_types@D@std@@@std@@@2@@detail@algorithm@boost@@V?$split_iterator@V?$_String_iterator@V?$_String_val@U?$_Simple_types@D@std@@@std@@@std@@@34@@boost@@YA?AV?$transform_iterator@U?$copy_iterator_rangeF@V?$basic_string@DU?$char_traits@D@std@@V?$allocator@D@2@@std@@V?$_String_iterator@V?$_String_val@U?$_Simple_types@D@std@@@std@@@2@@detail@algorithm@boost@@V?$split_iterator@V?$_String_iterator@V?$_String_val@U?$_Simple_types@D@std@@@std@@@std@@@34@Uuse_default@4@U64@@0@V?$split_iterator@V?$_String_iterator@V?$_String_val@U?$_Simple_types@D@std@@@std@@@std@@@algorithm@0@U?$copy_iterator_rangeF@V?$basic_string@DU?$char_traits@D@std@@V?$allocator@D@2@@std@@V?$_String_iterator@V?$_String_val@U?$_Simple_types@D@std@@@std@@@2@@detail@30@@Z 0040fc10 f i eqmap.obj
 0001:0000ec90       ??$?0V?$transform_iterator@U?$copy_iterator_rangeF@V?$basic_string@DU?$char_traits@D@std@@V?$allocator@D@2@@std@@V?$_String_iterator@V?$_String_val@U?$_Simple_types@D@std@@@std@@@2@@detail@algorithm@boost@@V?$split_iterator@V?$_String_iterator@V?$_String_val@U?$_Simple_types@D@std@@@std@@@std@@@34@Uuse_default@4@U64@@boost@@@?$vector@V?$basic_string@DU?$char_traits@D@std@@V?$allocator@D@2@@std@@V?$allocator@V?$basic_string@DU?$char_traits@D@std@@V?$allocator@D@2@@std@@@2@@std@@QAE@V?$transform_iterator@U?$copy_iterator_rangeF@V?$basic_string@DU?$char_traits@D@std@@V?$allocator@D@2@@std@@V?$_String_iterator@V?$_String_val@U?$_Simple_types@D@std@@@std@@@2@@detail@algorithm@boost@@V?$split_iterator@V?$_String_iterator@V?$_String_val@U?$_Simple_types@D@std@@@std@@@std@@@34@Uuse_default@4@U64@@boost@@0PAPAX@Z 0040fc90 f i eqmap.obj
 0001:0000ed70       ??$find_if@V?$_String_iterator@V?$_String_val@U?$_Simple_types@D@std@@@std@@@std@@U?$is_any_ofF@D@detail@algorithm@boost@@@std@@YA?AV?$_String_iterator@V?$_String_val@U?$_Simple_types@D@std@@@std@@@0@V10@0U?$is_any_ofF@D@detail@algorithm@boost@@@Z 0040fd70 f i eqmap.obj
 0001:0000ee20       ??$_Remove_if@PADU?$is_any_ofF@D@detail@algorithm@boost@@@std@@YAPADPAD0U?$is_any_ofF@D@detail@algorithm@boost@@@Z 0040fe20 f i eqmap.obj
 0001:0000eec0       ??$find_format_all_copy_impl@V?$basic_string@DU?$char_traits@D@std@@V?$allocator@D@2@@std@@U?$first_finderF@PBDUis_equal@algorithm@boost@@@detail@algorithm@boost@@U?$const_formatF@V?$iterator_range@PBD@boost@@@456@V?$iterator_range@V?$_String_const_iterator@V?$_String_val@U?$_Simple_types@D@std@@@std@@@std@@@6@@detail@algorithm@boost@@YA?AV?$basic_string@DU?$char_traits@D@std@@V?$allocator@D@2@@std@@ABV34@U?$first_finderF@PBDUis_equal@algorithm@boost@@@012@U?$const_formatF@V?$iterator_range@PBD@boost@@@012@ABV?$iterator_range@V?$_String_const_iterator@V?$_String_val@U?$_Simple_types@D@std@@@std@@@std@@@2@@Z 0040fec0 f i eqmap.obj
 0001:0000ef30       ??$enable_error_info@Vini_parser_error@ini_parser@property_tree@boost@@@boost@@YA?AU?$error_info_injector@Vini_parser_error@ini_parser@property_tree@boost@@@exception_detail@0@ABVini_parser_error@ini_parser@property_tree@0@@Z 0040ff30 f i eqmap.obj
 0001:0000ef80       ??$throw_exception@U?$error_info_injector@Vini_parser_error@ini_parser@property_tree@boost@@@exception_detail@boost@@@boost@@YAXABU?$error_info_injector@Vini_parser_error@ini_parser@property_tree@boost@@@exception_detail@0@@Z 0040ff80 f i eqmap.obj
 0001:0000efe0       ??0?$basic_ptree@V?$basic_string@DU?$char_traits@D@std@@V?$allocator@D@2@@std@@V12@U?$less@V?$basic_string@DU?$char_traits@D@std@@V?$allocator@D@2@@std@@@2@@property_tree@boost@@QAE@ABV?$basic_string@DU?$char_traits@D@std@@V?$allocator@D@2@@std@@@Z 0040ffe0 f i eqmap.obj
 0001:0000f090       ?pop_back@?$basic_ptree@V?$basic_string@DU?$char_traits@D@std@@V?$allocator@D@2@@std@@V12@U?$less@V?$basic_string@DU?$char_traits@D@std@@V?$allocator@D@2@@std@@@2@@property_tree@boost@@QAEXXZ 00410090 f i eqmap.obj
 0001:0000f0e0       ?get_child_optional@?$basic_ptree@V?$basic_string@DU?$char_traits@D@std@@V?$allocator@D@2@@std@@V12@U?$less@V?$basic_string@DU?$char_traits@D@std@@V?$allocator@D@2@@std@@@2@@property_tree@boost@@QBE?AV?$optional@ABV?$basic_ptree@V?$basic_string@DU?$char_traits@D@std@@V?$allocator@D@2@@std@@V12@U?$less@V?$basic_string@DU?$char_traits@D@std@@V?$allocator@D@2@@std@@@2@@property_tree@boost@@@3@ABV?$string_path@V?$basic_string@DU?$char_traits@D@std@@V?$allocator@D@2@@std@@U?$id_translator@V?$basic_string@DU?$char_traits@D@std@@V?$allocator@D@2@@std@@@property_tree@boost@@@23@@Z 004100e0 f i eqmap.obj
 0001:0000f1c0       ??$trim@D@detail@property_tree@boost@@YA?AV?$basic_string@DU?$char_traits@D@std@@V?$allocator@D@2@@std@@ABV34@ABVlocale@4@@Z 004101c0 f i eqmap.obj
 0001:0000f2e0       ??$make_pair@AAV?$basic_string@DU?$char_traits@D@std@@V?$allocator@D@2@@std@@V?$basic_ptree@V?$basic_string@DU?$char_traits@D@std@@V?$allocator@D@2@@std@@V12@U?$less@V?$basic_string@DU?$char_traits@D@std@@V?$allocator@D@2@@std@@@2@@property_tree@boost@@@std@@YA?AU?$pair@V?$basic_string@DU?$char_traits@D@std@@V?$allocator@D@2@@std@@V?$basic_ptree@V?$basic_string@DU?$char_traits@D@std@@V?$allocator@D@2@@std@@V12@U?$less@V?$basic_string@DU?$char_traits@D@std@@V?$allocator@D@2@@std@@@2@@property_tree@boost@@@0@AAV?$basic_string@DU?$char_traits@D@std@@V?$allocator@D@2@@0@$$QAV?$basic_ptree@V?$basic_string@DU?$char_traits@D@std@@V?$allocator@D@2@@std@@V12@U?$less@V?$basic_string@DU?$char_traits@D@std@@V?$allocator@D@2@@std@@@2@@property_tree@boost@@@Z 004102e0 f i eqmap.obj
 0001:0000f370       ??$?0V?$basic_string@DU?$char_traits@D@std@@V?$allocator@D@2@@std@@V?$basic_ptree@V?$basic_string@DU?$char_traits@D@std@@V?$allocator@D@2@@std@@V12@U?$less@V?$basic_string@DU?$char_traits@D@std@@V?$allocator@D@2@@std@@@2@@property_tree@boost@@@?$pair@$$CBV?$basic_string@DU?$char_traits@D@std@@V?$allocator@D@2@@std@@V?$basic_ptree@V?$basic_string@DU?$char_traits@D@std@@V?$allocator@D@2@@std@@V12@U?$less@V?$basic_string@DU?$char_traits@D@std@@V?$allocator@D@2@@std@@@2@@property_tree@boost@@@std@@QAE@$$QAU?$pair@V?$basic_string@DU?$char_traits@D@std@@V?$allocator@D@2@@std@@V?$basic_ptree@V?$basic_string@DU?$char_traits@D@std@@V?$allocator@D@2@@std@@V12@U?$less@V?$basic_string@DU?$char_traits@D@std@@V?$allocator@D@2@@std@@@2@@property_tree@boost@@@1@PAPAX@Z 00410370 f i eqmap.obj
 0001:0000f370       ??$?0V?$basic_string@DU?$char_traits@D@std@@V?$allocator@D@2@@std@@V?$basic_ptree@V?$basic_string@DU?$char_traits@D@std@@V?$allocator@D@2@@std@@V12@U?$less@V?$basic_string@DU?$char_traits@D@std@@V?$allocator@D@2@@std@@@2@@property_tree@boost@@@?$pair@V?$basic_string@DU?$char_traits@D@std@@V?$allocator@D@2@@std@@V?$basic_ptree@V?$basic_string@DU?$char_traits@D@std@@V?$allocator@D@2@@std@@V12@U?$less@V?$basic_string@DU?$char_traits@D@std@@V?$allocator@D@2@@std@@@2@@property_tree@boost@@@std@@QAE@$$QAU01@PAPAX@Z 00410370 f i eqmap.obj
 0001:0000f470       ??$get_value_optional@H@?$basic_ptree@V?$basic_string@DU?$char_traits@D@std@@V?$allocator@D@2@@std@@V12@U?$less@V?$basic_string@DU?$char_traits@D@std@@V?$allocator@D@2@@std@@@2@@property_tree@boost@@QBE?AV?$optional@H@2@XZ 00410470 f i eqmap.obj
 0001:0000f520       ??$get_value_optional@_N@?$basic_ptree@V?$basic_string@DU?$char_traits@D@std@@V?$allocator@D@2@@std@@V12@U?$less@V?$basic_string@DU?$char_traits@D@std@@V?$allocator@D@2@@std@@@2@@property_tree@boost@@QBE?AV?$optional@_N@2@XZ 00410520 f i eqmap.obj
 0001:0000f5d0       ??$get_value_optional@V?$basic_string@DU?$char_traits@D@std@@V?$allocator@D@2@@std@@@?$basic_ptree@V?$basic_string@DU?$char_traits@D@std@@V?$allocator@D@2@@std@@V12@U?$less@V?$basic_string@DU?$char_traits@D@std@@V?$allocator@D@2@@std@@@2@@property_tree@boost@@QBE?AV?$optional@V?$basic_string@DU?$char_traits@D@std@@V?$allocator@D@2@@std@@@2@XZ 004105d0 f i eqmap.obj
 0001:0000f600       ??$destroy@Umap_point_t@@@?$_Wrap_alloc@V?$allocator@Umap_point_t@@@std@@@std@@QAEXPAUmap_point_t@@@Z 00410600 f i eqmap.obj
 0001:0000f630       ??$_Uninit_move@PAUmap_line_t@@PAU1@V?$allocator@Umap_line_t@@@std@@U1@@std@@YAPAUmap_line_t@@PAU1@00AAU?$_Wrap_alloc@V?$allocator@Umap_line_t@@@std@@@0@0U_Nonscalar_ptr_iterator_tag@0@@Z 00410630 f i eqmap.obj
 0001:0000f680       ??$_Uninit_move@PAUmap_point_t@@PAU1@V?$allocator@Umap_point_t@@@std@@U1@@std@@YAPAUmap_point_t@@PAU1@00AAU?$_Wrap_alloc@V?$allocator@Umap_point_t@@@std@@@0@0U_Nonscalar_ptr_iterator_tag@0@@Z 00410680 f i eqmap.obj
 0001:0000f770       ??$_Uninit_move@PAUzone_info_t@@PAU1@V?$allocator@Uzone_info_t@@@std@@U1@@std@@YAPAUzone_info_t@@PAU1@00AAU?$_Wrap_alloc@V?$allocator@Uzone_info_t@@@std@@@0@0U_Nonscalar_ptr_iterator_tag@0@@Z 00410770 f i eqmap.obj
 0001:0000f880       ??$_Uninit_move@PAV?$basic_string@DU?$char_traits@D@std@@V?$allocator@D@2@@std@@PAV12@V?$allocator@V?$basic_string@DU?$char_traits@D@std@@V?$allocator@D@2@@std@@@2@V12@@std@@YAPAV?$basic_string@DU?$char_traits@D@std@@V?$allocator@D@2@@0@PAV10@00AAU?$_Wrap_alloc@V?$allocator@V?$basic_string@DU?$char_traits@D@std@@V?$allocator@D@2@@std@@@std@@@0@0U_Nonscalar_ptr_iterator_tag@0@@Z 00410880 f i eqmap.obj
 0001:0000f910       ??$?RV?$_String_iterator@V?$_String_val@U?$_Simple_types@D@std@@@std@@@std@@@?$token_finderF@U?$is_any_ofF@D@detail@algorithm@boost@@@detail@algorithm@boost@@QBE?AV?$iterator_range@V?$_String_iterator@V?$_String_val@U?$_Simple_types@D@std@@@std@@@std@@@3@V?$_String_iterator@V?$_String_val@U?$_Simple_types@D@std@@@std@@@std@@0@Z 00410910 f i eqmap.obj
 0001:0000f9f0       ??$throw_exception@Vbad_lexical_cast@boost@@@boost@@YAXABVbad_lexical_cast@0@@Z 004109f0 f i eqmap.obj
 0001:0000fa40       ??$shr_signed@H@?$lexical_stream_limited_src@DU?$char_traits@D@std@@$0A@@detail@boost@@AAE_NAAH@Z 00410a40 f i eqmap.obj
 0001:0000faf0       ??$lcast_ret_float@U?$char_traits@D@std@@MD@detail@boost@@YA_NAAMPBD1@Z 00410af0 f i eqmap.obj
 0001:00010130       ??_D?$clone_impl@U?$error_info_injector@Vini_parser_error@ini_parser@property_tree@boost@@@exception_detail@boost@@@exception_detail@boost@@QAEXXZ 00411130 f i eqmap.obj
 0001:000101a0       ??0?$clone_impl@U?$error_info_injector@Vini_parser_error@ini_parser@property_tree@boost@@@exception_detail@boost@@@exception_detail@boost@@QAE@ABV012@@Z 004111a0 f i eqmap.obj
 0001:00010280       ??0?$error_info_injector@Vini_parser_error@ini_parser@property_tree@boost@@@exception_detail@boost@@QAE@ABU012@@Z 00411280 f i eqmap.obj
 0001:00010320       ??0ini_parser_error@ini_parser@property_tree@boost@@QAE@ABV0123@@Z 00411320 f i eqmap.obj
 0001:00010340       ??0file_parser_error@property_tree@boost@@QAE@ABV012@@Z 00411340 f i eqmap.obj
 0001:000103f0       ??0ptree_error@property_tree@boost@@QAE@ABV012@@Z 004113f0 f i eqmap.obj
 0001:00010410       ??0exception@boost@@QAE@ABV01@@Z 00411410 f i eqmap.obj
 0001:00010450       ??0clone_base@exception_detail@boost@@QAE@ABV012@@Z 00411450 f i eqmap.obj
 0001:00010460       ??_D?$clone_impl@U?$error_info_injector@Vbad_lexical_cast@boost@@@exception_detail@boost@@@exception_detail@boost@@QAEXXZ 00411460 f i eqmap.obj
 0001:00010480       ??0?$clone_impl@U?$error_info_injector@Vbad_lexical_cast@boost@@@exception_detail@boost@@@exception_detail@boost@@QAE@ABV012@@Z 00411480 f i eqmap.obj
 0001:00010560       ??0?$error_info_injector@Vbad_lexical_cast@boost@@@exception_detail@boost@@QAE@ABU012@@Z 00411560 f i eqmap.obj
 0001:00010600       ??0bad_lexical_cast@boost@@QAE@ABV01@@Z 00411600 f i eqmap.obj
 0001:00010630       ??_G?$clone_impl@U?$error_info_injector@Vini_parser_error@ini_parser@property_tree@boost@@@exception_detail@boost@@@exception_detail@boost@@UAEPAXI@Z 00411630 f i eqmap.obj
 0001:00010630       ??_E?$clone_impl@U?$error_info_injector@Vini_parser_error@ini_parser@property_tree@boost@@@exception_detail@boost@@@exception_detail@boost@@UAEPAXI@Z 00411630 f i * CIL library *:* CIL module *
 0001:00010660       ??_G?$clone_impl@U?$error_info_injector@Vbad_lexical_cast@boost@@@exception_detail@boost@@@exception_detail@boost@@UAEPAXI@Z 00411660 f i eqmap.obj
 0001:00010660       ??_E?$clone_impl@U?$error_info_injector@Vbad_lexical_cast@boost@@@exception_detail@boost@@@exception_detail@boost@@UAEPAXI@Z 00411660 f i * CIL library *:* CIL module *
 0001:00010690       ??_E?$error_info_injector@Vbad_lexical_cast@boost@@@exception_detail@boost@@UAEPAXI@Z 00411690 f i * CIL library *:* CIL module *
 0001:00010690       ??_G?$error_info_injector@Vbad_lexical_cast@boost@@@exception_detail@boost@@UAEPAXI@Z 00411690 f i eqmap.obj
 0001:000106f0       ?erase@?$vector@V?$basic_string@DU?$char_traits@D@std@@V?$allocator@D@2@@std@@V?$allocator@V?$basic_string@DU?$char_traits@D@std@@V?$allocator@D@2@@std@@@2@@std@@QAE?AV?$_Vector_iterator@V?$_Vector_val@U?$_Simple_types@V?$basic_string@DU?$char_traits@D@std@@V?$allocator@D@2@@std@@@std@@@std@@@2@V?$_Vector_const_iterator@V?$_Vector_val@U?$_Simple_types@V?$basic_string@DU?$char_traits@D@std@@V?$allocator@D@2@@std@@@std@@@std@@@2@0@Z 004116f0 f i eqmap.obj
 0001:00010760       ?increment@?$split_iterator@V?$_String_iterator@V?$_String_val@U?$_Simple_types@D@std@@@std@@@std@@@algorithm@boost@@AAEXXZ 00411760 f i eqmap.obj
 0001:000107c0       ?clone@?$clone_impl@U?$error_info_injector@Vini_parser_error@ini_parser@property_tree@boost@@@exception_detail@boost@@@exception_detail@boost@@EBEPBVclone_base@23@XZ 004117c0 f i eqmap.obj
 0001:00010850       ?rethrow@?$clone_impl@U?$error_info_injector@Vini_parser_error@ini_parser@property_tree@boost@@@exception_detail@boost@@@exception_detail@boost@@EBEXXZ 00411850 f i eqmap.obj
 0001:00010890       ??1?$error_info_injector@Vbad_lexical_cast@boost@@@exception_detail@boost@@UAE@XZ 00411890 f i eqmap.obj
 0001:000108d0       ??1?$clone_impl@U?$error_info_injector@Vbad_lexical_cast@boost@@@exception_detail@boost@@@exception_detail@boost@@UAE@XZ 004118d0 f i eqmap.obj
 0001:00010930       ?clone@?$clone_impl@U?$error_info_injector@Vbad_lexical_cast@boost@@@exception_detail@boost@@@exception_detail@boost@@EBEPBVclone_base@23@XZ 00411930 f i eqmap.obj
 0001:000109c0       ?rethrow@?$clone_impl@U?$error_info_injector@Vbad_lexical_cast@boost@@@exception_detail@boost@@@exception_detail@boost@@EBEXXZ 004119c0 f i eqmap.obj
 0001:000109f0       ?insert@?$sequenced_index@U?$nth_layer@$00U?$pair@$$CBV?$basic_string@DU?$char_traits@D@std@@V?$allocator@D@2@@std@@V?$basic_ptree@V?$basic_string@DU?$char_traits@D@std@@V?$allocator@D@2@@std@@V12@U?$less@V?$basic_string@DU?$char_traits@D@std@@V?$allocator@D@2@@std@@@2@@property_tree@boost@@@std@@U?$indexed_by@U?$sequenced@U?$tag@Una@mpl@boost@@U123@U123@U123@U123@U123@U123@U123@U123@U123@U123@U123@U123@U123@U123@U123@U123@U123@U123@U123@@multi_index@boost@@@multi_index@boost@@U?$ordered_non_unique@U?$tag@Uby_name@subs@?$basic_ptree@V?$basic_string@DU?$char_traits@D@std@@V?$allocator@D@2@@std@@V12@U?$less@V?$basic_string@DU?$char_traits@D@std@@V?$allocator@D@2@@std@@@2@@property_tree@boost@@Una@mpl@5@U675@U675@U675@U675@U675@U675@U675@U675@U675@U675@U675@U675@U675@U675@U675@U675@U675@U675@@multi_index@boost@@U?$member@U?$pair@$$CBV?$basic_string@DU?$char_traits@D@std@@V?$allocator@D@2@@std@@V?$basic_ptree@V?$basic_string@DU?$char_traits@D@std@@V?$allocator@D@2@@std@@V12@U?$less@V?$basic_string@DU?$char_traits@D@std@@V?$allocator@D@2@@std@@@2@@property_tree@boost@@@std@@$$CBV?$basic_string@DU?$char_traits@D@std@@V?$allocator@D@2@@2@$0A@@23@U?$less@V?$basic_string@DU?$char_traits@D@std@@V?$allocator@D@2@@std@@@std@@@23@Una@mpl@3@U563@U563@U563@U563@U563@U563@U563@U563@U563@U563@U563@U563@U563@U563@U563@U563@U563@@multi_index@boost@@V?$allocator@U?$pair@$$CBV?$basic_string@DU?$char_traits@D@std@@V?$allocator@D@2@@std@@V?$basic_ptree@V?$basic_string@DU?$char_traits@D@std@@V?$allocator@D@2@@std@@V12@U?$less@V?$basic_string@DU?$char_traits@D@std@@V?$allocator@D@2@@std@@@2@@property_tree@boost@@@std@@@2@@detail@multi_index@boost@@U?$vector0@Una@mpl@boost@@@mpl@4@@detail@multi_index@boost@@QAE?AU?$pair@V?$bidir_node_iterator@U?$sequenced_index_node@U?$ordered_index_node@U?$index_node_base@U?$pair@$$CBV?$basic_string@DU?$char_traits@D@std@@V?$allocator@D@2@@std@@V?$basic_ptree@V?$basic_string@DU?$char_traits@D@std@@V?$allocator@D@2@@std@@V12@U?$less@V?$basic_string@DU?$char_traits@D@std@@V?$allocator@D@2@@std@@@2@@property_tree@boost@@@std@@V?$allocator@U?$pair@$$CBV?$basic_string@DU?$char_traits@D@std@@V?$allocator@D@2@@std@@V?$basic_ptree@V?$basic_string@DU?$char_traits@D@std@@V?$allocator@D@2@@std@@V12@U?$less@V?$basic_string@DU?$char_traits@D@std@@V?$allocator@D@2@@std@@@2@@property_tree@boost@@@std@@@2@@detail@multi_index@boost@@@detail@multi_index@boost@@@detail@multi_index@boost@@@detail@multi_index@boost@@_N@std@@V?$bidir_node_iterator@U?$sequenced_index_node@U?$ordered_index_node@U?$index_node_base@U?$pair@$$CBV?$basic_string@DU?$char_traits@D@std@@V?$allocator@D@2@@std@@V?$basic_ptree@V?$basic_string@DU?$char_traits@D@std@@V?$allocator@D@2@@std@@V12@U?$less@V?$basic_string@DU?$char_traits@D@std@@V?$allocator@D@2@@std@@@2@@property_tree@boost@@@std@@V?$allocator@U?$pair@$$CBV?$basic_string@DU?$char_traits@D@std@@V?$allocator@D@2@@std@@V?$basic_ptree@V?$basic_string@DU?$char_traits@D@std@@V?$allocator@D@2@@std@@V12@U?$less@V?$basic_string@DU?$char_traits@D@std@@V?$allocator@D@2@@std@@@2@@property_tree@boost@@@std@@@2@@detail@multi_index@boost@@@detail@multi_index@boost@@@detail@multi_index@boost@@@234@ABU?$pair@$$CBV?$basic_string@DU?$char_traits@D@std@@V?$allocator@D@2@@std@@V?$basic_ptree@V?$basic_string@DU?$char_traits@D@std@@V?$allocator@D@2@@std@@V12@U?$less@V?$basic_string@DU?$char_traits@D@std@@V?$allocator@D@2@@std@@@2@@property_tree@boost@@@6@@Z 004119f0 f i eqmap.obj
 0001:00010a80       ?erase@?$sequenced_index@U?$nth_layer@$00U?$pair@$$CBV?$basic_string@DU?$char_traits@D@std@@V?$allocator@D@2@@std@@V?$basic_ptree@V?$basic_string@DU?$char_traits@D@std@@V?$allocator@D@2@@std@@V12@U?$less@V?$basic_string@DU?$char_traits@D@std@@V?$allocator@D@2@@std@@@2@@property_tree@boost@@@std@@U?$indexed_by@U?$sequenced@U?$tag@Una@mpl@boost@@U123@U123@U123@U123@U123@U123@U123@U123@U123@U123@U123@U123@U123@U123@U123@U123@U123@U123@U123@@multi_index@boost@@@multi_index@boost@@U?$ordered_non_unique@U?$tag@Uby_name@subs@?$basic_ptree@V?$basic_string@DU?$char_traits@D@std@@V?$allocator@D@2@@std@@V12@U?$less@V?$basic_string@DU?$char_traits@D@std@@V?$allocator@D@2@@std@@@2@@property_tree@boost@@Una@mpl@5@U675@U675@U675@U675@U675@U675@U675@U675@U675@U675@U675@U675@U675@U675@U675@U675@U675@U675@@multi_index@boost@@U?$member@U?$pair@$$CBV?$basic_string@DU?$char_traits@D@std@@V?$allocator@D@2@@std@@V?$basic_ptree@V?$basic_string@DU?$char_traits@D@std@@V?$allocator@D@2@@std@@V12@U?$less@V?$basic_string@DU?$char_traits@D@std@@V?$allocator@D@2@@std@@@2@@property_tree@boost@@@std@@$$CBV?$basic_string@DU?$char_traits@D@std@@V?$allocator@D@2@@2@$0A@@23@U?$less@V?$basic_string@DU?$char_traits@D@std@@V?$allocator@D@2@@std@@@std@@@23@Una@mpl@3@U563@U563@U563@U563@U563@U563@U563@U563@U563@U563@U563@U563@U563@U563@U563@U563@U563@@multi_index@boost@@V?$allocator@U?$pair@$$CBV?$basic_string@DU?$char_traits@D@std@@V?$allocator@D@2@@std@@V?$basic_ptree@V?$basic_string@DU?$char_traits@D@std@@V?$allocator@D@2@@std@@V12@U?$less@V?$basic_string@DU?$char_traits@D@std@@V?$allocator@D@2@@std@@@2@@property_tree@boost@@@std@@@2@@detail@multi_index@boost@@U?$vector0@Una@mpl@boost@@@mpl@4@@detail@multi_index@boost@@QAE?AV?$bidir_node_iterator@U?$sequenced_index_node@U?$ordered_index_node@U?$index_node_base@U?$pair@$$CBV?$basic_string@DU?$char_traits@D@std@@V?$allocator@D@2@@std@@V?$basic_ptree@V?$basic_string@DU?$char_traits@D@std@@V?$allocator@D@2@@std@@V12@U?$less@V?$basic_string@DU?$char_traits@D@std@@V?$allocator@D@2@@std@@@2@@property_tree@boost@@@std@@V?$allocator@U?$pair@$$CBV?$basic_string@DU?$char_traits@D@std@@V?$allocator@D@2@@std@@V?$basic_ptree@V?$basic_string@DU?$char_traits@D@std@@V?$allocator@D@2@@std@@V12@U?$less@V?$basic_string@DU?$char_traits@D@std@@V?$allocator@D@2@@std@@@2@@property_tree@boost@@@std@@@2@@detail@multi_index@boost@@@detail@multi_index@boost@@@detail@multi_index@boost@@@234@V5234@@Z 00411a80 f i eqmap.obj
 0001:00010af0       ??0?$clone_impl@U?$error_info_injector@Vini_parser_error@ini_parser@property_tree@boost@@@exception_detail@boost@@@exception_detail@boost@@AAE@ABV012@Uclone_tag@012@@Z 00411af0 f i eqmap.obj
 0001:00010bf0       ??0?$clone_impl@U?$error_info_injector@Vbad_lexical_cast@boost@@@exception_detail@boost@@@exception_detail@boost@@AAE@ABV012@Uclone_tag@012@@Z 00411bf0 f i eqmap.obj
 0001:00010cf0       ??R?$function2@V?$iterator_range@V?$_String_iterator@V?$_String_val@U?$_Simple_types@D@std@@@std@@@std@@@boost@@V?$_String_iterator@V?$_String_val@U?$_Simple_types@D@std@@@std@@@std@@V34@@boost@@QBE?AV?$iterator_range@V?$_String_iterator@V?$_String_val@U?$_Simple_types@D@std@@@std@@@std@@@1@V?$_String_iterator@V?$_String_val@U?$_Simple_types@D@std@@@std@@@std@@0@Z 00411cf0 f i eqmap.obj
[...]
 0002:00006140       __ehfuncinfo$??0?$basic_ptree@V?$basic_string@DU?$char_traits@D@std@@V?$allocator@D@2@@std@@V12@U?$less@V?$basic_string@DU?$char_traits@D@std@@V?$allocator@D@2@@std@@@2@@property_tree@boost@@QAE@XZ 0042c140     * CIL library *:* CIL module *
 0002:00006164       __unwindtable$??0?$basic_ptree@V?$basic_string@DU?$char_traits@D@std@@V?$allocator@D@2@@std@@V12@U?$less@V?$basic_string@DU?$char_traits@D@std@@V?$allocator@D@2@@std@@@2@@property_tree@boost@@QAE@XZ 0042c164     * CIL library *:* CIL module *
 0002:00006174       __ehfuncinfo$??$remove_if@V?$basic_string@DU?$char_traits@D@std@@V?$allocator@D@2@@std@@U?$is_any_ofF@D@detail@algorithm@boost@@@range@boost@@YA?AV?$_String_iterator@V?$_String_val@U?$_Simple_types@D@std@@@std@@@std@@AAV?$basic_string@DU?$char_traits@D@std@@V?$allocator@D@2@@3@U?$is_any_ofF@D@detail@algorithm@1@@Z 0042c174     * CIL library *:* CIL module *
 0002:00006198       __unwindtable$??$remove_if@V?$basic_string@DU?$char_traits@D@std@@V?$allocator@D@2@@std@@U?$is_any_ofF@D@detail@algorithm@boost@@@range@boost@@YA?AV?$_String_iterator@V?$_String_val@U?$_Simple_types@D@std@@@std@@@std@@AAV?$basic_string@DU?$char_traits@D@std@@V?$allocator@D@2@@3@U?$is_any_ofF@D@detail@algorithm@1@@Z 0042c198     * CIL library *:* CIL module *
 0002:000061a0       __ehfuncinfo$??$map_line_data_value_can_lexical_cast@H@@YA_NV?$basic_string@DU?$char_traits@D@std@@V?$allocator@D@2@@std@@HHAAH00@Z 0042c1a0     * CIL library *:* CIL module *
 0002:000061c4       __unwindtable$??$map_line_data_value_can_lexical_cast@H@@YA_NV?$basic_string@DU?$char_traits@D@std@@V?$allocator@D@2@@std@@HHAAH00@Z 0042c1c4     * CIL library *:* CIL module *
 0002:000061fc       __tryblocktable$??$map_line_data_value_can_lexical_cast@H@@YA_NV?$basic_string@DU?$char_traits@D@std@@V?$allocator@D@2@@std@@HHAAH00@Z 0042c1fc     * CIL library *:* CIL module *
 0002:00006210       __catchsym$??$map_line_data_value_can_lexical_cast@H@@YA_NV?$basic_string@DU?$char_traits@D@std@@V?$allocator@D@2@@std@@HHAAH00@Z$10 0042c210     * CIL library *:* CIL module *
 0002:00006230       __ehfuncinfo$??$map_line_data_value_can_lexical_cast@M@@YA_NV?$basic_string@DU?$char_traits@D@std@@V?$allocator@D@2@@std@@HHAAM00@Z 0042c230     * CIL library *:* CIL module *
 0002:00006254       __unwindtable$??$map_line_data_value_can_lexical_cast@M@@YA_NV?$basic_string@DU?$char_traits@D@std@@V?$allocator@D@2@@std@@HHAAM00@Z 0042c254     * CIL library *:* CIL module *
 0002:0000628c       __tryblocktable$??$map_line_data_value_can_lexical_cast@M@@YA_NV?$basic_string@DU?$char_traits@D@std@@V?$allocator@D@2@@std@@HHAAM00@Z 0042c28c     * CIL library *:* CIL module *
 0002:000062a0       __catchsym$??$map_line_data_value_can_lexical_cast@M@@YA_NV?$basic_string@DU?$char_traits@D@std@@V?$allocator@D@2@@std@@HHAAM00@Z$10 0042c2a0     * CIL library *:* CIL module *
 0002:000062c0       __ehfuncinfo$??$split@V?$vector@V?$basic_string@DU?$char_traits@D@std@@V?$allocator@D@2@@std@@V?$allocator@V?$basic_string@DU?$char_traits@D@std@@V?$allocator@D@2@@std@@@2@@std@@V?$basic_string@DU?$char_traits@D@std@@V?$allocator@D@2@@2@U?$is_any_ofF@D@detail@algorithm@boost@@@algorithm@boost@@YAAAV?$vector@V?$basic_string@DU?$char_traits@D@std@@V?$allocator@D@2@@std@@V?$allocator@V?$basic_string@DU?$char_traits@D@std@@V?$allocator@D@2@@std@@@2@@std@@AAV23@AAV?$basic_string@DU?$char_traits@D@std@@V?$allocator@D@2@@3@U?$is_any_ofF@D@detail@01@W4token_compress_mode_type@01@@Z 0042c2c0     * CIL library *:* CIL module *
 0002:000062e4       __unwindtable$??$split@V?$vector@V?$basic_string@DU?$char_traits@D@std@@V?$allocator@D@2@@std@@V?$allocator@V?$basic_string@DU?$char_traits@D@std@@V?$allocator@D@2@@std@@@2@@std@@V?$basic_string@DU?$char_traits@D@std@@V?$allocator@D@2@@2@U?$is_any_ofF@D@detail@algorithm@boost@@@algorithm@boost@@YAAAV?$vector@V?$basic_string@DU?$char_traits@D@std@@V?$allocator@D@2@@std@@V?$allocator@V?$basic_string@DU?$char_traits@D@std@@V?$allocator@D@2@@std@@@2@@std@@AAV23@AAV?$basic_string@DU?$char_traits@D@std@@V?$allocator@D@2@@3@U?$is_any_ofF@D@detail@01@W4token_compress_mode_type@01@@Z 0042c2e4     * CIL library *:* CIL module *
 0002:000062ec       __ehfuncinfo$??$?5DU?$char_traits@D@std@@@std@@YAAAV?$basic_istream@DU?$char_traits@D@std@@@0@AAV10@AAD@Z 0042c2ec     * CIL library *:* CIL module *
 0002:00006310       __unwindtable$??$?5DU?$char_traits@D@std@@@std@@YAAAV?$basic_istream@DU?$char_traits@D@std@@@0@AAV10@AAD@Z 0042c310     * CIL library *:* CIL module *
 0002:00006330       __ehfuncinfo$??$?6DU?$char_traits@D@std@@V?$allocator@D@1@@std@@YAAAV?$basic_ostream@DU?$char_traits@D@std@@@0@AAV10@ABV?$basic_string@DU?$char_traits@D@std@@V?$allocator@D@2@@0@@Z 0042c330     * CIL library *:* CIL module *
 0002:00006354       __unwindtable$??$?6DU?$char_traits@D@std@@V?$allocator@D@1@@std@@YAAAV?$basic_ostream@DU?$char_traits@D@std@@@0@AAV10@ABV?$basic_string@DU?$char_traits@D@std@@V?$allocator@D@2@@0@@Z 0042c354     * CIL library *:* CIL module *
 0002:00006374       __ehfuncinfo$??$?6U?$char_traits@D@std@@@std@@YAAAV?$basic_ostream@DU?$char_traits@D@std@@@0@AAV10@PBD@Z 0042c374     * CIL library *:* CIL module *
 0002:00006374       __ehfuncinfo$??$?6U?$char_traits@D@std@@@std@@YAAAV?$basic_ostream@DU?$char_traits@D@std@@@0@AAV10@D@Z 0042c374     * CIL library *:* CIL module *
 0002:00006398       __unwindtable$??$?6U?$char_traits@D@std@@@std@@YAAAV?$basic_ostream@DU?$char_traits@D@std@@@0@AAV10@D@Z 0042c398     * CIL library *:* CIL module *
 0002:00006398       __unwindtable$??$?6U?$char_traits@D@std@@@std@@YAAAV?$basic_ostream@DU?$char_traits@D@std@@@0@AAV10@PBD@Z 0042c398     * CIL library *:* CIL module *
 0002:000063b8       __ehfuncinfo$??$use_facet@V?$codecvt@DDH@std@@@std@@YAABV?$codecvt@DDH@0@ABVlocale@0@@Z 0042c3b8     * CIL library *:* CIL module *
 0002:000063b8       __ehfuncinfo$??$use_facet@V?$ctype@D@std@@@std@@YAABV?$ctype@D@0@ABVlocale@0@@Z 0042c3b8     * CIL library *:* CIL module *
 0002:000063dc       __unwindtable$??$use_facet@V?$ctype@D@std@@@std@@YAABV?$ctype@D@0@ABVlocale@0@@Z 0042c3dc     * CIL library *:* CIL module *
 0002:000063dc       __unwindtable$??$use_facet@V?$codecvt@DDH@std@@@std@@YAABV?$codecvt@DDH@0@ABVlocale@0@@Z 0042c3dc     * CIL library *:* CIL module *
 0002:000063e4       __ehfuncinfo$?_Copy@?$basic_string@DU?$char_traits@D@std@@V?$allocator@D@2@@std@@QAEXII@Z 0042c3e4     * CIL library *:* CIL module *
 0002:00006408       __unwindtable$?_Copy@?$basic_string@DU?$char_traits@D@std@@V?$allocator@D@2@@std@@QAEXII@Z 0042c408     * CIL library *:* CIL module *
 0002:00006428       __tryblocktable$?_Copy@?$basic_string@DU?$char_traits@D@std@@V?$allocator@D@2@@std@@QAEXII@Z 0042c428     * CIL library *:* CIL module *
 0002:00006450       __catchsym$?_Copy@?$basic_string@DU?$char_traits@D@std@@V?$allocator@D@2@@std@@QAEXII@Z$4 0042c450     * CIL library *:* CIL module *
 0002:00006460       __catchsym$?_Copy@?$basic_string@DU?$char_traits@D@std@@V?$allocator@D@2@@std@@QAEXII@Z$5 0042c460     * CIL library *:* CIL module *
 0002:00006470       __ehfuncinfo$?_Reallocate@?$vector@Uzone_info_t@@V?$allocator@Uzone_info_t@@@std@@@std@@IAEXI@Z 0042c470     * CIL library *:* CIL module *
 0002:00006494       __unwindtable$?_Reallocate@?$vector@Uzone_info_t@@V?$allocator@Uzone_info_t@@@std@@@std@@IAEXI@Z 0042c494     * CIL library *:* CIL module *
 0002:000064a4       __tryblocktable$?_Reallocate@?$vector@Uzone_info_t@@V?$allocator@Uzone_info_t@@@std@@@std@@IAEXI@Z 0042c4a4     * CIL library *:* CIL module *
 0002:000064b8       __catchsym$?_Reallocate@?$vector@Uzone_info_t@@V?$allocator@Uzone_info_t@@@std@@@std@@IAEXI@Z$2 0042c4b8     * CIL library *:* CIL module *
 0002:000064c8       __ehfuncinfo$?_Reallocate@?$vector@Umap_point_t@@V?$allocator@Umap_point_t@@@std@@@std@@IAEXI@Z 0042c4c8     * CIL library *:* CIL module *
 0002:000064ec       __unwindtable$?_Reallocate@?$vector@Umap_point_t@@V?$allocator@Umap_point_t@@@std@@@std@@IAEXI@Z 0042c4ec     * CIL library *:* CIL module *
 0002:000064fc       __tryblocktable$?_Reallocate@?$vector@Umap_point_t@@V?$allocator@Umap_point_t@@@std@@@std@@IAEXI@Z 0042c4fc     * CIL library *:* CIL module *
 0002:00006510       __catchsym$?_Reallocate@?$vector@Umap_point_t@@V?$allocator@Umap_point_t@@@std@@@std@@IAEXI@Z$2 0042c510     * CIL library *:* CIL module *
 0002:00006520       __ehfuncinfo$?_Endwrite@?$basic_filebuf@DU?$char_traits@D@std@@@std@@IAE_NXZ 0042c520     * CIL library *:* CIL module *
 0002:00006544       __unwindtable$?_Endwrite@?$basic_filebuf@DU?$char_traits@D@std@@@std@@IAE_NXZ 0042c544     * CIL library *:* CIL module *
 0002:0000654c       __ehfuncinfo$?open@?$basic_filebuf@DU?$char_traits@D@std@@@std@@QAEPAV12@PBDHH@Z 0042c54c     * CIL library *:* CIL module *
 0002:00006570       __unwindtable$?open@?$basic_filebuf@DU?$char_traits@D@std@@@std@@QAEPAV12@PBDHH@Z 0042c570     * CIL library *:* CIL module *
 0002:00006578       __ehfuncinfo$?uflow@?$basic_filebuf@DU?$char_traits@D@std@@@std@@MAEHXZ 0042c578     * CIL library *:* CIL module *
 0002:00006578       __ehfuncinfo$?overflow@?$basic_filebuf@DU?$char_traits@D@std@@@std@@MAEHH@Z 0042c578     * CIL library *:* CIL module *
 0002:0000659c       __unwindtable$?overflow@?$basic_filebuf@DU?$char_traits@D@std@@@std@@MAEHH@Z 0042c59c     * CIL library *:* CIL module *
 0002:0000659c       __unwindtable$?uflow@?$basic_filebuf@DU?$char_traits@D@std@@@std@@MAEHXZ 0042c59c     * CIL library *:* CIL module *
 0002:000065a4       __ehfuncinfo$??0?$basic_ifstream@DU?$char_traits@D@std@@@std@@QAE@PBDHH@Z 0042c5a4     * CIL library *:* CIL module *
 0002:000065c8       __unwindtable$??0?$basic_ifstream@DU?$char_traits@D@std@@@std@@QAE@PBDHH@Z 0042c5c8     * CIL library *:* CIL module *
 0002:000065e8       __ehfuncinfo$?push_back@?$vector@Uzone_info_t@@V?$allocator@Uzone_info_t@@@std@@@std@@QAEXABUzone_info_t@@@Z 0042c5e8     * CIL library *:* CIL module *
 0002:0000660c       __unwindtable$?push_back@?$vector@Uzone_info_t@@V?$allocator@Uzone_info_t@@@std@@@std@@QAEXABUzone_info_t@@@Z 0042c60c     * CIL library *:* CIL module *
 0002:0000661c       __ehfuncinfo$??0?$basic_stringstream@DU?$char_traits@D@std@@V?$allocator@D@2@@std@@QAE@H@Z 0042c61c     * CIL library *:* CIL module *
 0002:00006640       __unwindtable$??0?$basic_stringstream@DU?$char_traits@D@std@@V?$allocator@D@2@@std@@QAE@H@Z 0042c640     * CIL library *:* CIL module *
 0002:00006658       __ehfuncinfo$_main         0042c658     * CIL library *:* CIL module *
 0002:0000667c       __unwindtable$_main        0042c67c     * CIL library *:* CIL module *
 0002:00006694       __ehfuncinfo$?window_proc_hook@@YGJPAUHWND__@@IIJ@Z 0042c694     * CIL library *:* CIL module *
 0002:000066b8       __unwindtable$?window_proc_hook@@YGJPAUHWND__@@IIJ@Z 0042c6b8     * CIL library *:* CIL module *
 0002:000066e0       __ehfuncinfo$?map_load_config@@YAXXZ 0042c6e0     * CIL library *:* CIL module *
 0002:00006708       __unwindtable$?map_load_config@@YAXXZ 0042c708     * CIL library *:* CIL module *
 0002:00006810       __ehfuncinfo$??0zone_info_t@@QAE@ABU0@@Z 0042c810     * CIL library *:* CIL module *
 0002:00006834       __unwindtable$??0zone_info_t@@QAE@ABU0@@Z 0042c834     * CIL library *:* CIL module *
 0002:00006848       __ehfuncinfo$?bar_zones_create@@YAXXZ 0042c848     * CIL library *:* CIL module *
 0002:00006870       __unwindtable$?bar_zones_create@@YAXXZ 0042c870     * CIL library *:* CIL module *
 0002:000068e0       __ehfuncinfo$?bar_zones_button_zone_name@@YGXPAX@Z 0042c8e0     * CIL library *:* CIL module *
 0002:00006904       __unwindtable$?bar_zones_button_zone_name@@YGXPAX@Z 0042c904     * CIL library *:* CIL module *
 0002:00006910       __ehfuncinfo$?render@@YAXXZ 0042c910     * CIL library *:* CIL module *
 0002:00006938       __unwindtable$?render@@YAXXZ 0042c938     * CIL library *:* CIL module *
 0002:00006a78       __ehfuncinfo$?parse_zone_info@@YAXXZ 0042ca78     * CIL library *:* CIL module *
 0002:00006aa0       __unwindtable$?parse_zone_info@@YAXXZ 0042caa0     * CIL library *:* CIL module *
 0002:00006ae0       __ehfuncinfo$?map_load_zone@@YAXV?$basic_string@DU?$char_traits@D@std@@V?$allocator@D@2@@std@@@Z 0042cae0     * CIL library *:* CIL module *
 0002:00006b08       __unwindtable$?map_load_zone@@YAXV?$basic_string@DU?$char_traits@D@std@@V?$allocator@D@2@@std@@@Z 0042cb08     * CIL library *:* CIL module *
 0002:00006b60       __ehfuncinfo$?map_parse_file@@YAXV?$basic_string@DU?$char_traits@D@std@@V?$allocator@D@2@@std@@H@Z 0042cb60     * CIL library *:* CIL module *
 0002:00006b88       __unwindtable$?map_parse_file@@YAXV?$basic_string@DU?$char_traits@D@std@@V?$allocator@D@2@@std@@H@Z 0042cb88     * CIL library *:* CIL module *
 0002:00006cb0       __ehfuncinfo$?file_exists@@YA_NV?$basic_string@DU?$char_traits@D@std@@V?$allocator@D@2@@std@@@Z 0042ccb0     * CIL library *:* CIL module *
 0002:00006cd4       __unwindtable$?file_exists@@YA_NV?$basic_string@DU?$char_traits@D@std@@V?$allocator@D@2@@std@@@Z 0042ccd4     * CIL library *:* CIL module *
 0002:00006cdc       __ehfuncinfo$?format_what@file_parser_error@property_tree@boost@@CA?AV?$basic_string@DU?$char_traits@D@std@@V?$allocator@D@2@@std@@ABV45@0K@Z 0042ccdc     * CIL library *:* CIL module *
 0002:00006d00       __unwindtable$?format_what@file_parser_error@property_tree@boost@@CA?AV?$basic_string@DU?$char_traits@D@std@@V?$allocator@D@2@@std@@ABV45@0K@Z 0042cd00     * CIL library *:* CIL module *
 0002:00006d08       __ehfuncinfo$??0file_parser_error@property_tree@boost@@QAE@ABV?$basic_string@DU?$char_traits@D@std@@V?$allocator@D@2@@std@@0K@Z 0042cd08     * CIL library *:* CIL module *
 0002:00006d2c       __unwindtable$??0file_parser_error@property_tree@boost@@QAE@ABV?$basic_string@DU?$char_traits@D@std@@V?$allocator@D@2@@std@@0K@Z 0042cd2c     * CIL library *:* CIL module *
 0002:00006d4c       __ehfuncinfo$?copy_boost_exception@exception_detail@boost@@YAXPAVexception@2@PBV32@@Z 0042cd4c     * CIL library *:* CIL module *
 0002:00006d70       __unwindtable$?copy_boost_exception@exception_detail@boost@@YAXPAVexception@2@PBV32@@Z 0042cd70     * CIL library *:* CIL module *
 0002:00006d80       __ehfuncinfo$??8locale@std@@QBE_NABV01@@Z 0042cd80     * CIL library *:* CIL module *
 0002:00006da4       __unwindtable$??8locale@std@@QBE_NABV01@@Z 0042cda4     * CIL library *:* CIL module *
 0002:00006db4       __ehfuncinfo$?name@locale@std@@QBE?AV?$basic_string@DU?$char_traits@D@std@@V?$allocator@D@2@@2@XZ 0042cdb4     * CIL library *:* CIL module *
 0002:00006dd8       __unwindtable$?name@locale@std@@QBE?AV?$basic_string@DU?$char_traits@D@std@@V?$allocator@D@2@@2@XZ 0042cdd8     * CIL library *:* CIL module *
 0002:000073a0       .idata$6                   0042d3a0     opengl32:OPENGL32.dll
 0002:000075a2       .idata$6                   0042d5a2     freeglut:freeglut.dll
 0002:00007716       .idata$6                   0042d716     AntTweakBar:AntTweakBar.dll
 0002:00007736       .idata$6                   0042d736     kernel32:KERNEL32.dll
 0002:000077a4       .idata$6                   0042d7a4     user32:USER32.dll
 0002:000077f4       .idata$6                   0042d7f4     shell32:SHELL32.dll
 0002:00008a0e       .idata$6                   0042ea0e     msvcprt:MSVCP110.dll
 0002:00008d14       .idata$6                   0042ed14     MSVCRT:MSVCR110.dll
 0003:0000006c       _has_tex_rectangle_capability 0042f06c     * CIL library *:* CIL module *
 0003:00000070       _has_NPOT_capability       0042f070     * CIL library *:* CIL module *
 0003:00000078       _has_DXT_capability        0042f078     * CIL library *:* CIL module *
 0003:0000007c       _has_cubemap_capability    0042f07c     * CIL library *:* CIL module *
 0003:00000080       _dist_extra                0042f080     * CIL library *:* CIL module *
 0003:00000100       ?length_dezigzag@?1??compute_huffman_codes@@9@9 0042f100     * CIL library *:* CIL module *
 0003:00000114       _h2l_gamma_i               0042f114     * CIL library *:* CIL module *
 0003:00000118       _dist_base                 0042f118     * CIL library *:* CIL module *
 0003:00000198       _length_extra              0042f198     * CIL library *:* CIL module *
 0003:00000214       _h2l_scale_i               0042f214     * CIL library *:* CIL module *
 0003:00000218       _bmask                     0042f218     * CIL library *:* CIL module *
 0003:00000260       _length_base               0042f260     * CIL library *:* CIL module *
 0003:000002dc       ?png_sig@?1??check_png_header@@9@9 0042f2dc     * CIL library *:* CIL module *
 0003:000002e4       ?invalid_chunk@?BF@??parse_png_file@@9@9 0042f2e4     * CIL library *:* CIL module *
 0003:000002fc       _first_row_filter          0042f2fc     * CIL library *:* CIL module *
 0003:00000308       _dezigzag                  0042f308     * CIL library *:* CIL module *
 0003:00001040       __Fac_head                 00430040     msvcprt:locale0_implib.obj
 0003:00001044       __Fac_tidy_reg             00430044     msvcprt:locale0_implib.obj
 0003:00001048       _mainret                   00430048     MSVCRT:crtexe.obj
 0003:0000104c       _has_cctor                 0043004c     MSVCRT:crtexe.obj
 0003:00001050       _argc                      00430050     MSVCRT:crtexe.obj
 0003:00001054       _argv                      00430054     MSVCRT:crtexe.obj
 0003:00001058       _envp                      00430058     MSVCRT:crtexe.obj
 0003:0000105c       _argret                    0043005c     MSVCRT:crtexe.obj
 0003:00001060       _managedapp                00430060     MSVCRT:crtexe.obj
 0003:00001064       _startinfo                 00430064     MSVCRT:crtexe.obj
 0003:00001068       _GS_ExceptionRecord        00430068     MSVCRT:gs_report.obj
 0003:000010b8       _GS_ContextRecord          004300b8     MSVCRT:gs_report.obj
 0003:00001384       _DebuggerWasPresent        00430384     MSVCRT:gs_report.obj
 0003:00001428       _max_loaders               00430428     * CIL library *:* CIL module *
 0003:0000142c       __8                        0043042c     * CIL library *:* CIL module *
 0003:0000142d       __1                        0043042d     * CIL library *:* CIL module *
 0003:0000142e       __Tuple_alloc              0043042e     * CIL library *:* CIL module *
 0003:0000142f       __5                        0043042f     * CIL library *:* CIL module *
 0003:00001430       __9                        00430430     * CIL library *:* CIL module *
 0003:00001431       __4                        00430431     * CIL library *:* CIL module *
 0003:00001432       _ordered_range             00430432     * CIL library *:* CIL module *
 0003:00001433       __2                        00430433     * CIL library *:* CIL module *
 0003:0000144c       __7                        0043044c     * CIL library *:* CIL module *
 0003:0000144d       _ignore                    0043044d     * CIL library *:* CIL module *
 0003:0000144e       __3                        0043044e     * CIL library *:* CIL module *
 0003:0000144f       _allocator_arg             0043044f     * CIL library *:* CIL module *
 0003:00001450       _ordered_unique_range      00430450     * CIL library *:* CIL module *
 0003:00001451       _piecewise_construct       00430451     * CIL library *:* CIL module *
 0003:00001452       __6                        00430452     * CIL library *:* CIL module *
 0003:00001474       _failure_reason            00430474     * CIL library *:* CIL module *
 0003:00001478       ?z_codelength@?1??compute_huffman_codes@@9@9 00430478     * CIL library *:* CIL module *
 0003:00001c60       _default_length            00430c60     * CIL library *:* CIL module *
 0003:00001d80       _default_distance          00430d80     * CIL library *:* CIL module *
 0004:00000060       $R000000                   00431060     * linker generated manifest res *
