 eqmap

 Timestamp is 52786e15 (Mon Nov 04 22:03:33 2013)

 Preferred load address is 00400000

 Start         Length     Name                   Class
 0001:00000000 00018040H .text                   CODE
 0001:00018040 0000213bH .text$x                 CODE
 0001:0001a180 00000187H .text$yc                CODE
 0001:0001a310 000003a5H .text$yd                CODE
 0002:00000000 000003b8H .idata$5                DATA
 0002:000003b8 00000004H .CRT$XCA                DATA
 0002:000003bc 00000004H .CRT$XCAA               DATA
 0002:000003c0 00000004H .CRT$XCL                DATA
 0002:000003c4 00000040H .CRT$XCU                DATA
 0002:00000404 00000004H .CRT$XCZ                DATA
 0002:00000408 00000004H .CRT$XIA                DATA
 0002:0000040c 00000004H .CRT$XIAA               DATA
 0002:00000410 00000004H .CRT$XIC                DATA
 0002:00000414 00000004H .CRT$XIY                DATA
 0002:00000418 00000004H .CRT$XIZ                DATA
 0002:00000420 00002a48H .rdata                  DATA
 0002:00002e68 00000054H .rdata$debug            DATA
 0002:00002ebc 00000ebcH .rdata$r                DATA
 0002:00003d80 000001ecH .rdata$sxdata           DATA
 0002:00003f6c 00000004H .rtc$IAA                DATA
 0002:00003f70 00000004H .rtc$IZZ                DATA
 0002:00003f74 00000004H .rtc$TAA                DATA
 0002:00003f78 00000004H .rtc$TZZ                DATA
 0002:00003f80 00002680H .xdata$x                DATA
 0002:00006600 000000a0H .idata$2                DATA
 0002:000066a0 00000014H .idata$3                DATA
 0002:000066b4 000003b8H .idata$4                DATA
 0002:00006a6c 00001d3aH .idata$6                DATA
 0002:000087a6 00000000H .edata                  DATA
 0003:00000000 00000d20H .data                   DATA
 0003:00000d20 00000450H .bss                    DATA
 0004:00000000 00000058H .rsrc$01                DATA
 0004:00000060 00000180H .rsrc$02                DATA

  Address         Publics by Value              Rva+Base       Lib:Object

 0000:00000000       __except_list              00000000     <absolute>
 0000:0000007b       ___safe_se_handler_count   0000007b     <absolute>
 0000:00009876       __fltused                  00009876     <absolute>
 0000:00009876       __ldused                   00009876     <absolute>
 0000:00000000       ___ImageBase               00400000     <linker-defined>
 0001:00000000       _fabsf                     00401000 f i eqmap.obj
 0001:00000020       ??1?$_Deque_iterator@V?$_Deque_val@U?$_Deque_simple_types@D@std@@@std@@@std@@QAE@XZ 00401020 f i eqmap.obj
 0001:00000020       ??3@YAXPAX0@Z              00401020 f i eqmap.obj
 0001:00000030       ?compare@?$char_traits@D@std@@SAHPBD0I@Z 00401030 f i eqmap.obj
 0001:00000090       ?copy@?$char_traits@D@std@@SAPADPADPBDI@Z 00401090 f i eqmap.obj
 0001:000000b0       ?move@?$char_traits@D@std@@SAPADPADPBDI@Z 004010b0 f i eqmap.obj
 0001:000000d0       ?assign@?$char_traits@D@std@@SAXAADABD@Z 004010d0 f i eqmap.obj
 0001:000000e0       ??_Eruntime_error@std@@UAEPAXI@Z 004010e0 f i * CIL library *:* CIL module *
 0001:000000e0       ??_Gruntime_error@std@@UAEPAXI@Z 004010e0 f i eqmap.obj
 0001:000000e0       ??_Gbad_function_call@boost@@UAEPAXI@Z 004010e0 f i eqmap.obj
 0001:000000e0       ??_Ebad_function_call@boost@@UAEPAXI@Z 004010e0 f i * CIL library *:* CIL module *
 0001:00000110       ??0runtime_error@std@@QAE@ABV01@@Z 00401110 f i eqmap.obj
 0001:00000130       ??1?$stream_translator@DU?$char_traits@D@std@@V?$allocator@D@2@H@property_tree@boost@@QAE@XZ 00401130 f i eqmap.obj
 0001:00000130       ??1?$stream_translator@DU?$char_traits@D@std@@V?$allocator@D@2@_N@property_tree@boost@@QAE@XZ 00401130 f i eqmap.obj
 0001:00000130       ??1locale@std@@QAE@XZ      00401130 f i eqmap.obj
 0001:00000150       ?name@locale@std@@QBE?AV?$basic_string@DU?$char_traits@D@std@@V?$allocator@D@2@@2@XZ 00401150 f i eqmap.obj
 0001:000002b0       ??8locale@std@@QBE_NABV01@@Z 004012b0 f i eqmap.obj
 0001:00000440       ??_E_System_error_category@std@@UAEPAXI@Z 00401440 f i * CIL library *:* CIL module *
 0001:00000440       ??_G_Generic_error_category@std@@UAEPAXI@Z 00401440 f i eqmap.obj
 0001:00000440       ??_E_Iostream_error_category@std@@UAEPAXI@Z 00401440 f i * CIL library *:* CIL module *
 0001:00000440       ??_G_Iostream_error_category@std@@UAEPAXI@Z 00401440 f i eqmap.obj
 0001:00000440       ??_Eerror_category@std@@UAEPAXI@Z 00401440 f i * CIL library *:* CIL module *
 0001:00000440       ??_G_System_error_category@std@@UAEPAXI@Z 00401440 f i eqmap.obj
 0001:00000440       ??_Gerror_category@std@@UAEPAXI@Z 00401440 f i eqmap.obj
 0001:00000440       ??_E_Generic_error_category@std@@UAEPAXI@Z 00401440 f i * CIL library *:* CIL module *
 0001:00000470       ?default_error_condition@error_category@std@@UBE?AVerror_condition@2@H@Z 00401470 f i eqmap.obj
 0001:00000490       ?equivalent@error_category@std@@UBE_NHABVerror_condition@2@@Z 00401490 f i eqmap.obj
 0001:000004d0       ?equivalent@error_category@std@@UBE_NABVerror_code@2@H@Z 004014d0 f i eqmap.obj
 0001:000004f0       ?name@_Generic_error_category@std@@UBEPBDXZ 004014f0 f i eqmap.obj
 0001:00000500       ?message@_Generic_error_category@std@@UBE?AV?$basic_string@DU?$char_traits@D@std@@V?$allocator@D@2@@2@H@Z 00401500 f i eqmap.obj
 0001:00000580       ?name@_Iostream_error_category@std@@UBEPBDXZ 00401580 f i eqmap.obj
 0001:00000590       ?message@_Iostream_error_category@std@@UBE?AV?$basic_string@DU?$char_traits@D@std@@V?$allocator@D@2@@2@H@Z 00401590 f i eqmap.obj
 0001:000005e0       ?name@_System_error_category@std@@UBEPBDXZ 004015e0 f i eqmap.obj
 0001:000005f0       ?message@_System_error_category@std@@UBE?AV?$basic_string@DU?$char_traits@D@std@@V?$allocator@D@2@@2@H@Z 004015f0 f i eqmap.obj
 0001:00000670       ?default_error_condition@_System_error_category@std@@UBE?AVerror_condition@2@H@Z 00401670 f i eqmap.obj
 0001:000006b0       ?fixed@std@@YAAAVios_base@1@AAV21@@Z 004016b0 f i eqmap.obj
 0001:000006d0       ??1sentry@?$basic_istream@DU?$char_traits@D@std@@@std@@QAE@XZ 004016d0 f i eqmap.obj
 0001:000006d0       ??1_Sentry_base@?$basic_istream@DU?$char_traits@D@std@@@std@@QAE@XZ 004016d0 f i eqmap.obj
 0001:000006d0       ??1_Sentry_base@?$basic_ostream@DU?$char_traits@D@std@@@std@@QAE@XZ 004016d0 f i eqmap.obj
 0001:000006f0       ??1clone_base@exception_detail@boost@@UAE@XZ 004016f0 f i eqmap.obj
 0001:00000700       ??_Eclone_base@exception_detail@boost@@UAEPAXI@Z 00401700 f i * CIL library *:* CIL module *
 0001:00000700       ??_Gclone_base@exception_detail@boost@@UAEPAXI@Z 00401700 f i eqmap.obj
 0001:00000730       ?copy_boost_exception@exception_detail@boost@@YAXPAVexception@2@PBV32@@Z 00401730 f i eqmap.obj
 0001:00000810       ?what@bad_lexical_cast@boost@@UBEPBDXZ 00401810 f i eqmap.obj
 0001:00000820       ??1bad_lexical_cast@boost@@UAE@XZ 00401820 f i eqmap.obj
 0001:00000830       ??_Ebad_lexical_cast@boost@@UAEPAXI@Z 00401830 f i * CIL library *:* CIL module *
 0001:00000830       ??_Gbad_lexical_cast@boost@@UAEPAXI@Z 00401830 f i eqmap.obj
 0001:00000860       ??1bad_function_call@boost@@UAE@XZ 00401860 f i eqmap.obj
 0001:00000870       ??Bauto_any_base@foreach_detail_@boost@@QBE_NXZ 00401870 f i eqmap.obj
 0001:00000870       ?has_empty_target@function@detail@boost@@YA_NZZ 00401870 f i eqmap.obj
 0001:00000880       ??1placeholder@any@boost@@UAE@XZ 00401880 f i eqmap.obj
 0001:00000890       ??_Eplaceholder@any@boost@@UAEPAXI@Z 00401890 f i * CIL library *:* CIL module *
 0001:00000890       ??_Gplaceholder@any@boost@@UAEPAXI@Z 00401890 f i eqmap.obj
 0001:000008c0       ??_Eptree_error@property_tree@boost@@UAEPAXI@Z 004018c0 f i * CIL library *:* CIL module *
 0001:000008c0       ??_Gptree_error@property_tree@boost@@UAEPAXI@Z 004018c0 f i eqmap.obj
 0001:000008f0       ??1ptree_error@property_tree@boost@@UAE@XZ 004018f0 f i eqmap.obj
 0001:00000900       ??1ptree_bad_path@property_tree@boost@@UAE@XZ 00401900 f i eqmap.obj
 0001:00000930       ??_Gptree_bad_path@property_tree@boost@@UAEPAXI@Z 00401930 f i eqmap.obj
 0001:00000930       ??_Eptree_bad_path@property_tree@boost@@UAEPAXI@Z 00401930 f i * CIL library *:* CIL module *
 0001:00000970       ?dump_sequence@detail@property_tree@boost@@YA?AV?$basic_string@DU?$char_traits@D@std@@V?$allocator@D@2@@std@@ABV45@@Z 00401970 f i eqmap.obj
 0001:000009a0       ??0file_parser_error@property_tree@boost@@QAE@ABV?$basic_string@DU?$char_traits@D@std@@V?$allocator@D@2@@std@@0K@Z 004019a0 f i eqmap.obj
 0001:00000ab0       ??1file_parser_error@property_tree@boost@@UAE@XZ 00401ab0 f i eqmap.obj
 0001:00000b10       ?message@file_parser_error@property_tree@boost@@QBE?AV?$basic_string@DU?$char_traits@D@std@@V?$allocator@D@2@@std@@XZ 00401b10 f i eqmap.obj
 0001:00000b50       ?format_what@file_parser_error@property_tree@boost@@CA?AV?$basic_string@DU?$char_traits@D@std@@V?$allocator@D@2@@std@@ABV45@0K@Z 00401b50 f i eqmap.obj
 0001:00000c70       ??_Gini_parser_error@ini_parser@property_tree@boost@@UAEPAXI@Z 00401c70 f i eqmap.obj
 0001:00000c70       ??_Efile_parser_error@property_tree@boost@@UAEPAXI@Z 00401c70 f i * CIL library *:* CIL module *
 0001:00000c70       ??_Eini_parser_error@ini_parser@property_tree@boost@@UAEPAXI@Z 00401c70 f i * CIL library *:* CIL module *
 0001:00000c70       ??_Gfile_parser_error@property_tree@boost@@UAEPAXI@Z 00401c70 f i eqmap.obj
 0001:00000ca0       ??_D?$basic_stringstream@DU?$char_traits@D@std@@V?$allocator@D@2@@std@@QAEXXZ 00401ca0 f i eqmap.obj
 0001:00000ce0       ??1ini_parser_error@ini_parser@property_tree@boost@@UAE@XZ 00401ce0 f i eqmap.obj
 0001:00000cf0       ?set_false@foreach_detail_@boost@@YA_NAA_N@Z 00401cf0 f i eqmap.obj
 0001:00000d00       ?file_exists@@YA_NV?$basic_string@DU?$char_traits@D@std@@V?$allocator@D@2@@std@@@Z 00401d00 f   eqmap.obj
 0001:00000de0       ??_D?$basic_ifstream@DU?$char_traits@D@std@@@std@@QAEXXZ 00401de0 f i eqmap.obj
 0001:00000e20       ?string_contains@@YA_NV?$basic_string@DU?$char_traits@D@std@@V?$allocator@D@2@@std@@0@Z 00401e20 f   eqmap.obj
 0001:00000e80       ?get_bool_string@@YA?AV?$basic_string@DU?$char_traits@D@std@@V?$allocator@D@2@@std@@_N@Z 00401e80 f   eqmap.obj
 0001:00000ef0       ?message_box_show_error@@YAXV?$basic_string@DU?$char_traits@D@std@@V?$allocator@D@2@@std@@@Z 00401ef0 f   eqmap.obj
 0001:00000f30       ?draw_bitmap_string@@YAXMMPAXV?$basic_string@DU?$char_traits@D@std@@V?$allocator@D@2@@std@@@Z 00401f30 f   eqmap.obj
 0001:00000f80       ?draw_bitmap_string_background@@YAXMMPAXHV?$basic_string@DU?$char_traits@D@std@@V?$allocator@D@2@@std@@@Z 00401f80 f   eqmap.obj
 0001:000010a0       ?map_calculate_bounds@@YAXXZ 004020a0 f   eqmap.obj
 0001:00001380       ?map_parse_file@@YAXV?$basic_string@DU?$char_traits@D@std@@V?$allocator@D@2@@std@@H@Z 00402380 f   eqmap.obj
 0001:00001e90       ??1map_point_t@@QAE@XZ     00402e90 f i eqmap.obj
 0001:00001ec0       ?map_load_zone@@YAXV?$basic_string@DU?$char_traits@D@std@@V?$allocator@D@2@@std@@@Z 00402ec0 f   eqmap.obj
 0001:00002720       ?parse_zone_info@@YAXXZ    00403720 f   eqmap.obj
 0001:00002c40       ??1zone_info_t@@QAE@XZ     00403c40 f i eqmap.obj
 0001:00002cb0       ?keyboard@@YAXEHH@Z        00403cb0 f   eqmap.obj
 0001:00002de0       ?special@@YAXHHH@Z         00403de0 f   eqmap.obj
 0001:00002ec0       ?mouse@@YAXHHHH@Z          00403ec0 f   eqmap.obj
 0001:00003000       ?mouse_wheel@@YAXHHHH@Z    00404000 f   eqmap.obj
 0001:00003070       ?motion@@YAXHH@Z           00404070 f   eqmap.obj
 0001:00003100       ?reshape@@YAXHH@Z          00404100 f   eqmap.obj
 0001:000031e0       ?render@@YAXXZ             004041e0 f   eqmap.obj
 0001:00005a20       ?init_gl@@YAXXZ            00406a20 f   eqmap.obj
 0001:00005af0       ?done@@YAXXZ               00406af0 f   eqmap.obj
 0001:00005b00       ?CopyStdStringToClient@@YGXAAV?$basic_string@DU?$char_traits@D@std@@V?$allocator@D@2@@std@@ABV12@@Z 00406b00 f   eqmap.obj
 0001:00005b20       ?bar_error_handler@@YGXPBD@Z 00406b20 f   eqmap.obj
 0001:00005b20       ??$destroy@PAD@?$_Wrap_alloc@V?$allocator@D@std@@@std@@QAEXPAPAD@Z 00406b20 f   eqmap.obj
 0001:00005b30       ?bar_options_button_toggle_fullscreen@@YGXPAX@Z 00406b30 f   eqmap.obj
 0001:00005b40       ?bar_options_button_load_zone@@YGXPAX@Z 00406b40 f   eqmap.obj
 0001:00005b80       ?bar_options_button_reset_height_filter@@YGXPAX@Z 00406b80 f   eqmap.obj
 0001:00005b90       ?bar_options_button_zoom_to_fit@@YGXPAX@Z 00406b90 f   eqmap.obj
 0001:00005bb0       ?bar_options_button_reset_zoom_and_center_map@@YGXPAX@Z 00406bb0 f   eqmap.obj
 0001:00005be0       ?bar_options_button_exit@@YGXPAX@Z 00406be0 f   eqmap.obj
 0001:00005bf0       ?bar_zones_refresh@@YAXXZ  00406bf0 f   eqmap.obj
 0001:00005c20       ?bar_zones_button_refresh_zones@@YGXPAX@Z 00406c20 f   eqmap.obj
 0001:00005c50       ?bar_zones_button_zone_name@@YGXPAX@Z 00406c50 f   eqmap.obj
 0001:00005d10       ?bar_zones_create@@YAXXZ   00406d10 f   eqmap.obj
 0001:00006280       ??0zone_info_t@@QAE@ABU0@@Z 00407280 f i eqmap.obj
 0001:00006330       ?bar_options_create@@YAXXZ 00407330 f   eqmap.obj
 0001:000068e0       ?map_load_config@@YAXXZ    004078e0 f   eqmap.obj
 0001:00007490       ??1?$basic_string@DU?$char_traits@D@std@@V?$allocator@D@2@@std@@QAE@XZ 00408490 f i eqmap.obj
 0001:00007490       ??1?$string_path@V?$basic_string@DU?$char_traits@D@std@@V?$allocator@D@2@@std@@U?$id_translator@V?$basic_string@DU?$char_traits@D@std@@V?$allocator@D@2@@std@@@property_tree@boost@@@property_tree@boost@@QAE@XZ 00408490 f i eqmap.obj
 0001:000074c0       ?window_proc_hook@@YGJPAUHWND__@@IIJ@Z 004084c0 f   eqmap.obj
 0001:000077b0       _main                      004087b0 f   eqmap.obj
 0001:00007b50       ??0?$basic_string@DU?$char_traits@D@std@@V?$allocator@D@2@@std@@QAE@ABV01@@Z 00408b50 f i eqmap.obj
 0001:00007b80       ??0?$basic_string@DU?$char_traits@D@std@@V?$allocator@D@2@@std@@QAE@PBD@Z 00408b80 f i eqmap.obj
 0001:00007be0       ??0?$basic_string@DU?$char_traits@D@std@@V?$allocator@D@2@@std@@QAE@$$QAV01@@Z 00408be0 f i eqmap.obj
 0001:00007c50       ?erase@?$basic_string@DU?$char_traits@D@std@@V?$allocator@D@2@@std@@QAE?AV?$_String_iterator@V?$_String_val@U?$_Simple_types@D@std@@@std@@@2@V?$_String_const_iterator@V?$_String_val@U?$_Simple_types@D@std@@@std@@@2@0@Z 00408c50 f i eqmap.obj
 0001:00007ca0       ?end@?$basic_string@DU?$char_traits@D@std@@V?$allocator@D@2@@std@@QAE?AV?$_String_iterator@V?$_String_val@U?$_Simple_types@D@std@@@std@@@2@XZ 00408ca0 f i eqmap.obj
 0001:00007cd0       ?substr@?$basic_string@DU?$char_traits@D@std@@V?$allocator@D@2@@std@@QBE?AV12@II@Z 00408cd0 f i eqmap.obj
 0001:00007d10       ?do_decimal_point@?$numpunct@D@std@@MBEDXZ 00408d10 f i eqmap.obj
 0001:00007d20       ?do_thousands_sep@?$numpunct@D@std@@MBEDXZ 00408d20 f i eqmap.obj
 0001:00007d30       ?do_grouping@?$numpunct@D@std@@MBE?AV?$basic_string@DU?$char_traits@D@std@@V?$allocator@D@2@@2@XZ 00408d30 f i eqmap.obj
 0001:00007d90       ?do_falsename@?$numpunct@D@std@@MBE?AV?$basic_string@DU?$char_traits@D@std@@V?$allocator@D@2@@2@XZ 00408d90 f i eqmap.obj
 0001:00007df0       ?do_truename@?$numpunct@D@std@@MBE?AV?$basic_string@DU?$char_traits@D@std@@V?$allocator@D@2@@2@XZ 00408df0 f i eqmap.obj
 0001:00007e50       ??1?$refcount_ptr@Uerror_info_container@exception_detail@boost@@@exception_detail@boost@@QAE@XZ 00408e50 f i eqmap.obj
 0001:00007e70       ??0?$basic_stringstream@DU?$char_traits@D@std@@V?$allocator@D@2@@std@@QAE@H@Z 00408e70 f i eqmap.obj
 0001:00007f30       ?str@?$basic_stringstream@DU?$char_traits@D@std@@V?$allocator@D@2@@std@@QBE?AV?$basic_string@DU?$char_traits@D@std@@V?$allocator@D@2@@2@XZ 00408f30 f i eqmap.obj
 0001:00007f50       ?str@?$basic_stringstream@DU?$char_traits@D@std@@V?$allocator@D@2@@std@@QAEXABV?$basic_string@DU?$char_traits@D@std@@V?$allocator@D@2@@2@@Z 00408f50 f i eqmap.obj
 0001:00007f60       ??1?$basic_stringbuf@DU?$char_traits@D@std@@V?$allocator@D@2@@std@@UAE@XZ 00408f60 f i eqmap.obj
 0001:00007fd0       ?overflow@?$basic_stringbuf@DU?$char_traits@D@std@@V?$allocator@D@2@@std@@MAEHH@Z 00408fd0 f i eqmap.obj
 0001:000081a0       ?pbackfail@?$basic_stringbuf@DU?$char_traits@D@std@@V?$allocator@D@2@@std@@MAEHH@Z 004091a0 f i eqmap.obj
 0001:00008200       ?underflow@?$basic_stringbuf@DU?$char_traits@D@std@@V?$allocator@D@2@@std@@MAEHXZ 00409200 f i eqmap.obj
 0001:00008260       ?seekoff@?$basic_stringbuf@DU?$char_traits@D@std@@V?$allocator@D@2@@std@@MAE?AV?$fpos@H@2@_JHH@Z 00409260 f i eqmap.obj
 0001:00008430       ?seekpos@?$basic_stringbuf@DU?$char_traits@D@std@@V?$allocator@D@2@@std@@MAE?AV?$fpos@H@2@V32@H@Z 00409430 f i eqmap.obj
 0001:00008560       ?push_back@?$vector@Umap_line_t@@V?$allocator@Umap_line_t@@@std@@@std@@QAEXABUmap_line_t@@@Z 00409560 f i eqmap.obj
 0001:00008650       ?push_back@?$vector@Umap_point_t@@V?$allocator@Umap_point_t@@@std@@@std@@QAEXABUmap_point_t@@@Z 00409650 f i eqmap.obj
 0001:000086f0       ?push_back@?$vector@Uzone_info_t@@V?$allocator@Uzone_info_t@@@std@@@std@@QAEXABUzone_info_t@@@Z 004096f0 f i eqmap.obj
 0001:000087c0       ??0?$basic_ifstream@DU?$char_traits@D@std@@@std@@QAE@PBDHH@Z 004097c0 f i eqmap.obj
 0001:000088c0       ?close@?$basic_ifstream@DU?$char_traits@D@std@@@std@@QAEXXZ 004098c0 f i eqmap.obj
 0001:00008940       ??1?$basic_filebuf@DU?$char_traits@D@std@@@std@@UAE@XZ 00409940 f i eqmap.obj
 0001:000089c0       ?_Lock@?$basic_filebuf@DU?$char_traits@D@std@@@std@@UAEXXZ 004099c0 f i eqmap.obj
 0001:000089d0       ?_Unlock@?$basic_filebuf@DU?$char_traits@D@std@@@std@@UAEXXZ 004099d0 f i eqmap.obj
 0001:000089e0       ?overflow@?$basic_filebuf@DU?$char_traits@D@std@@@std@@MAEHH@Z 004099e0 f i eqmap.obj
 0001:00008bd0       ?pbackfail@?$basic_filebuf@DU?$char_traits@D@std@@@std@@MAEHH@Z 00409bd0 f i eqmap.obj
 0001:00008c60       ?underflow@?$basic_filebuf@DU?$char_traits@D@std@@@std@@MAEHXZ 00409c60 f i eqmap.obj
 0001:00008ca0       ?uflow@?$basic_filebuf@DU?$char_traits@D@std@@@std@@MAEHXZ 00409ca0 f i eqmap.obj
 0001:00008ec0       ?seekoff@?$basic_filebuf@DU?$char_traits@D@std@@@std@@MAE?AV?$fpos@H@2@_JHH@Z 00409ec0 f i eqmap.obj
 0001:00008fd0       ?seekpos@?$basic_filebuf@DU?$char_traits@D@std@@@std@@MAE?AV?$fpos@H@2@V32@H@Z 00409fd0 f i eqmap.obj
 0001:000090c0       ?setbuf@?$basic_filebuf@DU?$char_traits@D@std@@@std@@MAEPAV?$basic_streambuf@DU?$char_traits@D@std@@@2@PAD_J@Z 0040a0c0 f i eqmap.obj
 0001:00009150       ?sync@?$basic_filebuf@DU?$char_traits@D@std@@@std@@MAEHXZ 0040a150 f i eqmap.obj
 0001:00009180       ?imbue@?$basic_filebuf@DU?$char_traits@D@std@@@std@@MAEXABVlocale@2@@Z 0040a180 f i eqmap.obj
 0001:000091c0       ?push_back@?$vector@V?$basic_string@DU?$char_traits@D@std@@V?$allocator@D@2@@std@@V?$allocator@V?$basic_string@DU?$char_traits@D@std@@V?$allocator@D@2@@std@@@2@@std@@QAEX$$QAV?$basic_string@DU?$char_traits@D@std@@V?$allocator@D@2@@2@@Z 0040a1c0 f i eqmap.obj
 0001:00009240       ?_Tidy@?$vector@V?$basic_string@DU?$char_traits@D@std@@V?$allocator@D@2@@std@@V?$allocator@V?$basic_string@DU?$char_traits@D@std@@V?$allocator@D@2@@std@@@2@@std@@IAEXXZ 0040a240 f i eqmap.obj
 0001:00009240       ??1?$vector@V?$basic_string@DU?$char_traits@D@std@@V?$allocator@D@2@@std@@V?$allocator@V?$basic_string@DU?$char_traits@D@std@@V?$allocator@D@2@@std@@@2@@std@@QAE@XZ 0040a240 f i eqmap.obj
 0001:00009280       ?at@?$vector@V?$basic_string@DU?$char_traits@D@std@@V?$allocator@D@2@@std@@V?$allocator@V?$basic_string@DU?$char_traits@D@std@@V?$allocator@D@2@@std@@@2@@std@@QAEAAV?$basic_string@DU?$char_traits@D@std@@V?$allocator@D@2@@2@I@Z 0040a280 f i eqmap.obj
 0001:000092c0       ??1?$is_any_ofF@D@detail@algorithm@boost@@QAE@XZ 0040a2c0 f i eqmap.obj
 0001:000092c0       ??1?$token_finderF@U?$is_any_ofF@D@detail@algorithm@boost@@@detail@algorithm@boost@@QAE@XZ 0040a2c0 f i eqmap.obj
 0001:000092e0       ??_E?$numpunct@D@std@@MAEPAXI@Z 0040a2e0 f i * CIL library *:* CIL module *
 0001:000092e0       ??_G?$numpunct@D@std@@MAEPAXI@Z 0040a2e0 f i eqmap.obj
 0001:00009330       ??_E?$basic_stringstream@DU?$char_traits@D@std@@V?$allocator@D@2@@std@@UAEPAXI@Z 0040a330 f i * CIL library *:* CIL module *
 0001:00009330       ??_G?$basic_stringstream@DU?$char_traits@D@std@@V?$allocator@D@2@@std@@UAEPAXI@Z 0040a330 f i eqmap.obj
 0001:00009390       ??_G?$basic_stringbuf@DU?$char_traits@D@std@@V?$allocator@D@2@@std@@UAEPAXI@Z 0040a390 f i eqmap.obj
 0001:00009390       ??_E?$basic_stringbuf@DU?$char_traits@D@std@@V?$allocator@D@2@@std@@UAEPAXI@Z 0040a390 f i * CIL library *:* CIL module *
 0001:000093c0       ??_E?$basic_ifstream@DU?$char_traits@D@std@@@std@@UAEPAXI@Z 0040a3c0 f i * CIL library *:* CIL module *
 0001:000093c0       ??_G?$basic_ifstream@DU?$char_traits@D@std@@@std@@UAEPAXI@Z 0040a3c0 f i eqmap.obj
 0001:00009420       ??_G?$basic_filebuf@DU?$char_traits@D@std@@@std@@UAEPAXI@Z 0040a420 f i eqmap.obj
 0001:00009420       ??_E?$basic_filebuf@DU?$char_traits@D@std@@@std@@UAEPAXI@Z 0040a420 f i * CIL library *:* CIL module *
 0001:00009450       ??0?$basic_string@DU?$char_traits@D@std@@V?$allocator@D@2@@std@@QAE@ID@Z 0040a450 f i eqmap.obj
 0001:000094b0       ?_Assign_rv@?$basic_string@DU?$char_traits@D@std@@V?$allocator@D@2@@std@@QAEX$$QAV12@@Z 0040a4b0 f i eqmap.obj
 0001:00009510       ?append@?$basic_string@DU?$char_traits@D@std@@V?$allocator@D@2@@std@@QAEAAV12@ID@Z 0040a510 f i eqmap.obj
 0001:000095c0       ?assign@?$basic_string@DU?$char_traits@D@std@@V?$allocator@D@2@@std@@QAEAAV12@ABV12@II@Z 0040a5c0 f i eqmap.obj
 0001:000096e0       ?erase@?$basic_string@DU?$char_traits@D@std@@V?$allocator@D@2@@std@@QAEAAV12@II@Z 0040a6e0 f i eqmap.obj
 0001:00009780       ?find@?$basic_string@DU?$char_traits@D@std@@V?$allocator@D@2@@std@@QBEIPBDII@Z 0040a780 f i eqmap.obj
 0001:00009870       ?_Tidy@?$basic_string@DU?$char_traits@D@std@@V?$allocator@D@2@@std@@QAEX_NI@Z 0040a870 f i eqmap.obj
 0001:000098c0       ?allocate@?$_Wrap_alloc@V?$allocator@D@std@@@std@@QAEPADI@Z 0040a8c0 f i eqmap.obj
 0001:000098c0       ?allocate@?$allocator@D@std@@QAEPADI@Z 0040a8c0 f i eqmap.obj
 0001:000098f0       ?_Myptr@?$_String_val@U?$_Simple_types@D@std@@@std@@QAEPADXZ 0040a8f0 f i eqmap.obj
 0001:00009900       ?str@?$basic_stringbuf@DU?$char_traits@D@std@@V?$allocator@D@2@@std@@QBE?AV?$basic_string@DU?$char_traits@D@std@@V?$allocator@D@2@@2@XZ 0040a900 f i eqmap.obj
 0001:00009a30       ?str@?$basic_stringbuf@DU?$char_traits@D@std@@V?$allocator@D@2@@std@@QAEXABV?$basic_string@DU?$char_traits@D@std@@V?$allocator@D@2@@2@@Z 0040aa30 f i eqmap.obj
 0001:00009ac0       ?_Destroy@?$vector@Umap_line_t@@V?$allocator@Umap_line_t@@@std@@@std@@IAEXPAUmap_line_t@@0@Z 0040aac0 f i eqmap.obj
 0001:00009ad0       ?_Reserve@?$vector@Umap_line_t@@V?$allocator@Umap_line_t@@@std@@@std@@IAEXI@Z 0040aad0 f i eqmap.obj
 0001:00009b70       ?_Reserve@?$vector@Umap_point_t@@V?$allocator@Umap_point_t@@@std@@@std@@IAEXI@Z 0040ab70 f i eqmap.obj
 0001:00009c20       ?_Getal@?$_Vector_alloc@$0A@U?$_Vec_base_types@Umap_point_t@@V?$allocator@Umap_point_t@@@std@@@std@@@std@@QBE?AU?$_Wrap_alloc@V?$allocator@Umap_point_t@@@std@@@2@XZ 0040ac20 f i eqmap.obj
 0001:00009c20       ?_Getal@?$_Vector_alloc@$0A@U?$_Vec_base_types@Uzone_info_t@@V?$allocator@Uzone_info_t@@@std@@@std@@@std@@QBE?AU?$_Wrap_alloc@V?$allocator@Uzone_info_t@@@std@@@2@XZ 0040ac20 f i eqmap.obj
 0001:00009c30       ?_Reserve@?$vector@Uzone_info_t@@V?$allocator@Uzone_info_t@@@std@@@std@@IAEXI@Z 0040ac30 f i eqmap.obj
 0001:00009cd0       ?open@?$basic_filebuf@DU?$char_traits@D@std@@@std@@QAEPAV12@PBDHH@Z 0040acd0 f i eqmap.obj
 0001:00009de0       ?_Endwrite@?$basic_filebuf@DU?$char_traits@D@std@@@std@@IAE_NXZ 0040ade0 f i eqmap.obj
 0001:00009f40       ?_Reset_back@?$basic_filebuf@DU?$char_traits@D@std@@@std@@AAEXXZ 0040af40 f i eqmap.obj
 0001:00009f70       ?_Set_back@?$basic_filebuf@DU?$char_traits@D@std@@@std@@AAEXXZ 0040af70 f i eqmap.obj
 0001:00009fb0       ?_Reserve@?$vector@V?$basic_string@DU?$char_traits@D@std@@V?$allocator@D@2@@std@@V?$allocator@V?$basic_string@DU?$char_traits@D@std@@V?$allocator@D@2@@std@@@2@@std@@IAEXI@Z 0040afb0 f i eqmap.obj
 0001:0000a050       ??1sentry@?$basic_ostream@DU?$char_traits@D@std@@@std@@QAE@XZ 0040b050 f i eqmap.obj
 0001:0000a080       ?assign@?$basic_string@DU?$char_traits@D@std@@V?$allocator@D@2@@std@@QAEAAV12@PBDI@Z 0040b080 f i eqmap.obj
 0001:0000a180       ?_Chassign@?$basic_string@DU?$char_traits@D@std@@V?$allocator@D@2@@std@@QAEXIID@Z 0040b180 f i eqmap.obj
 0001:0000a1d0       ?_Eos@?$basic_string@DU?$char_traits@D@std@@V?$allocator@D@2@@std@@QAEXI@Z 0040b1d0 f i eqmap.obj
 0001:0000a200       ?_Grow@?$basic_string@DU?$char_traits@D@std@@V?$allocator@D@2@@std@@QAE_NI_N@Z 0040b200 f i eqmap.obj
 0001:0000a2b0       ??0?$_Wrap_alloc@V?$allocator@Umap_line_t@@@std@@@std@@QAE@XZ 0040b2b0 f i eqmap.obj
 0001:0000a2b0       ??0?$_Wrap_alloc@V?$allocator@D@std@@@std@@QAE@XZ 0040b2b0 f i eqmap.obj
 0001:0000a2b0       ??0?$_Wrap_alloc@V?$allocator@Umap_point_t@@@std@@@std@@QAE@XZ 0040b2b0 f i eqmap.obj
 0001:0000a2b0       ??0?$_Wrap_alloc@V?$allocator@Uzone_info_t@@@std@@@std@@QAE@XZ 0040b2b0 f i eqmap.obj
 0001:0000a2c0       ?grouping@?$numpunct@D@std@@QBE?AV?$basic_string@DU?$char_traits@D@std@@V?$allocator@D@2@@2@XZ 0040b2c0 f i eqmap.obj
 0001:0000a2e0       ?_Init@?$basic_stringbuf@DU?$char_traits@D@std@@V?$allocator@D@2@@std@@IAEXPBDIH@Z 0040b2e0 f i eqmap.obj
 0001:0000a390       ?_Reallocate@?$vector@Umap_line_t@@V?$allocator@Umap_line_t@@@std@@@std@@IAEXI@Z 0040b390 f i eqmap.obj
 0001:0000a440       ?_Reallocate@?$vector@Umap_point_t@@V?$allocator@Umap_point_t@@@std@@@std@@IAEXI@Z 0040b440 f i eqmap.obj
 0001:0000a560       ?_Reallocate@?$vector@Uzone_info_t@@V?$allocator@Uzone_info_t@@@std@@@std@@IAEXI@Z 0040b560 f i eqmap.obj
 0001:0000a670       ?_Destroy@?$vector@V?$basic_string@DU?$char_traits@D@std@@V?$allocator@D@2@@std@@V?$allocator@V?$basic_string@DU?$char_traits@D@std@@V?$allocator@D@2@@std@@@2@@std@@IAEXPAV?$basic_string@DU?$char_traits@D@std@@V?$allocator@D@2@@2@0@Z 0040b670 f i eqmap.obj
 0001:0000a6c0       ?_Reallocate@?$vector@V?$basic_string@DU?$char_traits@D@std@@V?$allocator@D@2@@std@@V?$allocator@V?$basic_string@DU?$char_traits@D@std@@V?$allocator@D@2@@std@@@2@@std@@IAEXI@Z 0040b6c0 f i eqmap.obj
 0001:0000a760       ?append@?$basic_string@DU?$char_traits@D@std@@V?$allocator@D@2@@std@@QAEAAV12@ABV12@II@Z 0040b760 f i eqmap.obj
 0001:0000a850       ?_Copy@?$basic_string@DU?$char_traits@D@std@@V?$allocator@D@2@@std@@QAEXII@Z 0040b850 f i eqmap.obj
 0001:0000a9a0       ??$use_facet@V?$ctype@D@std@@@std@@YAABV?$ctype@D@0@ABVlocale@0@@Z 0040b9a0 f i eqmap.obj
 0001:0000aa90       ??$?6U?$char_traits@D@std@@@std@@YAAAV?$basic_ostream@DU?$char_traits@D@std@@@0@AAV10@PBD@Z 0040ba90 f i eqmap.obj
 0001:0000aca0       ??$?6U?$char_traits@D@std@@@std@@YAAAV?$basic_ostream@DU?$char_traits@D@std@@@0@AAV10@D@Z 0040bca0 f i eqmap.obj
 0001:0000ae70       ??$?6DU?$char_traits@D@std@@V?$allocator@D@1@@std@@YAAAV?$basic_ostream@DU?$char_traits@D@std@@@0@AAV10@ABV?$basic_string@DU?$char_traits@D@std@@V?$allocator@D@2@@0@@Z 0040be70 f i eqmap.obj
 0001:0000b030       ??$?5DU?$char_traits@D@std@@@std@@YAAAV?$basic_istream@DU?$char_traits@D@std@@@0@AAV10@AAD@Z 0040c030 f i eqmap.obj
 0001:0000b100       ??$replace_all@V?$basic_string@DU?$char_traits@D@std@@V?$allocator@D@2@@std@@$$BY01$$CBD$$BY00$$CBD@algorithm@boost@@YAXAAV?$basic_string@DU?$char_traits@D@std@@V?$allocator@D@2@@std@@AAY01$$CBDAAY00$$CBD@Z 0040c100 f i eqmap.obj
 0001:0000b150       ??$is_any_of@$$BY01$$CBD@algorithm@boost@@YA?AU?$is_any_ofF@D@detail@01@AAY01$$CBD@Z 0040c150 f i eqmap.obj
 0001:0000b1d0       ??$split@V?$vector@V?$basic_string@DU?$char_traits@D@std@@V?$allocator@D@2@@std@@V?$allocator@V?$basic_string@DU?$char_traits@D@std@@V?$allocator@D@2@@std@@@2@@std@@V?$basic_string@DU?$char_traits@D@std@@V?$allocator@D@2@@2@U?$is_any_ofF@D@detail@algorithm@boost@@@algorithm@boost@@YAAAV?$vector@V?$basic_string@DU?$char_traits@D@std@@V?$allocator@D@2@@std@@V?$allocator@V?$basic_string@DU?$char_traits@D@std@@V?$allocator@D@2@@std@@@2@@std@@AAV23@AAV?$basic_string@DU?$char_traits@D@std@@V?$allocator@D@2@@3@U?$is_any_ofF@D@detail@01@W4token_compress_mode_type@01@@Z 0040c1d0 f i eqmap.obj
 0001:0000b2a0       ??$map_line_data_value_can_lexical_cast@M@@YA_NV?$basic_string@DU?$char_traits@D@std@@V?$allocator@D@2@@std@@HHAAM00@Z 0040c2a0 f i eqmap.obj
 0001:0000b5a0       ??$map_line_data_value_can_lexical_cast@H@@YA_NV?$basic_string@DU?$char_traits@D@std@@V?$allocator@D@2@@std@@HHAAH00@Z 0040c5a0 f i eqmap.obj
 0001:0000b8a0       ??$replace_all@V?$basic_string@DU?$char_traits@D@std@@V?$allocator@D@2@@std@@$$BY01$$CBD$$BY01$$CBD@algorithm@boost@@YAXAAV?$basic_string@DU?$char_traits@D@std@@V?$allocator@D@2@@std@@AAY01$$CBD1@Z 0040c8a0 f i eqmap.obj
 0001:0000b8f0       ??$is_any_of@$$BY02$$CBD@algorithm@boost@@YA?AU?$is_any_ofF@D@detail@01@AAY02$$CBD@Z 0040c8f0 f i eqmap.obj
 0001:0000b940       ??$remove_if@V?$basic_string@DU?$char_traits@D@std@@V?$allocator@D@2@@std@@U?$is_any_ofF@D@detail@algorithm@boost@@@range@boost@@YA?AV?$_String_iterator@V?$_String_val@U?$_Simple_types@D@std@@@std@@@std@@AAV?$basic_string@DU?$char_traits@D@std@@V?$allocator@D@2@@3@U?$is_any_ofF@D@detail@algorithm@1@@Z 0040c940 f i eqmap.obj
 0001:0000ba10       ??$contain@V?$vector@V?$basic_string@DU?$char_traits@D@std@@V?$allocator@D@2@@std@@V?$allocator@V?$basic_string@DU?$char_traits@D@std@@V?$allocator@D@2@@std@@@2@@std@@@foreach_detail_@boost@@YA?AU?$auto_any@PAV?$vector@V?$basic_string@DU?$char_traits@D@std@@V?$allocator@D@2@@std@@V?$allocator@V?$basic_string@DU?$char_traits@D@std@@V?$allocator@D@2@@std@@@2@@std@@@01@AAV?$vector@V?$basic_string@DU?$char_traits@D@std@@V?$allocator@D@2@@std@@V?$allocator@V?$basic_string@DU?$char_traits@D@std@@V?$allocator@D@2@@std@@@2@@std@@PAU?$bool_@$0A@@mpl@1@@Z 0040ca10 f i eqmap.obj
 0001:0000ba20       ??$begin@V?$vector@V?$basic_string@DU?$char_traits@D@std@@V?$allocator@D@2@@std@@V?$allocator@V?$basic_string@DU?$char_traits@D@std@@V?$allocator@D@2@@std@@@2@@std@@U?$bool_@$0A@@mpl@boost@@@foreach_detail_@boost@@YA?AU?$auto_any@V?$_Vector_iterator@V?$_Vector_val@U?$_Simple_types@V?$basic_string@DU?$char_traits@D@std@@V?$allocator@D@2@@std@@@std@@@std@@@std@@@01@ABUauto_any_base@01@PAU?$type2type@V?$vector@V?$basic_string@DU?$char_traits@D@std@@V?$allocator@D@2@@std@@V?$allocator@V?$basic_string@DU?$char_traits@D@std@@V?$allocator@D@2@@std@@@2@@std@@U?$bool_@$0A@@mpl@boost@@@01@PAU?$bool_@$0A@@mpl@1@@Z 0040ca20 f i eqmap.obj
 0001:0000ba30       ??$end@V?$vector@V?$basic_string@DU?$char_traits@D@std@@V?$allocator@D@2@@std@@V?$allocator@V?$basic_string@DU?$char_traits@D@std@@V?$allocator@D@2@@std@@@2@@std@@U?$bool_@$0A@@mpl@boost@@@foreach_detail_@boost@@YA?AU?$auto_any@V?$_Vector_iterator@V?$_Vector_val@U?$_Simple_types@V?$basic_string@DU?$char_traits@D@std@@V?$allocator@D@2@@std@@@std@@@std@@@std@@@01@ABUauto_any_base@01@PAU?$type2type@V?$vector@V?$basic_string@DU?$char_traits@D@std@@V?$allocator@D@2@@std@@V?$allocator@V?$basic_string@DU?$char_traits@D@std@@V?$allocator@D@2@@std@@@2@@std@@U?$bool_@$0A@@mpl@boost@@@01@PAU?$bool_@$0A@@mpl@1@@Z 0040ca30 f i eqmap.obj
 0001:0000ba40       ??$done@V?$vector@V?$basic_string@DU?$char_traits@D@std@@V?$allocator@D@2@@std@@V?$allocator@V?$basic_string@DU?$char_traits@D@std@@V?$allocator@D@2@@std@@@2@@std@@U?$bool_@$0A@@mpl@boost@@@foreach_detail_@boost@@YA_NABUauto_any_base@01@0PAU?$type2type@V?$vector@V?$basic_string@DU?$char_traits@D@std@@V?$allocator@D@2@@std@@V?$allocator@V?$basic_string@DU?$char_traits@D@std@@V?$allocator@D@2@@std@@@2@@std@@U?$bool_@$0A@@mpl@boost@@@01@@Z 0040ca40 f i eqmap.obj
 0001:0000ba50       ??$next@V?$vector@V?$basic_string@DU?$char_traits@D@std@@V?$allocator@D@2@@std@@V?$allocator@V?$basic_string@DU?$char_traits@D@std@@V?$allocator@D@2@@std@@@2@@std@@U?$bool_@$0A@@mpl@boost@@@foreach_detail_@boost@@YAXABUauto_any_base@01@PAU?$type2type@V?$vector@V?$basic_string@DU?$char_traits@D@std@@V?$allocator@D@2@@std@@V?$allocator@V?$basic_string@DU?$char_traits@D@std@@V?$allocator@D@2@@std@@@2@@std@@U?$bool_@$0A@@mpl@boost@@@01@@Z 0040ca50 f i eqmap.obj
 0001:0000ba60       ??$deref@V?$vector@V?$basic_string@DU?$char_traits@D@std@@V?$allocator@D@2@@std@@V?$allocator@V?$basic_string@DU?$char_traits@D@std@@V?$allocator@D@2@@std@@@2@@std@@U?$bool_@$0A@@mpl@boost@@@foreach_detail_@boost@@YAAAV?$basic_string@DU?$char_traits@D@std@@V?$allocator@D@2@@std@@ABUauto_any_base@01@PAU?$type2type@V?$vector@V?$basic_string@DU?$char_traits@D@std@@V?$allocator@D@2@@std@@V?$allocator@V?$basic_string@DU?$char_traits@D@std@@V?$allocator@D@2@@std@@@2@@std@@U?$bool_@$0A@@mpl@boost@@@01@@Z 0040ca60 f i eqmap.obj
 0001:0000ba70       ??$to_lower_copy@V?$basic_string@DU?$char_traits@D@std@@V?$allocator@D@2@@std@@@algorithm@boost@@YA?AV?$basic_string@DU?$char_traits@D@std@@V?$allocator@D@2@@std@@ABV23@ABVlocale@3@@Z 0040ca70 f i eqmap.obj
 0001:0000baa0       ??$?8DU?$char_traits@D@std@@V?$allocator@D@1@@std@@YA_NABV?$basic_string@DU?$char_traits@D@std@@V?$allocator@D@2@@0@0@Z 0040caa0 f i eqmap.obj
 0001:0000baf0       ??$replace_all_copy@V?$basic_string@DU?$char_traits@D@std@@V?$allocator@D@2@@std@@$$BY01$$CBD$$BY00$$CBD@algorithm@boost@@YA?AV?$basic_string@DU?$char_traits@D@std@@V?$allocator@D@2@@std@@ABV23@AAY01$$CBDAAY00$$CBD@Z 0040caf0 f i eqmap.obj
 0001:0000bb40       ??0?$basic_ptree@V?$basic_string@DU?$char_traits@D@std@@V?$allocator@D@2@@std@@V12@U?$less@V?$basic_string@DU?$char_traits@D@std@@V?$allocator@D@2@@std@@@2@@property_tree@boost@@QAE@XZ 0040cb40 f i eqmap.obj
 0001:0000bbe0       ??1?$basic_ptree@V?$basic_string@DU?$char_traits@D@std@@V?$allocator@D@2@@std@@V12@U?$less@V?$basic_string@DU?$char_traits@D@std@@V?$allocator@D@2@@std@@@2@@property_tree@boost@@QAE@XZ 0040cbe0 f i eqmap.obj
 0001:0000bc70       ??$read_ini@V?$basic_ptree@V?$basic_string@DU?$char_traits@D@std@@V?$allocator@D@2@@std@@V12@U?$less@V?$basic_string@DU?$char_traits@D@std@@V?$allocator@D@2@@std@@@2@@property_tree@boost@@@ini_parser@property_tree@boost@@YAXABV?$basic_string@DU?$char_traits@D@std@@V?$allocator@D@2@@std@@AAV?$basic_ptree@V?$basic_string@DU?$char_traits@D@std@@V?$allocator@D@2@@std@@V12@U?$less@V?$basic_string@DU?$char_traits@D@std@@V?$allocator@D@2@@std@@@2@@12@ABVlocale@4@@Z 0040cc70 f i eqmap.obj
 0001:0000be40       ??0?$string_path@V?$basic_string@DU?$char_traits@D@std@@V?$allocator@D@2@@std@@U?$id_translator@V?$basic_string@DU?$char_traits@D@std@@V?$allocator@D@2@@std@@@property_tree@boost@@@property_tree@boost@@QAE@PBDDU?$id_translator@V?$basic_string@DU?$char_traits@D@std@@V?$allocator@D@2@@std@@@12@@Z 0040ce40 f i eqmap.obj
 0001:0000beb0       ??$get@H@?$basic_ptree@V?$basic_string@DU?$char_traits@D@std@@V?$allocator@D@2@@std@@V12@U?$less@V?$basic_string@DU?$char_traits@D@std@@V?$allocator@D@2@@std@@@2@@property_tree@boost@@QBEHABV?$string_path@V?$basic_string@DU?$char_traits@D@std@@V?$allocator@D@2@@std@@U?$id_translator@V?$basic_string@DU?$char_traits@D@std@@V?$allocator@D@2@@std@@@property_tree@boost@@@12@ABH@Z 0040ceb0 f i eqmap.obj
 0001:0000bf00       ??$get@_N@?$basic_ptree@V?$basic_string@DU?$char_traits@D@std@@V?$allocator@D@2@@std@@V12@U?$less@V?$basic_string@DU?$char_traits@D@std@@V?$allocator@D@2@@std@@@2@@property_tree@boost@@QBE_NABV?$string_path@V?$basic_string@DU?$char_traits@D@std@@V?$allocator@D@2@@std@@U?$id_translator@V?$basic_string@DU?$char_traits@D@std@@V?$allocator@D@2@@std@@@property_tree@boost@@@12@AB_N@Z 0040cf00 f i eqmap.obj
 0001:0000bf30       ??$get@V?$basic_string@DU?$char_traits@D@std@@V?$allocator@D@2@@std@@@?$basic_ptree@V?$basic_string@DU?$char_traits@D@std@@V?$allocator@D@2@@std@@V12@U?$less@V?$basic_string@DU?$char_traits@D@std@@V?$allocator@D@2@@std@@@2@@property_tree@boost@@QBE?AV?$basic_string@DU?$char_traits@D@std@@V?$allocator@D@2@@std@@ABV?$string_path@V?$basic_string@DU?$char_traits@D@std@@V?$allocator@D@2@@std@@U?$id_translator@V?$basic_string@DU?$char_traits@D@std@@V?$allocator@D@2@@std@@@property_tree@boost@@@12@ABV34@@Z 0040cf30 f i eqmap.obj
 0001:0000bfe0       ??$use_facet@V?$numpunct@D@std@@@std@@YAABV?$numpunct@D@0@ABVlocale@0@@Z 0040cfe0 f i eqmap.obj
 0001:0000c0d0       ??$use_facet@V?$codecvt@DDH@std@@@std@@YAABV?$codecvt@DDH@0@ABVlocale@0@@Z 0040d0d0 f i eqmap.obj
 0001:0000c1c0       ?_Getcat@?$numpunct@D@std@@SAIPAPBVfacet@locale@2@PBV42@@Z 0040d1c0 f i eqmap.obj
 0001:0000c2a0       ??0?$multi_index_container@U?$pair@$$CBV?$basic_string@DU?$char_traits@D@std@@V?$allocator@D@2@@std@@V?$basic_ptree@V?$basic_string@DU?$char_traits@D@std@@V?$allocator@D@2@@std@@V12@U?$less@V?$basic_string@DU?$char_traits@D@std@@V?$allocator@D@2@@std@@@2@@property_tree@boost@@@std@@U?$indexed_by@U?$sequenced@U?$tag@Una@mpl@boost@@U123@U123@U123@U123@U123@U123@U123@U123@U123@U123@U123@U123@U123@U123@U123@U123@U123@U123@U123@@multi_index@boost@@@multi_index@boost@@U?$ordered_non_unique@U?$tag@Uby_name@subs@?$basic_ptree@V?$basic_string@DU?$char_traits@D@std@@V?$allocator@D@2@@std@@V12@U?$less@V?$basic_string@DU?$char_traits@D@std@@V?$allocator@D@2@@std@@@2@@property_tree@boost@@Una@mpl@5@U675@U675@U675@U675@U675@U675@U675@U675@U675@U675@U675@U675@U675@U675@U675@U675@U675@U675@@multi_index@boost@@U?$member@U?$pair@$$CBV?$basic_string@DU?$char_traits@D@std@@V?$allocator@D@2@@std@@V?$basic_ptree@V?$basic_string@DU?$char_traits@D@std@@V?$allocator@D@2@@std@@V12@U?$less@V?$basic_string@DU?$char_traits@D@std@@V?$allocator@D@2@@std@@@2@@property_tree@boost@@@std@@$$CBV?$basic_string@DU?$char_traits@D@std@@V?$allocator@D@2@@2@$0A@@23@U?$less@V?$basic_string@DU?$char_traits@D@std@@V?$allocator@D@2@@std@@@std@@@23@Una@mpl@3@U563@U563@U563@U563@U563@U563@U563@U563@U563@U563@U563@U563@U563@U563@U563@U563@U563@@multi_index@boost@@V?$allocator@U?$pair@$$CBV?$basic_string@DU?$char_traits@D@std@@V?$allocator@D@2@@std@@V?$basic_ptree@V?$basic_string@DU?$char_traits@D@std@@V?$allocator@D@2@@std@@V12@U?$less@V?$basic_string@DU?$char_traits@D@std@@V?$allocator@D@2@@std@@@2@@property_tree@boost@@@std@@@2@@multi_index@boost@@QAE@ABU?$cons@Unull_type@tuples@boost@@U?$cons@V?$tuple@U?$member@U?$pair@$$CBV?$basic_string@DU?$char_traits@D@std@@V?$allocator@D@2@@std@@V?$basic_ptree@V?$basic_string@DU?$char_traits@D@std@@V?$allocator@D@2@@std@@V12@U?$less@V?$basic_string@DU?$char_traits@D@std@@V?$allocator@D@2@@std@@@2@@property_tree@boost@@@std@@$$CBV?$basic_string@DU?$char_traits@D@std@@V?$allocator@D@2@@2@$0A@@multi_index@boost@@U?$less@V?$basic_string@DU?$char_traits@D@std@@V?$allocator@D@2@@std@@@std@@Unull_type@tuples@3@U673@U673@U673@U673@U673@U673@U673@@tuples@boost@@Unull_type@23@@23@@tuples@2@ABV?$allocator@U?$pair@$$CBV?$basic_string@DU?$char_traits@D@std@@V?$allocator@D@2@@std@@V?$basic_ptree@V?$basic_string@DU?$char_traits@D@std@@V?$allocator@D@2@@std@@V12@U?$less@V?$basic_string@DU?$char_traits@D@std@@V?$allocator@D@2@@std@@@2@@property_tree@boost@@@std@@@std@@@Z 0040d2a0 f i eqmap.obj
 0001:0000c330       ??1?$optional@V?$basic_string@DU?$char_traits@D@std@@V?$allocator@D@2@@std@@@boost@@QAE@XZ 0040d330 f i eqmap.obj
 0001:0000c370       ?replace@?$basic_string@DU?$char_traits@D@std@@V?$allocator@D@2@@std@@QAEAAV12@IIPBDI@Z 0040d370 f i eqmap.obj
 0001:0000c550       ??1?$header_holder@PAU?$sequenced_index_node@U?$ordered_index_node@U?$index_node_base@U?$pair@$$CBV?$basic_string@DU?$char_traits@D@std@@V?$allocator@D@2@@std@@V?$basic_ptree@V?$basic_string@DU?$char_traits@D@std@@V?$allocator@D@2@@std@@V12@U?$less@V?$basic_string@DU?$char_traits@D@std@@V?$allocator@D@2@@std@@@2@@property_tree@boost@@@std@@V?$allocator@U?$pair@$$CBV?$basic_string@DU?$char_traits@D@std@@V?$allocator@D@2@@std@@V?$basic_ptree@V?$basic_string@DU?$char_traits@D@std@@V?$allocator@D@2@@std@@V12@U?$less@V?$basic_string@DU?$char_traits@D@std@@V?$allocator@D@2@@std@@@2@@property_tree@boost@@@std@@@2@@detail@multi_index@boost@@@detail@multi_index@boost@@@detail@multi_index@boost@@V?$multi_index_container@U?$pair@$$CBV?$basic_string@DU?$char_traits@D@std@@V?$allocator@D@2@@std@@V?$basic_ptree@V?$basic_string@DU?$char_traits@D@std@@V?$allocator@D@2@@std@@V12@U?$less@V?$basic_string@DU?$char_traits@D@std@@V?$allocator@D@2@@std@@@2@@property_tree@boost@@@std@@U?$indexed_by@U?$sequenced@U?$tag@Una@mpl@boost@@U123@U123@U123@U123@U123@U123@U123@U123@U123@U123@U123@U123@U123@U123@U123@U123@U123@U123@U123@@multi_index@boost@@@multi_index@boost@@U?$ordered_non_unique@U?$tag@Uby_name@subs@?$basic_ptree@V?$basic_string@DU?$char_traits@D@std@@V?$allocator@D@2@@std@@V12@U?$less@V?$basic_string@DU?$char_traits@D@std@@V?$allocator@D@2@@std@@@2@@property_tree@boost@@Una@mpl@5@U675@U675@U675@U675@U675@U675@U675@U675@U675@U675@U675@U675@U675@U675@U675@U675@U675@U675@@multi_index@boost@@U?$member@U?$pair@$$CBV?$basic_string@DU?$char_traits@D@std@@V?$allocator@D@2@@std@@V?$basic_ptree@V?$basic_string@DU?$char_traits@D@std@@V?$allocator@D@2@@std@@V12@U?$less@V?$basic_string@DU?$char_traits@D@std@@V?$allocator@D@2@@std@@@2@@property_tree@boost@@@std@@$$CBV?$basic_string@DU?$char_traits@D@std@@V?$allocator@D@2@@2@$0A@@23@U?$less@V?$basic_string@DU?$char_traits@D@std@@V?$allocator@D@2@@std@@@std@@@23@Una@mpl@3@U563@U563@U563@U563@U563@U563@U563@U563@U563@U563@U563@U563@U563@U563@U563@U563@U563@@multi_index@boost@@V?$allocator@U?$pair@$$CBV?$basic_string@DU?$char_traits@D@std@@V?$allocator@D@2@@std@@V?$basic_ptree@V?$basic_string@DU?$char_traits@D@std@@V?$allocator@D@2@@std@@V12@U?$less@V?$basic_string@DU?$char_traits@D@std@@V?$allocator@D@2@@std@@@2@@property_tree@boost@@@std@@@2@@34@@detail@multi_index@boost@@QAE@XZ 0040d550 f i eqmap.obj
 0001:0000c560       ?replace@?$basic_string@DU?$char_traits@D@std@@V?$allocator@D@2@@std@@QAEAAV12@IIABV12@II@Z 0040d560 f i eqmap.obj
 0001:0000c8b0       ?_Init@?$numpunct@D@std@@IAEXABV_Locinfo@2@_N@Z 0040d8b0 f i eqmap.obj
 0001:0000ca00       ?delete_all_nodes_@?$sequenced_index@U?$nth_layer@$00U?$pair@$$CBV?$basic_string@DU?$char_traits@D@std@@V?$allocator@D@2@@std@@V?$basic_ptree@V?$basic_string@DU?$char_traits@D@std@@V?$allocator@D@2@@std@@V12@U?$less@V?$basic_string@DU?$char_traits@D@std@@V?$allocator@D@2@@std@@@2@@property_tree@boost@@@std@@U?$indexed_by@U?$sequenced@U?$tag@Una@mpl@boost@@U123@U123@U123@U123@U123@U123@U123@U123@U123@U123@U123@U123@U123@U123@U123@U123@U123@U123@U123@@multi_index@boost@@@multi_index@boost@@U?$ordered_non_unique@U?$tag@Uby_name@subs@?$basic_ptree@V?$basic_string@DU?$char_traits@D@std@@V?$allocator@D@2@@std@@V12@U?$less@V?$basic_string@DU?$char_traits@D@std@@V?$allocator@D@2@@std@@@2@@property_tree@boost@@Una@mpl@5@U675@U675@U675@U675@U675@U675@U675@U675@U675@U675@U675@U675@U675@U675@U675@U675@U675@U675@@multi_index@boost@@U?$member@U?$pair@$$CBV?$basic_string@DU?$char_traits@D@std@@V?$allocator@D@2@@std@@V?$basic_ptree@V?$basic_string@DU?$char_traits@D@std@@V?$allocator@D@2@@std@@V12@U?$less@V?$basic_string@DU?$char_traits@D@std@@V?$allocator@D@2@@std@@@2@@property_tree@boost@@@std@@$$CBV?$basic_string@DU?$char_traits@D@std@@V?$allocator@D@2@@2@$0A@@23@U?$less@V?$basic_string@DU?$char_traits@D@std@@V?$allocator@D@2@@std@@@std@@@23@Una@mpl@3@U563@U563@U563@U563@U563@U563@U563@U563@U563@U563@U563@U563@U563@U563@U563@U563@U563@@multi_index@boost@@V?$allocator@U?$pair@$$CBV?$basic_string@DU?$char_traits@D@std@@V?$allocator@D@2@@std@@V?$basic_ptree@V?$basic_string@DU?$char_traits@D@std@@V?$allocator@D@2@@std@@V12@U?$less@V?$basic_string@DU?$char_traits@D@std@@V?$allocator@D@2@@std@@@2@@property_tree@boost@@@std@@@2@@detail@multi_index@boost@@U?$vector0@Una@mpl@boost@@@mpl@4@@detail@multi_index@boost@@IAEXXZ 0040da00 f i eqmap.obj
 0001:0000cad0       ?header@?$sequenced_index@U?$nth_layer@$00U?$pair@$$CBV?$basic_string@DU?$char_traits@D@std@@V?$allocator@D@2@@std@@V?$basic_ptree@V?$basic_string@DU?$char_traits@D@std@@V?$allocator@D@2@@std@@V12@U?$less@V?$basic_string@DU?$char_traits@D@std@@V?$allocator@D@2@@std@@@2@@property_tree@boost@@@std@@U?$indexed_by@U?$sequenced@U?$tag@Una@mpl@boost@@U123@U123@U123@U123@U123@U123@U123@U123@U123@U123@U123@U123@U123@U123@U123@U123@U123@U123@U123@@multi_index@boost@@@multi_index@boost@@U?$ordered_non_unique@U?$tag@Uby_name@subs@?$basic_ptree@V?$basic_string@DU?$char_traits@D@std@@V?$allocator@D@2@@std@@V12@U?$less@V?$basic_string@DU?$char_traits@D@std@@V?$allocator@D@2@@std@@@2@@property_tree@boost@@Una@mpl@5@U675@U675@U675@U675@U675@U675@U675@U675@U675@U675@U675@U675@U675@U675@U675@U675@U675@U675@@multi_index@boost@@U?$member@U?$pair@$$CBV?$basic_string@DU?$char_traits@D@std@@V?$allocator@D@2@@std@@V?$basic_ptree@V?$basic_string@DU?$char_traits@D@std@@V?$allocator@D@2@@std@@V12@U?$less@V?$basic_string@DU?$char_traits@D@std@@V?$allocator@D@2@@std@@@2@@property_tree@boost@@@std@@$$CBV?$basic_string@DU?$char_traits@D@std@@V?$allocator@D@2@@2@$0A@@23@U?$less@V?$basic_string@DU?$char_traits@D@std@@V?$allocator@D@2@@std@@@std@@@23@Una@mpl@3@U563@U563@U563@U563@U563@U563@U563@U563@U563@U563@U563@U563@U563@U563@U563@U563@U563@@multi_index@boost@@V?$allocator@U?$pair@$$CBV?$basic_string@DU?$char_traits@D@std@@V?$allocator@D@2@@std@@V?$basic_ptree@V?$basic_string@DU?$char_traits@D@std@@V?$allocator@D@2@@std@@V12@U?$less@V?$basic_string@DU?$char_traits@D@std@@V?$allocator@D@2@@std@@@2@@property_tree@boost@@@std@@@2@@detail@multi_index@boost@@U?$vector0@Una@mpl@boost@@@mpl@4@@detail@multi_index@boost@@ABEPAU?$sequenced_index_node@U?$ordered_index_node@U?$index_node_base@U?$pair@$$CBV?$basic_string@DU?$char_traits@D@std@@V?$allocator@D@2@@std@@V?$basic_ptree@V?$basic_string@DU?$char_traits@D@std@@V?$allocator@D@2@@std@@V12@U?$less@V?$basic_string@DU?$char_traits@D@std@@V?$allocator@D@2@@std@@@2@@property_tree@boost@@@std@@V?$allocator@U?$pair@$$CBV?$basic_string@DU?$char_traits@D@std@@V?$allocator@D@2@@std@@V?$basic_ptree@V?$basic_string@DU?$char_traits@D@std@@V?$allocator@D@2@@std@@V12@U?$less@V?$basic_string@DU?$char_traits@D@std@@V?$allocator@D@2@@std@@@2@@property_tree@boost@@@std@@@2@@detail@multi_index@boost@@@detail@multi_index@boost@@@234@XZ 0040dad0 f i eqmap.obj
 0001:0000cae0       ?empty_initialize@?$ordered_index@U?$member@U?$pair@$$CBV?$basic_string@DU?$char_traits@D@std@@V?$allocator@D@2@@std@@V?$basic_ptree@V?$basic_string@DU?$char_traits@D@std@@V?$allocator@D@2@@std@@V12@U?$less@V?$basic_string@DU?$char_traits@D@std@@V?$allocator@D@2@@std@@@2@@property_tree@boost@@@std@@$$CBV?$basic_string@DU?$char_traits@D@std@@V?$allocator@D@2@@2@$0A@@multi_index@boost@@U?$less@V?$basic_string@DU?$char_traits@D@std@@V?$allocator@D@2@@std@@@std@@U?$nth_layer@$01U?$pair@$$CBV?$basic_string@DU?$char_traits@D@std@@V?$allocator@D@2@@std@@V?$basic_ptree@V?$basic_string@DU?$char_traits@D@std@@V?$allocator@D@2@@std@@V12@U?$less@V?$basic_string@DU?$char_traits@D@std@@V?$allocator@D@2@@std@@@2@@property_tree@boost@@@std@@U?$indexed_by@U?$sequenced@U?$tag@Una@mpl@boost@@U123@U123@U123@U123@U123@U123@U123@U123@U123@U123@U123@U123@U123@U123@U123@U123@U123@U123@U123@@multi_index@boost@@@multi_index@boost@@U?$ordered_non_unique@U?$tag@Uby_name@subs@?$basic_ptree@V?$basic_string@DU?$char_traits@D@std@@V?$allocator@D@2@@std@@V12@U?$less@V?$basic_string@DU?$char_traits@D@std@@V?$allocator@D@2@@std@@@2@@property_tree@boost@@Una@mpl@5@U675@U675@U675@U675@U675@U675@U675@U675@U675@U675@U675@U675@U675@U675@U675@U675@U675@U675@@multi_index@boost@@U?$member@U?$pair@$$CBV?$basic_string@DU?$char_traits@D@std@@V?$allocator@D@2@@std@@V?$basic_ptree@V?$basic_string@DU?$char_traits@D@std@@V?$allocator@D@2@@std@@V12@U?$less@V?$basic_string@DU?$char_traits@D@std@@V?$allocator@D@2@@std@@@2@@property_tree@boost@@@std@@$$CBV?$basic_string@DU?$char_traits@D@std@@V?$allocator@D@2@@2@$0A@@23@U?$less@V?$basic_string@DU?$char_traits@D@std@@V?$allocator@D@2@@std@@@std@@@23@Una@mpl@3@U563@U563@U563@U563@U563@U563@U563@U563@U563@U563@U563@U563@U563@U563@U563@U563@U563@@multi_index@boost@@V?$allocator@U?$pair@$$CBV?$basic_string@DU?$char_traits@D@std@@V?$allocator@D@2@@std@@V?$basic_ptree@V?$basic_string@DU?$char_traits@D@std@@V?$allocator@D@2@@std@@V12@U?$less@V?$basic_string@DU?$char_traits@D@std@@V?$allocator@D@2@@std@@@2@@property_tree@boost@@@std@@@2@@detail@23@U?$vector1@Uby_name@subs@?$basic_ptree@V?$basic_string@DU?$char_traits@D@std@@V?$allocator@D@2@@std@@V12@U?$less@V?$basic_string@DU?$char_traits@D@std@@V?$allocator@D@2@@std@@@2@@property_tree@boost@@@mpl@3@Uordered_non_unique_tag@723@@detail@multi_index@boost@@AAEXXZ 0040dae0 f i eqmap.obj
 0001:0000cb60       ??$getline@DU?$char_traits@D@std@@V?$allocator@D@2@@std@@YAAAV?$basic_istream@DU?$char_traits@D@std@@@0@$$QAV10@AAV?$basic_string@DU?$char_traits@D@std@@V?$allocator@D@2@@0@D@Z 0040db60 f i eqmap.obj
 0001:0000ccd0       ??$find_format_all@V?$basic_string@DU?$char_traits@D@std@@V?$allocator@D@2@@std@@U?$first_finderF@PBDUis_equal@algorithm@boost@@@detail@algorithm@boost@@U?$const_formatF@V?$iterator_range@PBD@boost@@@456@@algorithm@boost@@YAXAAV?$basic_string@DU?$char_traits@D@std@@V?$allocator@D@2@@std@@U?$first_finderF@PBDUis_equal@algorithm@boost@@@detail@01@U?$const_formatF@V?$iterator_range@PBD@boost@@@501@@Z 0040dcd0 f i eqmap.obj
 0001:0000cd50       ??$token_finder@U?$is_any_ofF@D@detail@algorithm@boost@@@algorithm@boost@@YA?AU?$token_finderF@U?$is_any_ofF@D@detail@algorithm@boost@@@detail@01@U?$is_any_ofF@D@301@W4token_compress_mode_type@01@@Z 0040dd50 f i eqmap.obj
 0001:0000cea0       ??$iter_split@V?$vector@V?$basic_string@DU?$char_traits@D@std@@V?$allocator@D@2@@std@@V?$allocator@V?$basic_string@DU?$char_traits@D@std@@V?$allocator@D@2@@std@@@2@@std@@V?$basic_string@DU?$char_traits@D@std@@V?$allocator@D@2@@2@U?$token_finderF@U?$is_any_ofF@D@detail@algorithm@boost@@@detail@algorithm@boost@@@algorithm@boost@@YAAAV?$vector@V?$basic_string@DU?$char_traits@D@std@@V?$allocator@D@2@@std@@V?$allocator@V?$basic_string@DU?$char_traits@D@std@@V?$allocator@D@2@@std@@@2@@std@@AAV23@AAV?$basic_string@DU?$char_traits@D@std@@V?$allocator@D@2@@3@U?$token_finderF@U?$is_any_ofF@D@detail@algorithm@boost@@@detail@01@@Z 0040dea0 f i eqmap.obj
 0001:0000d0f0       ??$remove_if@V?$_String_iterator@V?$_String_val@U?$_Simple_types@D@std@@@std@@@std@@U?$is_any_ofF@D@detail@algorithm@boost@@@std@@YA?AV?$_String_iterator@V?$_String_val@U?$_Simple_types@D@std@@@std@@@0@V10@0U?$is_any_ofF@D@detail@algorithm@boost@@@Z 0040e0f0 f i eqmap.obj
 0001:0000d1f0       ??$transform_range_copy@V?$basic_string@DU?$char_traits@D@std@@V?$allocator@D@2@@std@@V12@U?$to_lowerF@D@detail@algorithm@boost@@@detail@algorithm@boost@@YA?AV?$basic_string@DU?$char_traits@D@std@@V?$allocator@D@2@@std@@ABV34@U?$to_lowerF@D@012@@Z 0040e1f0 f i eqmap.obj
 0001:0000d250       ??$find_format_all_copy@V?$basic_string@DU?$char_traits@D@std@@V?$allocator@D@2@@std@@U?$first_finderF@PBDUis_equal@algorithm@boost@@@detail@algorithm@boost@@U?$const_formatF@V?$iterator_range@PBD@boost@@@456@@algorithm@boost@@YA?AV?$basic_string@DU?$char_traits@D@std@@V?$allocator@D@2@@std@@ABV23@U?$first_finderF@PBDUis_equal@algorithm@boost@@@detail@01@U?$const_formatF@V?$iterator_range@PBD@boost@@@501@@Z 0040e250 f i eqmap.obj
 0001:0000d2c0       ??$throw_exception_@Vini_parser_error@ini_parser@property_tree@boost@@@exception_detail@boost@@YAXABVini_parser_error@ini_parser@property_tree@1@PBD1H@Z 0040e2c0 f i eqmap.obj
 0001:0000d320       ??$read_ini@V?$basic_ptree@V?$basic_string@DU?$char_traits@D@std@@V?$allocator@D@2@@std@@V12@U?$less@V?$basic_string@DU?$char_traits@D@std@@V?$allocator@D@2@@std@@@2@@property_tree@boost@@@ini_parser@property_tree@boost@@YAXAAV?$basic_istream@DU?$char_traits@D@std@@@std@@AAV?$basic_ptree@V?$basic_string@DU?$char_traits@D@std@@V?$allocator@D@2@@std@@V12@U?$less@V?$basic_string@DU?$char_traits@D@std@@V?$allocator@D@2@@std@@@2@@12@@Z 0040e320 f i eqmap.obj
 0001:0000de20       ??$get_optional@H@?$basic_ptree@V?$basic_string@DU?$char_traits@D@std@@V?$allocator@D@2@@std@@V12@U?$less@V?$basic_string@DU?$char_traits@D@std@@V?$allocator@D@2@@std@@@2@@property_tree@boost@@QBE?AV?$optional@H@2@ABV?$string_path@V?$basic_string@DU?$char_traits@D@std@@V?$allocator@D@2@@std@@U?$id_translator@V?$basic_string@DU?$char_traits@D@std@@V?$allocator@D@2@@std@@@property_tree@boost@@@12@@Z 0040ee20 f i eqmap.obj
 0001:0000dea0       ??$get_optional@_N@?$basic_ptree@V?$basic_string@DU?$char_traits@D@std@@V?$allocator@D@2@@std@@V12@U?$less@V?$basic_string@DU?$char_traits@D@std@@V?$allocator@D@2@@std@@@2@@property_tree@boost@@QBE?AV?$optional@_N@2@ABV?$string_path@V?$basic_string@DU?$char_traits@D@std@@V?$allocator@D@2@@std@@U?$id_translator@V?$basic_string@DU?$char_traits@D@std@@V?$allocator@D@2@@std@@@property_tree@boost@@@12@@Z 0040eea0 f i eqmap.obj
 0001:0000df20       ??$get_optional@V?$basic_string@DU?$char_traits@D@std@@V?$allocator@D@2@@std@@@?$basic_ptree@V?$basic_string@DU?$char_traits@D@std@@V?$allocator@D@2@@std@@V12@U?$less@V?$basic_string@DU?$char_traits@D@std@@V?$allocator@D@2@@std@@@2@@property_tree@boost@@QBE?AV?$optional@V?$basic_string@DU?$char_traits@D@std@@V?$allocator@D@2@@std@@@2@ABV?$string_path@V?$basic_string@DU?$char_traits@D@std@@V?$allocator@D@2@@std@@U?$id_translator@V?$basic_string@DU?$char_traits@D@std@@V?$allocator@D@2@@std@@@property_tree@boost@@@12@@Z 0040ef20 f i eqmap.obj
 0001:0000dfa0       ??$_Destroy_range@U?$_Wrap_alloc@V?$allocator@Umap_point_t@@@std@@@std@@@std@@YAXPAUmap_point_t@@0AAU?$_Wrap_alloc@V?$allocator@Umap_point_t@@@std@@@0@U_Nonscalar_ptr_iterator_tag@0@@Z 0040efa0 f i eqmap.obj
 0001:0000dfe0       ??$_Destroy_range@U?$_Wrap_alloc@V?$allocator@Uzone_info_t@@@std@@@std@@@std@@YAXPAUzone_info_t@@0AAU?$_Wrap_alloc@V?$allocator@Uzone_info_t@@@std@@@0@U_Nonscalar_ptr_iterator_tag@0@@Z 0040efe0 f i eqmap.obj
 0001:0000e060       ??1?$find_iterator_base@V?$_String_iterator@V?$_String_val@U?$_Simple_types@D@std@@@std@@@std@@@detail@algorithm@boost@@IAE@XZ 0040f060 f i eqmap.obj
 0001:0000e060       ??1?$transform_iterator@U?$copy_iterator_rangeF@V?$basic_string@DU?$char_traits@D@std@@V?$allocator@D@2@@std@@V?$_String_iterator@V?$_String_val@U?$_Simple_types@D@std@@@std@@@2@@detail@algorithm@boost@@V?$split_iterator@V?$_String_iterator@V?$_String_val@U?$_Simple_types@D@std@@@std@@@std@@@34@Uuse_default@4@U64@@boost@@QAE@XZ 0040f060 f i eqmap.obj
 0001:0000e060       ??1?$split_iterator@V?$_String_iterator@V?$_String_val@U?$_Simple_types@D@std@@@std@@@std@@@algorithm@boost@@QAE@XZ 0040f060 f i eqmap.obj
 0001:0000e090       ??1?$pair@V?$basic_string@DU?$char_traits@D@std@@V?$allocator@D@2@@std@@V?$basic_ptree@V?$basic_string@DU?$char_traits@D@std@@V?$allocator@D@2@@std@@V12@U?$less@V?$basic_string@DU?$char_traits@D@std@@V?$allocator@D@2@@std@@@2@@property_tree@boost@@@std@@QAE@XZ 0040f090 f i eqmap.obj
 0001:0000e150       ??1?$pair@$$CBV?$basic_string@DU?$char_traits@D@std@@V?$allocator@D@2@@std@@V?$basic_ptree@V?$basic_string@DU?$char_traits@D@std@@V?$allocator@D@2@@std@@V12@U?$less@V?$basic_string@DU?$char_traits@D@std@@V?$allocator@D@2@@std@@@2@@property_tree@boost@@@std@@QAE@XZ 0040f150 f i eqmap.obj
 0001:0000e1c0       ?construct@?$allocator@Umap_point_t@@@std@@QAEXPAUmap_point_t@@ABU3@@Z 0040f1c0 f i eqmap.obj
 0001:0000e1c0       ??$construct@Umap_point_t@@AAU1@@?$allocator@Umap_point_t@@@std@@QAEXPAUmap_point_t@@AAU2@@Z 0040f1c0 f i eqmap.obj
 0001:0000e260       ??0?$split_iterator@V?$_String_iterator@V?$_String_val@U?$_Simple_types@D@std@@@std@@@std@@@algorithm@boost@@QAE@ABV012@@Z 0040f260 f i eqmap.obj
 0001:0000e2e0       ?lexical_cast_impl@?$lexical_cast_do_cast@MV?$basic_string@DU?$char_traits@D@std@@V?$allocator@D@2@@std@@@detail@boost@@SAMABV?$basic_string@DU?$char_traits@D@std@@V?$allocator@D@2@@std@@@Z 0040f2e0 f i eqmap.obj
 0001:0000e370       ?lexical_cast_impl@?$lexical_cast_do_cast@HV?$basic_string@DU?$char_traits@D@std@@V?$allocator@D@2@@std@@@detail@boost@@SAHABV?$basic_string@DU?$char_traits@D@std@@V?$allocator@D@2@@std@@@Z 0040f370 f i eqmap.obj
 0001:0000e410       ??1?$error_info_injector@Vini_parser_error@ini_parser@property_tree@boost@@@exception_detail@boost@@UAE@XZ 0040f410 f i eqmap.obj
 0001:0000e450       ??1?$optional@ABV?$basic_ptree@V?$basic_string@DU?$char_traits@D@std@@V?$allocator@D@2@@std@@V12@U?$less@V?$basic_string@DU?$char_traits@D@std@@V?$allocator@D@2@@std@@@2@@property_tree@boost@@@boost@@QAE@XZ 0040f450 f i eqmap.obj
 0001:0000e460       ??_G?$error_info_injector@Vini_parser_error@ini_parser@property_tree@boost@@@exception_detail@boost@@UAEPAXI@Z 0040f460 f i eqmap.obj
 0001:0000e460       ??_E?$error_info_injector@Vini_parser_error@ini_parser@property_tree@boost@@@exception_detail@boost@@UAEPAXI@Z 0040f460 f i * CIL library *:* CIL module *
 0001:0000e4b0       ??$?RV?$_String_iterator@V?$_String_val@U?$_Simple_types@D@std@@@std@@@std@@@?$first_finderF@PBDUis_equal@algorithm@boost@@@detail@algorithm@boost@@QBE?AV?$iterator_range@V?$_String_iterator@V?$_String_val@U?$_Simple_types@D@std@@@std@@@std@@@3@V?$_String_iterator@V?$_String_val@U?$_Simple_types@D@std@@@std@@@std@@0@Z 0040f4b0 f i eqmap.obj
 0001:0000e4b0       ??$?RV?$_String_const_iterator@V?$_String_val@U?$_Simple_types@D@std@@@std@@@std@@@?$first_finderF@PBDUis_equal@algorithm@boost@@@detail@algorithm@boost@@QBE?AV?$iterator_range@V?$_String_const_iterator@V?$_String_val@U?$_Simple_types@D@std@@@std@@@std@@@3@V?$_String_const_iterator@V?$_String_val@U?$_Simple_types@D@std@@@std@@@std@@0@Z 0040f4b0 f i eqmap.obj
 0001:0000e520       ??$?0U?$token_finderF@U?$is_any_ofF@D@detail@algorithm@boost@@@detail@algorithm@boost@@@?$split_iterator@V?$_String_iterator@V?$_String_val@U?$_Simple_types@D@std@@@std@@@std@@@algorithm@boost@@QAE@V?$_String_iterator@V?$_String_val@U?$_Simple_types@D@std@@@std@@@std@@0U?$token_finderF@U?$is_any_ofF@D@detail@algorithm@boost@@@detail@12@@Z 0040f520 f i eqmap.obj
 0001:0000e5f0       ??$make_transform_iterator@U?$copy_iterator_rangeF@V?$basic_string@DU?$char_traits@D@std@@V?$allocator@D@2@@std@@V?$_String_iterator@V?$_String_val@U?$_Simple_types@D@std@@@std@@@2@@detail@algorithm@boost@@V?$split_iterator@V?$_String_iterator@V?$_String_val@U?$_Simple_types@D@std@@@std@@@std@@@34@@boost@@YA?AV?$transform_iterator@U?$copy_iterator_rangeF@V?$basic_string@DU?$char_traits@D@std@@V?$allocator@D@2@@std@@V?$_String_iterator@V?$_String_val@U?$_Simple_types@D@std@@@std@@@2@@detail@algorithm@boost@@V?$split_iterator@V?$_String_iterator@V?$_String_val@U?$_Simple_types@D@std@@@std@@@std@@@34@Uuse_default@4@U64@@0@V?$split_iterator@V?$_String_iterator@V?$_String_val@U?$_Simple_types@D@std@@@std@@@std@@@algorithm@0@U?$copy_iterator_rangeF@V?$basic_string@DU?$char_traits@D@std@@V?$allocator@D@2@@std@@V?$_String_iterator@V?$_String_val@U?$_Simple_types@D@std@@@std@@@2@@detail@30@@Z 0040f5f0 f i eqmap.obj
 0001:0000e670       ??$?0V?$transform_iterator@U?$copy_iterator_rangeF@V?$basic_string@DU?$char_traits@D@std@@V?$allocator@D@2@@std@@V?$_String_iterator@V?$_String_val@U?$_Simple_types@D@std@@@std@@@2@@detail@algorithm@boost@@V?$split_iterator@V?$_String_iterator@V?$_String_val@U?$_Simple_types@D@std@@@std@@@std@@@34@Uuse_default@4@U64@@boost@@@?$vector@V?$basic_string@DU?$char_traits@D@std@@V?$allocator@D@2@@std@@V?$allocator@V?$basic_string@DU?$char_traits@D@std@@V?$allocator@D@2@@std@@@2@@std@@QAE@V?$transform_iterator@U?$copy_iterator_rangeF@V?$basic_string@DU?$char_traits@D@std@@V?$allocator@D@2@@std@@V?$_String_iterator@V?$_String_val@U?$_Simple_types@D@std@@@std@@@2@@detail@algorithm@boost@@V?$split_iterator@V?$_String_iterator@V?$_String_val@U?$_Simple_types@D@std@@@std@@@std@@@34@Uuse_default@4@U64@@boost@@0PAPAX@Z 0040f670 f i eqmap.obj
 0001:0000e750       ??$find_if@V?$_String_iterator@V?$_String_val@U?$_Simple_types@D@std@@@std@@@std@@U?$is_any_ofF@D@detail@algorithm@boost@@@std@@YA?AV?$_String_iterator@V?$_String_val@U?$_Simple_types@D@std@@@std@@@0@V10@0U?$is_any_ofF@D@detail@algorithm@boost@@@Z 0040f750 f i eqmap.obj
 0001:0000e800       ??$_Remove_if@PADU?$is_any_ofF@D@detail@algorithm@boost@@@std@@YAPADPAD0U?$is_any_ofF@D@detail@algorithm@boost@@@Z 0040f800 f i eqmap.obj
 0001:0000e8a0       ??$find_format_all_copy_impl@V?$basic_string@DU?$char_traits@D@std@@V?$allocator@D@2@@std@@U?$first_finderF@PBDUis_equal@algorithm@boost@@@detail@algorithm@boost@@U?$const_formatF@V?$iterator_range@PBD@boost@@@456@V?$iterator_range@V?$_String_const_iterator@V?$_String_val@U?$_Simple_types@D@std@@@std@@@std@@@6@@detail@algorithm@boost@@YA?AV?$basic_string@DU?$char_traits@D@std@@V?$allocator@D@2@@std@@ABV34@U?$first_finderF@PBDUis_equal@algorithm@boost@@@012@U?$const_formatF@V?$iterator_range@PBD@boost@@@012@ABV?$iterator_range@V?$_String_const_iterator@V?$_String_val@U?$_Simple_types@D@std@@@std@@@std@@@2@@Z 0040f8a0 f i eqmap.obj
 0001:0000e910       ??$enable_error_info@Vini_parser_error@ini_parser@property_tree@boost@@@boost@@YA?AU?$error_info_injector@Vini_parser_error@ini_parser@property_tree@boost@@@exception_detail@0@ABVini_parser_error@ini_parser@property_tree@0@@Z 0040f910 f i eqmap.obj
 0001:0000e960       ??$throw_exception@U?$error_info_injector@Vini_parser_error@ini_parser@property_tree@boost@@@exception_detail@boost@@@boost@@YAXABU?$error_info_injector@Vini_parser_error@ini_parser@property_tree@boost@@@exception_detail@0@@Z 0040f960 f i eqmap.obj
 0001:0000e9c0       ??0?$basic_ptree@V?$basic_string@DU?$char_traits@D@std@@V?$allocator@D@2@@std@@V12@U?$less@V?$basic_string@DU?$char_traits@D@std@@V?$allocator@D@2@@std@@@2@@property_tree@boost@@QAE@ABV?$basic_string@DU?$char_traits@D@std@@V?$allocator@D@2@@std@@@Z 0040f9c0 f i eqmap.obj
 0001:0000ea70       ?pop_back@?$basic_ptree@V?$basic_string@DU?$char_traits@D@std@@V?$allocator@D@2@@std@@V12@U?$less@V?$basic_string@DU?$char_traits@D@std@@V?$allocator@D@2@@std@@@2@@property_tree@boost@@QAEXXZ 0040fa70 f i eqmap.obj
 0001:0000eac0       ?get_child_optional@?$basic_ptree@V?$basic_string@DU?$char_traits@D@std@@V?$allocator@D@2@@std@@V12@U?$less@V?$basic_string@DU?$char_traits@D@std@@V?$allocator@D@2@@std@@@2@@property_tree@boost@@QBE?AV?$optional@ABV?$basic_ptree@V?$basic_string@DU?$char_traits@D@std@@V?$allocator@D@2@@std@@V12@U?$less@V?$basic_string@DU?$char_traits@D@std@@V?$allocator@D@2@@std@@@2@@property_tree@boost@@@3@ABV?$string_path@V?$basic_string@DU?$char_traits@D@std@@V?$allocator@D@2@@std@@U?$id_translator@V?$basic_string@DU?$char_traits@D@std@@V?$allocator@D@2@@std@@@property_tree@boost@@@23@@Z 0040fac0 f i eqmap.obj
 0001:0000eba0       ??$trim@D@detail@property_tree@boost@@YA?AV?$basic_string@DU?$char_traits@D@std@@V?$allocator@D@2@@std@@ABV34@ABVlocale@4@@Z 0040fba0 f i eqmap.obj
 0001:0000ecc0       ??$make_pair@AAV?$basic_string@DU?$char_traits@D@std@@V?$allocator@D@2@@std@@V?$basic_ptree@V?$basic_string@DU?$char_traits@D@std@@V?$allocator@D@2@@std@@V12@U?$less@V?$basic_string@DU?$char_traits@D@std@@V?$allocator@D@2@@std@@@2@@property_tree@boost@@@std@@YA?AU?$pair@V?$basic_string@DU?$char_traits@D@std@@V?$allocator@D@2@@std@@V?$basic_ptree@V?$basic_string@DU?$char_traits@D@std@@V?$allocator@D@2@@std@@V12@U?$less@V?$basic_string@DU?$char_traits@D@std@@V?$allocator@D@2@@std@@@2@@property_tree@boost@@@0@AAV?$basic_string@DU?$char_traits@D@std@@V?$allocator@D@2@@0@$$QAV?$basic_ptree@V?$basic_string@DU?$char_traits@D@std@@V?$allocator@D@2@@std@@V12@U?$less@V?$basic_string@DU?$char_traits@D@std@@V?$allocator@D@2@@std@@@2@@property_tree@boost@@@Z 0040fcc0 f i eqmap.obj
 0001:0000ed50       ??$?0V?$basic_string@DU?$char_traits@D@std@@V?$allocator@D@2@@std@@V?$basic_ptree@V?$basic_string@DU?$char_traits@D@std@@V?$allocator@D@2@@std@@V12@U?$less@V?$basic_string@DU?$char_traits@D@std@@V?$allocator@D@2@@std@@@2@@property_tree@boost@@@?$pair@V?$basic_string@DU?$char_traits@D@std@@V?$allocator@D@2@@std@@V?$basic_ptree@V?$basic_string@DU?$char_traits@D@std@@V?$allocator@D@2@@std@@V12@U?$less@V?$basic_string@DU?$char_traits@D@std@@V?$allocator@D@2@@std@@@2@@property_tree@boost@@@std@@QAE@$$QAU01@PAPAX@Z 0040fd50 f i eqmap.obj
 0001:0000ed50       ??$?0V?$basic_string@DU?$char_traits@D@std@@V?$allocator@D@2@@std@@V?$basic_ptree@V?$basic_string@DU?$char_traits@D@std@@V?$allocator@D@2@@std@@V12@U?$less@V?$basic_string@DU?$char_traits@D@std@@V?$allocator@D@2@@std@@@2@@property_tree@boost@@@?$pair@$$CBV?$basic_string@DU?$char_traits@D@std@@V?$allocator@D@2@@std@@V?$basic_ptree@V?$basic_string@DU?$char_traits@D@std@@V?$allocator@D@2@@std@@V12@U?$less@V?$basic_string@DU?$char_traits@D@std@@V?$allocator@D@2@@std@@@2@@property_tree@boost@@@std@@QAE@$$QAU?$pair@V?$basic_string@DU?$char_traits@D@std@@V?$allocator@D@2@@std@@V?$basic_ptree@V?$basic_string@DU?$char_traits@D@std@@V?$allocator@D@2@@std@@V12@U?$less@V?$basic_string@DU?$char_traits@D@std@@V?$allocator@D@2@@std@@@2@@property_tree@boost@@@1@PAPAX@Z 0040fd50 f i eqmap.obj
 0001:0000ee50       ??$get_value_optional@H@?$basic_ptree@V?$basic_string@DU?$char_traits@D@std@@V?$allocator@D@2@@std@@V12@U?$less@V?$basic_string@DU?$char_traits@D@std@@V?$allocator@D@2@@std@@@2@@property_tree@boost@@QBE?AV?$optional@H@2@XZ 0040fe50 f i eqmap.obj
 0001:0000ef00       ??$get_value_optional@_N@?$basic_ptree@V?$basic_string@DU?$char_traits@D@std@@V?$allocator@D@2@@std@@V12@U?$less@V?$basic_string@DU?$char_traits@D@std@@V?$allocator@D@2@@std@@@2@@property_tree@boost@@QBE?AV?$optional@_N@2@XZ 0040ff00 f i eqmap.obj
 0001:0000efb0       ??$get_value_optional@V?$basic_string@DU?$char_traits@D@std@@V?$allocator@D@2@@std@@@?$basic_ptree@V?$basic_string@DU?$char_traits@D@std@@V?$allocator@D@2@@std@@V12@U?$less@V?$basic_string@DU?$char_traits@D@std@@V?$allocator@D@2@@std@@@2@@property_tree@boost@@QBE?AV?$optional@V?$basic_string@DU?$char_traits@D@std@@V?$allocator@D@2@@std@@@2@XZ 0040ffb0 f i eqmap.obj
 0001:0000efe0       ??$destroy@Umap_point_t@@@?$_Wrap_alloc@V?$allocator@Umap_point_t@@@std@@@std@@QAEXPAUmap_point_t@@@Z 0040ffe0 f i eqmap.obj
 0001:0000f010       ??$_Uninit_move@PAUmap_line_t@@PAU1@V?$allocator@Umap_line_t@@@std@@U1@@std@@YAPAUmap_line_t@@PAU1@00AAU?$_Wrap_alloc@V?$allocator@Umap_line_t@@@std@@@0@0U_Nonscalar_ptr_iterator_tag@0@@Z 00410010 f i eqmap.obj
 0001:0000f060       ??$_Uninit_move@PAUmap_point_t@@PAU1@V?$allocator@Umap_point_t@@@std@@U1@@std@@YAPAUmap_point_t@@PAU1@00AAU?$_Wrap_alloc@V?$allocator@Umap_point_t@@@std@@@0@0U_Nonscalar_ptr_iterator_tag@0@@Z 00410060 f i eqmap.obj
 0001:0000f150       ??$_Uninit_move@PAUzone_info_t@@PAU1@V?$allocator@Uzone_info_t@@@std@@U1@@std@@YAPAUzone_info_t@@PAU1@00AAU?$_Wrap_alloc@V?$allocator@Uzone_info_t@@@std@@@0@0U_Nonscalar_ptr_iterator_tag@0@@Z 00410150 f i eqmap.obj
 0001:0000f260       ??$_Uninit_move@PAV?$basic_string@DU?$char_traits@D@std@@V?$allocator@D@2@@std@@PAV12@V?$allocator@V?$basic_string@DU?$char_traits@D@std@@V?$allocator@D@2@@std@@@2@V12@@std@@YAPAV?$basic_string@DU?$char_traits@D@std@@V?$allocator@D@2@@0@PAV10@00AAU?$_Wrap_alloc@V?$allocator@V?$basic_string@DU?$char_traits@D@std@@V?$allocator@D@2@@std@@@std@@@0@0U_Nonscalar_ptr_iterator_tag@0@@Z 00410260 f i eqmap.obj
 0001:0000f2f0       ??$?RV?$_String_iterator@V?$_String_val@U?$_Simple_types@D@std@@@std@@@std@@@?$token_finderF@U?$is_any_ofF@D@detail@algorithm@boost@@@detail@algorithm@boost@@QBE?AV?$iterator_range@V?$_String_iterator@V?$_String_val@U?$_Simple_types@D@std@@@std@@@std@@@3@V?$_String_iterator@V?$_String_val@U?$_Simple_types@D@std@@@std@@@std@@0@Z 004102f0 f i eqmap.obj
 0001:0000f3d0       ??$throw_exception@Vbad_lexical_cast@boost@@@boost@@YAXABVbad_lexical_cast@0@@Z 004103d0 f i eqmap.obj
 0001:0000f420       ??$shr_signed@H@?$lexical_stream_limited_src@DU?$char_traits@D@std@@$0A@@detail@boost@@AAE_NAAH@Z 00410420 f i eqmap.obj
 0001:0000f4d0       ??$lcast_ret_float@U?$char_traits@D@std@@MD@detail@boost@@YA_NAAMPBD1@Z 004104d0 f i eqmap.obj
 0001:0000fb10       ??_D?$clone_impl@U?$error_info_injector@Vini_parser_error@ini_parser@property_tree@boost@@@exception_detail@boost@@@exception_detail@boost@@QAEXXZ 00410b10 f i eqmap.obj
 0001:0000fb80       ??0?$clone_impl@U?$error_info_injector@Vini_parser_error@ini_parser@property_tree@boost@@@exception_detail@boost@@@exception_detail@boost@@QAE@ABV012@@Z 00410b80 f i eqmap.obj
 0001:0000fc60       ??0?$error_info_injector@Vini_parser_error@ini_parser@property_tree@boost@@@exception_detail@boost@@QAE@ABU012@@Z 00410c60 f i eqmap.obj
 0001:0000fd00       ??0ini_parser_error@ini_parser@property_tree@boost@@QAE@ABV0123@@Z 00410d00 f i eqmap.obj
 0001:0000fd20       ??0file_parser_error@property_tree@boost@@QAE@ABV012@@Z 00410d20 f i eqmap.obj
 0001:0000fdd0       ??0ptree_error@property_tree@boost@@QAE@ABV012@@Z 00410dd0 f i eqmap.obj
 0001:0000fdf0       ??0exception@boost@@QAE@ABV01@@Z 00410df0 f i eqmap.obj
 0001:0000fe30       ??0clone_base@exception_detail@boost@@QAE@ABV012@@Z 00410e30 f i eqmap.obj
 0001:0000fe40       ??_D?$clone_impl@U?$error_info_injector@Vbad_lexical_cast@boost@@@exception_detail@boost@@@exception_detail@boost@@QAEXXZ 00410e40 f i eqmap.obj
 0001:0000fe60       ??0?$clone_impl@U?$error_info_injector@Vbad_lexical_cast@boost@@@exception_detail@boost@@@exception_detail@boost@@QAE@ABV012@@Z 00410e60 f i eqmap.obj
 0001:0000ff40       ??0?$error_info_injector@Vbad_lexical_cast@boost@@@exception_detail@boost@@QAE@ABU012@@Z 00410f40 f i eqmap.obj
 0001:0000ffe0       ??0bad_lexical_cast@boost@@QAE@ABV01@@Z 00410fe0 f i eqmap.obj
 0001:00010010       ??_G?$clone_impl@U?$error_info_injector@Vini_parser_error@ini_parser@property_tree@boost@@@exception_detail@boost@@@exception_detail@boost@@UAEPAXI@Z 00411010 f i eqmap.obj
 0001:00010010       ??_E?$clone_impl@U?$error_info_injector@Vini_parser_error@ini_parser@property_tree@boost@@@exception_detail@boost@@@exception_detail@boost@@UAEPAXI@Z 00411010 f i * CIL library *:* CIL module *
 0001:00010040       ??_E?$clone_impl@U?$error_info_injector@Vbad_lexical_cast@boost@@@exception_detail@boost@@@exception_detail@boost@@UAEPAXI@Z 00411040 f i * CIL library *:* CIL module *
 0001:00010040       ??_G?$clone_impl@U?$error_info_injector@Vbad_lexical_cast@boost@@@exception_detail@boost@@@exception_detail@boost@@UAEPAXI@Z 00411040 f i eqmap.obj
 0001:00010070       ??_G?$error_info_injector@Vbad_lexical_cast@boost@@@exception_detail@boost@@UAEPAXI@Z 00411070 f i eqmap.obj
 0001:00010070       ??_E?$error_info_injector@Vbad_lexical_cast@boost@@@exception_detail@boost@@UAEPAXI@Z 00411070 f i * CIL library *:* CIL module *
 0001:000100d0       ?erase@?$vector@V?$basic_string@DU?$char_traits@D@std@@V?$allocator@D@2@@std@@V?$allocator@V?$basic_string@DU?$char_traits@D@std@@V?$allocator@D@2@@std@@@2@@std@@QAE?AV?$_Vector_iterator@V?$_Vector_val@U?$_Simple_types@V?$basic_string@DU?$char_traits@D@std@@V?$allocator@D@2@@std@@@std@@@std@@@2@V?$_Vector_const_iterator@V?$_Vector_val@U?$_Simple_types@V?$basic_string@DU?$char_traits@D@std@@V?$allocator@D@2@@std@@@std@@@std@@@2@0@Z 004110d0 f i eqmap.obj
 0001:00010140       ?increment@?$split_iterator@V?$_String_iterator@V?$_String_val@U?$_Simple_types@D@std@@@std@@@std@@@algorithm@boost@@AAEXXZ 00411140 f i eqmap.obj
 0001:000101a0       ?clone@?$clone_impl@U?$error_info_injector@Vini_parser_error@ini_parser@property_tree@boost@@@exception_detail@boost@@@exception_detail@boost@@EBEPBVclone_base@23@XZ 004111a0 f i eqmap.obj
 0001:00010230       ?rethrow@?$clone_impl@U?$error_info_injector@Vini_parser_error@ini_parser@property_tree@boost@@@exception_detail@boost@@@exception_detail@boost@@EBEXXZ 00411230 f i eqmap.obj
 0001:00010270       ??1?$error_info_injector@Vbad_lexical_cast@boost@@@exception_detail@boost@@UAE@XZ 00411270 f i eqmap.obj
 0001:000102b0       ??1?$clone_impl@U?$error_info_injector@Vbad_lexical_cast@boost@@@exception_detail@boost@@@exception_detail@boost@@UAE@XZ 004112b0 f i eqmap.obj
 0001:00010310       ?clone@?$clone_impl@U?$error_info_injector@Vbad_lexical_cast@boost@@@exception_detail@boost@@@exception_detail@boost@@EBEPBVclone_base@23@XZ 00411310 f i eqmap.obj
 0001:000103a0       ?rethrow@?$clone_impl@U?$error_info_injector@Vbad_lexical_cast@boost@@@exception_detail@boost@@@exception_detail@boost@@EBEXXZ 004113a0 f i eqmap.obj
 0001:000103d0       ?insert@?$sequenced_index@U?$nth_layer@$00U?$pair@$$CBV?$basic_string@DU?$char_traits@D@std@@V?$allocator@D@2@@std@@V?$basic_ptree@V?$basic_string@DU?$char_traits@D@std@@V?$allocator@D@2@@std@@V12@U?$less@V?$basic_string@DU?$char_traits@D@std@@V?$allocator@D@2@@std@@@2@@property_tree@boost@@@std@@U?$indexed_by@U?$sequenced@U?$tag@Una@mpl@boost@@U123@U123@U123@U123@U123@U123@U123@U123@U123@U123@U123@U123@U123@U123@U123@U123@U123@U123@U123@@multi_index@boost@@@multi_index@boost@@U?$ordered_non_unique@U?$tag@Uby_name@subs@?$basic_ptree@V?$basic_string@DU?$char_traits@D@std@@V?$allocator@D@2@@std@@V12@U?$less@V?$basic_string@DU?$char_traits@D@std@@V?$allocator@D@2@@std@@@2@@property_tree@boost@@Una@mpl@5@U675@U675@U675@U675@U675@U675@U675@U675@U675@U675@U675@U675@U675@U675@U675@U675@U675@U675@@multi_index@boost@@U?$member@U?$pair@$$CBV?$basic_string@DU?$char_traits@D@std@@V?$allocator@D@2@@std@@V?$basic_ptree@V?$basic_string@DU?$char_traits@D@std@@V?$allocator@D@2@@std@@V12@U?$less@V?$basic_string@DU?$char_traits@D@std@@V?$allocator@D@2@@std@@@2@@property_tree@boost@@@std@@$$CBV?$basic_string@DU?$char_traits@D@std@@V?$allocator@D@2@@2@$0A@@23@U?$less@V?$basic_string@DU?$char_traits@D@std@@V?$allocator@D@2@@std@@@std@@@23@Una@mpl@3@U563@U563@U563@U563@U563@U563@U563@U563@U563@U563@U563@U563@U563@U563@U563@U563@U563@@multi_index@boost@@V?$allocator@U?$pair@$$CBV?$basic_string@DU?$char_traits@D@std@@V?$allocator@D@2@@std@@V?$basic_ptree@V?$basic_string@DU?$char_traits@D@std@@V?$allocator@D@2@@std@@V12@U?$less@V?$basic_string@DU?$char_traits@D@std@@V?$allocator@D@2@@std@@@2@@property_tree@boost@@@std@@@2@@detail@multi_index@boost@@U?$vector0@Una@mpl@boost@@@mpl@4@@detail@multi_index@boost@@QAE?AU?$pair@V?$bidir_node_iterator@U?$sequenced_index_node@U?$ordered_index_node@U?$index_node_base@U?$pair@$$CBV?$basic_string@DU?$char_traits@D@std@@V?$allocator@D@2@@std@@V?$basic_ptree@V?$basic_string@DU?$char_traits@D@std@@V?$allocator@D@2@@std@@V12@U?$less@V?$basic_string@DU?$char_traits@D@std@@V?$allocator@D@2@@std@@@2@@property_tree@boost@@@std@@V?$allocator@U?$pair@$$CBV?$basic_string@DU?$char_traits@D@std@@V?$allocator@D@2@@std@@V?$basic_ptree@V?$basic_string@DU?$char_traits@D@std@@V?$allocator@D@2@@std@@V12@U?$less@V?$basic_string@DU?$char_traits@D@std@@V?$allocator@D@2@@std@@@2@@property_tree@boost@@@std@@@2@@detail@multi_index@boost@@@detail@multi_index@boost@@@detail@multi_index@boost@@@detail@multi_index@boost@@_N@std@@V?$bidir_node_iterator@U?$sequenced_index_node@U?$ordered_index_node@U?$index_node_base@U?$pair@$$CBV?$basic_string@DU?$char_traits@D@std@@V?$allocator@D@2@@std@@V?$basic_ptree@V?$basic_string@DU?$char_traits@D@std@@V?$allocator@D@2@@std@@V12@U?$less@V?$basic_string@DU?$char_traits@D@std@@V?$allocator@D@2@@std@@@2@@property_tree@boost@@@std@@V?$allocator@U?$pair@$$CBV?$basic_string@DU?$char_traits@D@std@@V?$allocator@D@2@@std@@V?$basic_ptree@V?$basic_string@DU?$char_traits@D@std@@V?$allocator@D@2@@std@@V12@U?$less@V?$basic_string@DU?$char_traits@D@std@@V?$allocator@D@2@@std@@@2@@property_tree@boost@@@std@@@2@@detail@multi_index@boost@@@detail@multi_index@boost@@@detail@multi_index@boost@@@234@ABU?$pair@$$CBV?$basic_string@DU?$char_traits@D@std@@V?$allocator@D@2@@std@@V?$basic_ptree@V?$basic_string@DU?$char_traits@D@std@@V?$allocator@D@2@@std@@V12@U?$less@V?$basic_string@DU?$char_traits@D@std@@V?$allocator@D@2@@std@@@2@@property_tree@boost@@@6@@Z 004113d0 f i eqmap.obj
 0001:00010460       ?erase@?$sequenced_index@U?$nth_layer@$00U?$pair@$$CBV?$basic_string@DU?$char_traits@D@std@@V?$allocator@D@2@@std@@V?$basic_ptree@V?$basic_string@DU?$char_traits@D@std@@V?$allocator@D@2@@std@@V12@U?$less@V?$basic_string@DU?$char_traits@D@std@@V?$allocator@D@2@@std@@@2@@property_tree@boost@@@std@@U?$indexed_by@U?$sequenced@U?$tag@Una@mpl@boost@@U123@U123@U123@U123@U123@U123@U123@U123@U123@U123@U123@U123@U123@U123@U123@U123@U123@U123@U123@@multi_index@boost@@@multi_index@boost@@U?$ordered_non_unique@U?$tag@Uby_name@subs@?$basic_ptree@V?$basic_string@DU?$char_traits@D@std@@V?$allocator@D@2@@std@@V12@U?$less@V?$basic_string@DU?$char_traits@D@std@@V?$allocator@D@2@@std@@@2@@property_tree@boost@@Una@mpl@5@U675@U675@U675@U675@U675@U675@U675@U675@U675@U675@U675@U675@U675@U675@U675@U675@U675@U675@@multi_index@boost@@U?$member@U?$pair@$$CBV?$basic_string@DU?$char_traits@D@std@@V?$allocator@D@2@@std@@V?$basic_ptree@V?$basic_string@DU?$char_traits@D@std@@V?$allocator@D@2@@std@@V12@U?$less@V?$basic_string@DU?$char_traits@D@std@@V?$allocator@D@2@@std@@@2@@property_tree@boost@@@std@@$$CBV?$basic_string@DU?$char_traits@D@std@@V?$allocator@D@2@@2@$0A@@23@U?$less@V?$basic_string@DU?$char_traits@D@std@@V?$allocator@D@2@@std@@@std@@@23@Una@mpl@3@U563@U563@U563@U563@U563@U563@U563@U563@U563@U563@U563@U563@U563@U563@U563@U563@U563@@multi_index@boost@@V?$allocator@U?$pair@$$CBV?$basic_string@DU?$char_traits@D@std@@V?$allocator@D@2@@std@@V?$basic_ptree@V?$basic_string@DU?$char_traits@D@std@@V?$allocator@D@2@@std@@V12@U?$less@V?$basic_string@DU?$char_traits@D@std@@V?$allocator@D@2@@std@@@2@@property_tree@boost@@@std@@@2@@detail@multi_index@boost@@U?$vector0@Una@mpl@boost@@@mpl@4@@detail@multi_index@boost@@QAE?AV?$bidir_node_iterator@U?$sequenced_index_node@U?$ordered_index_node@U?$index_node_base@U?$pair@$$CBV?$basic_string@DU?$char_traits@D@std@@V?$allocator@D@2@@std@@V?$basic_ptree@V?$basic_string@DU?$char_traits@D@std@@V?$allocator@D@2@@std@@V12@U?$less@V?$basic_string@DU?$char_traits@D@std@@V?$allocator@D@2@@std@@@2@@property_tree@boost@@@std@@V?$allocator@U?$pair@$$CBV?$basic_string@DU?$char_traits@D@std@@V?$allocator@D@2@@std@@V?$basic_ptree@V?$basic_string@DU?$char_traits@D@std@@V?$allocator@D@2@@std@@V12@U?$less@V?$basic_string@DU?$char_traits@D@std@@V?$allocator@D@2@@std@@@2@@property_tree@boost@@@std@@@2@@detail@multi_index@boost@@@detail@multi_index@boost@@@detail@multi_index@boost@@@234@V5234@@Z 00411460 f i eqmap.obj
 0001:000104d0       ??0?$clone_impl@U?$error_info_injector@Vini_parser_error@ini_parser@property_tree@boost@@@exception_detail@boost@@@exception_detail@boost@@AAE@ABV012@Uclone_tag@012@@Z 004114d0 f i eqmap.obj
 0001:000105d0       ??0?$clone_impl@U?$error_info_injector@Vbad_lexical_cast@boost@@@exception_detail@boost@@@exception_detail@boost@@AAE@ABV012@Uclone_tag@012@@Z 004115d0 f i eqmap.obj
 0001:000106d0       ??R?$function2@V?$iterator_range@V?$_String_iterator@V?$_String_val@U?$_Simple_types@D@std@@@std@@@std@@@boost@@V?$_String_iterator@V?$_String_val@U?$_Simple_types@D@std@@@std@@@std@@V34@@boost@@QBE?AV?$iterator_range@V?$_String_iterator@V?$_String_val@U?$_Simple_types@D@std@@@std@@@std@@@1@V?$_String_iterator@V?$_String_val@U?$_Simple_types@D@std@@@std@@@std@@0@Z 004116d0 f i eqmap.obj
[...]
 0002:00005934       __unwindtable$??$read_ini@V?$basic_ptree@V?$basic_string@DU?$char_traits@D@std@@V?$allocator@D@2@@std@@V12@U?$less@V?$basic_string@DU?$char_traits@D@std@@V?$allocator@D@2@@std@@@2@@property_tree@boost@@@ini_parser@property_tree@boost@@YAXABV?$basic_string@DU?$char_traits@D@std@@V?$allocator@D@2@@std@@AAV?$basic_ptree@V?$basic_string@DU?$char_traits@D@std@@V?$allocator@D@2@@std@@V12@U?$less@V?$basic_string@DU?$char_traits@D@std@@V?$allocator@D@2@@std@@@2@@12@ABVlocale@4@@Z 00421934     * CIL library *:* CIL module *
 0002:0000596c       __tryblocktable$??$read_ini@V?$basic_ptree@V?$basic_string@DU?$char_traits@D@std@@V?$allocator@D@2@@std@@V12@U?$less@V?$basic_string@DU?$char_traits@D@std@@V?$allocator@D@2@@std@@@2@@property_tree@boost@@@ini_parser@property_tree@boost@@YAXABV?$basic_string@DU?$char_traits@D@std@@V?$allocator@D@2@@std@@AAV?$basic_ptree@V?$basic_string@DU?$char_traits@D@std@@V?$allocator@D@2@@std@@V12@U?$less@V?$basic_string@DU?$char_traits@D@std@@V?$allocator@D@2@@std@@@2@@12@ABVlocale@4@@Z 0042196c     * CIL library *:* CIL module *
 0002:00005980       __catchsym$??$read_ini@V?$basic_ptree@V?$basic_string@DU?$char_traits@D@std@@V?$allocator@D@2@@std@@V12@U?$less@V?$basic_string@DU?$char_traits@D@std@@V?$allocator@D@2@@std@@@2@@property_tree@boost@@@ini_parser@property_tree@boost@@YAXABV?$basic_string@DU?$char_traits@D@std@@V?$allocator@D@2@@std@@AAV?$basic_ptree@V?$basic_string@DU?$char_traits@D@std@@V?$allocator@D@2@@std@@V12@U?$less@V?$basic_string@DU?$char_traits@D@std@@V?$allocator@D@2@@std@@@2@@12@ABVlocale@4@@Z$10 00421980     * CIL library *:* CIL module *
 0002:00005990       __ehfuncinfo$??1?$basic_ptree@V?$basic_string@DU?$char_traits@D@std@@V?$allocator@D@2@@std@@V12@U?$less@V?$basic_string@DU?$char_traits@D@std@@V?$allocator@D@2@@std@@@2@@property_tree@boost@@QAE@XZ 00421990     * CIL library *:* CIL module *
 0002:000059b4       __unwindtable$??1?$basic_ptree@V?$basic_string@DU?$char_traits@D@std@@V?$allocator@D@2@@std@@V12@U?$less@V?$basic_string@DU?$char_traits@D@std@@V?$allocator@D@2@@std@@@2@@property_tree@boost@@QAE@XZ 004219b4     * CIL library *:* CIL module *
 0002:000059c4       __ehfuncinfo$??0?$basic_ptree@V?$basic_string@DU?$char_traits@D@std@@V?$allocator@D@2@@std@@V12@U?$less@V?$basic_string@DU?$char_traits@D@std@@V?$allocator@D@2@@std@@@2@@property_tree@boost@@QAE@XZ 004219c4     * CIL library *:* CIL module *
 0002:000059e8       __unwindtable$??0?$basic_ptree@V?$basic_string@DU?$char_traits@D@std@@V?$allocator@D@2@@std@@V12@U?$less@V?$basic_string@DU?$char_traits@D@std@@V?$allocator@D@2@@std@@@2@@property_tree@boost@@QAE@XZ 004219e8     * CIL library *:* CIL module *
 0002:000059f8       __ehfuncinfo$??$remove_if@V?$basic_string@DU?$char_traits@D@std@@V?$allocator@D@2@@std@@U?$is_any_ofF@D@detail@algorithm@boost@@@range@boost@@YA?AV?$_String_iterator@V?$_String_val@U?$_Simple_types@D@std@@@std@@@std@@AAV?$basic_string@DU?$char_traits@D@std@@V?$allocator@D@2@@3@U?$is_any_ofF@D@detail@algorithm@1@@Z 004219f8     * CIL library *:* CIL module *
 0002:00005a1c       __unwindtable$??$remove_if@V?$basic_string@DU?$char_traits@D@std@@V?$allocator@D@2@@std@@U?$is_any_ofF@D@detail@algorithm@boost@@@range@boost@@YA?AV?$_String_iterator@V?$_String_val@U?$_Simple_types@D@std@@@std@@@std@@AAV?$basic_string@DU?$char_traits@D@std@@V?$allocator@D@2@@3@U?$is_any_ofF@D@detail@algorithm@1@@Z 00421a1c     * CIL library *:* CIL module *
 0002:00005a24       __ehfuncinfo$??$map_line_data_value_can_lexical_cast@H@@YA_NV?$basic_string@DU?$char_traits@D@std@@V?$allocator@D@2@@std@@HHAAH00@Z 00421a24     * CIL library *:* CIL module *
 0002:00005a48       __unwindtable$??$map_line_data_value_can_lexical_cast@H@@YA_NV?$basic_string@DU?$char_traits@D@std@@V?$allocator@D@2@@std@@HHAAH00@Z 00421a48     * CIL library *:* CIL module *
 0002:00005a80       __tryblocktable$??$map_line_data_value_can_lexical_cast@H@@YA_NV?$basic_string@DU?$char_traits@D@std@@V?$allocator@D@2@@std@@HHAAH00@Z 00421a80     * CIL library *:* CIL module *
 0002:00005a94       __catchsym$??$map_line_data_value_can_lexical_cast@H@@YA_NV?$basic_string@DU?$char_traits@D@std@@V?$allocator@D@2@@std@@HHAAH00@Z$10 00421a94     * CIL library *:* CIL module *
 0002:00005ab4       __ehfuncinfo$??$map_line_data_value_can_lexical_cast@M@@YA_NV?$basic_string@DU?$char_traits@D@std@@V?$allocator@D@2@@std@@HHAAM00@Z 00421ab4     * CIL library *:* CIL module *
 0002:00005ad8       __unwindtable$??$map_line_data_value_can_lexical_cast@M@@YA_NV?$basic_string@DU?$char_traits@D@std@@V?$allocator@D@2@@std@@HHAAM00@Z 00421ad8     * CIL library *:* CIL module *
 0002:00005b10       __tryblocktable$??$map_line_data_value_can_lexical_cast@M@@YA_NV?$basic_string@DU?$char_traits@D@std@@V?$allocator@D@2@@std@@HHAAM00@Z 00421b10     * CIL library *:* CIL module *
 0002:00005b24       __catchsym$??$map_line_data_value_can_lexical_cast@M@@YA_NV?$basic_string@DU?$char_traits@D@std@@V?$allocator@D@2@@std@@HHAAM00@Z$10 00421b24     * CIL library *:* CIL module *
 0002:00005b44       __ehfuncinfo$??$split@V?$vector@V?$basic_string@DU?$char_traits@D@std@@V?$allocator@D@2@@std@@V?$allocator@V?$basic_string@DU?$char_traits@D@std@@V?$allocator@D@2@@std@@@2@@std@@V?$basic_string@DU?$char_traits@D@std@@V?$allocator@D@2@@2@U?$is_any_ofF@D@detail@algorithm@boost@@@algorithm@boost@@YAAAV?$vector@V?$basic_string@DU?$char_traits@D@std@@V?$allocator@D@2@@std@@V?$allocator@V?$basic_string@DU?$char_traits@D@std@@V?$allocator@D@2@@std@@@2@@std@@AAV23@AAV?$basic_string@DU?$char_traits@D@std@@V?$allocator@D@2@@3@U?$is_any_ofF@D@detail@01@W4token_compress_mode_type@01@@Z 00421b44     * CIL library *:* CIL module *
 0002:00005b68       __unwindtable$??$split@V?$vector@V?$basic_string@DU?$char_traits@D@std@@V?$allocator@D@2@@std@@V?$allocator@V?$basic_string@DU?$char_traits@D@std@@V?$allocator@D@2@@std@@@2@@std@@V?$basic_string@DU?$char_traits@D@std@@V?$allocator@D@2@@2@U?$is_any_ofF@D@detail@algorithm@boost@@@algorithm@boost@@YAAAV?$vector@V?$basic_string@DU?$char_traits@D@std@@V?$allocator@D@2@@std@@V?$allocator@V?$basic_string@DU?$char_traits@D@std@@V?$allocator@D@2@@std@@@2@@std@@AAV23@AAV?$basic_string@DU?$char_traits@D@std@@V?$allocator@D@2@@3@U?$is_any_ofF@D@detail@01@W4token_compress_mode_type@01@@Z 00421b68     * CIL library *:* CIL module *
 0002:00005b70       __ehfuncinfo$??$?5DU?$char_traits@D@std@@@std@@YAAAV?$basic_istream@DU?$char_traits@D@std@@@0@AAV10@AAD@Z 00421b70     * CIL library *:* CIL module *
 0002:00005b94       __unwindtable$??$?5DU?$char_traits@D@std@@@std@@YAAAV?$basic_istream@DU?$char_traits@D@std@@@0@AAV10@AAD@Z 00421b94     * CIL library *:* CIL module *
 0002:00005bb4       __ehfuncinfo$??$?6DU?$char_traits@D@std@@V?$allocator@D@1@@std@@YAAAV?$basic_ostream@DU?$char_traits@D@std@@@0@AAV10@ABV?$basic_string@DU?$char_traits@D@std@@V?$allocator@D@2@@0@@Z 00421bb4     * CIL library *:* CIL module *
 0002:00005bd8       __unwindtable$??$?6DU?$char_traits@D@std@@V?$allocator@D@1@@std@@YAAAV?$basic_ostream@DU?$char_traits@D@std@@@0@AAV10@ABV?$basic_string@DU?$char_traits@D@std@@V?$allocator@D@2@@0@@Z 00421bd8     * CIL library *:* CIL module *
 0002:00005bf8       __ehfuncinfo$??$?6U?$char_traits@D@std@@@std@@YAAAV?$basic_ostream@DU?$char_traits@D@std@@@0@AAV10@PBD@Z 00421bf8     * CIL library *:* CIL module *
 0002:00005bf8       __ehfuncinfo$??$?6U?$char_traits@D@std@@@std@@YAAAV?$basic_ostream@DU?$char_traits@D@std@@@0@AAV10@D@Z 00421bf8     * CIL library *:* CIL module *
 0002:00005c1c       __unwindtable$??$?6U?$char_traits@D@std@@@std@@YAAAV?$basic_ostream@DU?$char_traits@D@std@@@0@AAV10@PBD@Z 00421c1c     * CIL library *:* CIL module *
 0002:00005c1c       __unwindtable$??$?6U?$char_traits@D@std@@@std@@YAAAV?$basic_ostream@DU?$char_traits@D@std@@@0@AAV10@D@Z 00421c1c     * CIL library *:* CIL module *
 0002:00005c3c       __ehfuncinfo$?_Copy@?$basic_string@DU?$char_traits@D@std@@V?$allocator@D@2@@std@@QAEXII@Z 00421c3c     * CIL library *:* CIL module *
 0002:00005c60       __unwindtable$?_Copy@?$basic_string@DU?$char_traits@D@std@@V?$allocator@D@2@@std@@QAEXII@Z 00421c60     * CIL library *:* CIL module *
 0002:00005c80       __tryblocktable$?_Copy@?$basic_string@DU?$char_traits@D@std@@V?$allocator@D@2@@std@@QAEXII@Z 00421c80     * CIL library *:* CIL module *
 0002:00005ca8       __catchsym$?_Copy@?$basic_string@DU?$char_traits@D@std@@V?$allocator@D@2@@std@@QAEXII@Z$4 00421ca8     * CIL library *:* CIL module *
 0002:00005cb8       __catchsym$?_Copy@?$basic_string@DU?$char_traits@D@std@@V?$allocator@D@2@@std@@QAEXII@Z$5 00421cb8     * CIL library *:* CIL module *
 0002:00005cc8       __ehfuncinfo$?_Reallocate@?$vector@Uzone_info_t@@V?$allocator@Uzone_info_t@@@std@@@std@@IAEXI@Z 00421cc8     * CIL library *:* CIL module *
 0002:00005cec       __unwindtable$?_Reallocate@?$vector@Uzone_info_t@@V?$allocator@Uzone_info_t@@@std@@@std@@IAEXI@Z 00421cec     * CIL library *:* CIL module *
 0002:00005cfc       __tryblocktable$?_Reallocate@?$vector@Uzone_info_t@@V?$allocator@Uzone_info_t@@@std@@@std@@IAEXI@Z 00421cfc     * CIL library *:* CIL module *
 0002:00005d10       __catchsym$?_Reallocate@?$vector@Uzone_info_t@@V?$allocator@Uzone_info_t@@@std@@@std@@IAEXI@Z$2 00421d10     * CIL library *:* CIL module *
 0002:00005d20       __ehfuncinfo$?_Reallocate@?$vector@Umap_point_t@@V?$allocator@Umap_point_t@@@std@@@std@@IAEXI@Z 00421d20     * CIL library *:* CIL module *
 0002:00005d44       __unwindtable$?_Reallocate@?$vector@Umap_point_t@@V?$allocator@Umap_point_t@@@std@@@std@@IAEXI@Z 00421d44     * CIL library *:* CIL module *
 0002:00005d54       __tryblocktable$?_Reallocate@?$vector@Umap_point_t@@V?$allocator@Umap_point_t@@@std@@@std@@IAEXI@Z 00421d54     * CIL library *:* CIL module *
 0002:00005d68       __catchsym$?_Reallocate@?$vector@Umap_point_t@@V?$allocator@Umap_point_t@@@std@@@std@@IAEXI@Z$2 00421d68     * CIL library *:* CIL module *
 0002:00005d78       __ehfuncinfo$?_Endwrite@?$basic_filebuf@DU?$char_traits@D@std@@@std@@IAE_NXZ 00421d78     * CIL library *:* CIL module *
 0002:00005d9c       __unwindtable$?_Endwrite@?$basic_filebuf@DU?$char_traits@D@std@@@std@@IAE_NXZ 00421d9c     * CIL library *:* CIL module *
 0002:00005da4       __ehfuncinfo$?open@?$basic_filebuf@DU?$char_traits@D@std@@@std@@QAEPAV12@PBDHH@Z 00421da4     * CIL library *:* CIL module *
 0002:00005dc8       __unwindtable$?open@?$basic_filebuf@DU?$char_traits@D@std@@@std@@QAEPAV12@PBDHH@Z 00421dc8     * CIL library *:* CIL module *
 0002:00005dd0       __ehfuncinfo$?overflow@?$basic_filebuf@DU?$char_traits@D@std@@@std@@MAEHH@Z 00421dd0     * CIL library *:* CIL module *
 0002:00005dd0       __ehfuncinfo$?uflow@?$basic_filebuf@DU?$char_traits@D@std@@@std@@MAEHXZ 00421dd0     * CIL library *:* CIL module *
 0002:00005df4       __unwindtable$?overflow@?$basic_filebuf@DU?$char_traits@D@std@@@std@@MAEHH@Z 00421df4     * CIL library *:* CIL module *
 0002:00005df4       __unwindtable$?uflow@?$basic_filebuf@DU?$char_traits@D@std@@@std@@MAEHXZ 00421df4     * CIL library *:* CIL module *
 0002:00005dfc       __ehfuncinfo$??0?$basic_ifstream@DU?$char_traits@D@std@@@std@@QAE@PBDHH@Z 00421dfc     * CIL library *:* CIL module *
 0002:00005e20       __unwindtable$??0?$basic_ifstream@DU?$char_traits@D@std@@@std@@QAE@PBDHH@Z 00421e20     * CIL library *:* CIL module *
 0002:00005e40       __ehfuncinfo$?push_back@?$vector@Uzone_info_t@@V?$allocator@Uzone_info_t@@@std@@@std@@QAEXABUzone_info_t@@@Z 00421e40     * CIL library *:* CIL module *
 0002:00005e64       __unwindtable$?push_back@?$vector@Uzone_info_t@@V?$allocator@Uzone_info_t@@@std@@@std@@QAEXABUzone_info_t@@@Z 00421e64     * CIL library *:* CIL module *
 0002:00005e74       __ehfuncinfo$??0?$basic_stringstream@DU?$char_traits@D@std@@V?$allocator@D@2@@std@@QAE@H@Z 00421e74     * CIL library *:* CIL module *
 0002:00005e98       __unwindtable$??0?$basic_stringstream@DU?$char_traits@D@std@@V?$allocator@D@2@@std@@QAE@H@Z 00421e98     * CIL library *:* CIL module *
 0002:00005eb0       __ehfuncinfo$_main         00421eb0     * CIL library *:* CIL module *
 0002:00005ed4       __unwindtable$_main        00421ed4     * CIL library *:* CIL module *
 0002:00005ee4       __ehfuncinfo$?window_proc_hook@@YGJPAUHWND__@@IIJ@Z 00421ee4     * CIL library *:* CIL module *
 0002:00005f08       __unwindtable$?window_proc_hook@@YGJPAUHWND__@@IIJ@Z 00421f08     * CIL library *:* CIL module *
 0002:00005f28       __ehfuncinfo$?map_load_config@@YAXXZ 00421f28     * CIL library *:* CIL module *
 0002:00005f50       __unwindtable$?map_load_config@@YAXXZ 00421f50     * CIL library *:* CIL module *
 0002:00006038       __ehfuncinfo$??0zone_info_t@@QAE@ABU0@@Z 00422038     * CIL library *:* CIL module *
 0002:0000605c       __unwindtable$??0zone_info_t@@QAE@ABU0@@Z 0042205c     * CIL library *:* CIL module *
 0002:00006070       __ehfuncinfo$?bar_zones_create@@YAXXZ 00422070     * CIL library *:* CIL module *
 0002:00006098       __unwindtable$?bar_zones_create@@YAXXZ 00422098     * CIL library *:* CIL module *
 0002:00006108       __ehfuncinfo$?bar_zones_button_zone_name@@YGXPAX@Z 00422108     * CIL library *:* CIL module *
 0002:0000612c       __unwindtable$?bar_zones_button_zone_name@@YGXPAX@Z 0042212c     * CIL library *:* CIL module *
 0002:00006138       __ehfuncinfo$?render@@YAXXZ 00422138     * CIL library *:* CIL module *
 0002:00006160       __unwindtable$?render@@YAXXZ 00422160     * CIL library *:* CIL module *
 0002:000062a0       __ehfuncinfo$?parse_zone_info@@YAXXZ 004222a0     * CIL library *:* CIL module *
 0002:000062c8       __unwindtable$?parse_zone_info@@YAXXZ 004222c8     * CIL library *:* CIL module *
 0002:00006308       __ehfuncinfo$?map_load_zone@@YAXV?$basic_string@DU?$char_traits@D@std@@V?$allocator@D@2@@std@@@Z 00422308     * CIL library *:* CIL module *
 0002:00006330       __unwindtable$?map_load_zone@@YAXV?$basic_string@DU?$char_traits@D@std@@V?$allocator@D@2@@std@@@Z 00422330     * CIL library *:* CIL module *
 0002:00006380       __ehfuncinfo$?map_parse_file@@YAXV?$basic_string@DU?$char_traits@D@std@@V?$allocator@D@2@@std@@H@Z 00422380     * CIL library *:* CIL module *
 0002:000063a8       __unwindtable$?map_parse_file@@YAXV?$basic_string@DU?$char_traits@D@std@@V?$allocator@D@2@@std@@H@Z 004223a8     * CIL library *:* CIL module *
 0002:000064d0       __ehfuncinfo$?file_exists@@YA_NV?$basic_string@DU?$char_traits@D@std@@V?$allocator@D@2@@std@@@Z 004224d0     * CIL library *:* CIL module *
 0002:000064f4       __unwindtable$?file_exists@@YA_NV?$basic_string@DU?$char_traits@D@std@@V?$allocator@D@2@@std@@@Z 004224f4     * CIL library *:* CIL module *
 0002:000064fc       __ehfuncinfo$?format_what@file_parser_error@property_tree@boost@@CA?AV?$basic_string@DU?$char_traits@D@std@@V?$allocator@D@2@@std@@ABV45@0K@Z 004224fc     * CIL library *:* CIL module *
 0002:00006520       __unwindtable$?format_what@file_parser_error@property_tree@boost@@CA?AV?$basic_string@DU?$char_traits@D@std@@V?$allocator@D@2@@std@@ABV45@0K@Z 00422520     * CIL library *:* CIL module *
 0002:00006528       __ehfuncinfo$??0file_parser_error@property_tree@boost@@QAE@ABV?$basic_string@DU?$char_traits@D@std@@V?$allocator@D@2@@std@@0K@Z 00422528     * CIL library *:* CIL module *
 0002:0000654c       __unwindtable$??0file_parser_error@property_tree@boost@@QAE@ABV?$basic_string@DU?$char_traits@D@std@@V?$allocator@D@2@@std@@0K@Z 0042254c     * CIL library *:* CIL module *
 0002:0000656c       __ehfuncinfo$?copy_boost_exception@exception_detail@boost@@YAXPAVexception@2@PBV32@@Z 0042256c     * CIL library *:* CIL module *
 0002:00006590       __unwindtable$?copy_boost_exception@exception_detail@boost@@YAXPAVexception@2@PBV32@@Z 00422590     * CIL library *:* CIL module *
 0002:000065a0       __ehfuncinfo$??8locale@std@@QBE_NABV01@@Z 004225a0     * CIL library *:* CIL module *
 0002:000065c4       __unwindtable$??8locale@std@@QBE_NABV01@@Z 004225c4     * CIL library *:* CIL module *
 0002:000065d4       __ehfuncinfo$?name@locale@std@@QBE?AV?$basic_string@DU?$char_traits@D@std@@V?$allocator@D@2@@2@XZ 004225d4     * CIL library *:* CIL module *
 0002:000065f8       __unwindtable$?name@locale@std@@QBE?AV?$basic_string@DU?$char_traits@D@std@@V?$allocator@D@2@@2@XZ 004225f8     * CIL library *:* CIL module *
 0002:00006b4e       .idata$6                   00422b4e     opengl32:OPENGL32.dll
 0002:00006d50       .idata$6                   00422d50     freeglut:freeglut.dll
 0002:00006ec4       .idata$6                   00422ec4     AntTweakBar:AntTweakBar.dll
 0002:00006ee4       .idata$6                   00422ee4     kernel32:KERNEL32.dll
 0002:00006f52       .idata$6                   00422f52     user32:USER32.dll
 0002:00006fa2       .idata$6                   00422fa2     shell32:SHELL32.dll
 0002:00008304       .idata$6                   00424304     msvcprt:MSVCP110.dll
 0002:000085a0       .idata$6                   004245a0     MSVCRT:MSVCR110.dll
 0003:00000d20       __Fac_head                 00425d20     msvcprt:locale0_implib.obj
 0003:00000d24       __Fac_tidy_reg             00425d24     msvcprt:locale0_implib.obj
 0003:00000d28       _mainret                   00425d28     MSVCRT:crtexe.obj
 0003:00000d2c       _has_cctor                 00425d2c     MSVCRT:crtexe.obj
 0003:00000d30       _argc                      00425d30     MSVCRT:crtexe.obj
 0003:00000d34       _argv                      00425d34     MSVCRT:crtexe.obj
 0003:00000d38       _envp                      00425d38     MSVCRT:crtexe.obj
 0003:00000d3c       _argret                    00425d3c     MSVCRT:crtexe.obj
 0003:00000d40       _managedapp                00425d40     MSVCRT:crtexe.obj
 0003:00000d44       _startinfo                 00425d44     MSVCRT:crtexe.obj
 0003:00000d58       _GS_ExceptionRecord        00425d58     MSVCRT:gs_report.obj
 0003:00000da8       _GS_ContextRecord          00425da8     MSVCRT:gs_report.obj
 0003:00001074       _DebuggerWasPresent        00426074     MSVCRT:gs_report.obj
 0003:000010fc       __8                        004260fc     * CIL library *:* CIL module *
 0003:000010fd       __1                        004260fd     * CIL library *:* CIL module *
 0003:000010fe       __Tuple_alloc              004260fe     * CIL library *:* CIL module *
 0003:000010ff       __5                        004260ff     * CIL library *:* CIL module *
 0003:00001100       __9                        00426100     * CIL library *:* CIL module *
 0003:00001101       __4                        00426101     * CIL library *:* CIL module *
 0003:00001102       _ordered_range             00426102     * CIL library *:* CIL module *
 0003:00001103       __2                        00426103     * CIL library *:* CIL module *
 0003:0000111c       __7                        0042611c     * CIL library *:* CIL module *
 0003:0000111d       _ignore                    0042611d     * CIL library *:* CIL module *
 0003:0000111e       __3                        0042611e     * CIL library *:* CIL module *
 0003:0000111f       _allocator_arg             0042611f     * CIL library *:* CIL module *
 0003:00001120       _ordered_unique_range      00426120     * CIL library *:* CIL module *
 0003:00001121       _piecewise_construct       00426121     * CIL library *:* CIL module *
 0003:00001122       __6                        00426122     * CIL library *:* CIL module *
 0004:00000060       $R000000                   00427060     * linker generated manifest res *
